 Engine

 Timestamp is 68178bb4 (Sun May 04 22:45:56 2025)

 Preferred load address is 10000000

 Start         Length     Name                   Class
 0001:00000000 00039424H .text                   CODE
 0001:00039430 00001145H .text$x                 CODE
 0002:00000000 000002b0H .idata$5                DATA
 0002:000002b0 00003f8cH .rdata                  DATA
 0002:00004240 00001658H .xdata$x                DATA
 0002:00005898 000000dcH .idata$2                DATA
 0002:00005974 00000014H .idata$3                DATA
 0002:00005988 000002b0H .idata$4                DATA
 0002:00005c38 00000af8H .idata$6                DATA
 0002:00006730 0000c3eeH .edata                  DATA
 0003:00000000 00000004H .CRT$XCA                DATA
 0003:00000004 00000010H .CRT$XCU                DATA
 0003:00000014 00000004H .CRT$XCZ                DATA
 0003:00000018 00000004H .CRT$XIA                DATA
 0003:0000001c 00000004H .CRT$XIZ                DATA
 0003:00000020 00007ed0H .data                   DATA
 0003:00007ef0 000091f0H .bss                    DATA

  Address         Publics by Value              Rva+Base     Lib:Object

 0001:00000000       ?GetScreenMode@KDirectDraw@@QAEKXZ 10001000 f i KAutoMutex.obj
 0001:00000010       ?GetScreenWidth@KDirectDraw@@QAEKXZ 10001010 f i KAutoMutex.obj
 0001:00000020       ?GetScreenHeight@KDirectDraw@@QAEKXZ 10001020 f i KAutoMutex.obj
 0001:00000030       ?GetScreenPitch@KDirectDraw@@QAEKXZ 10001030 f i KAutoMutex.obj
 0001:00000040       ?GetRGBBitCount@KDirectDraw@@QAEKXZ 10001040 f i KAutoMutex.obj
 0001:00000050       ?GetRGBBitMask16@KDirectDraw@@QAEKXZ 10001050 f i KAutoMutex.obj
 0001:00000060       ?GetRGBBitMask32@KDirectDraw@@QAEKXZ 10001060 f i KAutoMutex.obj
 0001:00000070       ??4KDirectDraw@@QAEAAV0@ABV0@@Z 10001070 f i KAutoMutex.obj
 0001:00000090       ?LockPrimaryBuffer@KDirectDraw@@QAEPAXXZ 10001090 f i KAutoMutex.obj
 0001:000000e0       ?UnLockPrimaryBuffer@KDirectDraw@@QAEXXZ 100010e0 f i KAutoMutex.obj
 0001:00000100       ?LockBackBuffer@KDirectDraw@@QAEPAXXZ 10001100 f i KAutoMutex.obj
 0001:00000150       ?UnLockBackBuffer@KDirectDraw@@QAEXXZ 10001150 f i KAutoMutex.obj
 0001:00000170       ?UpdateScreen@KDirectDraw@@QAEXPAUtagRECT@@@Z 10001170 f i KAutoMutex.obj
 0001:000001a0       ?GetDirectSound@KDirectSound@@QAEPAUIDirectSound@@XZ 100011a0 f i KAutoMutex.obj
 0001:000001b0       ??4KDirectSound@@QAEAAV0@ABV0@@Z 100011b0 f i KAutoMutex.obj
 0001:000001d0       ??4KDirectInput@@QAEAAV0@ABV0@@Z 100011d0 f i KAutoMutex.obj
 0001:000001f0       ??4KFile@@QAEAAV0@ABV0@@Z  100011f0 f i KAutoMutex.obj
 0001:00000210       ?GetFilePath@KFileDialog@@QAEPADXZ 10001210 f i KAutoMutex.obj
 0001:00000220       ?GetFileName@KFileDialog@@QAEPADXZ 10001220 f i KAutoMutex.obj
 0001:00000230       ?GetFileTitleA@KFileDialog@@QAEPADXZ 10001230 f i KAutoMutex.obj
 0001:00000240       ??4KFileDialog@@QAEAAV0@ABV0@@Z 10001240 f i KAutoMutex.obj
 0001:00000260       ??4KTimer@@QAEAAV0@ABV0@@Z 10001260 f i KAutoMutex.obj
 0001:00000280       ?GetMemPtr@KMemClass@@QAEPAXXZ 10001280 f i KAutoMutex.obj
 0001:00000290       ?GetMemLen@KMemClass@@QAEKXZ 10001290 f i KAutoMutex.obj
 0001:000002a0       ??4KMemClass@@QAEAAV0@ABV0@@Z 100012a0 f i KAutoMutex.obj
 0001:000002c0       ?GetWidth@KSprite@@QAEHXZ  100012c0 f i KAutoMutex.obj
 0001:000002d0       ?GetHeight@KSprite@@QAEHXZ 100012d0 f i KAutoMutex.obj
 0001:000002e0       ?GetCenterX@KSprite@@QAEHXZ 100012e0 f i KAutoMutex.obj
 0001:000002f0       ?GetCenterY@KSprite@@QAEHXZ 100012f0 f i KAutoMutex.obj
 0001:00000300       ?GetFrames@KSprite@@QAEHXZ 10001300 f i KAutoMutex.obj
 0001:00000310       ?GetDirections@KSprite@@QAEHXZ 10001310 f i KAutoMutex.obj
 0001:00000320       ?GetInterval@KSprite@@QAEHXZ 10001320 f i KAutoMutex.obj
 0001:00000330       ?GetPalette@KSprite@@QAEPAXXZ 10001330 f i KAutoMutex.obj
 0001:00000340       ?Get24Palette@KSprite@@QAEPAXXZ 10001340 f i KAutoMutex.obj
 0001:00000350       ??4KSprite@@QAEAAV0@ABV0@@Z 10001350 f i KAutoMutex.obj
 0001:00000370       ??1KSprite@@QAE@XZ         10001370 f i KAutoMutex.obj
 0001:000003c0       ??4KPakFile@@QAEAAV0@ABV0@@Z 100013c0 f i KAutoMutex.obj
 0001:000003e0       ??4KMemStack@@QAEAAV0@ABV0@@Z 100013e0 f i KAutoMutex.obj
 0001:00000400       ??4KIniFile@@QAEAAV0@ABV0@@Z 10001400 f i KAutoMutex.obj
 0001:00000420       ?Changed@KCanvas@@QAEXH@Z  10001420 f i KAutoMutex.obj
 0001:00000430       ?GetWidth@KCanvas@@QAEHXZ  10001430 f i KAutoMutex.obj
 0001:00000440       ?GetHeight@KCanvas@@QAEHXZ 10001440 f i KAutoMutex.obj
 0001:00000450       ?SetClipRect@KCanvas@@QAEXPAUtagRECT@@@Z 10001450 f i KAutoMutex.obj
 0001:00000470       ?GetClipRect@KCanvas@@QAEXPAUtagRECT@@@Z 10001470 f i KAutoMutex.obj
 0001:00000490       ??4KCanvas@@QAEAAV0@ABV0@@Z 10001490 f i KAutoMutex.obj
 0001:000004b0       ?GetBitmap@KBitmap@@QAEPAXXZ 100014b0 f i KAutoMutex.obj
 0001:000004c0       ?GetPal32@KBitmap@@QAEPAUKPAL32@@XZ 100014c0 f i KAutoMutex.obj
 0001:000004d0       ?GetPal16@KBitmap@@QAEPAGXZ 100014d0 f i KAutoMutex.obj
 0001:000004e0       ?GetWidth@KBitmap@@QAEHXZ  100014e0 f i KAutoMutex.obj
 0001:000004f0       ?GetHeight@KBitmap@@QAEHXZ 100014f0 f i KAutoMutex.obj
 0001:00000500       ?GetColors@KBitmap@@QAEHXZ 10001500 f i KAutoMutex.obj
 0001:00000510       ??4KBitmap@@QAEAAV0@ABV0@@Z 10001510 f i KAutoMutex.obj
 0001:00000530       ??1KBitmap@@QAE@XZ         10001530 f i KAutoMutex.obj
 0001:00000540       ?GetWidth@KFont@@QAEHXZ    10001540 f i KAutoMutex.obj
 0001:00000550       ?GetHeight@KFont@@QAEHXZ   10001550 f i KAutoMutex.obj
 0001:00000560       ?SetTextStyle@KFont@@QAEXH@Z 10001560 f i KAutoMutex.obj
 0001:00000570       ??4KFont@@QAEAAV0@ABV0@@Z  10001570 f i KAutoMutex.obj
 0001:00000590       ?HandleInput@KWin32App@@MAEHIIJ@Z 10001590 f i KAutoMutex.obj
 0001:000005a0       ??0KWin32App@@QAE@ABV0@@Z  100015a0 f i KAutoMutex.obj
 0001:00000600       ??4KWin32App@@QAEAAV0@ABV0@@Z 10001600 f i KAutoMutex.obj
 0001:00000670       ??4KMutex@@QAEAAV0@ABV0@@Z 10001670 f i KAutoMutex.obj
 0001:00000690       ??4KAutoMutex@@QAEAAV0@ABV0@@Z 10001690 f i KAutoMutex.obj
 0001:000006a0       ??0KAutoMutex@@QAE@PAVKMutex@@@Z 100016a0 f   KAutoMutex.obj
 0001:000006c0       ??1KAutoMutex@@QAE@XZ      100016c0 f   KAutoMutex.obj
 0001:000006e0       ??4KAviFile@@QAEAAV0@ABV0@@Z 100016e0 f i KAviFile.obj
 0001:00000700       ??0KAviFile@@QAE@XZ        10001700 f   KAviFile.obj
 0001:00000730       ??1KAviFile@@QAE@XZ        10001730 f   KAviFile.obj
 0001:00000780       ?Open@KAviFile@@QAEHPAD@Z  10001780 f   KAviFile.obj
 0001:00000800       ?FillHeader@KAviFile@@QAEHXZ 10001800 f   KAviFile.obj
 0001:00000ce0       ?GetAudioIndex@KAviFile@@QAEHXZ 10001ce0 f   KAviFile.obj
 0001:00000e10       ?GetVideoIndex@KAviFile@@QAEHXZ 10001e10 f   KAviFile.obj
 0001:00000f60       ?VideoStreams@KAviFile@@QAEHXZ 10001f60 f   KAviFile.obj
 0001:00000f70       ?AudioStreams@KAviFile@@QAEHXZ 10001f70 f   KAviFile.obj
 0001:00000f80       ?GetBitmapInfoHeader@KAviFile@@QAEXPAUtagBITMAPINFOHEADER@@@Z 10001f80 f   KAviFile.obj
 0001:00000fa0       ?GetWaveFormat@KAviFile@@QAEXPAUtWAVEFORMATEX@@@Z 10001fa0 f   KAviFile.obj
 0001:00000fd0       ?GetCompressMethod@KAviFile@@QAEXPAD@Z 10001fd0 f   KAviFile.obj
 0001:00000ff0       ?NextFrame@KAviFile@@QAEHPAE@Z 10001ff0 f   KAviFile.obj
 0001:00001050       ?ReadAudio@KAviFile@@QAEHPAEH@Z 10002050 f   KAviFile.obj
 0001:000010f0       ?FrameRate@KAviFile@@QAEHXZ 100020f0 f   KAviFile.obj
 0001:00001110       ?CurrentFrame@KAviFile@@QAEHXZ 10002110 f   KAviFile.obj
 0001:00001120       ?TotalFrames@KAviFile@@QAEHXZ 10002120 f   KAviFile.obj
 0001:00001130       ?VideoSeek@KAviFile@@QAEHH@Z 10002130 f   KAviFile.obj
 0001:00001190       ?AudioSeek@KAviFile@@QAEHH@Z 10002190 f   KAviFile.obj
 0001:00001260       ?IsKeyframe@KAviFile@@QAEHH@Z 10002260 f   KAviFile.obj
 0001:00001290       ?NextKeyFrame@KAviFile@@QAEHXZ 10002290 f   KAviFile.obj
 0001:000012d0       ?PreviousKeyFrame@KAviFile@@QAEHXZ 100022d0 f   KAviFile.obj
 0001:00001310       ?Rewind@KAviFile@@QAEHXZ   10002310 f   KAviFile.obj
 0001:00001330       ?Close@KAviFile@@QAEXXZ    10002330 f   KAviFile.obj
 0001:00001370       ??0KBitmap@@QAE@XZ         10002370 f   KBitmap.obj
 0001:00001390       ?Init@KBitmap@@QAEHHHH@Z   10002390 f   KBitmap.obj
 0001:000013d0       ?Draw@KBitmap@@QAEXHH@Z    100023d0 f   KBitmap.obj
 0001:00001410       ?Clear@KBitmap@@QAEXE@Z    10002410 f   KBitmap.obj
 0001:00001420       ?MakePalette@KBitmap@@QAEXXZ 10002420 f   KBitmap.obj
 0001:00001440       ?PutPixel@KBitmap@@QAEXHHE@Z 10002440 f   KBitmap.obj
 0001:00001460       ?GetPixel@KBitmap@@QAEEHH@Z 10002460 f   KBitmap.obj
 0001:00001480       ?Load@KBitmap@@QAEHPAD@Z   10002480 f   KBitmap.obj
 0001:000015a0       ?Save@KBitmap@@QAEHPAD@Z   100025a0 f   KBitmap.obj
 0001:00001690       ?GetBitmap@KBitmap16@@QAEPAXXZ 10002690 f i KBitmap16.obj
 0001:000016a0       ?GetWidth@KBitmap16@@QAEHXZ 100026a0 f i KBitmap16.obj
 0001:000016b0       ?GetHeight@KBitmap16@@QAEHXZ 100026b0 f i KBitmap16.obj
 0001:000016c0       ??4KBitmap16@@QAEAAV0@ABV0@@Z 100026c0 f i KBitmap16.obj
 0001:000016f0       ??1KBitmap16@@QAE@XZ       100026f0 f i KBitmap16.obj
 0001:00001700       ??0KBitmap16@@QAE@XZ       10002700 f   KBitmap16.obj
 0001:00001720       ?Init@KBitmap16@@QAEHHH@Z  10002720 f   KBitmap16.obj
 0001:00001750       ?Free@KBitmap16@@QAEXXZ    10002750 f   KBitmap16.obj
 0001:00001760       ?Clear@KBitmap16@@QAEXXZ   10002760 f   KBitmap16.obj
 0001:00001770       ?Draw@KBitmap16@@QAEXHH@Z  10002770 f   KBitmap16.obj
 0001:00001780       ?DrawLum@KBitmap16@@QAEXHHH@Z 10002780 f   KBitmap16.obj
 0001:00001790       ?PutPixel@KBitmap16@@QAEXHHG@Z 10002790 f   KBitmap16.obj
 0001:000017d0       ?GetPixel@KBitmap16@@QAEGHH@Z 100027d0 f   KBitmap16.obj
 0001:00001810       ?GetPointer@KBitmap16@@QAEPAGHH@Z 10002810 f   KBitmap16.obj
 0001:00001830       ?Load@KBitmap16@@QAEHPAD@Z 10002830 f   KBitmap16.obj
 0001:00001970       ?Save@KBitmap16@@QAEHPAD@Z 10002970 f   KBitmap16.obj
 0001:00001a40       _g_CreateAlphaFromRGB      10002a40 f   KBitmapConvert.obj
 0001:00001aa0       ?GetSprite@KBmp2Spr@@QAEPAXXZ 10002aa0 f i KBmp2Spr.obj
 0001:00001ab0       ?GetLength@KBmp2Spr@@QAEJXZ 10002ab0 f i KBmp2Spr.obj
 0001:00001ac0       ??4KBmp2Spr@@QAEAAV0@ABV0@@Z 10002ac0 f i KBmp2Spr.obj
 0001:00001ae0       ??1KBmp2Spr@@QAE@XZ        10002ae0 f i KBmp2Spr.obj
 0001:00001af0       ??0KBmp2Spr@@QAE@XZ        10002af0 f   KBmp2Spr.obj
 0001:00001b10       ?Convert@KBmp2Spr@@QAEHPAVKBitmap@@H@Z 10002b10 f   KBmp2Spr.obj
 0001:00001bb0       ?ConvertRect@KBmp2Spr@@IAEJPAUtagRECT@@PAE@Z 10002bb0 f   KBmp2Spr.obj
 0001:00001c30       ?ConvertLine@KBmp2Spr@@IAEJHHHPAE@Z 10002c30 f   KBmp2Spr.obj
 0001:00001cc0       ?GetTransCount@KBmp2Spr@@IAEJHHH@Z 10002cc0 f   KBmp2Spr.obj
 0001:00001d10       ?GetPixelCount@KBmp2Spr@@IAEJHHH@Z 10002d10 f   KBmp2Spr.obj
 0001:00001d60       ?GetMiniRect@KBmp2Spr@@IAEXPAUtagRECT@@@Z 10002d60 f   KBmp2Spr.obj
 0001:00001e80       ??4KBmpFile@@QAEAAV0@ABV0@@Z 10002e80 f i KBmpFile.obj
 0001:00001eb0       ?Load@KBmpFile@@QAEHPADPAVKBitmap@@@Z 10002eb0 f   KBmpFile.obj
 0001:00002070       ?Save@KBmpFile@@QAEHPADPAVKBitmap@@@Z 10003070 f   KBmpFile.obj
 0001:00002240       ?Decode@KBmpFile@@AAEXPAX0@Z 10003240 f   KBmpFile.obj
 0001:00002290       ?Encode@KBmpFile@@AAEXPAX0@Z 10003290 f   KBmpFile.obj
 0001:000022e0       ??4KBmpFile24@@QAEAAV0@ABV0@@Z 100032e0 f i KBmpFile24.obj
 0001:00002300       ?Load@KBmpFile24@@QAEHPADPAVKBitmap16@@@Z 10003300 f   KBmpFile24.obj
 0001:00002490       ?Save@KBmpFile24@@QAEHPADPAVKBitmap16@@@Z 10003490 f   KBmpFile24.obj
 0001:00002640       ?Decode@KBmpFile24@@AAEHPAX0@Z 10003640 f   KBmpFile24.obj
 0001:000026f0       ?Encode@KBmpFile24@@AAEHPAX0@Z 100036f0 f   KBmpFile24.obj
 0001:000027b0       ?SaveBuffer24@KBmpFile24@@SAHPADPAXHHH@Z 100037b0 f   KBmpFile24.obj
 0001:000027e0       ?SaveBuffer32@KBmpFile24@@SAHPADPAXHHH@Z 100037e0 f   KBmpFile24.obj
 0001:00002810       ?SaveBuffer@KBmpFile24@@CAHPADPAXHHH_N@Z 10003810 f   KBmpFile24.obj
 0001:00002a40       ??0KMemManager@@QAE@ABV0@@Z 10003a40 f i KCache.obj
 0001:00002a90       ??_GKNode@@UAEPAXI@Z       10003a90 f i KCache.obj
 0001:00002a90       ??_EKNode@@UAEPAXI@Z       10003a90 f i KCache.obj
 0001:00002ab0       ??4KMemManager@@QAEAAV0@ABV0@@Z 10003ab0 f i KCache.obj
 0001:00002b00       ?GetName@KStrNode@@UAEPADXZ 10003b00 f i KCache.obj
 0001:00002b10       ?SetName@KStrNode@@UAEXPAD@Z 10003b10 f i KCache.obj
 0001:00002b30       ??0KStrNode@@QAE@ABV0@@Z   10003b30 f i KCache.obj
 0001:00002b70       ??4KStrNode@@QAEAAV0@ABV0@@Z 10003b70 f i KCache.obj
 0001:00002bb0       ??1KStrNode@@UAE@XZ        10003bb0 f i KCache.obj
 0001:00002bc0       ??_GKStrNode@@UAEPAXI@Z    10003bc0 f i KCache.obj
 0001:00002be0       ??_EKStrNode@@UAEPAXI@Z    10003be0 f i KCache.obj
 0001:00002c40       ??0KStrList@@QAE@XZ        10003c40 f i KCache.obj
 0001:00002c70       ??0KStrList@@QAE@ABV0@@Z   10003c70 f i KCache.obj
 0001:00002ca0       ??4KStrList@@QAEAAV0@ABV0@@Z 10003ca0 f i KCache.obj
 0001:00002cd0       ??1KStrList@@QAE@XZ        10003cd0 f i KCache.obj
 0001:00002ce0       ?LoadNode@KCache@@UAEHPAVKCacheNode@@@Z 10003ce0 f i KCache.obj
 0001:00002cf0       ?FreeNode@KCache@@UAEXPAVKCacheNode@@@Z 10003cf0 f i KCache.obj
 0001:00002d00       ??0KCache@@QAE@ABV0@@Z     10003d00 f i KCache.obj
 0001:00002d40       ??4KCache@@QAEAAV0@ABV0@@Z 10003d40 f i KCache.obj
 0001:00002d70       ??0KCache@@QAE@XZ          10003d70 f   KCache.obj
 0001:00002dc0       ?Release@KCache@@UAEXXZ    10003dc0 f   KCache.obj
 0001:00002e10       ??1KCache@@QAE@XZ          10003e10 f   KCache.obj
 0001:00002e30       ?Init@KCache@@UAEXH@Z      10003e30 f   KCache.obj
 0001:00002e40       ?NewNode@KCache@@UAEPAVKCacheNode@@PAD@Z 10003e40 f   KCache.obj
 0001:00003020       ??_GKCacheNode@@UAEPAXI@Z  10004020 f i KCache.obj
 0001:00003020       ??_EKCacheNode@@UAEPAXI@Z  10004020 f i KCache.obj
 0001:00003040       ??1KCacheNode@@UAE@XZ      10004040 f i KCache.obj
 0001:00003050       ?GetNode@KCache@@UAEPAVKCacheNode@@PADPAV2@@Z 10004050 f   KCache.obj
 0001:000030e0       ?Prepare@KCache@@QAEXXZ    100040e0 f   KCache.obj
 0001:00003150       ?ClearNode@KCache@@QAEXPAD@Z 10004150 f   KCache.obj
 0001:000031b0       ??0KCanvas@@QAE@XZ         100041b0 f   KCanvas.obj
 0001:000031d0       ??1KCanvas@@QAE@XZ         100041d0 f   KCanvas.obj
 0001:000031e0       ?Init@KCanvas@@QAE_NHH@Z   100041e0 f   KCanvas.obj
 0001:00003290       ?Terminate@KCanvas@@QAEXXZ 10004290 f   KCanvas.obj
 0001:000032b0       ?GetUpdateRect@KCanvas@@AAE_NPAUtagRECT@@0@Z 100042b0 f   KCanvas.obj
 0001:000033a0       ?RectClip@KCanvas@@QAEHPAUtagRECT@@@Z 100043a0 f   KCanvas.obj
 0001:00003400       ?MakeClip@KCanvas@@QAEHJJJJPAUKClipper@@@Z 10004400 f   KCanvas.obj
 0001:000034d0       ?FillCanvas@KCanvas@@QAEXG@Z 100044d0 f   KCanvas.obj
 0001:00003510       ?UpdateCanvas@KCanvas@@QAEXXZ 10004510 f   KCanvas.obj
 0001:00003520       ?BltSurface@KCanvas@@QAEXPAUIDirectDrawSurface@@PAUtagRECT@@@Z 10004520 f   KCanvas.obj
 0001:00003550       ?UpdateBackBuffer@KCanvas@@AAEXPAUtagRECT@@@Z 10004550 f i KCanvas.obj
 0001:000035f0       ?UpdateFrontBuffer@KCanvas@@AAEXPAUtagRECT@@@Z 100045f0 f i KCanvas.obj
 0001:00003690       ?UpdateScreen@KCanvas@@QAEXXZ 10004690 f   KCanvas.obj
 0001:00003710       ?DrawPixel@KCanvas@@QAEXHHH@Z 10004710 f   KCanvas.obj
 0001:00003780       ??1KDrawNode@@UAE@XZ       10004780 f i KCanvas.obj
 0001:00003790       ??_GKDrawNode@@UAEPAXI@Z   10004790 f i KCanvas.obj
 0001:00003790       ??_EKDrawNode@@UAEPAXI@Z   10004790 f i KCanvas.obj
 0001:000037b0       ?DrawPixelAlpha@KCanvas@@QAEXHHHH@Z 100047b0 f   KCanvas.obj
 0001:00003830       ?DrawLine@KCanvas@@QAEXHHHHH@Z 10004830 f   KCanvas.obj
 0001:000038b0       ?DrawLineAlpha@KCanvas@@QAEXHHHHHH@Z 100048b0 f   KCanvas.obj
 0001:00003940       ?DrawSprite@KCanvas@@QAEXHHHHPAX0@Z 10004940 f   KCanvas.obj
 0001:000039d0       ?DrawSpriteMixColor@KCanvas@@QAEXHHHHPAX0HH@Z 100049d0 f   KCanvas.obj
 0001:00003a70       ?DrawSpriteWithColor@KCanvas@@QAEXHHHHPAX0HH@Z 10004a70 f   KCanvas.obj
 0001:00003b10       ?DrawSpriteAlpha@KCanvas@@QAEXHHHHPAX0H@Z 10004b10 f   KCanvas.obj
 0001:00003bc0       ?DrawSpriteBorder@KCanvas@@QAEXHHHHHPAX@Z 10004bc0 f   KCanvas.obj
 0001:00003c40       ?DrawSprite3LevelAlpha@KCanvas@@QAEXHHHHPAX0@Z 10004c40 f   KCanvas.obj
 0001:00003cc0       ?DrawFont@KCanvas@@QAEXHHHHHHPAX@Z 10004cc0 f   KCanvas.obj
 0001:00003d50       ?DrawFontWithBorder@KCanvas@@QAEXHHHHHHPAXH@Z 10004d50 f   KCanvas.obj
 0001:00003de0       ?DrawFontSolid@KCanvas@@QAEXHHHHHHPAX@Z 10004de0 f   KCanvas.obj
 0001:00003e70       ?DrawBitmap@KCanvas@@QAEXHHHHPAX0@Z 10004e70 f   KCanvas.obj
 0001:00003f00       ?DrawFade@KCanvas@@QAEXHHHHH@Z 10004f00 f   KCanvas.obj
 0001:00003f80       ?DrawBitmap16@KCanvas@@QAEXHHHHPAX@Z 10004f80 f   KCanvas.obj
 0001:00004000       ?DrawBitmap16mmx@KCanvas@@QAEXHHHHPAX@Z 10005000 f   KCanvas.obj
 0001:00004080       ?DrawBitmap16win@KCanvas@@QAEXHHHHPAX@Z 10005080 f   KCanvas.obj
 0001:00004100       ?Clear@KCanvas@@QAEXHHHHH@Z 10005100 f   KCanvas.obj
 0001:00004140       ?DotClear@KCanvas@@QAEXHHHHH@Z 10005140 f   KCanvas.obj
 0001:000041c0       ?ClearAlpha@KCanvas@@QAEXHHHHHH@Z 100051c0 f   KCanvas.obj
 0001:00004250       ?LockCanvas@KCanvas@@QAEPAXAAH@Z 10005250 f   KCanvas.obj
 0001:000042a0       ?UnlockCanvas@KCanvas@@QAEXXZ 100052a0 f   KCanvas.obj
 0001:000042c0       ??0KCodec@@QAE@XZ          100052c0 f i KCodec.obj
 0001:000042d0       ??0KCodec@@QAE@ABV0@@Z     100052d0 f i KCodec.obj
 0001:000042e0       ??4KCodec@@QAEAAV0@ABV0@@Z 100052e0 f i KCodec.obj
 0001:000042f0       ??0KCodecLzo@@QAE@XZ       100052f0 f i KCodec.obj
 0001:00004310       ??0KCodecLzo@@QAE@ABV0@@Z  10005310 f i KCodec.obj
 0001:00004340       ??4KCodecLzo@@QAEAAV0@ABV0@@Z 10005340 f i KCodec.obj
 0001:00004360       ??1KCodecLzo@@QAE@XZ       10005360 f i KCodec.obj
 0001:00004370       ?GetPackLen@KCodec@@UAEKK@Z 10005370 f   KCodec.obj
 0001:00004390       ?Encode@KCodec@@UAEHPAUTCodeInfo@@@Z 10005390 f   KCodec.obj
 0001:000043c0       ?Decode@KCodec@@UAEHPAUTCodeInfo@@@Z 100053c0 f   KCodec.obj
 0001:000043f0       ?g_InitCodec@@YAXPAPAVKCodec@@H@Z 100053f0 f   KCodec.obj
 0001:000044c0       ?g_FreeCodec@@YAXPAPAVKCodec@@H@Z 100054c0 f   KCodec.obj
 0001:00004500       ?Compress@KCodecLzo@@AAEKPAEK0PAK@Z 10005500 f   KCodecLzo.obj
 0001:00004870       ?Encode@KCodecLzo@@UAEHPAUTCodeInfo@@@Z 10005870 f   KCodecLzo.obj
 0001:00004980       ?Decode@KCodecLzo@@UAEHPAUTCodeInfo@@@Z 10005980 f   KCodecLzo.obj
 0001:00004bc0       ?g_Red@@YAEG@Z             10005bc0 f   KColors.obj
 0001:00004be0       ?g_Green@@YAEG@Z           10005be0 f   KColors.obj
 0001:00004c20       ?g_Blue@@YAEG@Z            10005c20 f   KColors.obj
 0001:00004c60       ?g_RGB555@@YAGHHH@Z        10005c60 f   KColors.obj
 0001:00004ca0       ?g_RGB565@@YAGHHH@Z        10005ca0 f   KColors.obj
 0001:00004ce0       ?g_555To565@@YAXHHPAX@Z    10005ce0 f   KColors.obj
 0001:00004d20       ?g_565To555@@YAXHHPAX@Z    10005d20 f   KColors.obj
 0001:00004d60       ??0KDirectDraw@@QAE@XZ     10005d60 f   KDDraw.obj
 0001:00004da0       ??1KDirectDraw@@QAE@XZ     10005da0 f   KDDraw.obj
 0001:00004db0       ?Mode@KDirectDraw@@QAEXHHH@Z 10005db0 f   KDDraw.obj
 0001:00004dd0       ?Init@KDirectDraw@@QAEHXZ  10005dd0 f   KDDraw.obj
 0001:00004ea0       ?Exit@KDirectDraw@@QAEXXZ  10005ea0 f   KDDraw.obj
 0001:00004f00       ?CreateDirectDraw@KDirectDraw@@AAEHXZ 10005f00 f   KDDraw.obj
 0001:00004fc0       ?SetDisplayMode@KDirectDraw@@AAEHXZ 10005fc0 f   KDDraw.obj
 0001:00005040       ?GetDisplayMode@KDirectDraw@@AAEHXZ 10006040 f   KDDraw.obj
 0001:000050f0       ?CreateSurface@KDirectDraw@@AAEHXZ 100060f0 f   KDDraw.obj
 0001:00005210       ?CreateSurface@KDirectDraw@@QAEPAUIDirectDrawSurface@@HH@Z 10006210 f   KDDraw.obj
 0001:00005280       ?RestoreSurface@KDirectDraw@@QAEHXZ 10006280 f   KDDraw.obj
 0001:000052c0       ?GetSurfaceDesc@KDirectDraw@@AAEHXZ 100062c0 f   KDDraw.obj
 0001:000053f0       ?CreateClipper@KDirectDraw@@AAEHXZ 100063f0 f   KDDraw.obj
 0001:00005460       ?SetClipperHWnd@KDirectDraw@@QAEXPAUHWND__@@@Z 10006460 f   KDDraw.obj
 0001:00005490       ?WaitForVerticalBlankBegin@KDirectDraw@@QAEXXZ 10006490 f   KDDraw.obj
 0001:000054b0       ?WaitForVerticalBlankEnd@KDirectDraw@@QAEXXZ 100064b0 f   KDDraw.obj
 0001:000054d0       ?FillBackBuffer@KDirectDraw@@QAEXK@Z 100064d0 f   KDDraw.obj
 0001:00005510       ?UpdateScreenZoom@KDirectDraw@@QAEXPAUtagRECT@@@Z 10006510 f   KDDraw.obj
 0001:00005540       ?SetWindowStyle@KDirectDraw@@AAEXXZ 10006540 f   KDDraw.obj
 0001:000055f0       ?BltToFrontBuffer@KDirectDraw@@QAEXPAUIDirectDrawSurface@@PAUtagRECT@@1@Z 100065f0 f   KDDraw.obj
 0001:00005620       ?BltToBackBuffer@KDirectDraw@@QAEXPAUIDirectDrawSurface@@PAUtagRECT@@1@Z 10006620 f   KDDraw.obj
 0001:00005650       ?g_FindDebugWindow@@YAPAUHWND__@@PAD0@Z 10006650 f   KDebug.obj
 0001:00005670       ?g_DebugLog@@YAXPADZZ      10006670 f   KDebug.obj
 0001:000056d0       ?g_MessageBox@@YAXPADZZ    100066d0 f   KDebug.obj
 0001:00005720       ?g_AssertFailed@@YAXPADH@Z 10006720 f   KDebug.obj
 0001:00005770       ?g_DDError@@YAXH@Z         10006770 f   KDError.obj
 0001:000057b0       ?g_DSError@@YAXH@Z         100067b0 f   KDError.obj
 0001:000057f0       ?g_DIError@@YAXH@Z         100067f0 f   KDError.obj
 0001:00005830       ??0KDirectInput@@QAE@XZ    10006830 f   KDInput.obj
 0001:00005850       ??1KDirectInput@@QAE@XZ    10006850 f   KDInput.obj
 0001:00005860       ?Init@KDirectInput@@QAEHXZ 10006860 f   KDInput.obj
 0001:000058e0       ?Exit@KDirectInput@@QAEXXZ 100068e0 f   KDInput.obj
 0001:00005940       ?CreateDirectInput@KDirectInput@@AAEHXZ 10006940 f   KDInput.obj
 0001:00005980       ?CreateMouseDevice@KDirectInput@@AAEHXZ 10006980 f   KDInput.obj
 0001:00005a10       ?CreateKeyboardDevice@KDirectInput@@AAEHXZ 10006a10 f   KDInput.obj
 0001:00005aa0       ?SetMouseBehavior@KDirectInput@@QAEHH@Z 10006aa0 f   KDInput.obj
 0001:00005ae0       ?GetMouseState@KDirectInput@@QAEHPAH0PAE1@Z 10006ae0 f   KDInput.obj
 0001:00005b40       ?GetKeyboardState@KDirectInput@@QAEHPAE@Z 10006b40 f   KDInput.obj
 0001:00005b80       ?g_DrawPixel@@YAXPAX0@Z    10006b80 f   KDrawBase.obj
 0001:00005c10       ?g_DrawPixelAlpha@@YAXPAX0@Z 10006c10 f   KDrawBase.obj
 0001:00005cf0       ?g_DrawLine@@YAXPAX0@Z     10006cf0 f   KDrawBase.obj
 0001:00005e60       ?g_DrawLineAlpha@@YAXPAX0@Z 10006e60 f   KDrawBase.obj
 0001:00005fd0       ?g_Clear@@YAXPAX0@Z        10006fd0 f   KDrawBase.obj
 0001:00006080       ?g_DotClear@@YAXPAX0@Z     10007080 f   KDrawBase.obj
 0001:00006130       ?g_ClearAlpha@@YAXPAX0@Z   10007130 f   KDrawBase.obj
 0001:00006230       ?g_DrawBitmap@@YAXPAX0@Z   10007230 f   KDrawBitmap.obj
 0001:000062f0       ?g_DrawBitmap16@@YAXPAX0@Z 100072f0 f   KDrawBitmap16.obj
 0001:000063e0       ?g_DrawBitmap16mmx@@YAXPAX0@Z 100073e0 f   KDrawBitmap16.obj
 0001:000064b0       ?g_DrawBitmap16win@@YAXPAX0@Z 100074b0 f   KDrawBitmap16.obj
 0001:00006590       ?g_DrawFade@@YAXPAX0@Z     10007590 f   KDrawFade.obj
 0001:00006690       ?g_DrawFont@@YAXPAX0@Z     10007690 f   KDrawFont.obj
 0001:00006800       ?g_DrawFontWithBorder@@YAXPAX0@Z 10007800 f   KDrawFont.obj
 0001:00006920       ?g_DrawFontSolid@@YAXPAX0@Z 10007920 f   KDrawFont.obj
 0001:00006a70       ?g_DrawSprite@@YAXPAX0@Z   10007a70 f   KDrawSprite.obj
 0001:00006d60       ?g_DrawSpriteMixColor@@YAXPAX0@Z 10007d60 f   KDrawSprite.obj
 0001:00007170       ?g_DrawSpriteWithColor@@YAXPAX0@Z 10008170 f   KDrawSprite.obj
 0001:000075b0       ?g_DrawSpriteBorder@@YAXPAX0@Z 100085b0 f   KDrawSprite.obj
 0001:000077e0       ?g_DrawSpriteAlpha@@YAXPAX0@Z 100087e0 f   KDrawSpriteAlpha.obj
 0001:00007e30       ?g_DrawSpriteAlpha@@YAXPAX0H@Z 10008e30 f   KDrawSpriteAlpha.obj
 0001:00008720       ?g_DrawSprite3LevelAlpha@@YAXPAX0@Z 10009720 f   KDrawSpriteAlpha.obj
 0001:00008a60       ??0KDirectSound@@QAE@XZ    10009a60 f   KDSound.obj
 0001:00008a80       ??1KDirectSound@@QAE@XZ    10009a80 f   KDSound.obj
 0001:00008a90       ?Init@KDirectSound@@QAEHXZ 10009a90 f   KDSound.obj
 0001:00008ad0       ?Exit@KDirectSound@@QAEXXZ 10009ad0 f   KDSound.obj
 0001:00008b10       ?CreateDirectSound@KDirectSound@@AAEHXZ 10009b10 f   KDSound.obj
 0001:00008b60       ?CreatePrimarySoundBuffer@KDirectSound@@AAEHXZ 10009b60 f   KDSound.obj
 0001:00008c20       ??0KScript@@QAE@ABV0@@Z    10009c20 f i KEicScript.obj
 0001:00008c30       ??4KScript@@QAEAAV0@ABV0@@Z 10009c30 f i KEicScript.obj
 0001:00008c40       ??_GKScript@@UAEPAXI@Z     10009c40 f i KEicScript.obj
 0001:00008c60       ??_EKScript@@UAEPAXI@Z     10009c60 f i KEicScript.obj
 0001:00008cc0       ??0KEicScript@@QAE@XZ      10009cc0 f i KEicScript.obj
 0001:00008ce0       ??0KEicScript@@QAE@ABV0@@Z 10009ce0 f i KEicScript.obj
 0001:00008d10       ??4KEicScript@@QAEAAV0@ABV0@@Z 10009d10 f i KEicScript.obj
 0001:00008d40       ??1KEicScript@@UAE@XZ      10009d40 f i KEicScript.obj
 0001:00008d50       ??_GKEicScript@@UAEPAXI@Z  10009d50 f i KEicScript.obj
 0001:00008d70       ??_EKEicScript@@UAEPAXI@Z  10009d70 f i KEicScript.obj
 0001:00008dd0       ?Init@KEicScript@@UAEHXZ   10009dd0 f   KEicScript.obj
 0001:00008ef0       ?Exit@KEicScript@@UAEXXZ   10009ef0 f   KEicScript.obj
 0001:00008f00       ?Load@KEicScript@@UAEHPAD@Z 10009f00 f   KEicScript.obj
 0001:00008f30       ?Compile@KEicScript@@UAEHPAD@Z 10009f30 f   KEicScript.obj
 0001:00008f40       ?Execute@KEicScript@@UAEHHPAPAD@Z 10009f40 f   KEicScript.obj
 0001:00008f70       ?RegisterFunction@KEicScript@@UAEHPADPAX@Z 10009f70 f   KEicScript.obj
 0001:00008f80       ?Activate@KLuaScript@@QAEHXZ 10009f80 f i KEicScriptSet.obj
 0001:00008f90       ?SetScriptName@KLuaScript@@UAEXPAD@Z 10009f90 f i KEicScriptSet.obj
 0001:00008fc0       ?GetUserTag@KLuaScript@@QAEHXZ 10009fc0 f i KEicScriptSet.obj
 0001:00008fd0       ?SetTableMember@KLuaScript@@QAEXHHPBD@Z 10009fd0 f i KEicScriptSet.obj
 0001:00008ff0       ?SetTableMember@KLuaScript@@QAEXHHN@Z 10009ff0 f i KEicScriptSet.obj
 0001:00009020       ?SetTableMember@KLuaScript@@QAEXHHH@Z 1000a020 f i KEicScriptSet.obj
 0001:00009040       ?SetTableMember@KLuaScript@@QAEXHPBDP6AHPAUlua_State@@@Z@Z 1000a040 f i KEicScriptSet.obj
 0001:00009060       ?SetTableMember@KLuaScript@@QAEXHHP6AHPAUlua_State@@@Z@Z 1000a060 f i KEicScriptSet.obj
 0001:00009080       ?SetTableMember@KLuaScript@@QAEXHPBDPAD@Z 1000a080 f i KEicScriptSet.obj
 0001:000090a0       ?SetTableMember@KLuaScript@@QAEXHPBDH@Z 1000a0a0 f i KEicScriptSet.obj
 0001:000090c0       ?SetTableMember@KLuaScript@@QAEXHPBDN@Z 1000a0c0 f i KEicScriptSet.obj
 0001:000090f0       ??0KLuaScript@@QAE@ABV0@@Z 1000a0f0 f i KEicScriptSet.obj
 0001:00009130       ??4KLuaScript@@QAEAAV0@ABV0@@Z 1000a130 f i KEicScriptSet.obj
 0001:00009170       ??_GKLuaScript@@UAEPAXI@Z  1000a170 f i KEicScriptSet.obj
 0001:00009190       ??_EKLuaScript@@UAEPAXI@Z  1000a190 f i KEicScriptSet.obj
 0001:000091f0       ?GetCount@KScriptSet@@QAEKXZ 1000a1f0 f i KEicScriptSet.obj
 0001:00009200       ?GetKeyStyle@KScriptSet@@QAEHXZ 1000a200 f i KEicScriptSet.obj
 0001:00009210       ?GetScriptFileNameFromKey@KScriptSet@@UAEPADPAD@Z 1000a210 f i KEicScriptSet.obj
 0001:00009220       ?GetScriptFileNameFromKey@KScriptSet@@UAEPADK@Z 1000a220 f i KEicScriptSet.obj
 0001:00009230       ??0KScriptSet@@QAE@ABV0@@Z 1000a230 f i KEicScriptSet.obj
 0001:00009260       ??4KScriptSet@@QAEAAV0@ABV0@@Z 1000a260 f i KEicScriptSet.obj
 0001:00009290       ??0KEicScriptSet@@QAE@ABV0@@Z 1000a290 f i KEicScriptSet.obj
 0001:000092c0       ??4KEicScriptSet@@QAEAAV0@ABV0@@Z 1000a2c0 f i KEicScriptSet.obj
 0001:000092f0       ??0KEicScriptSet@@QAE@XZ   1000a2f0 f   KEicScriptSet.obj
 0001:00009310       ??1KEicScriptSet@@QAE@XZ   1000a310 f   KEicScriptSet.obj
 0001:00009320       ?g_InitEngine@@YAHXZ       1000a320 f   KEngine.obj
 0001:00009380       ?g_ExitEngine@@YAXXZ       1000a380 f   KEngine.obj
 0001:000093b0       ??4KEvent@@QAEAAV0@ABV0@@Z 1000a3b0 f i KEvent.obj
 0001:000093c0       ??0KEvent@@QAE@XZ          1000a3c0 f   KEvent.obj
 0001:000093f0       ??1KEvent@@QAE@XZ          1000a3f0 f   KEvent.obj
 0001:00009400       ?Signal@KEvent@@QAEXXZ     1000a400 f i KEvent.obj
 0001:00009410       ?Wait@KEvent@@QAEXXZ       1000a410 f i KEvent.obj
 0001:00009420       ?TimedWait@KEvent@@QAE_NJ@Z 1000a420 f i KEvent.obj
 0001:00009440       ??0KFile@@QAE@XZ           1000a440 f   KFile.obj
 0001:00009450       ??1KFile@@QAE@XZ           1000a450 f   KFile.obj
 0001:00009460       ?Open@KFile@@QAEHPAD@Z     1000a460 f   KFile.obj
 0001:000094b0       ?Create@KFile@@QAEHPAD@Z   1000a4b0 f   KFile.obj
 0001:00009500       ?Append@KFile@@QAEHPAD@Z   1000a500 f   KFile.obj
 0001:00009570       ?Close@KFile@@QAEXXZ       1000a570 f   KFile.obj
 0001:000095a0       ?Read@KFile@@QAEKPAXK@Z    1000a5a0 f   KFile.obj
 0001:000095d0       ?Write@KFile@@QAEKPAXK@Z   1000a5d0 f   KFile.obj
 0001:00009600       ?Seek@KFile@@QAEKJK@Z      1000a600 f   KFile.obj
 0001:00009640       ?Tell@KFile@@QAEKXZ        1000a640 f   KFile.obj
 0001:00009650       ?Size@KFile@@QAEKXZ        1000a650 f   KFile.obj
 0001:00009690       ?g_DeleteFiles@@YAXPAD0@Z  1000a690 f   KFileCopy.obj
 0001:000097c0       ?g_UpdateFiles@@YAXPAD0@Z  1000a7c0 f   KFileCopy.obj
 0001:00009940       ??0KFileDialog@@QAE@XZ     1000a940 f   KFileDialog.obj
 0001:000099d0       ?SetTitle@KFileDialog@@QAEXPAD@Z 1000a9d0 f   KFileDialog.obj
 0001:000099f0       ?SetFlags@KFileDialog@@QAEXK@Z 1000a9f0 f   KFileDialog.obj
 0001:00009a00       ?SetFilter@KFileDialog@@QAEXPAD@Z 1000aa00 f   KFileDialog.obj
 0001:00009a40       ?SetDefExt@KFileDialog@@QAEXPAD@Z 1000aa40 f   KFileDialog.obj
 0001:00009a60       ?SetFilePath@KFileDialog@@QAEXPAD@Z 1000aa60 f   KFileDialog.obj
 0001:00009aa0       ?SetFileName@KFileDialog@@QAEXPAD@Z 1000aaa0 f   KFileDialog.obj
 0001:00009ac0       ?SetFileTitle@KFileDialog@@QAEXPAD@Z 1000aac0 f   KFileDialog.obj
 0001:00009ae0       ?Open@KFileDialog@@QAEHXZ  1000aae0 f   KFileDialog.obj
 0001:00009b20       ?Save@KFileDialog@@QAEHXZ  1000ab20 f   KFileDialog.obj
 0001:00009b60       ??4KPakList@@QAEAAV0@ABV0@@Z 1000ab60 f i KFilePath.obj
 0001:00009b80       ?RemoveTwoPointPath@@YAHPADH@Z 1000ab80 f   KFilePath.obj
 0001:00009bf0       ?RemoveOnePointPath@@YAHPADH@Z 1000abf0 f   KFilePath.obj
 0001:00009c50       ?RemoveAllPointPath@@YAHPADH@Z 1000ac50 f   KFilePath.obj
 0001:00009c70       ?g_SetRootPath@@YAXPAD@Z   1000ac70 f   KFilePath.obj
 0001:00009d00       ?g_GetRootPath@@YAXPAD@Z   1000ad00 f   KFilePath.obj
 0001:00009d20       ?g_SetFilePath@@YAXPAD@Z   1000ad20 f   KFilePath.obj
 0001:00009d80       ?g_GetFilePath@@YAXPAD@Z   1000ad80 f   KFilePath.obj
 0001:00009da0       ?g_GetFullPath@@YAXPAD0@Z  1000ada0 f   KFilePath.obj
 0001:00009e50       ?g_GetHalfPath@@YAXPAD0@Z  1000ae50 f   KFilePath.obj
 0001:00009ea0       ?g_GetPackPath@@YAXPAD0@Z  1000aea0 f   KFilePath.obj
 0001:00009f00       ?g_GetDiskPath@@YAXPAD0@Z  1000af00 f   KFilePath.obj
 0001:00009f70       ?g_CreatePath@@YAXPAD@Z    1000af70 f   KFilePath.obj
 0001:0000a080       ?g_UnitePathAndName@@YAXPAD00@Z 1000b080 f   KFilePath.obj
 0001:0000a110       ?g_FileExists@@YAHPAD@Z    1000b110 f   KFilePath.obj
 0001:0000a170       ?g_FileName2Id@@YAKPAD@Z   1000b170 f   KFilePath.obj
 0001:0000a1c0       ?g_ChangeFileExt@@YAXPAD0@Z 1000b1c0 f   KFilePath.obj
 0001:0000a210       ?g_ExtractFileName@@YAXPAD0@Z 1000b210 f   KFilePath.obj
 0001:0000a250       ?g_ExtractFilePath@@YAXPAD0@Z 1000b250 f   KFilePath.obj
 0001:0000a290       ??0KFindBinTreeNode@@QAE@XZ 1000b290 f i KFindBinTree.obj
 0001:0000a2b0       ??1KFindBinTreeNode@@QAE@XZ 1000b2b0 f i KFindBinTree.obj
 0001:0000a2f0       ?CanInsert@KFindBinTreeNode@@QAEHXZ 1000b2f0 f i KFindBinTree.obj
 0001:0000a310       ?GetRef@KFindBinTreeNode@@QBEHXZ 1000b310 f i KFindBinTree.obj
 0001:0000a320       ??4KFindBinTreeNode@@QAEAAV0@ABV0@@Z 1000b320 f i KFindBinTree.obj
 0001:0000a340       ??0KFindBinTree@@QAE@XZ    1000b340 f i KFindBinTree.obj
 0001:0000a350       ??1KFindBinTree@@QAE@XZ    1000b350 f i KFindBinTree.obj
 0001:0000a380       ??_GKFindBinTreeNode@@QAEPAXI@Z 1000b380 f i KFindBinTree.obj
 0001:0000a3c0       ?GetCount@KFindBinTree@@QAEHXZ 1000b3c0 f i KFindBinTree.obj
 0001:0000a3d0       ??4KFindBinTree@@QAEAAV0@ABV0@@Z 1000b3d0 f i KFindBinTree.obj
 0001:0000a3f0       ?Init@KFindBinTreeNode@@QAEXH@Z 1000b3f0 f   KFindBinTree.obj
 0001:0000a480       ?Insert@KFindBinTreeNode@@QAEHH@Z 1000b480 f   KFindBinTree.obj
 0001:0000a4d0       ?Remove@KFindBinTreeNode@@QAEXHH@Z 1000b4d0 f   KFindBinTree.obj
 0001:0000a510       ?Init@KFindBinTree@@QAEXH@Z 1000b510 f   KFindBinTree.obj
 0001:0000a560       ?FindFree@KFindBinTree@@QAEHXZ 1000b560 f   KFindBinTree.obj
 0001:0000a580       ?Remove@KFindBinTree@@QAEXH@Z 1000b580 f   KFindBinTree.obj
 0001:0000a5a0       ??0KFont@@QAE@XZ           1000b5a0 f   KFont.obj
 0001:0000a5f0       ??1KFont@@QAE@XZ           1000b5f0 f   KFont.obj
 0001:0000a640       ?Clear@KFont@@QAEXXZ       1000b640 f   KFont.obj
 0001:0000a670       ?SetCharaset@KFont@@QAEXW4CHARASET@@@Z 1000b670 f   KFont.obj
 0001:0000a680       ?Load@KFont@@QAEHPADW4CHARASET@@@Z 1000b680 f   KFont.obj
 0001:0000a7e0       ?Save@KFont@@QAEHPAD@Z     1000b7e0 f   KFont.obj
 0001:0000a900       ?DrawFont@KFont@@IAEXHHH@Z 1000b900 f   KFont.obj
 0001:0000a960       ?DrawFontAlpha@KFont@@IAEXHHHH@Z 1000b960 f   KFont.obj
 0001:0000a9e0       ?DrawWord@KFont@@QAEXHHHH@Z 1000b9e0 f   KFont.obj
 0001:0000aae0       ?DrawTextA@KFont@@QAEXHHPAD@Z 1000bae0 f   KFont.obj
 0001:0000ac60       ?DrawTextAlpha@KFont@@QAEXHHHPAD@Z 1000bc60 f   KFont.obj
 0001:0000adf0       ?SetColor@KFont@@QAEXEEE@Z 1000bdf0 f   KFont.obj
 0001:0000ae30       ?SetLine@KFont@@QAEXHH@Z   1000be30 f   KFont.obj
 0001:0000ae50       ?MakeText@KFont@@QAEXPAD@Z 1000be50 f   KFont.obj
 0001:0000af90       ?MakeFont@KFont@@QAEHPADHH@Z 1000bf90 f   KFont.obj
 0001:0000b150       ?AddWord@KFont@@IAEHHPAE@Z 1000c150 f   KFont.obj
 0001:0000b1f0       ?GetFontRect@KFont@@IAEHHHPAVKBitmap@@PAE@Z 1000c1f0 f   KFont.obj
 0001:0000b240       ?GetFontLine@KFont@@IAEHHHPAVKBitmap@@PAE@Z 1000c240 f   KFont.obj
 0001:0000b2c0       ??4KGifFile@@QAEAAV0@ABV0@@Z 1000c2c0 f i KGifFile.obj
 0001:0000b2e0       ??1KGifFile@@QAE@XZ        1000c2e0 f i KGifFile.obj
 0001:0000b2f0       ??0KGifFile@@QAE@XZ        1000c2f0 f   KGifFile.obj
 0001:0000b310       ?read_byte@KGifFile@@AAEEXZ 1000c310 f   KGifFile.obj
 0001:0000b330       ?read_word@KGifFile@@AAEGXZ 1000c330 f   KGifFile.obj
 0001:0000b350       ?read_header@KGifFile@@AAEHXZ 1000c350 f   KGifFile.obj
 0001:0000b450       ?read_color_table@KGifFile@@AAEHXZ 1000c450 f   KGifFile.obj
 0001:0000b4a0       ?read_image_desc@KGifFile@@AAEHXZ 1000c4a0 f   KGifFile.obj
 0001:0000b530       ?read_extension@KGifFile@@AAEHXZ 1000c530 f   KGifFile.obj
 0001:0000b5c0       ?Open@KGifFile@@QAEHPADPAVKBitmap@@@Z 1000c5c0 f   KGifFile.obj
 0001:0000b750       ?FirstImage@KGifFile@@QAEHXZ 1000c750 f   KGifFile.obj
 0001:0000b760       ?NextImage@KGifFile@@QAEHXZ 1000c760 f   KGifFile.obj
 0001:0000b810       ?lzw_decode@KGifFile@@AAEXXZ 1000c810 f   KGifFile.obj
 0001:0000bab0       ?clear_table@KGifFile@@AAEXXZ 1000cab0 f   KGifFile.obj
 0001:0000bae0       ?get_code@KGifFile@@AAEXXZ 1000cae0 f   KGifFile.obj
 0001:0000bc60       ?get_string@KGifFile@@AAEXH@Z 1000cc60 f   KGifFile.obj
 0001:0000bcc0       ?output_string@KGifFile@@AAEXXZ 1000ccc0 f   KGifFile.obj
 0001:0000bdc0       ?g_RemoveSamePixel@@YAHPAVKBitmap@@0@Z 1000cdc0 f   KGraphics.obj
 0001:0000be40       ?g_RemoveDiffPixel@@YAHPAVKBitmap@@0@Z 1000ce40 f   KGraphics.obj
 0001:0000bec0       ?g_RemoveNoneZeroPixel@@YAHPAVKBitmap@@0@Z 1000cec0 f   KGraphics.obj
 0001:0000bf50       ?g_RemoveZeroPixel@@YAHPAVKBitmap@@0@Z 1000cf50 f   KGraphics.obj
 0001:0000bfe0       ??0KHashList@@QAE@ABV0@@Z  1000cfe0 f i KHashList.obj
 0001:0000c010       ??4KHashList@@QAEAAV0@ABV0@@Z 1000d010 f i KHashList.obj
 0001:0000c040       ??1KHashList@@QAE@XZ       1000d040 f i KHashList.obj
 0001:0000c050       ??0KHashList@@QAE@XZ       1000d050 f   KHashList.obj
 0001:0000c080       ??0KHashTable@@QAE@XZ      1000d080 f i KHashNode.obj
 0001:0000c0e0       ??0KHashTable@@QAE@ABV0@@Z 1000d0e0 f i KHashNode.obj
 0001:0000c140       ??4KHashTable@@QAEAAV0@ABV0@@Z 1000d140 f i KHashNode.obj
 0001:0000c190       ??1KHashTable@@QAE@XZ      1000d190 f i KHashNode.obj
 0001:0000c1f0       ?SetHashTable@KHashNode@@QAEXPAVKHashTable@@@Z 1000d1f0 f i KHashNode.obj
 0001:0000c200       ??0KHashNode@@QAE@ABV0@@Z  1000d200 f i KHashNode.obj
 0001:0000c240       ??4KHashNode@@QAEAAV0@ABV0@@Z 1000d240 f i KHashNode.obj
 0001:0000c280       ??1KHashNode@@UAE@XZ       1000d280 f i KHashNode.obj
 0001:0000c290       ??_GKHashNode@@UAEPAXI@Z   1000d290 f i KHashNode.obj
 0001:0000c2b0       ??_EKHashNode@@UAEPAXI@Z   1000d2b0 f i KHashNode.obj
 0001:0000c310       ??0KHashNode@@QAE@XZ       1000d310 f   KHashNode.obj
 0001:0000c330       ?SetName@KHashNode@@UAEXPAD@Z 1000d330 f   KHashNode.obj
 0001:0000c390       ?g_Hash@@YAKPAD@Z          1000d390 f   KHashTable.obj
 0001:0000c3c0       ?Add@KHashTable@@QAEXPAVKStrNode@@@Z 1000d3c0 f   KHashTable.obj
 0001:0000c470       ?Delete@KHashTable@@QAEXPAD@Z 1000d470 f   KHashTable.obj
 0001:0000c4b0       ?Find@KHashTable@@QAEPAVKStrNode@@PAD@Z 1000d4b0 f   KHashTable.obj
 0001:0000c4e0       ??4KIme@@QAEAAV0@ABV0@@Z   1000d4e0 f i Kime.obj
 0001:0000c500       ??0KIme@@QAE@XZ            1000d500 f   Kime.obj
 0001:0000c530       ??1KIme@@QAE@XZ            1000d530 f   Kime.obj
 0001:0000c540       ?ResetIme@KIme@@QAEXXZ     1000d540 f   Kime.obj
 0001:0000c550       ?IsIme@KIme@@QAEHXZ        1000d550 f   Kime.obj
 0001:0000c580       ?OpenIME@KIme@@QAEXXZ      1000d580 f   Kime.obj
 0001:0000c630       ?CloseIME@KIme@@QAEXXZ     1000d630 f   Kime.obj
 0001:0000c6a0       ?TurnOff@KIme@@QAEXXZ      1000d6a0 f   Kime.obj
 0001:0000c6b0       ?TurnOn@KIme@@QAEXXZ       1000d6b0 f   Kime.obj
 0001:0000c6c0       ?EnableLanguageChange@KIme@@QAEXXZ 1000d6c0 f   Kime.obj
 0001:0000c6d0       ?DisableLanguageChange@KIme@@QAEXXZ 1000d6d0 f   Kime.obj
 0001:0000c6e0       ?SetCaretPos@KIme@@QAEXHH@Z 1000d6e0 f   Kime.obj
 0001:0000c740       ?WndMsg@KIme@@QAEHPAUHWND__@@IIJ@Z 1000d740 f   Kime.obj
 0001:0000c830       ?g_SetIniCodec@@YAXH@Z     1000d830 f   KIniFile.obj
 0001:0000c840       ??0KIniFile@@QAE@XZ        1000d840 f   KIniFile.obj
 0001:0000c890       ??1KIniFile@@QAE@XZ        1000d890 f   KIniFile.obj
 0001:0000c8e0       ?Load@KIniFile@@QAEHPBD@Z  1000d8e0 f   KIniFile.obj
 0001:0000ca00       ?LoadPack@KIniFile@@QAEHPBD@Z 1000da00 f   KIniFile.obj
 0001:0000cc10       ?Save@KIniFile@@QAEHPBD@Z  1000dc10 f   KIniFile.obj
 0001:0000cd60       ?SavePack@KIniFile@@QAEHPBD@Z 1000dd60 f   KIniFile.obj
 0001:0000cf40       ?Clear@KIniFile@@QAEXXZ    1000df40 f   KIniFile.obj
 0001:0000cf50       ?ReadLine@KIniFile@@AAEHPADJ@Z 1000df50 f   KIniFile.obj
 0001:0000cfc0       ?IsKeyChar@KIniFile@@AAEHD@Z 1000dfc0 f   KIniFile.obj
 0001:0000d000       ?CreateIniLink@KIniFile@@AAEXPAXJ@Z 1000e000 f   KIniFile.obj
 0001:0000d0b0       ?ReleaseIniLink@KIniFile@@AAEXXZ 1000e0b0 f   KIniFile.obj
 0001:0000d140       ?SplitKeyValue@KIniFile@@AAEPADPAD@Z 1000e140 f   KIniFile.obj
 0001:0000d160       ?String2Id@KIniFile@@AAEKPBD@Z 1000e160 f   KIniFile.obj
 0001:0000d1b0       ?IsSectionExist@KIniFile@@QAEHPBD@Z 1000e1b0 f   KIniFile.obj
 0001:0000d240       ?EraseSection@KIniFile@@QAEXPBD@Z 1000e240 f   KIniFile.obj
 0001:0000d310       ?EraseKey@KIniFile@@QAEXPBD0@Z 1000e310 f   KIniFile.obj
 0001:0000d3f0       ?SetKeyValue@KIniFile@@AAEHPBD00@Z 1000e3f0 f   KIniFile.obj
 0001:0000d5b0       ?GetKeyValue@KIniFile@@AAEHPBD0PADK@Z 1000e5b0 f   KIniFile.obj
 0001:0000d6a0       ?GetString@KIniFile@@QAEHPBD00PADK@Z 1000e6a0 f   KIniFile.obj
 0001:0000d6e0       ?GetInteger@KIniFile@@QAEHPBD0HPAH@Z 1000e6e0 f   KIniFile.obj
 0001:0000d730       ?GetInteger2@KIniFile@@QAEXPBD0PAH1@Z 1000e730 f   KIniFile.obj
 0001:0000d7a0       ?GetFloat@KIniFile@@QAEHPBD0MPAM@Z 1000e7a0 f   KIniFile.obj
 0001:0000d7f0       ?GetFloat2@KIniFile@@QAEXPBD0PAM1@Z 1000e7f0 f   KIniFile.obj
 0001:0000d860       ?GetStruct@KIniFile@@QAEXPBD0PAXK@Z 1000e860 f   KIniFile.obj
 0001:0000d900       ?WriteString@KIniFile@@QAEXPBD00@Z 1000e900 f   KIniFile.obj
 0001:0000d920       ?WriteInteger@KIniFile@@QAEXPBD0H@Z 1000e920 f   KIniFile.obj
 0001:0000d960       ?WriteInteger2@KIniFile@@QAEXPBD0HH@Z 1000e960 f   KIniFile.obj
 0001:0000d9a0       ?WriteFloat@KIniFile@@QAEXPBD0M@Z 1000e9a0 f   KIniFile.obj
 0001:0000d9e0       ?WriteFloat2@KIniFile@@QAEXPBD0MM@Z 1000e9e0 f   KIniFile.obj
 0001:0000da30       ?WriteStruct@KIniFile@@QAEXPBD0PAXK@Z 1000ea30 f   KIniFile.obj
 0001:0000dac0       ?GetNextSection@KIniFile@@QAEHPBDPAD@Z 1000eac0 f   KIniFile.obj
 0001:0000dbb0       ?GetNextKey@KIniFile@@QAEHPBD0PAD@Z 1000ebb0 f   KIniFile.obj
 0001:0000dcd0       ?GetSectionCount@KIniFile@@QAEHXZ 1000ecd0 f   KIniFile.obj
 0001:0000dd50       ?GetRect@KIniFile@@QAEXPBD0PAUtagRECT@@@Z 1000ed50 f   KIniFile.obj
 0001:0000de00       ?GetFloat3@KIniFile@@QAEXPBD0PAM@Z 1000ee00 f   KIniFile.obj
 0001:0000de60       ?GetFloat4@KIniFile@@QAEXPBD0PAM@Z 1000ee60 f   KIniFile.obj
 0001:0000dec0       ?GetBool@KIniFile@@QAEXPBD0PAH@Z 1000eec0 f   KIniFile.obj
 0001:0000def0       ??0KJpgFile@@QAE@XZ        1000eef0 f i KJpgFile.obj
 0001:0000df00       ??4KJpgFile@@QAEAAV0@ABV0@@Z 1000ef00 f i KJpgFile.obj
 0001:0000df20       ??1KJpgFile@@QAE@XZ        1000ef20 f i KJpgFile.obj
 0001:0000df30       ?Load@KJpgFile@@QAEHPADPAVKBitmap16@@I@Z 1000ef30 f   KJpgFile.obj
 0001:0000e0d0       ?GetFuncKey@KKeyboard@@QAEEXZ 1000f0d0 f i KKeyboard.obj
 0001:0000e0e0       ??4KKeyboard@@QAEAAV0@ABV0@@Z 1000f0e0 f i KKeyboard.obj
 0001:0000e100       ??0KKeyboard@@QAE@XZ       1000f100 f   KKeyboard.obj
 0001:0000e130       ?UpdateState@KKeyboard@@QAEXXZ 1000f130 f   KKeyboard.obj
 0001:0000e180       ?IsDown@KKeyboard@@QAEHE@Z 1000f180 f   KKeyboard.obj
 0001:0000e1a0       ?MakeFuncKey@KKeyboard@@IAEXXZ 1000f1a0 f   KKeyboard.obj
 0001:0000e1f0       ?MakeMessage@KKeyboard@@IAEXH@Z 1000f1f0 f   KKeyboard.obj
 0001:0000e260       ??0KLinkArray@@QAE@XZ      1000f260 f i KLinkArray.obj
 0001:0000e270       ?GetCount@KLinkArray@@QAEHXZ 1000f270 f i KLinkArray.obj
 0001:0000e280       ?GetNode@KLinkArray@@QAEPAVKLinkNode@@H@Z 1000f280 f i KLinkArray.obj
 0001:0000e290       ?GetNext@KLinkArray@@QBEHH@Z 1000f290 f i KLinkArray.obj
 0001:0000e2b0       ?GetPrev@KLinkArray@@QBEHH@Z 1000f2b0 f i KLinkArray.obj
 0001:0000e2d0       ??4KLinkArray@@QAEAAV0@ABV0@@Z 1000f2d0 f i KLinkArray.obj
 0001:0000e2f0       ??1KLinkArray@@QAE@XZ      1000f2f0 f   KLinkArray.obj
 0001:0000e310       ?Init@KLinkArray@@QAEXH@Z  1000f310 f   KLinkArray.obj
 0001:0000e380       ??_H@YGXPAXIHP6EX0@Z@Z     1000f380 f i KLinkArray.obj
 0001:0000e3b0       ?Remove@KLinkArray@@QAEXH@Z 1000f3b0 f   KLinkArray.obj
 0001:0000e420       ?Insert@KLinkArray@@QAEXH@Z 1000f420 f   KLinkArray.obj
 0001:0000e480       ??0KLuaScript@@QAE@XZ      1000f480 f   KLuaScript.obj
 0001:0000e510       ??0KLuaScript@@QAE@H@Z     1000f510 f   KLuaScript.obj
 0001:0000e5a0       ??1KLuaScript@@UAE@XZ      1000f5a0 f   KLuaScript.obj
 0001:0000e5f0       ?LoadBuffer@KLuaScript@@QAEHPAEK@Z 1000f5f0 f   KLuaScript.obj
 0001:0000e630       ?Load@KLuaScript@@UAEHPAD@Z 1000f630 f   KLuaScript.obj
 0001:0000e780       ?Execute@KLuaScript@@UAEHXZ 1000f780 f   KLuaScript.obj
 0001:0000e7b0       ?ExecuteCode@KLuaScript@@QAEHXZ 1000f7b0 f   KLuaScript.obj
 0001:0000e800       ?CallFunction@KLuaScript@@AAEHPADH00@Z 1000f800 f   KLuaScript.obj
 0001:0000e9e0       ?CallFunction@KLuaScript@@UAAHPADH0ZZ 1000f9e0 f   KLuaScript.obj
 0001:0000ea00       ?GetValuesFromStack@KLuaScript@@QAAHPADZZ 1000fa00 f   KLuaScript.obj
 0001:0000eb50       ?Init@KLuaScript@@UAEHXZ   1000fb50 f   KLuaScript.obj
 0001:0000ebb0       ?RegisterFunction@KLuaScript@@UAEHPADPAX@Z 1000fbb0 f   KLuaScript.obj
 0001:0000ebf0       ?Compile@KLuaScript@@UAEHPAD@Z 1000fbf0 f   KLuaScript.obj
 0001:0000ec00       ?RegisterFunctions@KLuaScript@@QAEHQAUTLua_Funcs@@H@Z 1000fc00 f   KLuaScript.obj
 0001:0000ec60       ?RegisterStandardFunctions@KLuaScript@@QAEXXZ 1000fc60 f   KLuaScript.obj
 0001:0000eca0       ?Exit@KLuaScript@@UAEXXZ   1000fca0 f   KLuaScript.obj
 0001:0000ecd0       ?ScriptError@KLuaScript@@QAEXH@Z 1000fcd0 f   KLuaScript.obj
 0001:0000ed10       ?ScriptError@KLuaScript@@QAEXHH@Z 1000fd10 f   KLuaScript.obj
 0001:0000ed50       ?SafeCallBegin@KLuaScript@@QAEXPAH@Z 1000fd50 f   KLuaScript.obj
 0001:0000ed70       ?SafeCallEnd@KLuaScript@@QAEXH@Z 1000fd70 f   KLuaScript.obj
 0001:0000ed90       ?Stop@KLuaScript@@QAEHXZ   1000fd90 f   KLuaScript.obj
 0001:0000edb0       ?Resume@KLuaScript@@QAEHXZ 1000fdb0 f   KLuaScript.obj
 0001:0000edd0       ?CreateTable@KLuaScript@@QAEKXZ 1000fdd0 f   KLuaScript.obj
 0001:0000ee10       ?SetGlobalName@KLuaScript@@QAEXPAD@Z 1000fe10 f   KLuaScript.obj
 0001:0000ee30       ?ModifyTable@KLuaScript@@QAEKPAD@Z 1000fe30 f   KLuaScript.obj
 0001:0000ee90       ?GetMemPtr@KMemClass1@@QAEPAXXZ 1000fe90 f i KLubCmpl_Blocker.obj
 0001:0000eea0       ?GetMemLen@KMemClass1@@QAEKXZ 1000fea0 f i KLubCmpl_Blocker.obj
 0001:0000eeb0       ??4KMemClass1@@QAEAAV0@ABV0@@Z 1000feb0 f i KLubCmpl_Blocker.obj
 0001:0000eed0       ?ScanIf@KLubCmpl_Blocker@@QAEXPAVKLineNode@@@Z 1000fed0 f   KLubCmpl_Blocker.obj
 0001:0000f1a0       ??_GKStackNode@@UAEPAXI@Z  100101a0 f i KLubCmpl_Blocker.obj
 0001:0000f1a0       ??_EKStackNode@@UAEPAXI@Z  100101a0 f i KLubCmpl_Blocker.obj
 0001:0000f1c0       ??1KStackNode@@UAE@XZ      100101c0 f i KLubCmpl_Blocker.obj
 0001:0000f1d0       ?ExchangeCurLines@KLubCmpl_Blocker@@QAEHXZ 100101d0 f   KLubCmpl_Blocker.obj
 0001:0000fe00       ?Remove@KNode@@QAEXXZ      10010e00 f i KLubCmpl_Blocker.obj
 0001:0000fe30       ??_GKLineNode@@UAEPAXI@Z   10010e30 f i KLubCmpl_Blocker.obj
 0001:0000fe30       ??_EKLineNode@@UAEPAXI@Z   10010e30 f i KLubCmpl_Blocker.obj
 0001:0000fe50       ??1KLineNode@@UAE@XZ       10010e50 f i KLubCmpl_Blocker.obj
 0001:0000fe60       ?Load@KLubCmpl_Blocker@@QAEPAVKLineNode@@PAD@Z 10010e60 f   KLubCmpl_Blocker.obj
 0001:00010070       ?PushKey@KLubCmpl_Blocker@@QAEXPAVKStackNode@@@Z 10011070 f   KLubCmpl_Blocker.obj
 0001:000100c0       ?PopKey@KLubCmpl_Blocker@@QAEPAVKStackNode@@XZ 100110c0 f   KLubCmpl_Blocker.obj
 0001:00010130       ?GetBuffer@KLubCmpl_Blocker@@QAEHAAPAVKMemClass1@@@Z 10011130 f   KLubCmpl_Blocker.obj
 0001:00010280       ?Write@KLubCmpl_Blocker@@QAEHPAD@Z 10011280 f   KLubCmpl_Blocker.obj
 0001:000103b0       ?Print@KLubCmpl_Blocker@@QAEXXZ 100113b0 f   KLubCmpl_Blocker.obj
 0001:00010440       ??1KMemList@@QAE@XZ        10011440 f i KMemBase.obj
 0001:000104c0       ??1KList@@QAE@XZ           100114c0 f i KMemBase.obj
 0001:000104d0       ??0KMemList@@QAE@XZ        100114d0 f i KMemBase.obj
 0001:00010500       ?g_MemInfo@@YAXXZ          10011500 f   KMemBase.obj
 0001:00010510       ?g_MemAlloc@@YAPAXK@Z      10011510 f   KMemBase.obj
 0001:00010580       ?g_MemFree@@YAXPAX@Z       10011580 f   KMemBase.obj
 0001:000105e0       ?g_MemCopy@@YAXPAX0K@Z     100115e0 f   KMemBase.obj
 0001:00010610       ?g_MemCopyMmx@@YAXPAX0K@Z  10011610 f   KMemBase.obj
 0001:00010650       ?g_MemComp@@YAHPAX0K@Z     10011650 f   KMemBase.obj
 0001:00010680       ?g_MemFill@@YAXPAXKE@Z     10011680 f   KMemBase.obj
 0001:000106b0       ?g_MemFill@@YAXPAXKG@Z     100116b0 f   KMemBase.obj
 0001:000106e0       ?g_MemFill@@YAXPAXKK@Z     100116e0 f   KMemBase.obj
 0001:00010700       ?g_MemZero@@YAXPAXK@Z      10011700 f   KMemBase.obj
 0001:00010720       ?g_MemXore@@YAXPAXKK@Z     10011720 f   KMemBase.obj
 0001:00010740       ??0KMemClass@@QAE@XZ       10011740 f   KMemClass.obj
 0001:00010750       ??1KMemClass@@QAE@XZ       10011750 f   KMemClass.obj
 0001:00010760       ?Alloc@KMemClass@@QAEPAXK@Z 10011760 f   KMemClass.obj
 0001:000107a0       ?Free@KMemClass@@QAEXXZ    100117a0 f   KMemClass.obj
 0001:000107d0       ?Zero@KMemClass@@QAEXXZ    100117d0 f   KMemClass.obj
 0001:000107f0       ?Fill@KMemClass@@QAEXE@Z   100117f0 f   KMemClass.obj
 0001:00010810       ?Fill@KMemClass@@QAEXG@Z   10011810 f   KMemClass.obj
 0001:00010830       ?Fill@KMemClass@@QAEXK@Z   10011830 f   KMemClass.obj
 0001:00010850       ?Alloc@KMemClass1@@QAEPAXK@Z 10011850 f   KMemClass1.obj
 0001:00010870       ?Free@KMemClass1@@QAEXXZ   10011870 f   KMemClass1.obj
 0001:000108c0       ??0KMemManager@@QAE@XZ     100118c0 f   KMemManager.obj
 0001:00010940       ??1KMemManager@@QAE@XZ     10011940 f   KMemManager.obj
 0001:000109d0       ?NewChunk@KMemManager@@AAEPAXHH@Z 100119d0 f   KMemManager.obj
 0001:00010a60       ?FreeChunk@KMemManager@@AAEXPAUKChunkHeader@1@@Z 10011a60 f   KMemManager.obj
 0001:00010aa0       ?Malloc@KMemManager@@QAEPAXH@Z 10011aa0 f   KMemManager.obj
 0001:00010b40       ?Calloc@KMemManager@@QAEPAXH@Z 10011b40 f   KMemManager.obj
 0001:00010b60       ?Free@KMemManager@@QAEXPAX@Z 10011b60 f   KMemManager.obj
 0001:00010be0       ??0KMemStack@@QAE@XZ       10011be0 f   KMemStack.obj
 0001:00010c10       ??1KMemStack@@QAE@XZ       10011c10 f   KMemStack.obj
 0001:00010c20       ?Init@KMemStack@@QAEXH@Z   10011c20 f   KMemStack.obj
 0001:00010c40       ?Push@KMemStack@@QAEPAXH@Z 10011c40 f   KMemStack.obj
 0001:00010c90       ?Free@KMemStack@@QAEXPAX@Z 10011c90 f   KMemStack.obj
 0001:00010ca0       ?AllocNewChunk@KMemStack@@QAEHXZ 10011ca0 f   KMemStack.obj
 0001:00010d00       ?FreeAllChunks@KMemStack@@QAEXXZ 10011d00 f   KMemStack.obj
 0001:00010d50       ?GetChunkSize@KMemStack@@QAEHXZ 10011d50 f   KMemStack.obj
 0001:00010d60       ?GetStackSize@KMemStack@@QAEHXZ 10011d60 f   KMemStack.obj
 0001:00010d90       ??0KList@@QAE@XZ           10011d90 f i KMessage.obj
 0001:00010de0       ?g_SendMessage@@YAXHHHH@Z  10011de0 f   KMessage.obj
 0001:00010e50       ?g_PeekMessage@@YAHPAUKMessage@@@Z 10011e50 f   KMessage.obj
 0001:00010e90       ?g_GetMessage@@YAHPAUKMessage@@@Z 10011e90 f   KMessage.obj
 0001:00010f10       ?g_ClearMessage@@YAXXZ     10011f10 f   KMessage.obj
 0001:00010f40       ?SetWorkingMode@KMouse@@QAEXE@Z 10011f40 f i KMouse.obj
 0001:00010f50       ?SetKeyState@KMouse@@QAEXE@Z 10011f50 f i KMouse.obj
 0001:00010f60       ??4KMouse@@QAEAAV0@ABV0@@Z 10011f60 f i KMouse.obj
 0001:00010f80       ??0KMouse@@QAE@XZ          10011f80 f   KMouse.obj
 0001:00010fc0       ?SetWorkingRect@KMouse@@QAEXPAUtagRECT@@@Z 10011fc0 f   KMouse.obj
 0001:00010fe0       ?SetPos@KMouse@@QAEXPAUtagPOINT@@@Z 10011fe0 f   KMouse.obj
 0001:00011000       ?GetPos@KMouse@@QAEXPAUtagPOINT@@@Z 10012000 f   KMouse.obj
 0001:00011020       ?UpdateState@KMouse@@QAEXXZ 10012020 f   KMouse.obj
 0001:000110f0       ?MakeMessage@KMouse@@IAEXHHEE@Z 100120f0 f   KMouse.obj
 0001:00011240       ??4KThread@@QAEAAV0@ABV0@@Z 10012240 f i KMp3Music.obj
 0001:00011270       ??0KMusic@@QAE@ABV0@@Z     10012270 f i KMp3Music.obj
 0001:00011300       ??4KMusic@@QAEAAV0@ABV0@@Z 10012300 f i KMp3Music.obj
 0001:000113a0       ??_GKMusic@@UAEPAXI@Z      100123a0 f i KMp3Music.obj
 0001:000113c0       ??_EKMusic@@UAEPAXI@Z      100123c0 f i KMp3Music.obj
 0001:00011420       ??0KMp3Music@@QAE@XZ       10012420 f i KMp3Music.obj
 0001:00011480       ??0KMp3Music@@QAE@ABV0@@Z  10012480 f i KMp3Music.obj
 0001:00011570       ??4KMp3Music@@QAEAAV0@ABV0@@Z 10012570 f i KMp3Music.obj
 0001:00011660       ??1KMp3Music@@UAE@XZ       10012660 f i KMp3Music.obj
 0001:000116c0       ??_GKMp3Music@@UAEPAXI@Z   100126c0 f i KMp3Music.obj
 0001:000116e0       ??_EKMp3Music@@UAEPAXI@Z   100126e0 f i KMp3Music.obj
 0001:00011740       ?Open@KMp3Music@@UAEHPAD@Z 10012740 f   KMp3Music.obj
 0001:00011780       ?InitSoundFormat@KMp3Music@@MAEXXZ 10012780 f   KMp3Music.obj
 0001:000117a0       ?ReadWaveData@KMp3Music@@MAEKPAEK@Z 100127a0 f   KMp3Music.obj
 0001:000117c0       ?Seek@KMp3Music@@UAEXH@Z   100127c0 f   KMp3Music.obj
 0001:000117d0       ?Rewind@KMp3Music@@UAEXXZ  100127d0 f   KMp3Music.obj
 0001:000117f0       ?Mp3FileOpen@KMp3Music@@MAEHPAD@Z 100127f0 f   KMp3Music.obj
 0001:00011800       ?Mp3FileRead@KMp3Music@@MAEKPAEK@Z 10012800 f   KMp3Music.obj
 0001:00011820       ?Mp3FileSeek@KMp3Music@@MAEKJ@Z 10012820 f   KMp3Music.obj
 0001:00011840       ?Mp3Init@KMp3Music@@MAEHXZ 10012840 f   KMp3Music.obj
 0001:00011970       ?Mp3Decode@KMp3Music@@MAEKPAEK@Z 10012970 f   KMp3Music.obj
 0001:000119f0       ?Mp3FillBuffer@KMp3Music@@MAEHXZ 100129f0 f   KMp3Music.obj
 0001:00011a70       ??0KMp4Audio@@QAE@XZ       10012a70 f i KMp4Audio.obj
 0001:00011af0       ??0KMp4Audio@@QAE@ABV0@@Z  10012af0 f i KMp4Audio.obj
 0001:00011c00       ??4KMp4Audio@@QAEAAV0@ABV0@@Z 10012c00 f i KMp4Audio.obj
 0001:00011d10       ??1KMp4Audio@@UAE@XZ       10012d10 f i KMp4Audio.obj
 0001:00011d80       ??_GKMp4Audio@@UAEPAXI@Z   10012d80 f i KMp4Audio.obj
 0001:00011da0       ??_EKMp4Audio@@UAEPAXI@Z   10012da0 f i KMp4Audio.obj
 0001:00011e00       ?Seek@KMp4Audio@@UAEXH@Z   10012e00 f   KMp4Audio.obj
 0001:00011e30       ?Rewind@KMp4Audio@@UAEXXZ  10012e30 f   KMp4Audio.obj
 0001:00011e50       ?Mp3FileOpen@KMp4Audio@@MAEHPAD@Z 10012e50 f   KMp4Audio.obj
 0001:00011ea0       ?Mp3FileRead@KMp4Audio@@MAEKPAEK@Z 10012ea0 f   KMp4Audio.obj
 0001:00011ec0       ?Mp3FileSeek@KMp4Audio@@MAEKJ@Z 10012ec0 f   KMp4Audio.obj
 0001:00011ee0       ??0KVideo@@QAE@ABV0@@Z     10012ee0 f i KMp4Movie.obj
 0001:00011f90       ??4KVideo@@QAEAAV0@ABV0@@Z 10012f90 f i KMp4Movie.obj
 0001:00012040       ??0KMp4Video@@QAE@ABV0@@Z  10013040 f i KMp4Movie.obj
 0001:00012110       ??4KMp4Video@@QAEAAV0@ABV0@@Z 10013110 f i KMp4Movie.obj
 0001:000121e0       ??0KMp4Movie@@QAE@XZ       100131e0 f i KMp4Movie.obj
 0001:00012270       ??0KMp4Movie@@QAE@ABV0@@Z  10013270 f i KMp4Movie.obj
 0001:000124b0       ??4KMp4Movie@@QAEAAV0@ABV0@@Z 100134b0 f i KMp4Movie.obj
 0001:00012680       ??1KMp4Movie@@QAE@XZ       10013680 f i KMp4Movie.obj
 0001:00012710       ?Open@KMp4Movie@@QAEHPAD@Z 10013710 f   KMp4Movie.obj
 0001:00012740       ?Close@KMp4Movie@@QAEXXZ   10013740 f   KMp4Movie.obj
 0001:00012760       ?Play@KMp4Movie@@QAEXHHH@Z 10013760 f   KMp4Movie.obj
 0001:000127a0       ?Stop@KMp4Movie@@QAEXXZ    100137a0 f   KMp4Movie.obj
 0001:000127c0       ?Seek@KMp4Movie@@QAEXH@Z   100137c0 f   KMp4Movie.obj
 0001:000127f0       ?Rewind@KMp4Movie@@QAEXXZ  100137f0 f   KMp4Movie.obj
 0001:00012810       ?WaitForEnd@KMp4Movie@@QAEXXZ 10013810 f   KMp4Movie.obj
 0001:000128a0       ??0KMp4Video@@QAE@XZ       100138a0 f   KMp4Video.obj
 0001:00012900       ??1KMp4Video@@QAE@XZ       10013900 f   KMp4Video.obj
 0001:00012960       ?Open@KMp4Video@@UAEHPAD@Z 10013960 f   KMp4Video.obj
 0001:000129d0       ?Close@KMp4Video@@UAEXXZ   100139d0 f   KMp4Video.obj
 0001:00012a00       ?Seek@KMp4Video@@UAEXH@Z   10013a00 f   KMp4Video.obj
 0001:00012a20       ?Rewind@KMp4Video@@UAEXXZ  10013a20 f   KMp4Video.obj
 0001:00012a30       ?NextFrame@KMp4Video@@MAEHXZ 10013a30 f   KMp4Video.obj
 0001:00012ac0       ?DrawFrame@KMp4Video@@IAEXXZ 10013ac0 f   KMp4Video.obj
 0001:00012b10       ?DivXInit@KMp4Video@@AAEHXZ 10013b10 f   KMp4Video.obj
 0001:00012d40       ?DivXDecode@KMp4Video@@AAEXH@Z 10013d40 f   KMp4Video.obj
 0001:00012d90       ?DivXExit@KMp4Video@@AAEXXZ 10013d90 f   KMp4Video.obj
 0001:00012dc0       ??0KMpgMusic@@QAE@XZ       10013dc0 f i KMpgMusic.obj
 0001:00012e30       ??0KMpgMusic@@QAE@ABV0@@Z  10013e30 f i KMpgMusic.obj
 0001:00012f30       ??4KMpgMusic@@QAEAAV0@ABV0@@Z 10013f30 f i KMpgMusic.obj
 0001:00013030       ??1KMpgMusic@@UAE@XZ       10014030 f i KMpgMusic.obj
 0001:000130a0       ??_GKMpgMusic@@UAEPAXI@Z   100140a0 f i KMpgMusic.obj
 0001:000130c0       ??_EKMpgMusic@@UAEPAXI@Z   100140c0 f i KMpgMusic.obj
 0001:00013120       ?Open@KMpgMusic@@UAEHPAD@Z 10014120 f   KMpgMusic.obj
 0001:00013160       ?InitSoundFormat@KMpgMusic@@MAEXXZ 10014160 f   KMpgMusic.obj
 0001:00013180       ?ReadWaveData@KMpgMusic@@MAEKPAEK@Z 10014180 f   KMpgMusic.obj
 0001:000131a0       ?Seek@KMpgMusic@@UAEXH@Z   100141a0 f   KMpgMusic.obj
 0001:000131b0       ?Rewind@KMpgMusic@@UAEXXZ  100141b0 f   KMpgMusic.obj
 0001:000131d0       ?Mp3FileOpen@KMpgMusic@@MAEHPAD@Z 100141d0 f   KMpgMusic.obj
 0001:000131e0       ?Mp3FileRead@KMpgMusic@@MAEKPAEK@Z 100141e0 f   KMpgMusic.obj
 0001:00013200       ?Mp3FileSeek@KMpgMusic@@MAEKJ@Z 10014200 f   KMpgMusic.obj
 0001:00013220       ?Mp3Init@KMpgMusic@@AAEHXZ 10014220 f   KMpgMusic.obj
 0001:00013420       ?Mp3Decode@KMpgMusic@@AAEKPAEK@Z 10014420 f   KMpgMusic.obj
 0001:000134b0       ?Mp3FillBuffer@KMpgMusic@@AAEHXZ 100144b0 f   KMpgMusic.obj
 0001:00013530       ?GetMsgBuf@KMsgNode@@QAEPAXXZ 10014530 f i KMsgNode.obj
 0001:00013540       ?GetMsgLen@KMsgNode@@QAEKXZ 10014540 f i KMsgNode.obj
 0001:00013550       ?SetPtr@KMsgNode@@QAEXPAX@Z 10014550 f i KMsgNode.obj
 0001:00013560       ?GetPtr@KMsgNode@@QAEPAXXZ 10014560 f i KMsgNode.obj
 0001:00013570       ??0KMsgNode@@QAE@ABV0@@Z   10014570 f i KMsgNode.obj
 0001:000135b0       ??4KMsgNode@@QAEAAV0@ABV0@@Z 100145b0 f i KMsgNode.obj
 0001:000135e0       ??_GKMsgNode@@UAEPAXI@Z    100145e0 f i KMsgNode.obj
 0001:00013600       ??_EKMsgNode@@UAEPAXI@Z    10014600 f i KMsgNode.obj
 0001:00013660       ??0KMsgNode@@QAE@XZ        10014660 f   KMsgNode.obj
 0001:00013680       ??1KMsgNode@@UAE@XZ        10014680 f   KMsgNode.obj
 0001:000136e0       ??1KNode@@UAE@XZ           100146e0 f i KMsgNode.obj
 0001:000136f0       ?SetMsg@KMsgNode@@QAEXPAXK@Z 100146f0 f   KMsgNode.obj
 0001:00013730       ??0KMusic@@QAE@XZ          10014730 f   KMusic.obj
 0001:00013760       ??1KMusic@@UAE@XZ          10014760 f   KMusic.obj
 0001:000137b0       ?ThreadFunction@KMusic@@KAXPAX@Z 100147b0 f   KMusic.obj
 0001:000137d0       ?Open@KMusic@@UAEHPAD@Z    100147d0 f   KMusic.obj
 0001:000137e0       ?Init@KMusic@@MAEHXZ       100147e0 f   KMusic.obj
 0001:00013840       ?Close@KMusic@@UAEXXZ      10014840 f   KMusic.obj
 0001:00013880       ?InitSoundFormat@KMusic@@MAEXXZ 10014880 f   KMusic.obj
 0001:00013890       ?InitSoundBuffer@KMusic@@MAEHXZ 10014890 f   KMusic.obj
 0001:00013920       ?FreeSoundBuffer@KMusic@@MAEXXZ 10014920 f   KMusic.obj
 0001:00013950       ?InitEventHandle@KMusic@@MAEHXZ 10014950 f   KMusic.obj
 0001:000139a0       ?FreeEventHandle@KMusic@@MAEXXZ 100149a0 f   KMusic.obj
 0001:000139d0       ?InitSoundNotify@KMusic@@MAEHXZ 100149d0 f   KMusic.obj
 0001:00013a50       ?FreeSoundNotify@KMusic@@MAEXXZ 10014a50 f   KMusic.obj
 0001:00013a80       ?HandleNotify@KMusic@@UAEHXZ 10014a80 f   KMusic.obj
 0001:00013ac0       ?FillBufferWithSound@KMusic@@MAEHK@Z 10014ac0 f   KMusic.obj
 0001:00013ba0       ?FillBufferWithSilence@KMusic@@MAEHXZ 10014ba0 f   KMusic.obj
 0001:00013c20       ?ReadWaveData@KMusic@@MAEKPAEK@Z 10014c20 f   KMusic.obj
 0001:00013c30       ?Play@KMusic@@UAEXH@Z      10014c30 f   KMusic.obj
 0001:00013c60       ?Stop@KMusic@@UAEXXZ       10014c60 f   KMusic.obj
 0001:00013c70       ?IsPlaying@KMusic@@UAEHXZ  10014c70 f   KMusic.obj
 0001:00013cb0       ?SetVolume@KMusic@@UAEXJ@Z 10014cb0 f   KMusic.obj
 0001:00013cd0       ?Rewind@KMusic@@UAEXXZ     10014cd0 f   KMusic.obj
 0001:00013ce0       ??0KMutex@@QAE@XZ          10014ce0 f   KMutex.obj
 0001:00013cf0       ??1KMutex@@QAE@XZ          10014cf0 f   KMutex.obj
 0001:00013d00       ?Lock@KMutex@@QAEXXZ       10014d00 f   KMutex.obj
 0001:00013d10       ?Unlock@KMutex@@QAEXXZ     10014d10 f   KMutex.obj
 0001:00013d20       ??0KOctreeNode@@QAE@ABV0@@Z 10014d20 f i KOctree.obj
 0001:00013d60       ??4KOctreeNode@@QAEAAV0@ABV0@@Z 10014d60 f i KOctree.obj
 0001:00013da0       ??_GKOctreeNode@@UAEPAXI@Z 10014da0 f i KOctree.obj
 0001:00013dc0       ??_EKOctreeNode@@UAEPAXI@Z 10014dc0 f i KOctree.obj
 0001:00013e20       ??0KOctree@@QAE@ABV0@@Z    10014e20 f i KOctree.obj
 0001:00013e90       ??4KOctree@@QAEAAV0@ABV0@@Z 10014e90 f i KOctree.obj
 0001:00013f00       ??_GKOctree@@UAEPAXI@Z     10014f00 f i KOctree.obj
 0001:00013f20       ??_EKOctree@@UAEPAXI@Z     10014f20 f i KOctree.obj
 0001:00013f80       ??0KOctree@@QAE@XZ         10014f80 f   KOctree.obj
 0001:00013fb0       ??1KOctree@@UAE@XZ         10014fb0 f   KOctree.obj
 0001:00014020       ?Insert@KOctree@@QAEXEEE@Z 10015020 f   KOctree.obj
 0001:00014050       ?ReduceNode@KOctree@@QAEXXZ 10015050 f   KOctree.obj
 0001:00014090       ?GetMinSumNode@KOctree@@QAEXPAVKOctreeNode@@@Z 10015090 f   KOctree.obj
 0001:000140f0       ?InitPalette@KOctree@@QAEXXZ 100150f0 f   KOctree.obj
 0001:00014120       ?MakePalette@KOctree@@QAEXPAVKOctreeNode@@@Z 10015120 f   KOctree.obj
 0001:000141b0       ?QueryIndex@KOctree@@QAEHEEE@Z 100151b0 f   KOctree.obj
 0001:000141d0       ??0KOctreeNode@@QAE@XZ     100151d0 f   KOctreeNode.obj
 0001:00014200       ??1KOctreeNode@@UAE@XZ     10015200 f   KOctreeNode.obj
 0001:00014210       ?Free@KOctreeNode@@QAEXXZ  10015210 f   KOctreeNode.obj
 0001:00014240       ?Insert@KOctreeNode@@QAEHEEEHH@Z 10015240 f   KOctreeNode.obj
 0001:00014320       ?QueryIndex@KOctreeNode@@QAEHEEEH@Z 10015320 f   KOctreeNode.obj
 0001:000143a0       ?Merge@KOctreeNode@@QAEHXZ 100153a0 f   KOctreeNode.obj
 0001:00014410       ?IsLeaf@KOctreeNode@@QAEHXZ 10015410 f   KOctreeNode.obj
 0001:00014430       ?IsFather@KOctreeNode@@QAEHXZ 10015430 f   KOctreeNode.obj
 0001:00014470       ?RefenceSum@KOctreeNode@@QAEHXZ 10015470 f   KOctreeNode.obj
 0001:00014490       ??4KPakData@@QAEAAV0@ABV0@@Z 10015490 f i KPakData.obj
 0001:000144b0       ??0KPakData@@QAE@XZ        100154b0 f   KPakData.obj
 0001:00014500       ??1KPakData@@QAE@XZ        10015500 f   KPakData.obj
 0001:00014560       ?Open@KPakData@@QAEHPAD@Z  10015560 f   KPakData.obj
 0001:00014620       ?Read@KPakData@@QAEKPAXK@Z 10015620 f   KPakData.obj
 0001:00014640       ?Seek@KPakData@@QAEKJK@Z   10015640 f   KPakData.obj
 0001:00014660       ?Tell@KPakData@@QAEKXZ     10015660 f   KPakData.obj
 0001:00014670       ?Close@KPakData@@QAEXXZ    10015670 f   KPakData.obj
 0001:000146a0       ?Search@KPakData@@QAEHPADPAK1@Z 100156a0 f   KPakData.obj
 0001:00014750       ?Decode@KPakData@@QAEHPAUTCodeInfo@@@Z 10015750 f   KPakData.obj
 0001:00014760       ?g_SetPakFileMode@@YAXH@Z  10015760 f   KPakFile.obj
 0001:00014770       ?SprGetHeader@@YAPAUSPRHEAD@@PBDAAPAUSPROFFS@@@Z 10015770 f   KPakFile.obj
 0001:000148f0       ?SprReleaseHeader@@YAXPAUSPRHEAD@@@Z 100158f0 f   KPakFile.obj
 0001:00014910       ?SprGetFrame@@YAPAUSPRFRAME@@PAUSPRHEAD@@H@Z 10015910 f   KPakFile.obj
 0001:00014940       ?SprReleaseFrame@@YAXPAUSPRFRAME@@@Z 10015940 f   KPakFile.obj
 0001:00014960       ?get_jpg_image@@YAPAUKSGImageContent@@QBDI@Z 10015960 f   KPakFile.obj
 0001:00014ad0       ?release_image@@YAXPAUKSGImageContent@@@Z 10015ad0 f   KPakFile.obj
 0001:00014af0       ??0KPakFile@@QAE@XZ        10015af0 f   KPakFile.obj
 0001:00014b10       ??1KPakFile@@QAE@XZ        10015b10 f   KPakFile.obj
 0001:00014b60       ?IsFileInPak@KPakFile@@QAE_NXZ 10015b60 f   KPakFile.obj
 0001:00014b80       ?Open@KPakFile@@QAEHPBD@Z  10015b80 f   KPakFile.obj
 0001:00014c30       ?Read@KPakFile@@QAEKPAXI@Z 10015c30 f   KPakFile.obj
 0001:00014c80       ?Seek@KPakFile@@QAEKHI@Z   10015c80 f   KPakFile.obj
 0001:00014cf0       ?Tell@KPakFile@@QAEKXZ     10015cf0 f   KPakFile.obj
 0001:00014d00       ?Size@KPakFile@@QAEKXZ     10015d00 f   KPakFile.obj
 0001:00014d10       ?Close@KPakFile@@QAEXXZ    10015d10 f   KPakFile.obj
 0001:00014d30       ?Save@KPakFile@@QAEHPBD@Z  10015d30 f   KPakFile.obj
 0001:00014d40       ??0KPakList@@QAE@XZ        10015d40 f   KPakList.obj
 0001:00014d60       ??1KPakList@@QAE@XZ        10015d60 f   KPakList.obj
 0001:00014d70       ?Close@KPakList@@QAEXXZ    10015d70 f   KPakList.obj
 0001:00014dc0       ?FindElemFile@KPakList@@QAE_NKAAUXPackElemFileRef@@@Z 10015dc0 f   KPakList.obj
 0001:00014e10       ?FileNameToId@KPakList@@AAEKPBD@Z 10015e10 f   KPakList.obj
 0001:00014e70       ?FindElemFile@KPakList@@QAE_NPBDAAUXPackElemFileRef@@@Z 10015e70 f   KPakList.obj
 0001:00014ed0       ?Open@KPakList@@QAE_NPBD@Z 10015ed0 f   KPakList.obj
 0001:000150d0       ?ElemFileRead@KPakList@@QAEHAAUXPackElemFileRef@@PAXI@Z 100160d0 f   KPakList.obj
 0001:00015110       ?GetSprHeader@KPakList@@QAEPAUSPRHEAD@@AAUXPackElemFileRef@@AAPAUSPROFFS@@@Z 10016110 f   KPakList.obj
 0001:00015140       ?GetSprFrame@KPakList@@QAEPAUSPRFRAME@@HPAUSPRHEAD@@H@Z 10016140 f   KPakList.obj
 0001:00015170       ??4KPakTool@@QAEAAV0@ABV0@@Z 10016170 f i KPakTool.obj
 0001:00015190       ??0KPakTool@@QAE@XZ        10016190 f   KPakTool.obj
 0001:000151a0       ??1KPakTool@@QAE@XZ        100161a0 f   KPakTool.obj
 0001:000151b0       ?Pack@KPakTool@@QAEHPAD0H@Z 100161b0 f   KPakTool.obj
 0001:000153f0       ?UnPack@KPakTool@@QAEHPAD0@Z 100163f0 f   KPakTool.obj
 0001:00015600       ?g_SetColorStyle@@YAXEEE@Z 10016600 f   KPalette.obj
 0001:00015620       ?g_Pal24ToPal16@@YAXPAUKPAL24@@PAGH@Z 10016620 f   KPalette.obj
 0001:000156d0       ?g_Pal16ToPal24@@YAXPAGPAUKPAL24@@H@Z 100166d0 f   KPalette.obj
 0001:00015780       ?g_Pal32ToPal16@@YAXPAUKPAL32@@PAGH@Z 10016780 f   KPalette.obj
 0001:000157d0       ?g_Pal24ToPal16Style@@YAXPAUKPAL24@@PAGH@Z 100167d0 f   KPalette.obj
 0001:00015880       ?g_Pal32ToPal16Style@@YAXPAUKPAL32@@PAGH@Z 10016880 f   KPalette.obj
 0001:00015930       ?g_Pal24ToPal16Gray@@YAXPAUKPAL24@@PAGH@Z 10016930 f   KPalette.obj
 0001:000159a0       ?g_Pal32ToPal16Gray@@YAXPAUKPAL32@@PAGH@Z 100169a0 f   KPalette.obj
 0001:00015a10       ?g_Pal24ToPal16Lum@@YAXPAUKPAL24@@PAGH@Z 10016a10 f   KPalette.obj
 0001:00015a90       ?g_Pal32ToPal16Lum@@YAXPAUKPAL32@@PAGH@Z 10016a90 f   KPalette.obj
 0001:00015b10       ?g_Pal24ToPal32@@YAXPAUKPAL24@@PAUKPAL32@@H@Z 10016b10 f   KPalette.obj
 0001:00015b50       ?g_Pal32ToPal24@@YAXPAUKPAL32@@PAUKPAL24@@H@Z 10016b50 f   KPalette.obj
 0001:00015b90       ??4KPcxFile@@QAEAAV0@ABV0@@Z 10016b90 f i KPcxFile.obj
 0001:00015bb0       ?Load@KPcxFile@@QAEHPADPAVKBitmap@@@Z 10016bb0 f   KPcxFile.obj
 0001:00015d80       ?Save@KPcxFile@@QAEHPADPAVKBitmap@@@Z 10016d80 f   KPcxFile.obj
 0001:00015d90       ?Decode@KPcxFile@@AAEXPAX0@Z 10016d90 f   KPcxFile.obj
 0001:00015e10       ?Encode@KPcxFile@@AAEXPAX0@Z 10016e10 f   KPcxFile.obj
 0001:00015e20       ?GetVertexNumber@KPolygon@@QAEHXZ 10016e20 f i KPolygon.obj
 0001:00015e30       ?GetPolygonPtr@KPolygon@@QAEPAUTPolygon@@XZ 10016e30 f i KPolygon.obj
 0001:00015e40       ??4KPolygon@@QAEAAV0@ABV0@@Z 10016e40 f i KPolygon.obj
 0001:00015e60       ??0KPolygon@@QAE@XZ        10016e60 f   KPolygon.obj
 0001:00015e80       ?IsPointInPolygon@KPolygon@@QAEHUtagPOINT@@@Z 10016e80 f   KPolygon.obj
 0001:00015f40       ?IsPointInPolygon@KPolygon@@QAEHHH@Z 10016f40 f   KPolygon.obj
 0001:00016000       ?GetNearVertex@KPolygon@@QAEHUtagPOINT@@@Z 10017000 f   KPolygon.obj
 0001:00016070       ?GetIndexVertex@KPolygon@@QAEHHPAUtagPOINT@@@Z 10017070 f   KPolygon.obj
 0001:000160a0       ?RemoveIndexVertex@KPolygon@@QAEHH@Z 100170a0 f   KPolygon.obj
 0001:000160e0       ?AddPointToVertex@KPolygon@@QAEHUtagPOINT@@@Z 100170e0 f   KPolygon.obj
 0001:00016220       ?AddPointToVertex@KPolygon@@QAEHHH@Z 10017220 f   KPolygon.obj
 0001:00016360       ?LoopVertex@KPolygon@@QAEXH@Z 10017360 f   KPolygon.obj
 0001:000163c0       ?Clear@KPolygon@@QAEXXZ    100173c0 f   KPolygon.obj
 0001:000163e0       ?GetCenterPos@KPolygon@@QAEXPAUtagPOINT@@@Z 100173e0 f   KPolygon.obj
 0001:00016430       ?ShiftVertex@KPolygon@@QAEHHH@Z 10017430 f   KPolygon.obj
 0001:00016600       ?GetLeftVertex@KPolygon@@QAEHXZ 10017600 f   KPolygon.obj
 0001:00016630       ?GetRightVertex@KPolygon@@QAEHXZ 10017630 f   KPolygon.obj
 0001:00016660       ?g_ColliSion@@YAHVKPolygon@@0@Z 10017660 f   KPolyRelation.obj
 0001:000166b0       ?g_SpaceRelation@@YAHVKPolygon@@0@Z 100176b0 f   KPolyRelation.obj
 0001:00016870       ?IntersectionX2Y@@YAHUtagPOINT@@0HPAH@Z 10017870 f   KPolyRelation.obj
 0001:000168c0       ?g_RandomSeed@@YAXI@Z      100178c0 f   KRandom.obj
 0001:000168d0       ?g_Random@@YAII@Z          100178d0 f   KRandom.obj
 0001:00016910       ?g_GetRandomSeed@@YAIXZ    10017910 f   KRandom.obj
 0001:00016920       ?SignalEvent@KSafeList@@QAEXXZ 10017920 f i KSafeList.obj
 0001:00016930       ?WaitEvent@KSafeList@@QAEXXZ 10017930 f i KSafeList.obj
 0001:00016940       ?TimedWaitEvent@KSafeList@@QAEXJ@Z 10017940 f i KSafeList.obj
 0001:00016950       ?Lock@KSafeList@@QAEXXZ    10017950 f i KSafeList.obj
 0001:00016960       ?Unlock@KSafeList@@QAEXXZ  10017960 f i KSafeList.obj
 0001:00016970       ??0KSafeList@@QAE@XZ       10017970 f i KSafeList.obj
 0001:000169e0       ??0KSafeList@@QAE@ABV0@@Z  100179e0 f i KSafeList.obj
 0001:00016a30       ??4KSafeList@@QAEAAV0@ABV0@@Z 10017a30 f i KSafeList.obj
 0001:00016a70       ??1KSafeList@@QAE@XZ       10017a70 f i KSafeList.obj
 0001:00016ad0       ??4KScanFile@@QAEAAV0@ABV0@@Z 10017ad0 f i KScanDir.obj
 0001:00016b00       ??0KScanFile@@QAE@XZ       10017b00 f   KScanDir.obj
 0001:00016b20       ?DiscardFileExt@KScanFile@@QAEXPAD@Z 10017b20 f   KScanDir.obj
 0001:00016b40       ?RunSearch@KScanFile@@QAEHPAD00@Z 10017b40 f   KScanDir.obj
 0001:00016bc0       ?SearchDirectory@KScanFile@@AAEXXZ 10017bc0 f   KScanDir.obj
 0001:00016ca0       ?CheckFileExt@KScanFile@@AAEHPAD@Z 10017ca0 f   KScanDir.obj
 0001:00016cd0       ?OutputFileName@KScanFile@@AAEXPAD@Z 10017cd0 f   KScanDir.obj
 0001:00016da0       ??0KScript@@QAE@XZ         10017da0 f   KScript.obj
 0001:00016db0       ??1KScript@@UAE@XZ         10017db0 f   KScript.obj
 0001:00016dc0       ?Init@KScript@@UAEHXZ      10017dc0 f   KScript.obj
 0001:00016dd0       ?Exit@KScript@@UAEXXZ      10017dd0 f   KScript.obj
 0001:00016de0       ?Load@KScript@@UAEHPAD@Z   10017de0 f   KScript.obj
 0001:00016df0       ?Compile@KScript@@UAEHPAD@Z 10017df0 f   KScript.obj
 0001:00016e00       ?Execute@KScript@@UAEHXZ   10017e00 f   KScript.obj
 0001:00016e10       ?CallFunction@KScript@@UAAHPADH0ZZ 10017e10 f   KScript.obj
 0001:00016e20       ?RegisterFunction@KScript@@UAEHPADPAX@Z 10017e20 f   KScript.obj
 0001:00016e30       ??0KScriptCache@@QAE@ABV0@@Z 10017e30 f i KScriptCache.obj
 0001:00016e70       ??4KScriptCache@@QAEAAV0@ABV0@@Z 10017e70 f i KScriptCache.obj
 0001:00016ea0       ??0KScriptCache@@QAE@XZ    10017ea0 f   KScriptCache.obj
 0001:00016ec0       ??1KScriptCache@@QAE@XZ    10017ec0 f   KScriptCache.obj
 0001:00016f10       ?LoadNode@KScriptCache@@UAEHPAVKCacheNode@@@Z 10017f10 f   KScriptCache.obj
 0001:00016fa0       ?FreeNode@KScriptCache@@UAEXPAVKCacheNode@@@Z 10017fa0 f   KScriptCache.obj
 0001:00016fd0       ?SeekBegin@KStepLuaScript@@QAEXXZ 10017fd0 f i KScriptList.obj
 0001:00016fe0       ?SeekToExeBegin@KStepLuaScript@@QAEXXZ 10017fe0 f i KScriptList.obj
 0001:00016ff0       ?RunMain@KStepLuaScript@@QAEXXZ 10017ff0 f i KScriptList.obj
 0001:00017000       ?RunFunc@KStepLuaScript@@QAEXXZ 10018000 f i KScriptList.obj
 0001:00017010       ?RunIdle@KStepLuaScript@@QAEXXZ 10018010 f i KScriptList.obj
 0001:00017020       ?RunResume@KStepLuaScript@@QAEXXZ 10018020 f i KScriptList.obj
 0001:00017030       ?RunWaitMsg@KStepLuaScript@@QAEXXZ 10018030 f i KScriptList.obj
 0001:00017040       ?IsRunMain@KStepLuaScript@@QAEHXZ 10018040 f i KScriptList.obj
 0001:00017050       ?IsRunFunc@KStepLuaScript@@QAEHXZ 10018050 f i KScriptList.obj
 0001:00017060       ?IsRunIdle@KStepLuaScript@@QAEHXZ 10018060 f i KScriptList.obj
 0001:00017070       ?IsRunResume@KStepLuaScript@@QAEHXZ 10018070 f i KScriptList.obj
 0001:00017080       ?IsRunWaitMsg@KStepLuaScript@@QAEHXZ 10018080 f i KScriptList.obj
 0001:00017090       ?GetWaitingMsg@KStepLuaScript@@QAEPADXZ 10018090 f i KScriptList.obj
 0001:000170a0       ?GetStatus@KStepLuaScript@@QAEHXZ 100180a0 f i KScriptList.obj
 0001:000170b0       ??0KStepLuaScript@@QAE@ABV0@@Z 100180b0 f i KScriptList.obj
 0001:00017180       ??4KStepLuaScript@@QAEAAV0@ABV0@@Z 10018180 f i KScriptList.obj
 0001:00017260       ??_GKStepLuaScript@@UAEPAXI@Z 10018260 f i KScriptList.obj
 0001:00017280       ??_EKStepLuaScript@@UAEPAXI@Z 10018280 f i KScriptList.obj
 0001:000172e0       ??1KScriptNode@@UAE@XZ     100182e0 f i KScriptList.obj
 0001:00017330       ??0KScriptNode@@QAE@XZ     10018330 f i KScriptList.obj
 0001:00017350       ??0KScriptNode@@QAE@ABV0@@Z 10018350 f i KScriptList.obj
 0001:00017380       ??4KScriptNode@@QAEAAV0@ABV0@@Z 10018380 f i KScriptList.obj
 0001:000173b0       ??_GKScriptNode@@UAEPAXI@Z 100183b0 f i KScriptList.obj
 0001:000173d0       ??_EKScriptNode@@UAEPAXI@Z 100183d0 f i KScriptList.obj
 0001:00017430       ??0KScriptList@@QAE@XZ     10018430 f i KScriptList.obj
 0001:00017460       ??0KScriptList@@QAE@ABV0@@Z 10018460 f i KScriptList.obj
 0001:00017490       ??4KScriptList@@QAEAAV0@ABV0@@Z 10018490 f i KScriptList.obj
 0001:000174c0       ??1KScriptList@@QAE@XZ     100184c0 f i KScriptList.obj
 0001:000174d0       ?GetScript@KScriptList@@QAEPAVKLuaScript@@PAUlua_State@@@Z 100184d0 f   KScriptList.obj
 0001:00017510       ?Activate@KScriptList@@QAEXXZ 10018510 f   KScriptList.obj
 0001:000175d0       ?SendMessageA@KScriptList@@QAEXPAD0@Z 100185d0 f   KScriptList.obj
 0001:00017630       ??0KScriptSet@@QAE@XZ      10018630 f   KScriptSet.obj
 0001:00017650       ??0KScriptSet@@QAE@H@Z     10018650 f   KScriptSet.obj
 0001:000176a0       ??1KScriptSet@@QAE@XZ      100186a0 f   KScriptSet.obj
 0001:000176d0       ?GetScript@KScriptSet@@QAEPAVKScript@@PADHH@Z 100186d0 f   KScriptSet.obj
 0001:00017830       ?GetScript@KScriptSet@@QAEPAVKScript@@KHH@Z 10018830 f   KScriptSet.obj
 0001:00017990       ?UpdateRecent@KScriptSet@@QAEXHPAUTScript@@@Z 10018990 f   KScriptSet.obj
 0001:00017a40       ?SearchScript@KScriptSet@@QAEPAUTScript@@PADPAH@Z 10018a40 f   KScriptSet.obj
 0001:00017a70       ?SearchScript@KScriptSet@@QAEPAUTScript@@KPAH@Z 10018a70 f   KScriptSet.obj
 0001:00017aa0       ?CreateScript@KScriptSet@@UAEPAVKScript@@PADH@Z 10018aa0 f   KScriptSet.obj
 0001:00017ab0       ?CreateScript@KScriptSet@@UAEPAVKScript@@KH@Z 10018ab0 f   KScriptSet.obj
 0001:00017ac0       ?DeleteScript@KScriptSet@@QAEHPAD@Z 10018ac0 f   KScriptSet.obj
 0001:00017bb0       ?DeleteScript@KScriptSet@@QAEHK@Z 10018bb0 f   KScriptSet.obj
 0001:00017ca0       ?DeleteScript@KScriptSet@@QAEHPAUTScript@@@Z 10018ca0 f   KScriptSet.obj
 0001:00017cd0       ?InsertScript@KScriptSet@@QAEPAUTScript@@PAD@Z 10018cd0 f   KScriptSet.obj
 0001:00017d30       ?InsertScript@KScriptSet@@QAEPAUTScript@@K@Z 10018d30 f   KScriptSet.obj
 0001:00017d90       ?GetInitStackSize@KScriptSet@@UAEHPAD@Z 10018d90 f   KScriptSet.obj
 0001:00017da0       ?GetInitStackSize@KScriptSet@@UAEHK@Z 10018da0 f   KScriptSet.obj
 0001:00017db0       ?ListScriptsKey@KScriptSet@@QAEKXZ 10018db0 f   KScriptSet.obj
 0001:00017dc0       ?ListRecent@KScriptSet@@QAEKH@Z 10018dc0 f   KScriptSet.obj
 0001:00017df0       ?Run@KScriptSet@@UAEHPAD@Z 10018df0 f   KScriptSet.obj
 0001:00017e00       ?Run@KScriptSet@@UAEHK@Z   10018e00 f   KScriptSet.obj
 0001:00017e10       ?RunFunction@KScriptSet@@UAAHPAD00ZZ 10018e10 f   KScriptSet.obj
 0001:00017e20       ?RunFunction@KScriptSet@@UAAHKPAD0ZZ 10018e20 f   KScriptSet.obj
 0001:00017e30       ?BTSearch@@YAPAUTScript@@PAU1@0PADPAH@Z 10018e30 f   KScriptSet.obj
 0001:00017ec0       ?BTSearch@@YAPAUTScript@@PAU1@0KPAH@Z 10018ec0 f   KScriptSet.obj
 0001:00017f20       ?BTInsert@@YAPAUTScript@@PAU1@PAD@Z 10018f20 f   KScriptSet.obj
 0001:00017fc0       ?BTInsert@@YAPAUTScript@@PAU1@K@Z 10018fc0 f   KScriptSet.obj
 0001:00018010       ?BTDelete@@YAPAUTScript@@PAU1@PAPAU1@H@Z 10019010 f   KScriptSet.obj
 0001:000182a0       ?BTFindLess@@YAPAUTScript@@PAU1@@Z 100192a0 f   KScriptSet.obj
 0001:000182c0       ?BTPreorder@@YAKPAUTScript@@@Z 100192c0 f   KScriptSet.obj
 0001:000182f0       ?KSG_StringToMD5String@@YAHQADQBD@Z 100192f0 f   KSG_MD5_String.obj
 0001:00018420       ?KSG_StringGetInt@@YAHPAPBDH@Z 10019420 f   KSG_StringProcess.obj
 0001:00018510       ?KSG_StringSkipSymbol@@YA_NPAPBDH@Z 10019510 f   KSG_StringProcess.obj
 0001:00018570       ??0TBinTreeNode@@AAE@XZ    10019570 f i KSortBinTree.obj
 0001:00018590       ??0TBinTreeNode@@QAE@ABV0@@Z 10019590 f i KSortBinTree.obj
 0001:000185c0       ??4TBinTreeNode@@QAEAAV0@ABV0@@Z 100195c0 f i KSortBinTree.obj
 0001:000185e0       ?GetCount@KSortBinTree@@QAEKXZ 100195e0 f i KSortBinTree.obj
 0001:000185f0       ?GetRoot@KSortBinTree@@QAEPAVTBinTreeNode@@XZ 100195f0 f i KSortBinTree.obj
 0001:00018600       ??4KSortBinTree@@QAEAAV0@ABV0@@Z 10019600 f i KSortBinTree.obj
 0001:00018620       ??0KSortBinTree@@QAE@XZ    10019620 f   KSortBinTree.obj
 0001:00018630       ?Search@KSortBinTree@@AAEPAVTBinTreeNode@@PAV2@00PAH@Z 10019630 f   KSortBinTree.obj
 0001:000186a0       ?AddNode@KSortBinTree@@AAEPAVTBinTreeNode@@PAV2@0@Z 100196a0 f   KSortBinTree.obj
 0001:00018700       ?RemoveNode@KSortBinTree@@AAEPAVTBinTreeNode@@PAV2@PAPAV2@@Z 10019700 f   KSortBinTree.obj
 0001:000188c0       ?FindLess@KSortBinTree@@AAEPAVTBinTreeNode@@PAV2@@Z 100198c0 f   KSortBinTree.obj
 0001:000188e0       ?InOrder@KSortBinTree@@AAEKPAVTBinTreeNode@@@Z 100198e0 f   KSortBinTree.obj
 0001:00018930       ?Insert@KSortBinTree@@QAEPAVTBinTreeNode@@PAV2@@Z 10019930 f   KSortBinTree.obj
 0001:000189a0       ?RemoveKeyNode@KSortBinTree@@QAEHPAVTBinTreeNode@@@Z 100199a0 f   KSortBinTree.obj
 0001:000189f0       ?RemoveThisNode@KSortBinTree@@QAEHPAVTBinTreeNode@@@Z 100199f0 f   KSortBinTree.obj
 0001:00018a40       ?Search@KSortBinTree@@QAEPAVTBinTreeNode@@PAV2@PAH@Z 10019a40 f   KSortBinTree.obj
 0001:00018a60       ??4KSortList@@QAEAAV0@ABV0@@Z 10019a60 f i KSortList.obj
 0001:00018a80       ??0KSortList@@QAE@XZ       10019a80 f   KSortList.obj
 0001:00018ad0       ??1KSortList@@QAE@XZ       10019ad0 f   KSortList.obj
 0001:00018b20       ?Init@KSortList@@QAEHHH@Z  10019b20 f   KSortList.obj
 0001:00018b70       ?Free@KSortList@@QAEXXZ    10019b70 f   KSortList.obj
 0001:00018b90       ?Insert@KSortList@@QAEHKPAX@Z 10019b90 f   KSortList.obj
 0001:00018c50       ?Search@KSortList@@QAEHKPAX@Z 10019c50 f   KSortList.obj
 0001:00018cb0       ??4KWavSound@@QAEAAV0@ABV0@@Z 10019cb0 f i KSoundCache.obj
 0001:00018cd0       ??0KSoundCache@@QAE@ABV0@@Z 10019cd0 f i KSoundCache.obj
 0001:00018d10       ??4KSoundCache@@QAEAAV0@ABV0@@Z 10019d10 f i KSoundCache.obj
 0001:00018d40       ??0KSoundCache@@QAE@XZ     10019d40 f   KSoundCache.obj
 0001:00018d60       ??1KSoundCache@@QAE@XZ     10019d60 f   KSoundCache.obj
 0001:00018db0       ?LoadNode@KSoundCache@@UAEHPAVKCacheNode@@@Z 10019db0 f   KSoundCache.obj
 0001:00018e70       ?FreeNode@KSoundCache@@UAEXPAVKCacheNode@@@Z 10019e70 f   KSoundCache.obj
 0001:00018ea0       ??0KSprite@@QAE@XZ         10019ea0 f   KSprite.obj
 0001:00018f10       ?Load@KSprite@@QAEHPAD@Z   10019f10 f   KSprite.obj
 0001:00019090       ?LoadFor3D@KSprite@@QAEHPAD@Z 1001a090 f   KSprite.obj
 0001:00019210       ?Free@KSprite@@QAEXXZ      1001a210 f   KSprite.obj
 0001:00019240       ?Make4444Palette@KSprite@@QAEXXZ 1001a240 f   KSprite.obj
 0001:000192b0       ?MakePalette@KSprite@@QAEXXZ 1001a2b0 f   KSprite.obj
 0001:000192e0       ?Draw@KSprite@@QAEXHHH@Z   1001a2e0 f   KSprite.obj
 0001:00019340       ?DrawCenter@KSprite@@QAEXHHH@Z 1001a340 f   KSprite.obj
 0001:000193b0       ?DrawMixColor@KSprite@@QAEXHHHHH@Z 1001a3b0 f   KSprite.obj
[...]
 0003:000012d8       ??_C@_0BN@DDNO@Memory?5Corrupted?5?3?5Size?5?$DN?5?$CFd?$AA@ 100502d8     KMemManager.obj
 0003:000012f8       ??_C@_0CA@EONL@KMemManager?3?3Free?$CIp?$CJ?$DL?5p?5?$DN?5NULL?$CB?$AA@ 100502f8     KMemManager.obj
 0003:00001318       ??_C@_0BM@FGOO@KMemStack?5?3?5Chunk?5over?5flow?$AA@ 10050318     KMemStack.obj
 0003:00001338       ??_C@_0CA@KFJB@KMp3Music?3?5mp3?5decode?5init?5fail?$AA@ 10050338     KMp3Music.obj
 0003:00001358       ??_C@_0CA@NAHB@KMp3Music?3?5mp3?5decode?5head?5fail?$AA@ 10050358     KMp3Music.obj
 0003:00001378       ??_C@_0CA@BCFE@KMp3Music?3?5bad?5sync?5in?5mp3?5file?$AA@ 10050378     KMp3Music.obj
 0003:00001398       ??_C@_0CE@GBGK@KMp4Video?3?5MPEG?94?5decoder?5init?5f@ 10050398     KMp4Video.obj
 0003:000013bc       ??_C@_04GJDP@DIVX?$AA@     100503bc     KMp4Video.obj
 0003:000013c4       ??_C@_0CM@PAFF@KMp4Video?3?5Not?5a?5MPEG?94?5compress@ 100503c4     KMp4Video.obj
 0003:000013f0       ??_C@_04GBK@divx?$AA@      100503f0     KMp4Video.obj
 0003:000013f8       ??_C@_0BE@NLFD@mp4lib?4dll?5load?5Ok?$CB?$AA@ 100503f8     KMp4Video.obj
 0003:0000140c       ??_C@_0CA@JNNL@There?5are?5errors?5in?5mp4lib?4dll?$CB?$AA@ 1005040c     KMp4Video.obj
 0003:0000142c       ??_C@_06BALJ@decore?$AA@   1005042c     KMp4Video.obj
 0003:00001434       ??_C@_0BH@GMAJ@Can?8t?5load?5mp4lib?4dll?$CB?$AA@ 10050434     KMp4Video.obj
 0003:0000144c       ??_C@_0M@DCKL@?2mp4lib?4dll?$AA@ 1005044c     KMp4Video.obj
 0003:00001458       ??_C@_0CA@EAPP@KMpgMusic?3?5mp3?5decode?5head?5fail?$AA@ 10050458     KMpgMusic.obj
 0003:00001478       ??_C@_0CA@DMHC@There?5are?5errors?5in?5Mpglib?4dll?$CB?$AA@ 10050478     KMpgMusic.obj
 0003:00001498       ??_C@_0BE@EPOD@Mpglib?4dll?5load?5Ok?$CB?$AA@ 10050498     KMpgMusic.obj
 0003:000014ac       ??_C@_0BA@KGKK@mp3_decode_data?$AA@ 100504ac     KMpgMusic.obj
 0003:000014bc       ??_C@_0BA@HHEK@mp3_decode_head?$AA@ 100504bc     KMpgMusic.obj
 0003:000014cc       ??_C@_0BA@CILC@mp3_decode_init?$AA@ 100504cc     KMpgMusic.obj
 0003:000014dc       ??_C@_0BH@JMFI@Can?8t?5load?5mpglib?4dll?$CB?$AA@ 100504dc     KMpgMusic.obj
 0003:000014f4       ??_C@_0M@GDJE@?2mpglib?4dll?$AA@ 100504f4     KMpgMusic.obj
 0003:00001500       ??_C@_0CA@ICNK@KMpgMusic?3?5bad?5sync?5in?5mp3?5file?$AA@ 10050500     KMpgMusic.obj
 0003:00001520       ??_C@_0CH@GHKG@KWavMusic?5?3?5Create?5sound?5buffer?5@ 10050520     KMusic.obj
 0003:00001548       ??_C@_0BN@NBJE@KMusic?5?3?5Create?5event?5failed?$AA@ 10050548     KMusic.obj
 0003:00001568       ??_C@_0CL@CDDC@KMusic?5?3?5Set?5notification?5positi@ 10050568     KMusic.obj
 0003:00001594       ??_C@_0BP@CGNP@KMusic?5?3?5QueryInterface?5failed?$AA@ 10050594     KMusic.obj
 0003:000015b4       ??_C@_07PAAE@PACKAGE?$AA@  100505b4     KPakData.obj
 0003:000015bc       ??_C@_0BJ@JOBP@PakList?5Open?5?3?5?$CFs?5?4?4?4?5Ok?$AA@ 100505bc     KPakList.obj
 0003:000015d8       ??_C@_07CPIP@Package?$AA@  100505d8     KPakList.obj
 0003:000015e0       ??_C@_04HIKB@Path?$AA@     100505e0     KPakList.obj
 0003:000015e8       ??_C@_0BE@DANF@Encode?5time?5?$DN?5?$CFd?5ms?$AA@ 100505e8     KPakTool.obj
 0003:000015fc       ??_C@_04EJID@PACK?$AA@     100505fc     KPakTool.obj
 0003:00001604       ??_C@_0BE@FPHN@Decode?5time?5?$DN?5?$CFd?5ms?$AA@ 10050604     KPakTool.obj
 0003:00001620       ??_C@_02NGAF@wb?$AA@       10050620     KScanDir.obj
 0003:00001624       ??_C@_02OOND@?4?4?$AA@     10050624     KScanDir.obj
 0003:00001628       ??_C@_01FDHG@?$CK?$AA@     10050628     KScanDir.obj
 0003:0000162c       ??_C@_0EN@CDIM@UnKnown?5ScriptSet?5KeyStyle?3?$FL?$CFd?$FN?4@ 1005062c     KScriptSet.obj
 0003:0000167c       ??_C@_0DD@JEAP@Can?5not?5Create?5Script?5Instance?5?0@ 1005067c     KScriptSet.obj
 0003:000016b0       ??_C@_0EM@NHKC@The?5ScriptSet?8s?5Key?5Is?5Not?5a?5Str@ 100506b0     KScriptSet.obj
 0003:000016fc       ??_C@_0EM@JPB@The?5ScriptSet?8s?5Key?5Is?5Not?5a?5Num@ 100506fc     KScriptSet.obj
 0003:00001748       ??_C@_0CF@EKEM@Have?5Exist?5This?5Key?5In?5TScript?5S@ 10050748     KScriptSet.obj
 0003:00001770       ??_C@_0EB@KDON@?$CF02X?$CF02X?$CF02X?$CF02X?$CF02X?$CF02X?$CF02X?$CF02X@ 10050770     KSG_MD5_String.obj
 0003:000017b4       ??_C@_03MLGJ@SPR?$AA@      100507b4     KSprite.obj
 0003:000017b8       ??_C@_04CHML@SPR?$AA?$AA@  100507b8     KSpriteMaker.obj
 0003:000017c0       ??_C@_08NCOK@Exit?$CI?$CJ?$DL?6?$AA@ 100507c0     KStepLuaScript.obj
 0003:000017cc       ??_C@_02IELE@ds?$AA@       100507cc     KStepLuaScript.obj
 0003:000017d0       ??_C@_04HKN@On?$CFs?$AA@   100507d0     KStepLuaScript.obj
 0003:000017d8       ??_C@_0BL@LOEJ@?$LN?E?$LB?$LO?$LE?m?N?s?3?5GotoLabel?$CI?$CJ?5?$DN?5?$CFs?$AA@ 100507d8     KStepLuaScript.obj
 0003:000017f4       ??_C@_0M@FJKJ@Label?$CI?$CC?$CFs?$CC?$CJ?$AA@ 100507f4     KStepLuaScript.obj
 0003:00001800       ??_C@_01POCP@?7?$AA@       10050800     KTabFileCtrl.obj
 0003:00001804       ??_C@_01BJG@?6?$AA@        10050804     KTabFileCtrl.obj
 0003:00001808       ??_C@_01FEHD@?$AN?$AA@     10050808     KTabFileCtrl.obj
 0003:0000180c       ??_C@_03IIBH@?$CFs?7?$AA@  1005080c     KTabFileCtrl.obj
 0003:00001810       ??_C@_0BB@IGFF@start?5thread?5?$CFd?6?$AA@ 10050810     KThread.obj
 0003:00001824       ??_C@_0BN@BPPG@KVideo?5?3?5Create?5event?5failed?$AA@ 10050824     KVideo.obj
 0003:00001844       ??_C@_0CO@DJJJ@KWavFile?3?5Unsuport?5one?5channel?5I@ 10050844     KWavFile.obj
 0003:00001874       ??_C@_06HDI@?5Title?$AA@   10050874     KWin32App.obj
 0003:0000187c       ??_C@_06GAB@?5Class?$AA@   1005087c     KWin32App.obj
 0003:00001afc       ??_C@_0CE@DOGP@KZipCodec?3?5Unsuport?5compress?5met@ 10050afc     KZipCodec.obj
 0003:00001b20       ??_C@_0CE@OABB@KZipCodec?3?5The?5Zip?5File?5is?5Encry@ 10050b20     KZipCodec.obj
 0003:00001b44       ??_C@_0BP@PCPD@KZipCodec?3?3lookat_code?$CI?$CJ?5error?$AA@ 10050b44     KZipCodec.obj
 0003:00001b64       ??_C@_0CD@CMOF@KZipCodec?3?3extract_inflate?$CI?$CJ?5err@ 10050b64     KZipCodec.obj
 0003:00001b88       ??_C@_0BL@FFAH@PakList?5Open?5?3?5?$CFs?5?4?4?4?5Fail?$AA@ 10050b88     KZipList.obj
 0003:00001ba4       ?s_NotAllowAtLineHeadA1Characters@@3PAEA 10050ba4     Text.obj
 0003:00001bb0       ?s_NotAllowAtLineHeadA3Characters@@3PAEA 10050bb0     Text.obj
 0003:00001bbc       ?s_NotAllowAtLineHead00Characters@@3PAEA 10050bbc     Text.obj
 0003:00001bc4       _ucl_alloc_hook            10050bc4     alloc.obj
 0003:00001bc8       _ucl_free_hook             10050bc8     alloc.obj
 0003:00001bd0       ??_C@_04KNK@1?401?$AA@     10050bd0     ucl_util.obj
 0003:00001bd8       ??_C@_0M@NJJK@Jan?502?52002?$AA@ 10050bd8     ucl_util.obj
 0003:00001c00       _jpeg_zigzag               10050c00     JpgLib:KJpegDecode.obj
 0003:00001f30       _band_limit_nsb            10050f30     mp3lib:KMp3Decode.obj
 0003:000064b8       _wincoef                   100554b8     mp3lib:KMp3Win.obj
 0003:00007ef0       ?g_pCanvas@@3PAVKCanvas@@A 10056ef0     KCanvas.obj
 0003:00007ef8       ?g_pDirectDraw@@3PAVKDirectDraw@@A 10056ef8     KDDraw.obj
 0003:00007f00       ?g_pDirectInput@@3PAVKDirectInput@@A 10056f00     KDInput.obj
 0003:00007f10       ?g_pDirectSound@@3PAVKDirectSound@@A 10056f10     KDSound.obj
 0003:00007f24       ?g_pIme@@3PAVKIme@@A       10056f24     Kime.obj
 0003:00007f30       ??_C@_00A@?$AA@            10056f30     KIniFile.obj
 0003:00007f34       ?g_pKeyboard@@3PAVKKeyboard@@A 10056f34     KKeyboard.obj
 0003:00007f58       ?g_MemManager@@3VKMemManager@@A 10056f58     KMemManager.obj
 0003:00007fc4       ?g_pMouse@@3PAVKMouse@@A   10056fc4     KMouse.obj
 0003:00007fe4       ?g_pPakList@@3PAVKPakList@@A 10056fe4     KPakList.obj
 0003:00008354       ?sout@@3PAU_iobuf@@A       10057354     KWin32App.obj
 0003:00008358       ?serr@@3PAU_iobuf@@A       10057358     KWin32App.obj
 0003:0000836c       ?g_pZipList@@3PAVKZipList@@A 1005736c     KZipList.obj
 0003:00008370       ?ms_ElemFileCache@XPackFile@@0PAUXPackElemFileCache@1@A 10057370     XPackFile.obj
 0003:00008460       ?ms_nNumElemFileCache@XPackFile@@0HA 10057460     XPackFile.obj
 0003:0000847c       ?g_pIInlinePicSink@@3PAUIInlinePicEngineSink@@A 1005747c     Text.obj
 0003:0000848c       ___ucl_init_done           1005748c     ucl_init.obj
 0003:00008490       _jpeg_stream               10057490     JpgLib:KJpegLib.obj
 0003:00008494       _jpeg_IDCT                 10057494     JpgLib:KJpegLib.obj
 0003:00008498       _jpeg_Y2RGB                10057498     JpgLib:KJpegLib.obj
 0003:0000849c       _jpeg_YCbCr411             1005749c     JpgLib:KJpegLib.obj
 0003:000084a0       _jpeg_YCbCr111             100574a0     JpgLib:KJpegLib.obj
 0003:00010750       _jpeg_qtable               1005f750     <common>
 0003:00010760       _jpeg_ybuf                 1005f760     <common>
 0003:00010960       _jpeg_crbuf                1005f960     <common>
 0003:000109e0       _jpeg_htable               1005f9e0     <common>
 0003:00010a20       _jpeg_cbbuf                1005fa20     <common>
 0003:00010aa0       _jpeg_head                 1005faa0     <common>
 0003:00010ab8       _jpeg_DC                   1005fab8     <common>
 0003:00010abe       _jpeg_bit                  1005fabe     <common>
 0003:00010ac0       _mdct6_3v                  1005fac0     <common>
 0003:00010ae0       _mdct6_3v2                 1005fae0     <common>
 0003:00010b00       _mdct18w                   1005fb00     <common>
 0003:00010b60       _mdct18w2                  1005fb60     <common>
 0003:00010ba0       _coef                      1005fba0     <common>
 0003:00010c30       _coef87                    1005fc30     <common>
 0003:00010c40       _coef32                    1005fc40     <common>
 0003:00010cc0       _csa                       1005fcc0     <common>
 0003:00010d00       _win                       1005fd00     <common>
 0003:00010f40       _sfBandIndex               1005ff40     <common>
 0003:00011000       _bitdat                    10060000     <common>
 0003:00011020       _nBand                     10060020     <common>
 0003:000110d0       __adjust_fdiv              100600d0     <common>
 0003:000110d4       __pRawDllMain              100600d4     <common>
 0003:000110d8       ___onexitend               100600d8     <common>
 0003:000110dc       ___onexitbegin             100600dc     <common>

 entry point at        0001:000392ef

 Static symbols

 0001:0002bdb0       _basic_integral_check      1002cdb0 f   ucl_init.obj
 0001:0002bdc0       _basic_ptr_check           1002cdc0 f   ucl_init.obj
 0001:0002bdd0       _ptr_check                 1002cdd0 f   ucl_init.obj
 0001:0002bf20       _schedule_insns_bug        1002cf20 f   ucl_init.obj
 0001:0002bf30       _strength_reduce_bug       1002cf30 f   ucl_init.obj
 0001:00029130       _swd_exit                  1002a130 f   n2e_99.obj
 0001:00029190       _init_match                1002a190 f   n2e_99.obj
 0001:00029210       _swd_init                  1002a210 f   n2e_99.obj
 0001:000293f0       _swd_initdict              1002a3f0 f   n2e_99.obj
 0001:00029450       _swd_insertdict            1002a450 f   n2e_99.obj
 0001:000294f0       _find_match                1002a4f0 f   n2e_99.obj
 0001:000295c0       _swd_getbyte               1002a5c0 f   n2e_99.obj
 0001:00029650       _swd_accept                1002a650 f   n2e_99.obj
 0001:00029700       _swd_remove_node           1002a700 f   n2e_99.obj
 0001:00029780       _swd_findbest              1002a780 f   n2e_99.obj
 0001:000298a0       _swd_search                1002a8a0 f   n2e_99.obj
 0001:00029960       _swd_search2               1002a960 f   n2e_99.obj
 0001:000299a0       _bbConfig                  1002a9a0 f   n2e_99.obj
 0001:00029a00       _bbPutBit                  1002aa00 f   n2e_99.obj
 0001:00029a60       _bbWriteBits               1002aa60 f   n2e_99.obj
 0001:00029aa0       _bbPutByte                 1002aaa0 f   n2e_99.obj
 0001:00029ac0       _bbFlushBits               1002aac0 f   n2e_99.obj
 0001:00029b10       _code_prefix_ss12          1002ab10 f   n2e_99.obj
 0001:00029b80       _code_match                1002ab80 f   n2e_99.obj
 0001:00029cb0       _code_prefix_ss11          1002acb0 f   n2e_99.obj
 0001:00029d10       _code_run                  1002ad10 f   n2e_99.obj
 0001:00029d60       _len_of_coded_match        1002ad60 f   n2e_99.obj
 0001:00026660       _swd_exit                  10027660 f   n2d_99.obj
 0001:000266c0       _init_match                100276c0 f   n2d_99.obj
 0001:00026740       _swd_init                  10027740 f   n2d_99.obj
 0001:00026920       _swd_initdict              10027920 f   n2d_99.obj
 0001:00026980       _swd_insertdict            10027980 f   n2d_99.obj
 0001:00026a20       _find_match                10027a20 f   n2d_99.obj
 0001:00026af0       _swd_getbyte               10027af0 f   n2d_99.obj
 0001:00026b80       _swd_accept                10027b80 f   n2d_99.obj
 0001:00026c30       _swd_remove_node           10027c30 f   n2d_99.obj
 0001:00026cb0       _swd_findbest              10027cb0 f   n2d_99.obj
 0001:00026dd0       _swd_search                10027dd0 f   n2d_99.obj
 0001:00026e90       _swd_search2               10027e90 f   n2d_99.obj
 0001:00026ed0       _bbConfig                  10027ed0 f   n2d_99.obj
 0001:00026f30       _bbPutBit                  10027f30 f   n2d_99.obj
 0001:00026f90       _bbWriteBits               10027f90 f   n2d_99.obj
 0001:00026fd0       _bbPutByte                 10027fd0 f   n2d_99.obj
 0001:00026ff0       _bbFlushBits               10027ff0 f   n2d_99.obj
 0001:00027040       _code_prefix_ss12          10028040 f   n2d_99.obj
 0001:000270b0       _code_match                100280b0 f   n2d_99.obj
 0001:000271c0       _code_prefix_ss11          100281c0 f   n2d_99.obj
 0001:00027220       _code_run                  10028220 f   n2d_99.obj
 0001:00027270       _len_of_coded_match        10028270 f   n2d_99.obj
 0001:00023ec0       _swd_exit                  10024ec0 f   n2b_99.obj
 0001:00023f20       _init_match                10024f20 f   n2b_99.obj
 0001:00023fa0       _swd_init                  10024fa0 f   n2b_99.obj
 0001:00024180       _swd_initdict              10025180 f   n2b_99.obj
 0001:000241e0       _swd_insertdict            100251e0 f   n2b_99.obj
 0001:00024280       _find_match                10025280 f   n2b_99.obj
 0001:00024350       _swd_getbyte               10025350 f   n2b_99.obj
 0001:000243e0       _swd_accept                100253e0 f   n2b_99.obj
 0001:00024490       _swd_remove_node           10025490 f   n2b_99.obj
 0001:00024510       _swd_findbest              10025510 f   n2b_99.obj
 0001:00024630       _swd_search                10025630 f   n2b_99.obj
 0001:000246f0       _swd_search2               100256f0 f   n2b_99.obj
 0001:00024730       _bbConfig                  10025730 f   n2b_99.obj
 0001:00024790       _bbPutBit                  10025790 f   n2b_99.obj
 0001:000247f0       _bbWriteBits               100257f0 f   n2b_99.obj
 0001:00024830       _bbPutByte                 10025830 f   n2b_99.obj
 0001:00024850       _bbFlushBits               10025850 f   n2b_99.obj
 0001:000248a0       _code_prefix_ss11          100258a0 f   n2b_99.obj
 0001:00024900       _code_match                10025900 f   n2b_99.obj
 0001:00024a00       _code_run                  10025a00 f   n2b_99.obj
 0001:00024a50       _len_of_coded_match        10025a50 f   n2b_99.obj
 0001:000238d0       _ucl_alloc_internal        100248d0 f   alloc.obj
 0001:00023910       _ucl_free_internal         10024910 f   alloc.obj
 0001:00022a50       ?TEncodeCtrl@@YA_NPADHAAH1@Z 10023a50 f   Text.obj
 0001:00022b90       ?TEncodeCtrl@@YAHHPADH0@Z  10023b90 f   Text.obj
 0001:00020f40       ?md5_process@@YAXPAUmd5_state_s@@PBE@Z 10021f40 f   md5.obj
 0001:0001eef0       ?WndProc@@YGJPAUHWND__@@IIJ@Z 1001fef0 f   KWin32App.obj
 0001:0001e1b0       ?ImaInitTable@@YAXXZ       1001f1b0 f   KWavCodec.obj
 0001:0001e210       ?ImaDecodeBlock@@YAXPAEPAFH@Z 1001f210 f   KWavCodec.obj
 0001:0001e250       ?ImaDecodeSample@@YAXHHPAEPAFHH@Z 1001f250 f   KWavCodec.obj
 0001:00013320       ?LoadMpgLib@@YAHXZ         10014320 f   KMpgMusic.obj
 0001:00013400       ?FreeMpgLib@@YAXXZ         10014400 f   KMpgMusic.obj
 0001:00012c80       ?LoadMp4Lib@@YAHXZ         10013c80 f   KMp4Video.obj
 0001:00012d20       ?FreeMp4Lib@@YAXXZ         10013d20 f   KMp4Video.obj
 0001:00010d70       _$E6                       10011d70 f   KMessage.obj
 0001:00010d80       _$E3                       10011d80 f   KMessage.obj
 0001:00010dc0       _$E5                       10011dc0 f   KMessage.obj
 0001:00010dd0       _$E4                       10011dd0 f   KMessage.obj
 0001:00010880       _$E6                       10011880 f   KMemManager.obj
 0001:00010890       _$E3                       10011890 f   KMemManager.obj
 0001:000108a0       _$E5                       100118a0 f   KMemManager.obj
 0001:000108b0       _$E4                       100118b0 f   KMemManager.obj
 0001:00010400       _$E4                       10011400 f   KMemBase.obj
 0001:00010410       _$E1                       10011410 f   KMemBase.obj
 0001:00010420       _$E3                       10011420 f   KMemBase.obj
 0001:00010430       _$E2                       10011430 f   KMemBase.obj
 0001:00008df0       ?LoadEicLib@@YAHXZ         10009df0 f   KEicScript.obj
 0001:00008ed0       ?FreeEicLib@@YAXXZ         10009ed0 f   KEicScript.obj
 0001:00007570       _$E4                       10008570 f   KDrawSprite.obj
 0001:00007580       _$E1                       10008580 f   KDrawSprite.obj
 0001:00007590       _$E3                       10008590 f   KDrawSprite.obj
 0001:000075a0       _$E2                       100085a0 f   KDrawSprite.obj
 0001:00000ca0       ?str2ulong@@YAKPAD@Z       10001ca0 f   KAviFile.obj
 0001:0002dd90       _Y2RGB                     1002ed90 f   JpgLib:KJpegColor.obj
 0001:0002dde0       _YCbCr411_565              1002ede0 f   JpgLib:KJpegColor.obj
 0001:0002e090       _YCbCr411_555              1002f090 f   JpgLib:KJpegColor.obj
 0001:0002e330       _RGB16_555                 1002f330 f   JpgLib:KJpegColor.obj
 0001:0002e3c0       _RGB16_565                 1002f3c0 f   JpgLib:KJpegColor.obj
 0001:0002e450       _YCbCr411_nommx            1002f450 f   JpgLib:KJpegColor.obj
 0001:0002e600       _YCbCr111                  1002f600 f   JpgLib:KJpegColor.obj
 0001:00033cc0       _forward_bf                10034cc0 f   mp3lib:KMp3Fdct.obj
 0001:00033d80       _back_bf                   10034d80 f   mp3lib:KMp3Fdct.obj
 0001:00032750       _bitget_lb                 10033750 f   mp3lib:KMp3Huf.obj
 0001:000327c0       _bitget2                   100337c0 f   mp3lib:KMp3Huf.obj
 0001:00030ff0       _gencoef                   10031ff0 f   mp3lib:KMp3Sbt.obj
 0001:0002f910       _Xform_mono                10030910 f   mp3lib:KMp3Decode.obj
 0001:0002f9c0       _Xform_dual_right          100309c0 f   mp3lib:KMp3Decode.obj
 0001:0002fa70       _Xform_dual                10030a70 f   mp3lib:KMp3Decode.obj
 0001:0002fb90       _Xform_dual_mono           10030b90 f   mp3lib:KMp3Decode.obj
 0001:0002fd50       _L3audio_decode_MPEG1      10030d50 f   mp3lib:KMp3Decode.obj
 0001:0002fed0       _bitget_init               10030ed0 f   mp3lib:KMp3Decode.obj
 0001:0002fef0       _unpack_side_MPEG1         10030ef0 f   mp3lib:KMp3Decode.obj
 0001:000301c0       _unpack_main               100311c0 f   mp3lib:KMp3Decode.obj
 0001:00030710       _bitget_init_end           10031710 f   mp3lib:KMp3Decode.obj
 0001:00030720       _bitget_bits_used          10031720 f   mp3lib:KMp3Decode.obj
 0001:00030b10       _L3audio_decode_MPEG2      10031b10 f   mp3lib:KMp3Decode.obj
 0001:00030ca0       _unpack_side_MPEG2         10031ca0 f   mp3lib:KMp3Decode.obj
 0001:00038fb4       ?ArrayUnwindFilter@@YAHPAU_EXCEPTION_POINTERS@@@Z 10039fb4 f   MSVCRT:ehvecdtr.obj
