 Sword3PaySys

 Timestamp is 6817d511 (Mon May 05 03:58:57 2025)

 Preferred load address is 00400000

 Start         Length     Name                   Class
 0001:00000000 00030583H .text                   CODE
 0001:00030590 00000ffaH .text$x                 CODE
 0002:00000000 00000264H .idata$5                DATA
 0002:00000268 000011ecH .rdata                  DATA
 0002:00001458 0000047cH .rdata$r                DATA
 0002:000018d8 00002080H .xdata$x                DATA
 0002:00003958 00000064H .idata$2                DATA
 0002:000039bc 00000014H .idata$3                DATA
 0002:000039d0 00000264H .idata$4                DATA
 0002:00003c34 00000906H .idata$6                DATA
 0002:0000453a 00000000H .edata                  DATA
 0003:00000000 00000004H .CRT$XCA                DATA
 0003:00000004 00000030H .CRT$XCU                DATA
 0003:00000034 00000004H .CRT$XCZ                DATA
 0003:00000038 00000004H .CRT$XIA                DATA
 0003:0000003c 0000000cH .CRT$XIC                DATA
 0003:00000048 00000004H .CRT$XIY                DATA
 0003:0000004c 00000004H .CRT$XIZ                DATA
 0003:00000050 00000004H .CRT$XPA                DATA
 0003:00000054 00000004H .CRT$XPX                DATA
 0003:00000058 00000004H .CRT$XPZ                DATA
 0003:0000005c 00000004H .CRT$XTA                DATA
 0003:00000060 00000004H .CRT$XTB                DATA
 0003:00000064 00000004H .CRT$XTZ                DATA
 0003:00000070 00004ce0H .data                   DATA
 0003:00004d50 002019e0H .bss                    DATA
 0004:00000000 00000280H .rsrc$01                DATA
 0004:00000280 00000a58H .rsrc$02                DATA

  Address         Publics by Value              Rva+Base     Lib:Object

 0001:000001b0       ?KPIWritePrivateProfileString@@YAHPBD000@Z 004011b0 f   GlobalFun.obj
 0001:00000ab0       ?KPIGetPrivateProfileString@@YAKPBD00PADK0@Z 00401ab0 f   GlobalFun.obj
 0001:00000cc0       ?KPIWaitForSingleObject@@YAKPAXK@Z 00401cc0 f   GlobalFun.obj
 0001:00000cf0       ?KPICloseHandle@@YAHPAX@Z  00401cf0 f   GlobalFun.obj
 0001:00000d00       ?KPITerminateThread@@YAHPAXK@Z 00401d00 f   GlobalFun.obj
 0001:00000d20       ?KPICreateThread@@YAPAXP6GKPAX@Z0PAK@Z 00401d20 f   GlobalFun.obj
 0001:00000d50       ?KPICreateUDPSocket@@YAIH@Z 00401d50 f   GlobalFun.obj
 0001:00000df0       ?KPICreateEvent@@YAPAXPAU_SECURITY_ATTRIBUTES@@HHPBD@Z 00401df0 f   GlobalFun.obj
 0001:00000e10       ?KPISetEvent@@YAHPAX@Z     00401e10 f   GlobalFun.obj
 0001:00000e20       ?KPIResetEvent@@YAHPAX@Z   00401e20 f   GlobalFun.obj
 0001:00000e30       ?KPIGetExePath@@YAXPADK@Z  00401e30 f   GlobalFun.obj
 0001:00000e90       ?KPICreateMutex@@YAPAXPAU_SECURITY_ATTRIBUTES@@HPBD@Z 00401e90 f   GlobalFun.obj
 0001:00000eb0       ?KPIReleaseMutex@@YAHPAX@Z 00401eb0 f   GlobalFun.obj
 0001:00000ec0       ?KPIHash@@YAKPADKK@Z       00401ec0 f   GlobalFun.obj
 0001:00000f00       ?KPIPrintToFile@@YAXPBD0ZZ 00401f00 f   GlobalFun.obj
 0001:00000f50       ?KPIPrintToFile@@YAXPAU_iobuf@@PBDZZ 00401f50 f   GlobalFun.obj
 0001:00000f70       ??0KThread@@QAE@XZ         00401f70 f   KThread.obj
 0001:00000f90       ??_GKThread@@UAEPAXI@Z     00401f90 f i KThread.obj
 0001:00000f90       ??_EKThread@@UAEPAXI@Z     00401f90 f i KThread.obj
 0001:00000fb0       ??1KThread@@UAE@XZ         00401fb0 f   KThread.obj
 0001:00000fc0       ?Start@KThread@@UAEPAXXZ   00401fc0 f   KThread.obj
 0001:00001000       ?Stop@KThread@@UAEHXZ      00402000 f   KThread.obj
 0001:00001090       ?ThreadFun@KThread@@SGKPAX@Z 00402090 f   KThread.obj
 0001:000010a0       ??0K_CS@@QAE@XZ            004020a0 f   KThread.obj
 0001:000010c0       ??_GK_CS@@UAEPAXI@Z        004020c0 f i KThread.obj
 0001:000010c0       ??_EK_CS@@UAEPAXI@Z        004020c0 f i KThread.obj
 0001:000010e0       ??1K_CS@@UAE@XZ            004020e0 f   KThread.obj
 0001:00001100       ?Lock@K_CS@@QAEHXZ         00402100 f   KThread.obj
 0001:00001120       ?Unlock@K_CS@@QAEHXZ       00402120 f   KThread.obj
 0001:00001150       ??0CLogFile@@QAE@XZ        00402150 f   LogFile.obj
 0001:000011c0       ??_ECLogFile@@UAEPAXI@Z    004021c0 f i LogFile.obj
 0001:000011c0       ??_GCLogFile@@UAEPAXI@Z    004021c0 f i LogFile.obj
 0001:000011e0       ??1CLogFile@@UAE@XZ        004021e0 f   LogFile.obj
 0001:00001250       ?Initialize@CLogFile@@QAEHABV?$basic_string@DV?$char_traits@D@_STL@@V?$allocator@D@2@@_STL@@I@Z 00402250 f   LogFile.obj
 0001:00001440       ?Uninitialize@CLogFile@@QAEHXZ 00402440 f   LogFile.obj
 0001:00001490       ?TraceLog@CLogFile@@QAEIPBXI@Z 00402490 f   LogFile.obj
 0001:000014f0       ?PrepareFile@CLogFile@@AAEHXZ 004024f0 f   LogFile.obj
 0001:00001780       ?BeginBatch@CLogFile@@QAEKXZ 00402780 f   LogFile.obj
 0001:000017b0       ?EndBatch@CLogFile@@QAEKXZ 004027b0 f   LogFile.obj
 0001:000017d0       ?IsBatched@CLogFile@@QAEHXZ 004027d0 f   LogFile.obj
 0001:000017e0       ?OpenUniDirectory@CLogFile@@CAHABV?$basic_string@DV?$char_traits@D@_STL@@V?$allocator@D@2@@_STL@@PAV23@@Z 004027e0 f   LogFile.obj
 0001:00001a10       ?CreateUniFile@CLogFile@@CAPAXABV?$basic_string@DV?$char_traits@D@_STL@@V?$allocator@D@2@@_STL@@PAV23@@Z 00402a10 f   LogFile.obj
 0001:00001c20       ??1?$basic_string@DV?$char_traits@D@_STL@@V?$allocator@D@2@@_STL@@QAE@XZ 00402c20 f i LogFile.obj
 0001:00001c90       ?push_back@?$basic_string@DV?$char_traits@D@_STL@@V?$allocator@D@2@@_STL@@QAEXD@Z 00402c90 f i LogFile.obj
 0001:00001cf0       ??1?$_String_base@DV?$allocator@D@_STL@@@_STL@@QAE@XZ 00402cf0 f i LogFile.obj
 0001:00001d60       ??1?$_STLP_alloc_proxy@PADDV?$allocator@D@_STL@@@_STL@@QAE@XZ 00402d60 f i LogFile.obj
 0001:00001d70       ?erase@?$basic_string@DV?$char_traits@D@_STL@@V?$allocator@D@2@@_STL@@QAEPADPAD0@Z 00402d70 f i LogFile.obj
 0001:00001db0       ?_M_deallocate_block@?$_String_base@DV?$allocator@D@_STL@@@_STL@@QAEXXZ 00402db0 f i LogFile.obj
 0001:00001de0       ??1?$allocator@D@_STL@@QAE@XZ 00402de0 f i LogFile.obj
 0001:00001df0       ?deallocate@?$allocator@D@_STL@@QBEXPADI@Z 00402df0 f i LogFile.obj
 0001:00001e20       ?reserve@?$basic_string@DV?$char_traits@D@_STL@@V?$allocator@D@2@@_STL@@QAEXI@Z 00402e20 f i LogFile.obj
 0001:00001f40       ??H_STL@@YA?AV?$basic_string@DV?$char_traits@D@_STL@@V?$allocator@D@2@@0@ABV10@PBD@Z 00402f40 f i LogFile.obj
 0001:00002080       ?deallocate@?$__node_alloc@$00$0A@@_STL@@SAXPAXI@Z 00403080 f i LogFile.obj
 0001:000020b0       ?get_allocator@?$basic_string@DV?$char_traits@D@_STL@@V?$allocator@D@2@@_STL@@QBE?AV?$allocator@D@2@XZ 004030b0 f i LogFile.obj
 0001:000020d0       ??0?$_String_base@DV?$allocator@D@_STL@@@_STL@@QAE@ABV?$allocator@D@1@@Z 004030d0 f i LogFile.obj
 0001:000020e0       ??0?$_STLP_alloc_proxy@PADDV?$allocator@D@_STL@@@_STL@@QAE@ABV?$allocator@D@1@PAD@Z 004030e0 f i LogFile.obj
 0001:000020f0       ?_M_allocate_block@?$_String_base@DV?$allocator@D@_STL@@@_STL@@QAEXI@Z 004030f0 f i LogFile.obj
 0001:00002150       ?_M_range_initialize@?$basic_string@DV?$char_traits@D@_STL@@V?$allocator@D@2@@_STL@@AAEXPAD0@Z 00403150 f i LogFile.obj
 0001:000021d0       ?_M_assign_dispatch@?$basic_string@DV?$char_traits@D@_STL@@V?$allocator@D@2@@_STL@@AAEAAV12@PAD0ABU__false_type@2@@Z 004031d0 f i LogFile.obj
 0001:00002250       ?_M_append_dispatch@?$basic_string@DV?$char_traits@D@_STL@@V?$allocator@D@2@@_STL@@AAEAAV12@PBD0ABU__false_type@2@@Z 00403250 f i LogFile.obj
 0001:00002280       ?_M_range_initialize@?$basic_string@DV?$char_traits@D@_STL@@V?$allocator@D@2@@_STL@@AAEXPAD0ABUforward_iterator_tag@2@@Z 00403280 f i LogFile.obj
 0001:00002300       ?append@?$basic_string@DV?$char_traits@D@_STL@@V?$allocator@D@2@@_STL@@AAEAAV12@PBD0ABUforward_iterator_tag@2@@Z 00403300 f i LogFile.obj
 0001:00002490       ?append@?$basic_string@DV?$char_traits@D@_STL@@V?$allocator@D@2@@_STL@@AAEAAV12@PAD0ABUforward_iterator_tag@2@@Z 00403490 f i LogFile.obj
 0001:00002630       ?__copy_ptrs@_STL@@YAPADPAD00ABU__false_type@1@@Z 00403630 f i LogFile.obj
 0001:00002660       ?__copy@_STL@@YAPADPAD00ABUrandom_access_iterator_tag@1@PAH@Z 00403660 f i LogFile.obj
 0001:000026d0       ?ServerEventNotify@@YGXPAXABK1@Z 004036d0 f   main.obj
 0001:00002710       _WinMain@16                00403710 f   main.obj
 0001:00002ea0       ?RegisterSysClass@@YAGPAUHINSTANCE__@@@Z 00403ea0 f   main.obj
 0001:00002f30       ?__copy_trivial@_STL@@YAPAXPBX0PAX@Z 00403f30 f i main.obj
 0001:00002fe0       ?gTrace@@YAHPBDZZ          00403fe0 f   main.obj
 0001:00003120       ?gTraceLogFile@@YAXPBDJ@Z  00404120 f   main.obj
 0001:000031a0       ?gClearTrace@@YAXXZ        004041a0 f   main.obj
 0001:000031c0       ?gTimeStamp@@YAHPAD0@Z     004041c0 f   main.obj
 0001:00003210       ?gShowTrace@@YAXXZ         00404210 f   main.obj
 0001:00003390       ?InitInstance@@YAHPAUHINSTANCE__@@HH@Z 00404390 f   main.obj
 0001:00003470       ?About@@YGJPAUHWND__@@IIJ@Z 00404470 f   main.obj
 0001:000034b0       ?WndProc@@YGJPAUHWND__@@IIJ@Z 004044b0 f   main.obj
 0001:000036a0       ?deallocate@?$_STLP_alloc_proxy@PADDV?$allocator@D@_STL@@@_STL@@QAEXPADI@Z 004046a0 f i main.obj
 0001:000036d0       ?_M_range_initialize@?$basic_string@DV?$char_traits@D@_STL@@V?$allocator@D@2@@_STL@@AAEXPBD0ABUforward_iterator_tag@2@@Z 004046d0 f i main.obj
 0001:00003750       ?num_rows@S3P_MSSQLServer_Result@@UBEHXZ 00404750 f   S3P_MSSQLServer_Result.obj
 0001:00003800       ?num_fields@S3P_MSSQLServer_Result@@UBEHXZ 00404800 f   S3P_MSSQLServer_Result.obj
 0001:000038d0       ?data_seek@S3P_MSSQLServer_Result@@UBEXIH@Z 004048d0 f   S3P_MSSQLServer_Result.obj
 0001:00003a90       ?get_field_data@S3P_MSSQLServer_Result@@UAE_NIPAXK@Z 00404a90 f   S3P_MSSQLServer_Result.obj
 0001:00003c20       ?unuse@S3P_MSSQLServer_Result@@UAEHXZ 00404c20 f   S3P_MSSQLServer_Result.obj
 0001:00003d20       ??1?$_com_ptr_t@V?$_com_IIID@UFields@@$1?_GUID_00000564_0000_0010_8000_00aa006d2ea4@@3U__s_GUID@@A@@@@QAE@XZ 00404d20 f i S3P_MSSQLServer_Result.obj
 0001:00003d30       ??1?$_com_ptr_t@V?$_com_IIID@UField@@$1?_GUID_00000569_0000_0010_8000_00aa006d2ea4@@3U__s_GUID@@A@@@@QAE@XZ 00404d30 f i S3P_MSSQLServer_Result.obj
 0001:00003d40       ??1_variant_t@@QAE@XZ      00404d40 f i S3P_MSSQLServer_Result.obj
 0001:00003d60       ?GetFields@Recordset15@@QAE?AV?$_com_ptr_t@V?$_com_IIID@UFields@@$1?_GUID_00000564_0000_0010_8000_00aa006d2ea4@@3U__s_GUID@@A@@@@XZ 00404d60 f i S3P_MSSQLServer_Result.obj
 0001:00003db0       ?GetItem@Fields15@@QAE?AV?$_com_ptr_t@V?$_com_IIID@UField@@$1?_GUID_00000569_0000_0010_8000_00aa006d2ea4@@3U__s_GUID@@A@@@@ABV_variant_t@@@Z 00404db0 f i S3P_MSSQLServer_Result.obj
 0001:00003e20       ??0S3PAccount@@QAE@XZ      00404e20 f   S3PAccount.obj
 0001:00003e30       ??_GS3PAccount@@UAEPAXI@Z  00404e30 f i S3PAccount.obj
 0001:00003e30       ??_ES3PAccount@@UAEPAXI@Z  00404e30 f i S3PAccount.obj
 0001:00003e50       ??1S3PAccount@@UAE@XZ      00404e50 f   S3PAccount.obj
 0001:00003e60       ?Login@S3PAccount@@SAHPAVS3PDBConVBC@@PBD1KAAGAAK@Z 00404e60 f   S3PAccount.obj
 0001:00004000       ?LoginGame@S3PAccount@@SAHPAVS3PDBConVBC@@KPBD@Z 00405000 f   S3PAccount.obj
 0001:00004090       ?Logout@S3PAccount@@SAHPAVS3PDBConVBC@@KPBDG@Z 00405090 f   S3PAccount.obj
 0001:000041a0       ?ElapseTime@S3PAccount@@SAHPAVS3PDBConVBC@@KPBDK@Z 004051a0 f   S3PAccount.obj
 0001:00004240       ?QueryTime@S3PAccount@@SAHPAVS3PDBConVBC@@KPBDAAK@Z 00405240 f   S3PAccount.obj
 0001:000042e0       ?ServerLogin@S3PAccount@@SAHPAVS3PDBConVBC@@PBD1KFQBEAAK@Z 004052e0 f   S3PAccount.obj
 0001:000046c0       ?GetServerID@S3PAccount@@SAHPAVS3PDBConVBC@@PBDAAK@Z 004056c0 f   S3PAccount.obj
 0001:000047d0       ?CheckAddress@S3PAccount@@SAHPAVS3PDBConVBC@@KF@Z 004057d0 f   S3PAccount.obj
 0001:00004880       ?UnlockAll@S3PAccount@@SAHPAVS3PDBConVBC@@K@Z 00405880 f   S3PAccount.obj
 0001:000048e0       ?ElapseAll@S3PAccount@@SAHPAVS3PDBConVBC@@K@Z 004058e0 f   S3PAccount.obj
 0001:00004940       ?GetAccountGameID@S3PAccount@@SAHPAVS3PDBConVBC@@PBDAAK@Z 00405940 f   S3PAccount.obj
 0001:00004a60       ?GetLeftSecondsOfDeposit@S3PAccount@@KAHPAVS3PDBConVBC@@PBDAAJ2@Z 00405a60 f   S3PAccount.obj
 0001:00004c00       ?VerifyUserModifyPassword@S3PAccount@@SAHPAVS3PDBConVBC@@KPBD1@Z 00405c00 f   S3PAccount.obj
 0001:00004ce0       ??1_bstr_t@@QAE@XZ         00405ce0 f i S3PAccount.obj
 0001:00004d30       ??4_bstr_t@@QAEAAV0@PBG@Z  00405d30 f i S3PAccount.obj
 0001:00004e10       ?_Free@_bstr_t@@AAEXXZ     00405e10 f i S3PAccount.obj
 0001:00004e60       ??0Data_t@_bstr_t@@QAE@PBG@Z 00405e60 f i S3PAccount.obj
 0001:00004ea0       ?Release@Data_t@_bstr_t@@QAEKXZ 00405ea0 f i S3PAccount.obj
 0001:00004ef0       ?GetString@Data_t@_bstr_t@@QBEPBDXZ 00405ef0 f i S3PAccount.obj
 0001:00004f20       ?ChangeType@_variant_t@@QAEXGPBV1@@Z 00405f20 f i S3PAccount.obj
 0001:00004f60       ??0S3PDB_MSSQLServer_Connection@@QAE@XZ 00405f60 f   S3PDB_MSSQLServer_Connection.obj
 0001:00005030       ??_ES3PDB_MSSQLServer_Connection@@UAEPAXI@Z 00406030 f i S3PDB_MSSQLServer_Connection.obj
 0001:00005030       ??_GS3PDB_MSSQLServer_Connection@@UAEPAXI@Z 00406030 f i S3PDB_MSSQLServer_Connection.obj
 0001:00005050       ??1S3PDB_MSSQLServer_Connection@@UAE@XZ 00406050 f   S3PDB_MSSQLServer_Connection.obj
 0001:00005180       ?CloseConnect@S3PDB_MSSQLServer_Connection@@UAEXXZ 00406180 f   S3PDB_MSSQLServer_Connection.obj
 0001:000051e0       ?OpenConnect@S3PDB_MSSQLServer_Connection@@UAE_NPAUtag_DATABASEINFO@@@Z 004061e0 f   S3PDB_MSSQLServer_Connection.obj
 0001:000055f0       ?Do@S3PDB_MSSQLServer_Connection@@UAE_NPBD@Z 004065f0 f   S3PDB_MSSQLServer_Connection.obj
 0001:00005620       ?DoCmd@S3PDB_MSSQLServer_Connection@@IAE_NPBD@Z 00406620 f   S3PDB_MSSQLServer_Connection.obj
 0001:00005820       ?DoResult@S3PDB_MSSQLServer_Connection@@IAE_NPBD@Z 00406820 f   S3PDB_MSSQLServer_Connection.obj
 0001:00005ac0       ?QuerySql@S3PDB_MSSQLServer_Connection@@UAE_NPBDPAPAVS3PResultVBC@@@Z 00406ac0 f   S3PDB_MSSQLServer_Connection.obj
 0001:00005b50       ?QueryResult@S3PDB_MSSQLServer_Connection@@IAE_NPBDPAVS3P_MSSQLServer_Result@@@Z 00406b50 f   S3PDB_MSSQLServer_Connection.obj
 0001:00005e10       ?QueryCmd@S3PDB_MSSQLServer_Connection@@IAE_NPBDPAVS3P_MSSQLServer_Result@@@Z 00406e10 f   S3PDB_MSSQLServer_Connection.obj
 0001:00006030       ?GetFreeResult@S3PDB_MSSQLServer_Connection@@IAE_NPAPAVS3P_MSSQLServer_Result@@@Z 00407030 f   S3PDB_MSSQLServer_Connection.obj
 0001:00006060       ?c_str@?$basic_string@DV?$char_traits@D@_STL@@V?$allocator@D@2@@_STL@@QBEPBDXZ 00407060 f i S3PDB_MSSQLServer_Connection.obj
 0001:00006070       ??1?$_com_ptr_t@V?$_com_IIID@U_Connection@@$1?_GUID_00000550_0000_0010_8000_00aa006d2ea4@@3U__s_GUID@@A@@@@QAE@XZ 00407070 f i S3PDB_MSSQLServer_Connection.obj
 0001:00006080       ??C?$_com_ptr_t@V?$_com_IIID@U_Connection@@$1?_GUID_00000550_0000_0010_8000_00aa006d2ea4@@3U__s_GUID@@A@@@@QBEPAU_Connection@@XZ 00407080 f i S3PDB_MSSQLServer_Connection.obj
 0001:000060a0       ??8?$_com_ptr_t@V?$_com_IIID@U_Connection@@$1?_GUID_00000550_0000_0010_8000_00aa006d2ea4@@3U__s_GUID@@A@@@@QAE_NH@Z 004070a0 f i S3PDB_MSSQLServer_Connection.obj
 0001:000060d0       ??1?$_com_ptr_t@V?$_com_IIID@U_Recordset@@$1?_GUID_00000556_0000_0010_8000_00aa006d2ea4@@3U__s_GUID@@A@@@@QAE@XZ 004070d0 f i S3PDB_MSSQLServer_Connection.obj
 0001:000060e0       ??1?$_com_ptr_t@V?$_com_IIID@U_Command@@$1?_GUID_b08400bd_f9d1_4d02_b856_71d5dba123e9@@3U__s_GUID@@A@@@@QAE@XZ 004070e0 f i S3PDB_MSSQLServer_Connection.obj
 0001:000060f0       ??C?$_com_ptr_t@V?$_com_IIID@U_Command@@$1?_GUID_b08400bd_f9d1_4d02_b856_71d5dba123e9@@3U__s_GUID@@A@@@@QBEPAU_Command@@XZ 004070f0 f i S3PDB_MSSQLServer_Connection.obj
 0001:00006110       ?append@?$basic_string@DV?$char_traits@D@_STL@@V?$allocator@D@2@@_STL@@QAEAAV12@PBD@Z 00407110 f i S3PDB_MSSQLServer_Connection.obj
 0001:00006150       ?assign@?$basic_string@DV?$char_traits@D@_STL@@V?$allocator@D@2@@_STL@@QAEAAV12@PBD0@Z 00407150 f i S3PDB_MSSQLServer_Connection.obj
 0001:000061f0       ??0_bstr_t@@QAE@PBD@Z      004071f0 f i S3PDB_MSSQLServer_Connection.obj
 0001:00006290       ??4?$_com_ptr_t@V?$_com_IIID@U_Connection@@$1?_GUID_00000550_0000_0010_8000_00aa006d2ea4@@3U__s_GUID@@A@@@@QAEAAV0@PAU_Connection@@@Z 00407290 f i S3PDB_MSSQLServer_Connection.obj
 0001:000062c0       ?CreateInstance@?$_com_ptr_t@V?$_com_IIID@U_Connection@@$1?_GUID_00000550_0000_0010_8000_00aa006d2ea4@@3U__s_GUID@@A@@@@QAEJPAGPAUIUnknown@@K@Z 004072c0 f i S3PDB_MSSQLServer_Connection.obj
 0001:000063a0       ?_Release@?$_com_ptr_t@V?$_com_IIID@U_Connection@@$1?_GUID_00000550_0000_0010_8000_00aa006d2ea4@@3U__s_GUID@@A@@@@AAEXXZ 004073a0 f i S3PDB_MSSQLServer_Connection.obj
 0001:000063b0       ?CreateInstance@?$_com_ptr_t@V?$_com_IIID@U_Recordset@@$1?_GUID_00000556_0000_0010_8000_00aa006d2ea4@@3U__s_GUID@@A@@@@QAEJPAGPAUIUnknown@@K@Z 004073b0 f i S3PDB_MSSQLServer_Connection.obj
 0001:00006490       ?_AddRef@?$_com_ptr_t@V?$_com_IIID@U_Recordset@@$1?_GUID_00000556_0000_0010_8000_00aa006d2ea4@@3U__s_GUID@@A@@@@AAEXXZ 00407490 f i S3PDB_MSSQLServer_Connection.obj
 0001:000064a0       ?CreateInstance@?$_com_ptr_t@V?$_com_IIID@U_Command@@$1?_GUID_b08400bd_f9d1_4d02_b856_71d5dba123e9@@3U__s_GUID@@A@@@@QAEJPAGPAUIUnknown@@K@Z 004074a0 f i S3PDB_MSSQLServer_Connection.obj
 0001:00006580       ?_M_range_initialize@?$basic_string@DV?$char_traits@D@_STL@@V?$allocator@D@2@@_STL@@AAEXPBD0@Z 00407580 f i S3PDB_MSSQLServer_Connection.obj
 0001:00006600       ?_M_append_dispatch@?$basic_string@DV?$char_traits@D@_STL@@V?$allocator@D@2@@_STL@@AAEAAV12@PAD0ABU__false_type@2@@Z 00407600 f i S3PDB_MSSQLServer_Connection.obj
 0001:00006630       ?ErrorMessage@_com_error@@QBEPBDXZ 00407630 f i S3PDB_MSSQLServer_Connection.obj
 0001:00006700       ?PutCommandText@Command15@@QAEXV_bstr_t@@@Z 00407700 f i S3PDB_MSSQLServer_Connection.obj
 0001:000067a0       ?Execute@Command15@@QAE?AV?$_com_ptr_t@V?$_com_IIID@U_Recordset@@$1?_GUID_00000556_0000_0010_8000_00aa006d2ea4@@3U__s_GUID@@A@@@@PAUtagVARIANT@@0J@Z 004077a0 f i S3PDB_MSSQLServer_Connection.obj
 0001:00006800       ?Open@Connection15@@QAEJV_bstr_t@@00J@Z 00407800 f i S3PDB_MSSQLServer_Connection.obj
 0001:00006930       ??1S3P_MSSQLServer_Result@@UAE@XZ 00407930 f i S3PDB_MSSQLServer_Connection.obj
 0001:000069a0       ??_GS3P_MSSQLServer_Result@@UAEPAXI@Z 004079a0 f i S3PDB_MSSQLServer_Connection.obj
 0001:000069a0       ??_ES3P_MSSQLServer_Result@@UAEPAXI@Z 004079a0 f i S3PDB_MSSQLServer_Connection.obj
 0001:000069c0       ?GetGMID@@YAKXZ            004079c0 f   S3PDBConnectionPool.obj
 0001:000069d0       ??0S3PDBConnectionPool@@IAE@XZ 004079d0 f   S3PDBConnectionPool.obj
 0001:000069f0       ??_GS3PDBConnectionPool@@MAEPAXI@Z 004079f0 f i S3PDBConnectionPool.obj
 0001:000069f0       ??_ES3PDBConnectionPool@@MAEPAXI@Z 004079f0 f i S3PDBConnectionPool.obj
 0001:00006a10       ??1S3PDBConnectionPool@@MAE@XZ 00407a10 f   S3PDBConnectionPool.obj
 0001:00006ae0       ?Init@S3PDBConnectionPool@@QAEHABV?$basic_string@DV?$char_traits@D@_STL@@V?$allocator@D@2@@_STL@@0K@Z 00407ae0 f   S3PDBConnectionPool.obj
 0001:00006da0       ??1tag_DATABASEINFO@@QAE@XZ 00407da0 f i S3PDBConnectionPool.obj
 0001:00006e50       ?RemoveDBCon@S3PDBConnectionPool@@QAEHPAPAVS3PDBConVBC@@@Z 00407e50 f   S3PDBConnectionPool.obj
 0001:00006ef0       ?ReturnDBCon@S3PDBConnectionPool@@QAEHPAVS3PDBConVBC@@@Z 00407ef0 f   S3PDBConnectionPool.obj
 0001:00006f90       ?Instance@S3PDBConnectionPool@@SAPAV1@XZ 00407f90 f   S3PDBConnectionPool.obj
 0001:00007000       ?ReleaseInstance@S3PDBConnectionPool@@SAXXZ 00408000 f   S3PDBConnectionPool.obj
 0001:00007020       ?CreateConnection@S3PDBConnectionPool@@IAEHPAUtag_DATABASEINFO@@PAPAVS3PDBConVBC@@@Z 00408020 f   S3PDBConnectionPool.obj
 0001:000070c0       ??1?$vector@PAVS3PDBConVBC@@V?$allocator@PAVS3PDBConVBC@@@_STL@@@_STL@@QAE@XZ 004080c0 f i S3PDBConnectionPool.obj
 0001:00007130       ?_M_insert_overflow@?$vector@PAVS3PDBConVBC@@V?$allocator@PAVS3PDBConVBC@@@_STL@@@_STL@@IAEXPAPAVS3PDBConVBC@@ABQAV3@ABU__true_type@2@I_N@Z 00408130 f i S3PDBConnectionPool.obj
 0001:00007240       ??1?$_STLP_alloc_proxy@PAPAVS3PDBConVBC@@PAV1@V?$allocator@PAVS3PDBConVBC@@@_STL@@@_STL@@QAE@XZ 00408240 f i S3PDBConnectionPool.obj
 0001:00007250       ??0?$basic_string@DV?$char_traits@D@_STL@@V?$allocator@D@2@@_STL@@QAE@XZ 00408250 f i S3PDBConnectionPool.obj
 0001:000072c0       ??0S3PDBConVBC@@IAE@XZ     004082c0 f   S3PDBConVBC.obj
 0001:000072e0       ??_GS3PDBConVBC@@UAEPAXI@Z 004082e0 f i S3PDBConVBC.obj
 0001:000072e0       ??_ES3PDBConVBC@@UAEPAXI@Z 004082e0 f i S3PDBConVBC.obj
 0001:00007300       ??1S3PDBConVBC@@UAE@XZ     00408300 f   S3PDBConVBC.obj
 0001:00007310       ??0S3PDBSocketPool@@IAE@XZ 00408310 f   S3PDBSocketPool.obj
 0001:00007380       ??_GS3PDBSocketPool@@UAEPAXI@Z 00408380 f i S3PDBSocketPool.obj
 0001:00007380       ??_ES3PDBSocketPool@@UAEPAXI@Z 00408380 f i S3PDBSocketPool.obj
 0001:000073a0       ??1S3PDBSocketPool@@UAE@XZ 004083a0 f   S3PDBSocketPool.obj
 0001:00007440       ?Instance@S3PDBSocketPool@@SAPAV1@XZ 00408440 f   S3PDBSocketPool.obj
 0001:000074b0       ?ReleaseInstance@S3PDBSocketPool@@SAXXZ 004084b0 f   S3PDBSocketPool.obj
 0001:000074d0       ?Start@S3PDBSocketPool@@UAEPAXPAUIServer@@H@Z 004084d0 f   S3PDBSocketPool.obj
 0001:000075b0       ?Stop@S3PDBSocketPool@@UAEHXZ 004085b0 f   S3PDBSocketPool.obj
 0001:00007640       ?SendData@S3PDBSocketPool@@QAEHKQBXABI@Z 00408640 f   S3PDBSocketPool.obj
 0001:000076f0       ?CustomSend@S3PDBSocketPool@@QAEHKDPAUKAccountHead@@@Z 004086f0 f   S3PDBSocketPool.obj
 0001:000077d0       ?AddUserClientID@S3PDBSocketPool@@QAEHK@Z 004087d0 f   S3PDBSocketPool.obj
 0001:00007960       ?RemoveUserClientID@S3PDBSocketPool@@QAEHK@Z 00408960 f   S3PDBSocketPool.obj
 0001:000079c0       ?ShowAllClientInfo@S3PDBSocketPool@@QAEHXZ 004089c0 f   S3PDBSocketPool.obj
 0001:00007ac0       ??0KGatewayDataProcess@@QAE@XZ 00408ac0 f   S3PDBSocketPool.obj
 0001:00007be0       ??1KThread_CS@@UAE@XZ      00408be0 f i S3PDBSocketPool.obj
 0001:00007c40       ??_EKThread_CS@@UAEPAXI@Z  00408c40 f i S3PDBSocketPool.obj
 0001:00007c40       ??_GKThread_CS@@UAEPAXI@Z  00408c40 f i S3PDBSocketPool.obj
 0001:00007c60       ??_EKGatewayDataProcess@@UAEPAXI@Z 00408c60 f i S3PDBSocketPool.obj
 0001:00007c60       ??_GKGatewayDataProcess@@UAEPAXI@Z 00408c60 f i S3PDBSocketPool.obj
 0001:00007c80       ??1KGatewayDataProcess@@UAE@XZ 00408c80 f   S3PDBSocketPool.obj
 0001:00007d70       ?AutoTime@KGatewayDataProcess@@IAEXXZ 00408d70 f   S3PDBSocketPool.obj
 0001:00007e90       ?CheckConnectAddress@KGatewayDataProcess@@IAEHK@Z 00408e90 f   S3PDBSocketPool.obj
 0001:00007ed0       ?SendPing@KGatewayDataProcess@@IAEXK@Z 00408ed0 f   S3PDBSocketPool.obj
 0001:00007f10       ?ProcessClientData@KGatewayDataProcess@@IAEXPBXK@Z 00408f10 f   S3PDBSocketPool.obj
 0001:00007fa0       ?ProcessData@KGatewayDataProcess@@IAEKPAVS3PDBConVBC@@PBXK@Z 00408fa0 f   S3PDBSocketPool.obj
 0001:000081c0       ?ProAccountLogin@KGatewayDataProcess@@IAEHPAVS3PDBConVBC@@PBDK@Z 004091c0 f   S3PDBSocketPool.obj
 0001:00008510       ?ProGameLogin@KGatewayDataProcess@@IAEHPAVS3PDBConVBC@@PBDK@Z 00409510 f   S3PDBSocketPool.obj
 0001:00008620       ?ProAccountLogout@KGatewayDataProcess@@IAEHPAVS3PDBConVBC@@PBDK@Z 00409620 f   S3PDBSocketPool.obj
 0001:00008760       ?ProGetwayVerify@KGatewayDataProcess@@IAEHPAVS3PDBConVBC@@PBDK@Z 00409760 f   S3PDBSocketPool.obj
 0001:00008920       ?ProUndefine@KGatewayDataProcess@@IAEHPBDK@Z 00409920 f   S3PDBSocketPool.obj
 0001:00008930       ?GetDB@KGatewayDataProcess@@IAEPAVS3PDBConVBC@@K@Z 00409930 f   S3PDBSocketPool.obj
 0001:00008980       ?Main@KGatewayDataProcess@@MAEKPAX@Z 00409980 f   S3PDBSocketPool.obj
 0001:00008a90       ?Start@KGatewayDataProcess@@UAEPAXPAUIServer@@K@Z 00409a90 f   S3PDBSocketPool.obj
 0001:00008ad0       ?Stop@KGatewayDataProcess@@UAEHXZ 00409ad0 f   S3PDBSocketPool.obj
 0001:00008b00       ?ConnectErrorWork@KGatewayDataProcess@@QAEHKKF@Z 00409b00 f   S3PDBSocketPool.obj
 0001:00008b50       ?ConnectFreeWork@KGatewayDataProcess@@QAEHKKF@Z 00409b50 f   S3PDBSocketPool.obj
 0001:00008bb0       ?ConnectAgainWork@KGatewayDataProcess@@QAEHKKF@Z 00409bb0 f   S3PDBSocketPool.obj
 0001:00008c10       ?ConnectFreeForErrorWork@KGatewayDataProcess@@QAEHKKF@Z 00409c10 f   S3PDBSocketPool.obj
 0001:00008c60       ?OutofWork@KGatewayDataProcess@@QAEHK@Z 00409c60 f   S3PDBSocketPool.obj
 0001:00008d20       ?IsWork@KGatewayDataProcess@@QAEHXZ 00409d20 f   S3PDBSocketPool.obj
 0001:00008d50       ?IsWorkAgain@KGatewayDataProcess@@QAEHXZ 00409d50 f   S3PDBSocketPool.obj
 0001:00008d80       ?IsWantData@KGatewayDataProcess@@QAEHXZ 00409d80 f   S3PDBSocketPool.obj
 0001:00008dc0       ?IsError@KGatewayDataProcess@@QAEHXZ 00409dc0 f   S3PDBSocketPool.obj
 0001:00008df0       ?GetStatus@KGatewayDataProcess@@QAEHXZ 00409df0 f   S3PDBSocketPool.obj
 0001:00008e10       ?SetStatus@KGatewayDataProcess@@IAE_NH@Z 00409e10 f   S3PDBSocketPool.obj
 0001:00008ef0       ?IsVerifyTimeout@KGatewayDataProcess@@IAE_NXZ 00409ef0 f   S3PDBSocketPool.obj
 0001:00008f30       ?erase@?$map@UUserName@@KUUserNameCmp@@V?$allocator@U?$pair@$$CBUUserName@@K@_STL@@@_STL@@@_STL@@QAEXU?$_Rb_tree_iterator@U?$pair@$$CBUUserName@@K@_STL@@U?$_Nonconst_traits@U?$pair@$$CBUUserName@@K@_STL@@@2@@2@@Z 00409f30 f i S3PDBSocketPool.obj
 0001:00008f50       ??0?$_Rb_tree_iterator@U?$pair@$$CBUUserName@@K@_STL@@U?$_Nonconst_traits@U?$pair@$$CBUUserName@@K@_STL@@@2@@_STL@@QAE@ABU01@@Z 00409f50 f i S3PDBSocketPool.obj
 0001:00008f60       ?end@?$list@PAVKGatewayDataProcess@@V?$allocator@PAVKGatewayDataProcess@@@_STL@@@_STL@@QAE?AU?$_List_iterator@PAVKGatewayDataProcess@@U?$_Nonconst_traits@PAVKGatewayDataProcess@@@_STL@@@2@XZ 00409f60 f i S3PDBSocketPool.obj
 0001:00008f70       ??1?$allocator@PAVKGatewayDataProcess@@@_STL@@QAE@XZ 00409f70 f i S3PDBSocketPool.obj
 0001:00008f80       ?insert@?$map@UUserName@@KUUserNameCmp@@V?$allocator@U?$pair@$$CBUUserName@@K@_STL@@@_STL@@@_STL@@QAE?AU?$_Rb_tree_iterator@U?$pair@$$CBUUserName@@K@_STL@@U?$_Nonconst_traits@U?$pair@$$CBUUserName@@K@_STL@@@2@@2@U32@ABU?$pair@$$CBUUserName@@K@2@@Z 00409f80 f i S3PDBSocketPool.obj
 0001:00008fb0       ??_EKThread_CS@@WM@AEPAXI@Z 00409fb0 f i S3PDBSocketPool.obj
 0001:00008fc0       ?erase@?$_Rb_tree@UUserName@@U?$pair@$$CBUUserName@@K@_STL@@U?$_Select1st@U?$pair@$$CBUUserName@@K@_STL@@@3@UUserNameCmp@@V?$allocator@U?$pair@$$CBUUserName@@K@_STL@@@3@@_STL@@QAEXU?$_Rb_tree_iterator@U?$pair@$$CBUUserName@@K@_STL@@U?$_Nonconst_traits@U?$pair@$$CBUUserName@@K@_STL@@@2@@2@@Z 00409fc0 f i S3PDBSocketPool.obj
 0001:00009000       ??1?$_Rb_tree_base@U?$pair@$$CBUUserName@@K@_STL@@V?$allocator@U?$pair@$$CBUUserName@@K@_STL@@@2@@_STL@@QAE@XZ 0040a000 f i S3PDBSocketPool.obj
 0001:00009050       ??1?$allocator@U?$pair@$$CBUUserName@@K@_STL@@@_STL@@QAE@XZ 0040a050 f i S3PDBSocketPool.obj
 0001:00009060       ?insert@?$list@PAVKGatewayDataProcess@@V?$allocator@PAVKGatewayDataProcess@@@_STL@@@_STL@@QAE?AU?$_List_iterator@PAVKGatewayDataProcess@@U?$_Nonconst_traits@PAVKGatewayDataProcess@@@_STL@@@2@U32@ABQAVKGatewayDataProcess@@@Z 0040a060 f i S3PDBSocketPool.obj
 0001:00009090       ??1?$_STLP_alloc_proxy@PAU?$_Rb_tree_node@U?$pair@$$CBUUserName@@K@_STL@@@_STL@@U12@V?$allocator@U?$pair@$$CBUUserName@@K@_STL@@@2@@_STL@@QAE@XZ 0040a090 f i S3PDBSocketPool.obj
 0001:000090a0       ??1?$_STLP_alloc_proxy@PAU?$_List_node@PAVKGatewayDataProcess@@@_STL@@U12@V?$allocator@PAVKGatewayDataProcess@@@2@@_STL@@QAE@XZ 0040a0a0 f i S3PDBSocketPool.obj
 0001:000090b0       ?erase@?$_Rb_tree@UUserName@@U?$pair@$$CBUUserName@@K@_STL@@U?$_Select1st@U?$pair@$$CBUUserName@@K@_STL@@@3@UUserNameCmp@@V?$allocator@U?$pair@$$CBUUserName@@K@_STL@@@3@@_STL@@QAEXU?$_Rb_tree_iterator@U?$pair@$$CBUUserName@@K@_STL@@U?$_Nonconst_traits@U?$pair@$$CBUUserName@@K@_STL@@@2@@2@0@Z 0040a0b0 f i S3PDBSocketPool.obj
 0001:00009140       ?lower_bound@?$_Rb_tree@UUserName@@U?$pair@$$CBUUserName@@K@_STL@@U?$_Select1st@U?$pair@$$CBUUserName@@K@_STL@@@3@UUserNameCmp@@V?$allocator@U?$pair@$$CBUUserName@@K@_STL@@@3@@_STL@@QAE?AU?$_Rb_tree_iterator@U?$pair@$$CBUUserName@@K@_STL@@U?$_Nonconst_traits@U?$pair@$$CBUUserName@@K@_STL@@@2@@2@ABUUserName@@@Z 0040a140 f i S3PDBSocketPool.obj
 0001:00009190       ?deallocate@?$_STLP_alloc_proxy@PAU?$_Rb_tree_node@U?$pair@$$CBUUserName@@K@_STL@@@_STL@@U12@V?$allocator@U?$pair@$$CBUUserName@@K@_STL@@@2@@_STL@@QAEXPAU?$_Rb_tree_node@U?$pair@$$CBUUserName@@K@_STL@@@2@I@Z 0040a190 f i S3PDBSocketPool.obj
 0001:000091d0       ?_M_create_node@?$list@PAVKGatewayDataProcess@@V?$allocator@PAVKGatewayDataProcess@@@_STL@@@_STL@@IAEPAU?$_List_node@PAVKGatewayDataProcess@@@2@ABQAVKGatewayDataProcess@@@Z 0040a1d0 f i S3PDBSocketPool.obj
 0001:000091f0       ?_M_lower_bound@?$_Rb_tree@UUserName@@U?$pair@$$CBUUserName@@K@_STL@@U?$_Select1st@U?$pair@$$CBUUserName@@K@_STL@@@3@UUserNameCmp@@V?$allocator@U?$pair@$$CBUUserName@@K@_STL@@@3@@_STL@@ABEPAU?$_Rb_tree_node@U?$pair@$$CBUUserName@@K@_STL@@@2@ABUUserName@@@Z 0040a1f0 f i S3PDBSocketPool.obj
 0001:00009230       ??0?$pair@U?$_Rb_tree_iterator@U?$pair@$$CBUUserName@@K@_STL@@U?$_Nonconst_traits@U?$pair@$$CBUUserName@@K@_STL@@@2@@_STL@@U12@@_STL@@QAE@ABU?$_Rb_tree_iterator@U?$pair@$$CBUUserName@@K@_STL@@U?$_Nonconst_traits@U?$pair@$$CBUUserName@@K@_STL@@@2@@1@0@Z 0040a230 f i S3PDBSocketPool.obj
 0001:00009250       ?deallocate@?$allocator@U?$_Rb_tree_node@U?$pair@$$CBUUserName@@K@_STL@@@_STL@@@_STL@@QBEXPAU?$_Rb_tree_node@U?$pair@$$CBUUserName@@K@_STL@@@2@I@Z 0040a250 f i S3PDBSocketPool.obj
 0001:00009290       ?_M_upper_bound@?$_Rb_tree@UUserName@@U?$pair@$$CBUUserName@@K@_STL@@U?$_Select1st@U?$pair@$$CBUUserName@@K@_STL@@@3@UUserNameCmp@@V?$allocator@U?$pair@$$CBUUserName@@K@_STL@@@3@@_STL@@ABEPAU?$_Rb_tree_node@U?$pair@$$CBUUserName@@K@_STL@@@2@ABUUserName@@@Z 0040a290 f i S3PDBSocketPool.obj
 0001:000092d0       ?_M_erase@?$_Rb_tree@UUserName@@U?$pair@$$CBUUserName@@K@_STL@@U?$_Select1st@U?$pair@$$CBUUserName@@K@_STL@@@3@UUserNameCmp@@V?$allocator@U?$pair@$$CBUUserName@@K@_STL@@@3@@_STL@@AAEXPAU?$_Rb_tree_node@U?$pair@$$CBUUserName@@K@_STL@@@2@@Z 0040a2d0 f i S3PDBSocketPool.obj
 0001:00009310       ?insert_unique@?$_Rb_tree@UUserName@@U?$pair@$$CBUUserName@@K@_STL@@U?$_Select1st@U?$pair@$$CBUUserName@@K@_STL@@@3@UUserNameCmp@@V?$allocator@U?$pair@$$CBUUserName@@K@_STL@@@3@@_STL@@QAE?AU?$_Rb_tree_iterator@U?$pair@$$CBUUserName@@K@_STL@@U?$_Nonconst_traits@U?$pair@$$CBUUserName@@K@_STL@@@2@@2@U32@ABU?$pair@$$CBUUserName@@K@2@@Z 0040a310 f i S3PDBSocketPool.obj
 0001:000098c0       ?begin@?$_Rb_tree@UUserName@@U?$pair@$$CBUUserName@@K@_STL@@U?$_Select1st@U?$pair@$$CBUUserName@@K@_STL@@@3@UUserNameCmp@@V?$allocator@U?$pair@$$CBUUserName@@K@_STL@@@3@@_STL@@QAE?AU?$_Rb_tree_iterator@U?$pair@$$CBUUserName@@K@_STL@@U?$_Nonconst_traits@U?$pair@$$CBUUserName@@K@_STL@@@2@@2@XZ 0040a8c0 f i S3PDBSocketPool.obj
 0001:000098d0       ?_M_insert@?$_Rb_tree@UUserName@@U?$pair@$$CBUUserName@@K@_STL@@U?$_Select1st@U?$pair@$$CBUUserName@@K@_STL@@@3@UUserNameCmp@@V?$allocator@U?$pair@$$CBUUserName@@K@_STL@@@3@@_STL@@AAE?AU?$_Rb_tree_iterator@U?$pair@$$CBUUserName@@K@_STL@@U?$_Nonconst_traits@U?$pair@$$CBUUserName@@K@_STL@@@2@@2@PAU_Rb_tree_node_base@2@0ABU?$pair@$$CBUUserName@@K@2@0@Z 0040a8d0 f i S3PDBSocketPool.obj
 0001:00009980       ?insert_unique@?$_Rb_tree@UUserName@@U?$pair@$$CBUUserName@@K@_STL@@U?$_Select1st@U?$pair@$$CBUUserName@@K@_STL@@@3@UUserNameCmp@@V?$allocator@U?$pair@$$CBUUserName@@K@_STL@@@3@@_STL@@QAE?AU?$pair@U?$_Rb_tree_iterator@U?$pair@$$CBUUserName@@K@_STL@@U?$_Nonconst_traits@U?$pair@$$CBUUserName@@K@_STL@@@2@@_STL@@_N@2@ABU?$pair@$$CBUUserName@@K@2@@Z 0040a980 f i S3PDBSocketPool.obj
 0001:00009b20       ?_M_create_node@?$_Rb_tree@UUserName@@U?$pair@$$CBUUserName@@K@_STL@@U?$_Select1st@U?$pair@$$CBUUserName@@K@_STL@@@3@UUserNameCmp@@V?$allocator@U?$pair@$$CBUUserName@@K@_STL@@@3@@_STL@@IAEPAU?$_Rb_tree_node@U?$pair@$$CBUUserName@@K@_STL@@@2@ABU?$pair@$$CBUUserName@@K@2@@Z 0040ab20 f i S3PDBSocketPool.obj
 0001:00009b50       ??0?$pair@U?$_Rb_tree_iterator@U?$pair@$$CBUUserName@@K@_STL@@U?$_Nonconst_traits@U?$pair@$$CBUUserName@@K@_STL@@@2@@_STL@@_N@_STL@@QAE@ABU?$_Rb_tree_iterator@U?$pair@$$CBUUserName@@K@_STL@@U?$_Nonconst_traits@U?$pair@$$CBUUserName@@K@_STL@@@2@@1@AB_N@Z 0040ab50 f i S3PDBSocketPool.obj
 0001:00009b70       ??_EKGatewayDataProcess@@WM@AEPAXI@Z 0040ab70 f i S3PDBSocketPool.obj
 0001:00009b80       ??0S3PResultVBC@@IAE@XZ    0040ab80 f   S3PResultVBC.obj
 0001:00009b90       ??_GS3PResultVBC@@MAEPAXI@Z 0040ab90 f i S3PResultVBC.obj
 0001:00009b90       ??_ES3PResultVBC@@MAEPAXI@Z 0040ab90 f i S3PResultVBC.obj
 0001:00009bb0       ??1S3PResultVBC@@MAE@XZ    0040abb0 f   S3PResultVBC.obj
 0001:00009bc0       _WaitForSingleObject@8     0040abc0 f   kernel32:KERNEL32.dll
 0001:00009bc6       _CloseHandle@4             0040abc6 f   kernel32:KERNEL32.dll
 0001:00009bcc       _TerminateThread@8         0040abcc f   kernel32:KERNEL32.dll
 0001:00009bd2       _CreateEventA@16           0040abd2 f   kernel32:KERNEL32.dll
 0001:00009bd8       _SetEvent@4                0040abd8 f   kernel32:KERNEL32.dll
 0001:00009bde       _ResetEvent@4              0040abde f   kernel32:KERNEL32.dll
 0001:00009be4       _GetModuleFileNameA@12     0040abe4 f   kernel32:KERNEL32.dll
 0001:00009bea       _CreateMutexA@12           0040abea f   kernel32:KERNEL32.dll
 0001:00009bf0       _ReleaseMutex@4            0040abf0 f   kernel32:KERNEL32.dll
 0001:00009bf6       _InitializeCriticalSection@4 0040abf6 f   kernel32:KERNEL32.dll
 0001:00009bfc       _DeleteCriticalSection@4   0040abfc f   kernel32:KERNEL32.dll
 0001:00009c02       _EnterCriticalSection@4    0040ac02 f   kernel32:KERNEL32.dll
 0001:00009c08       _LeaveCriticalSection@4    0040ac08 f   kernel32:KERNEL32.dll
 0001:00009c0e       _GetFileAttributesA@4      0040ac0e f   kernel32:KERNEL32.dll
 0001:00009c14       _WriteFile@20              0040ac14 f   kernel32:KERNEL32.dll
 0001:00009c1a       _GetLocalTime@4            0040ac1a f   kernel32:KERNEL32.dll
 0001:00009c20       _GetFileSize@8             0040ac20 f   kernel32:KERNEL32.dll
 0001:00009c26       _CreateDirectoryA@8        0040ac26 f   kernel32:KERNEL32.dll
 0001:00009c2c       _CreateFileA@28            0040ac2c f   kernel32:KERNEL32.dll
 0001:00009c32       _FreeLibrary@4             0040ac32 f   kernel32:KERNEL32.dll
 0001:00009c38       _GetProcAddress@8          0040ac38 f   kernel32:KERNEL32.dll
 0001:00009c3e       _LoadLibraryA@4            0040ac3e f   kernel32:KERNEL32.dll
 0001:00009c44       _LocalFree@4               0040ac44 f   kernel32:KERNEL32.dll
 0001:00009c4a       _InterlockedDecrement@4    0040ac4a f   kernel32:KERNEL32.dll
 0001:00009c50       _LocalAlloc@8              0040ac50 f   kernel32:KERNEL32.dll
 0001:00009c56       _FormatMessageA@28         0040ac56 f   kernel32:KERNEL32.dll
 0001:00009c5c       _GetLastError@0            0040ac5c f   kernel32:KERNEL32.dll
 0001:00009c62       _MultiByteToWideChar@24    0040ac62 f   kernel32:KERNEL32.dll
 0001:00009c68       _lstrlenA@4                0040ac68 f   kernel32:KERNEL32.dll
 0001:00009c6e       _Sleep@4                   0040ac6e f   kernel32:KERNEL32.dll
 0001:00009c74       _GetTickCount@0            0040ac74 f   kernel32:KERNEL32.dll
 0001:00009c7a       _DispatchMessageA@4        0040ac7a f   user32:USER32.dll
 0001:00009c80       _TranslateMessage@4        0040ac80 f   user32:USER32.dll
 0001:00009c86       _GetMessageA@16            0040ac86 f   user32:USER32.dll
 0001:00009c8c       _LoadStringA@16            0040ac8c f   user32:USER32.dll
 0001:00009c92       _MessageBoxA@16            0040ac92 f   user32:USER32.dll
 0001:00009c98       _RegisterClassExA@4        0040ac98 f   user32:USER32.dll
 0001:00009c9e       _LoadCursorA@8             0040ac9e f   user32:USER32.dll
 0001:00009ca4       _LoadIconA@8               0040aca4 f   user32:USER32.dll
 0001:00009caa       _SendMessageA@16           0040acaa f   user32:USER32.dll
 0001:00009cb0       _SetTimer@16               0040acb0 f   user32:USER32.dll
 0001:00009cb6       _UpdateWindow@4            0040acb6 f   user32:USER32.dll
 0001:00009cbc       _ShowWindow@8              0040acbc f   user32:USER32.dll
 0001:00009cc2       _GetClientRect@8           0040acc2 f   user32:USER32.dll
 0001:00009cc8       _CreateWindowExA@48        0040acc8 f   user32:USER32.dll
 0001:00009cce       _EndDialog@8               0040acce f   user32:USER32.dll
 0001:00009cd4       _DialogBoxParamA@20        0040acd4 f   user32:USER32.dll
 0001:00009cda       _DefWindowProcA@16         0040acda f   user32:USER32.dll
 0001:00009ce0       _DestroyWindow@4           0040ace0 f   user32:USER32.dll
 0001:00009ce6       _PostQuitMessage@4         0040ace6 f   user32:USER32.dll
 0001:00009cec       _KillTimer@8               0040acec f   user32:USER32.dll
 0001:00009cf2       _MoveWindow@24             0040acf2 f   user32:USER32.dll
 0001:00009cf8       _EndPaint@8                0040acf8 f   user32:USER32.dll
 0001:00009cfe       _BeginPaint@8              0040acfe f   user32:USER32.dll
 0001:00009d04       _wsprintfA                 0040ad04 f   user32:USER32.dll
 0001:00009d0a       _CoInitializeEx@8          0040ad0a f   ole32:ole32.dll
 0001:00009d10       _CoUninitialize@0          0040ad10 f   ole32:ole32.dll
 0001:00009d16       _OleRun@4                  0040ad16 f   ole32:ole32.dll
 0001:00009d1c       _CoCreateInstance@20       0040ad1c f   ole32:ole32.dll
 0001:00009d22       _CLSIDFromProgID@8         0040ad22 f   ole32:ole32.dll
 0001:00009d28       _CLSIDFromString@8         0040ad28 f   ole32:ole32.dll
 0001:00009d2e       _VariantClear@4            0040ad2e f   oleaut32:OLEAUT32.dll
 0001:00009d34       _VariantInit@4             0040ad34 f   oleaut32:OLEAUT32.dll
 0001:00009d3a       _SysFreeString@4           0040ad3a f   oleaut32:OLEAUT32.dll
 0001:00009d40       _SysAllocString@4          0040ad40 f   oleaut32:OLEAUT32.dll
 0001:00009d46       _VariantChangeType@16      0040ad46 f   oleaut32:OLEAUT32.dll
 0001:00009d4c       _WSACleanup@0              0040ad4c f   Ws2_32:WS2_32.dll
 0001:00009d52       _closesocket@4             0040ad52 f   Ws2_32:WS2_32.dll
 0001:00009d58       _bind@12                   0040ad58 f   Ws2_32:WS2_32.dll
 0001:00009d5e       _htonl@4                   0040ad5e f   Ws2_32:WS2_32.dll
 0001:00009d64       _htons@4                   0040ad64 f   Ws2_32:WS2_32.dll
 0001:00009d6a       _socket@12                 0040ad6a f   Ws2_32:WS2_32.dll
 0001:00009d70       _WSAStartup@8              0040ad70 f   Ws2_32:WS2_32.dll
 0001:00009d76       _inet_addr@4               0040ad76 f   Ws2_32:WS2_32.dll
 0001:00009d7c       _inet_ntoa@4               0040ad7c f   Ws2_32:WS2_32.dll
 0001:00009d90       ?get_allocator@?$basic_string@GV?$char_traits@G@_STL@@V?$allocator@G@2@@_STL@@QBE?AV?$allocator@G@2@XZ 0040ad90 f i stlport_vc6_static:string_w.obj
 0001:00009db0       ??0?$basic_string@GV?$char_traits@G@_STL@@V?$allocator@G@2@@_STL@@QAE@ABV?$allocator@G@1@@Z 0040adb0 f i stlport_vc6_static:string_w.obj
 0001:00009e40       ??0?$basic_string@GV?$char_traits@G@_STL@@V?$allocator@G@2@@_STL@@QAE@U_String_reserve_t@1@IABV?$allocator@G@1@@Z 0040ae40 f i stlport_vc6_static:string_w.obj
 0001:00009f10       ??0?$basic_string@GV?$char_traits@G@_STL@@V?$allocator@G@2@@_STL@@QAE@ABV01@IIABV?$allocator@G@1@@Z 0040af10 f i stlport_vc6_static:string_w.obj
 0001:0000a080       ??0?$basic_string@GV?$char_traits@G@_STL@@V?$allocator@G@2@@_STL@@QAE@PBGIABV?$allocator@G@1@@Z 0040b080 f i stlport_vc6_static:string_w.obj
 0001:0000a1b0       ??0?$basic_string@GV?$char_traits@G@_STL@@V?$allocator@G@2@@_STL@@QAE@IGABV?$allocator@G@1@@Z 0040b1b0 f i stlport_vc6_static:string_w.obj
 0001:0000a280       ??1?$basic_string@GV?$char_traits@G@_STL@@V?$allocator@G@2@@_STL@@QAE@XZ 0040b280 f i stlport_vc6_static:string_w.obj
 0001:0000a310       ??4?$basic_string@GV?$char_traits@G@_STL@@V?$allocator@G@2@@_STL@@QAEAAV01@ABV01@@Z 0040b310 f i stlport_vc6_static:string_w.obj
 0001:0000a3a0       ??4?$basic_string@GV?$char_traits@G@_STL@@V?$allocator@G@2@@_STL@@QAEAAV01@PBG@Z 0040b3a0 f i stlport_vc6_static:string_w.obj
 0001:0000a470       ??4?$basic_string@GV?$char_traits@G@_STL@@V?$allocator@G@2@@_STL@@QAEAAV01@G@Z 0040b470 f i stlport_vc6_static:string_w.obj
 0001:0000a510       ?_M_null@?$basic_string@GV?$char_traits@G@_STL@@V?$allocator@G@2@@_STL@@SAGXZ 0040b510 f i stlport_vc6_static:string_w.obj
 0001:0000a520       ?_M_construct_null_aux@?$basic_string@GV?$char_traits@G@_STL@@V?$allocator@G@2@@_STL@@AAEXPAGABU__false_type@2@@Z 0040b520 f i stlport_vc6_static:string_w.obj
 0001:0000a530       ?_M_construct_null_aux@?$basic_string@GV?$char_traits@G@_STL@@V?$allocator@G@2@@_STL@@AAEXPAGABU__true_type@2@@Z 0040b530 f i stlport_vc6_static:string_w.obj
 0001:0000a540       ?_M_construct_null@?$basic_string@GV?$char_traits@G@_STL@@V?$allocator@G@2@@_STL@@AAEXPAG@Z 0040b540 f i stlport_vc6_static:string_w.obj
 0001:0000a550       ?_M_terminate_string_aux@?$basic_string@GV?$char_traits@G@_STL@@V?$allocator@G@2@@_STL@@AAEXABU__false_type@2@@Z 0040b550 f i stlport_vc6_static:string_w.obj
 0001:0000a560       ?_M_terminate_string_aux@?$basic_string@GV?$char_traits@G@_STL@@V?$allocator@G@2@@_STL@@AAEXABU__true_type@2@@Z 0040b560 f i stlport_vc6_static:string_w.obj
 0001:0000a570       ?_M_terminate_string@?$basic_string@GV?$char_traits@G@_STL@@V?$allocator@G@2@@_STL@@AAEXXZ 0040b570 f i stlport_vc6_static:string_w.obj
 0001:0000a580       ?begin@?$basic_string@GV?$char_traits@G@_STL@@V?$allocator@G@2@@_STL@@QAEPAGXZ 0040b580 f i stlport_vc6_static:string_w.obj
 0001:0000a590       ?end@?$basic_string@GV?$char_traits@G@_STL@@V?$allocator@G@2@@_STL@@QAEPAGXZ 0040b590 f i stlport_vc6_static:string_w.obj
 0001:0000a5a0       ?begin@?$basic_string@GV?$char_traits@G@_STL@@V?$allocator@G@2@@_STL@@QBEPBGXZ 0040b5a0 f i stlport_vc6_static:string_w.obj
 0001:0000a5b0       ?end@?$basic_string@GV?$char_traits@G@_STL@@V?$allocator@G@2@@_STL@@QBEPBGXZ 0040b5b0 f i stlport_vc6_static:string_w.obj
 0001:0000a5c0       ?rbegin@?$basic_string@GV?$char_traits@G@_STL@@V?$allocator@G@2@@_STL@@QAE?AV?$reverse_iterator@PAGGAAGPAGH@2@XZ 0040b5c0 f i stlport_vc6_static:string_w.obj
 0001:0000a5d0       ?rend@?$basic_string@GV?$char_traits@G@_STL@@V?$allocator@G@2@@_STL@@QAE?AV?$reverse_iterator@PAGGAAGPAGH@2@XZ 0040b5d0 f i stlport_vc6_static:string_w.obj
 0001:0000a5e0       ?rbegin@?$basic_string@GV?$char_traits@G@_STL@@V?$allocator@G@2@@_STL@@QBE?AV?$reverse_iterator@PBGGABGPBGH@2@XZ 0040b5e0 f i stlport_vc6_static:string_w.obj
 0001:0000a5f0       ?rend@?$basic_string@GV?$char_traits@G@_STL@@V?$allocator@G@2@@_STL@@QBE?AV?$reverse_iterator@PBGGABGPBGH@2@XZ 0040b5f0 f i stlport_vc6_static:string_w.obj
 0001:0000a600       ?size@?$basic_string@GV?$char_traits@G@_STL@@V?$allocator@G@2@@_STL@@QBEIXZ 0040b600 f i stlport_vc6_static:string_w.obj
 0001:0000a610       ?length@?$basic_string@GV?$char_traits@G@_STL@@V?$allocator@G@2@@_STL@@QBEIXZ 0040b610 f i stlport_vc6_static:string_w.obj
 0001:0000a620       ?max_size@?$basic_string@GV?$char_traits@G@_STL@@V?$allocator@G@2@@_STL@@QBEIXZ 0040b620 f i stlport_vc6_static:string_w.obj
 0001:0000a630       ?resize@?$basic_string@GV?$char_traits@G@_STL@@V?$allocator@G@2@@_STL@@QAEXIG@Z 0040b630 f i stlport_vc6_static:string_w.obj
 0001:0000a690       ?resize@?$basic_string@GV?$char_traits@G@_STL@@V?$allocator@G@2@@_STL@@QAEXI@Z 0040b690 f i stlport_vc6_static:string_w.obj
 0001:0000a6f0       ?capacity@?$basic_string@GV?$char_traits@G@_STL@@V?$allocator@G@2@@_STL@@QBEIXZ 0040b6f0 f i stlport_vc6_static:string_w.obj
 0001:0000a700       ?clear@?$basic_string@GV?$char_traits@G@_STL@@V?$allocator@G@2@@_STL@@QAEXXZ 0040b700 f i stlport_vc6_static:string_w.obj
 0001:0000a720       ?empty@?$basic_string@GV?$char_traits@G@_STL@@V?$allocator@G@2@@_STL@@QBE_NXZ 0040b720 f i stlport_vc6_static:string_w.obj
 0001:0000a740       ??A?$basic_string@GV?$char_traits@G@_STL@@V?$allocator@G@2@@_STL@@QBEABGI@Z 0040b740 f i stlport_vc6_static:string_w.obj
 0001:0000a750       ??A?$basic_string@GV?$char_traits@G@_STL@@V?$allocator@G@2@@_STL@@QAEAAGI@Z 0040b750 f i stlport_vc6_static:string_w.obj
 0001:0000a760       ?at@?$basic_string@GV?$char_traits@G@_STL@@V?$allocator@G@2@@_STL@@QBEABGI@Z 0040b760 f i stlport_vc6_static:string_w.obj
 0001:0000a790       ?at@?$basic_string@GV?$char_traits@G@_STL@@V?$allocator@G@2@@_STL@@QAEAAGI@Z 0040b790 f i stlport_vc6_static:string_w.obj
 0001:0000a7c0       ??Y?$basic_string@GV?$char_traits@G@_STL@@V?$allocator@G@2@@_STL@@QAEAAV01@ABV01@@Z 0040b7c0 f i stlport_vc6_static:string_w.obj
 0001:0000a7f0       ??Y?$basic_string@GV?$char_traits@G@_STL@@V?$allocator@G@2@@_STL@@QAEAAV01@PBG@Z 0040b7f0 f i stlport_vc6_static:string_w.obj
 0001:0000a830       ??Y?$basic_string@GV?$char_traits@G@_STL@@V?$allocator@G@2@@_STL@@QAEAAV01@G@Z 0040b830 f i stlport_vc6_static:string_w.obj
 0001:0000a8a0       ?append@?$basic_string@GV?$char_traits@G@_STL@@V?$allocator@G@2@@_STL@@QAEAAV12@ABV12@@Z 0040b8a0 f i stlport_vc6_static:string_w.obj
 0001:0000a8d0       ?append@?$basic_string@GV?$char_traits@G@_STL@@V?$allocator@G@2@@_STL@@QAEAAV12@ABV12@II@Z 0040b8d0 f i stlport_vc6_static:string_w.obj
 0001:0000a940       ?append@?$basic_string@GV?$char_traits@G@_STL@@V?$allocator@G@2@@_STL@@QAEAAV12@PBGI@Z 0040b940 f i stlport_vc6_static:string_w.obj
 0001:0000a970       ?append@?$basic_string@GV?$char_traits@G@_STL@@V?$allocator@G@2@@_STL@@QAEAAV12@PBG@Z 0040b970 f i stlport_vc6_static:string_w.obj
 0001:0000a9b0       ?push_back@?$basic_string@GV?$char_traits@G@_STL@@V?$allocator@G@2@@_STL@@QAEXG@Z 0040b9b0 f i stlport_vc6_static:string_w.obj
 0001:0000aa20       ?pop_back@?$basic_string@GV?$char_traits@G@_STL@@V?$allocator@G@2@@_STL@@QAEXXZ 0040ba20 f i stlport_vc6_static:string_w.obj
 0001:0000aa40       ?assign@?$basic_string@GV?$char_traits@G@_STL@@V?$allocator@G@2@@_STL@@QAEAAV12@ABV12@@Z 0040ba40 f i stlport_vc6_static:string_w.obj
 0001:0000aad0       ?assign@?$basic_string@GV?$char_traits@G@_STL@@V?$allocator@G@2@@_STL@@QAEAAV12@ABV12@II@Z 0040bad0 f i stlport_vc6_static:string_w.obj
 0001:0000aba0       ?assign@?$basic_string@GV?$char_traits@G@_STL@@V?$allocator@G@2@@_STL@@QAEAAV12@PBGI@Z 0040bba0 f i stlport_vc6_static:string_w.obj
 0001:0000ac60       ?assign@?$basic_string@GV?$char_traits@G@_STL@@V?$allocator@G@2@@_STL@@QAEAAV12@PBG@Z 0040bc60 f i stlport_vc6_static:string_w.obj
 0001:0000ad30       ?assign@?$basic_string@GV?$char_traits@G@_STL@@V?$allocator@G@2@@_STL@@QAEAAV12@PBG0@Z 0040bd30 f i stlport_vc6_static:string_w.obj
 0001:0000adf0       ?_M_acquire_lock@_STLP_mutex_base@_STL@@QAEXXZ 0040bdf0 f i stlport_vc6_static:string_w.obj
 0001:0000aee0       ?_M_release_lock@_STLP_mutex_base@_STL@@QAEXXZ 0040bee0 f i stlport_vc6_static:string_w.obj
 0001:0000aef0       ?insert@?$basic_string@GV?$char_traits@G@_STL@@V?$allocator@G@2@@_STL@@QAEAAV12@IABV12@@Z 0040bef0 f i stlport_vc6_static:string_w.obj
 0001:0000af70       ?insert@?$basic_string@GV?$char_traits@G@_STL@@V?$allocator@G@2@@_STL@@QAEAAV12@IABV12@II@Z 0040bf70 f i stlport_vc6_static:string_w.obj
 0001:0000b020       ?insert@?$basic_string@GV?$char_traits@G@_STL@@V?$allocator@G@2@@_STL@@QAEAAV12@IPBGI@Z 0040c020 f i stlport_vc6_static:string_w.obj
 0001:0000b0a0       ?insert@?$basic_string@GV?$char_traits@G@_STL@@V?$allocator@G@2@@_STL@@QAEAAV12@IPBG@Z 0040c0a0 f i stlport_vc6_static:string_w.obj
 0001:0000b130       ?insert@?$basic_string@GV?$char_traits@G@_STL@@V?$allocator@G@2@@_STL@@QAEAAV12@IIG@Z 0040c130 f i stlport_vc6_static:string_w.obj
 0001:0000b1a0       ?insert@?$basic_string@GV?$char_traits@G@_STL@@V?$allocator@G@2@@_STL@@QAEPAGPAGG@Z 0040c1a0 f i stlport_vc6_static:string_w.obj
 0001:0000b220       ?_M_copy@?$basic_string@GV?$char_traits@G@_STL@@V?$allocator@G@2@@_STL@@AAEXPBG0PAG@Z 0040c220 f i stlport_vc6_static:string_w.obj
 0001:0000b250       ?erase@?$basic_string@GV?$char_traits@G@_STL@@V?$allocator@G@2@@_STL@@QAEAAV12@II@Z 0040c250 f i stlport_vc6_static:string_w.obj
 0001:0000b2e0       ?erase@?$basic_string@GV?$char_traits@G@_STL@@V?$allocator@G@2@@_STL@@QAEPAGPAG@Z 0040c2e0 f i stlport_vc6_static:string_w.obj
 0001:0000b320       ?erase@?$basic_string@GV?$char_traits@G@_STL@@V?$allocator@G@2@@_STL@@QAEPAGPAG0@Z 0040c320 f i stlport_vc6_static:string_w.obj
 0001:0000b360       ?replace@?$basic_string@GV?$char_traits@G@_STL@@V?$allocator@G@2@@_STL@@QAEAAV12@IIABV12@@Z 0040c360 f i stlport_vc6_static:string_w.obj
 0001:0000b490       ?replace@?$basic_string@GV?$char_traits@G@_STL@@V?$allocator@G@2@@_STL@@QAEAAV12@IIABV12@II@Z 0040c490 f i stlport_vc6_static:string_w.obj
 0001:0000b5f0       ?replace@?$basic_string@GV?$char_traits@G@_STL@@V?$allocator@G@2@@_STL@@QAEAAV12@IIPBGI@Z 0040c5f0 f i stlport_vc6_static:string_w.obj
 0001:0000b720       ?replace@?$basic_string@GV?$char_traits@G@_STL@@V?$allocator@G@2@@_STL@@QAEAAV12@IIPBG@Z 0040c720 f i stlport_vc6_static:string_w.obj
 0001:0000b870       ?replace@?$basic_string@GV?$char_traits@G@_STL@@V?$allocator@G@2@@_STL@@QAEAAV12@IIIG@Z 0040c870 f i stlport_vc6_static:string_w.obj
 0001:0000b9a0       ?replace@?$basic_string@GV?$char_traits@G@_STL@@V?$allocator@G@2@@_STL@@QAEAAV12@PAG0ABV12@@Z 0040c9a0 f i stlport_vc6_static:string_w.obj
 0001:0000ba60       ?replace@?$basic_string@GV?$char_traits@G@_STL@@V?$allocator@G@2@@_STL@@QAEAAV12@PAG0PBGI@Z 0040ca60 f i stlport_vc6_static:string_w.obj
 0001:0000bb20       ?replace@?$basic_string@GV?$char_traits@G@_STL@@V?$allocator@G@2@@_STL@@QAEAAV12@PAG0PBG@Z 0040cb20 f i stlport_vc6_static:string_w.obj
 0001:0000bc00       ?copy@?$basic_string@GV?$char_traits@G@_STL@@V?$allocator@G@2@@_STL@@QBEIPAGII@Z 0040cc00 f i stlport_vc6_static:string_w.obj
 0001:0000bc70       ?swap@?$basic_string@GV?$char_traits@G@_STL@@V?$allocator@G@2@@_STL@@QAEXAAV12@@Z 0040cc70 f i stlport_vc6_static:string_w.obj
 0001:0000bca0       ?c_str@?$basic_string@GV?$char_traits@G@_STL@@V?$allocator@G@2@@_STL@@QBEPBGXZ 0040cca0 f i stlport_vc6_static:string_w.obj
 0001:0000bcb0       ?data@?$basic_string@GV?$char_traits@G@_STL@@V?$allocator@G@2@@_STL@@QBEPBGXZ 0040ccb0 f i stlport_vc6_static:string_w.obj
 0001:0000bcc0       ?find@?$basic_string@GV?$char_traits@G@_STL@@V?$allocator@G@2@@_STL@@QBEIABV12@I@Z 0040ccc0 f i stlport_vc6_static:string_w.obj
 0001:0000bdc0       ?find@?$basic_string@GV?$char_traits@G@_STL@@V?$allocator@G@2@@_STL@@QBEIPBGI@Z 0040cdc0 f i stlport_vc6_static:string_w.obj
 0001:0000bec0       ?rfind@?$basic_string@GV?$char_traits@G@_STL@@V?$allocator@G@2@@_STL@@QBEIABV12@I@Z 0040cec0 f i stlport_vc6_static:string_w.obj
 0001:0000c010       ?rfind@?$basic_string@GV?$char_traits@G@_STL@@V?$allocator@G@2@@_STL@@QBEIPBGI@Z 0040d010 f i stlport_vc6_static:string_w.obj
 0001:0000c170       ?find_first_of@?$basic_string@GV?$char_traits@G@_STL@@V?$allocator@G@2@@_STL@@QBEIABV12@I@Z 0040d170 f i stlport_vc6_static:string_w.obj
 0001:0000c1e0       ?find_first_of@?$basic_string@GV?$char_traits@G@_STL@@V?$allocator@G@2@@_STL@@QBEIPBGI@Z 0040d1e0 f i stlport_vc6_static:string_w.obj
 0001:0000c260       ?find_first_of@?$basic_string@GV?$char_traits@G@_STL@@V?$allocator@G@2@@_STL@@QBEIGI@Z 0040d260 f i stlport_vc6_static:string_w.obj
 0001:0000c2f0       ?find_last_of@?$basic_string@GV?$char_traits@G@_STL@@V?$allocator@G@2@@_STL@@QBEIABV12@I@Z 0040d2f0 f i stlport_vc6_static:string_w.obj
 0001:0000c380       ?find_last_of@?$basic_string@GV?$char_traits@G@_STL@@V?$allocator@G@2@@_STL@@QBEIPBGI@Z 0040d380 f i stlport_vc6_static:string_w.obj
 0001:0000c420       ?find_last_of@?$basic_string@GV?$char_traits@G@_STL@@V?$allocator@G@2@@_STL@@QBEIGI@Z 0040d420 f i stlport_vc6_static:string_w.obj
 0001:0000c4a0       ?find_first_not_of@?$basic_string@GV?$char_traits@G@_STL@@V?$allocator@G@2@@_STL@@QBEIABV12@I@Z 0040d4a0 f i stlport_vc6_static:string_w.obj
 0001:0000c6b0       ?find_first_not_of@?$basic_string@GV?$char_traits@G@_STL@@V?$allocator@G@2@@_STL@@QBEIPBGI@Z 0040d6b0 f i stlport_vc6_static:string_w.obj
 0001:0000c890       ?find_last_not_of@?$basic_string@GV?$char_traits@G@_STL@@V?$allocator@G@2@@_STL@@QBEIABV12@I@Z 0040d890 f i stlport_vc6_static:string_w.obj
 0001:0000c920       ?find_last_not_of@?$basic_string@GV?$char_traits@G@_STL@@V?$allocator@G@2@@_STL@@QBEIPBGI@Z 0040d920 f i stlport_vc6_static:string_w.obj
 0001:0000c9c0       ?substr@?$basic_string@GV?$char_traits@G@_STL@@V?$allocator@G@2@@_STL@@QBE?AV12@II@Z 0040d9c0 f i stlport_vc6_static:string_w.obj
 0001:0000cae0       ?__stl_new@_STL@@YAPAXI@Z  0040dae0 f i stlport_vc6_static:string_w.obj
 0001:0000caf0       ?compare@?$basic_string@GV?$char_traits@G@_STL@@V?$allocator@G@2@@_STL@@QBEHABV12@@Z 0040daf0 f i stlport_vc6_static:string_w.obj
 0001:0000cb90       ?compare@?$basic_string@GV?$char_traits@G@_STL@@V?$allocator@G@2@@_STL@@QBEHIIABV12@@Z 0040db90 f i stlport_vc6_static:string_w.obj
 0001:0000cc70       ?compare@?$basic_string@GV?$char_traits@G@_STL@@V?$allocator@G@2@@_STL@@QBEHIIABV12@II@Z 0040dc70 f i stlport_vc6_static:string_w.obj
 0001:0000cd90       ?compare@?$basic_string@GV?$char_traits@G@_STL@@V?$allocator@G@2@@_STL@@QBEHPBG@Z 0040dd90 f i stlport_vc6_static:string_w.obj
 0001:0000ce40       ?compare@?$basic_string@GV?$char_traits@G@_STL@@V?$allocator@G@2@@_STL@@QBEHIIPBG@Z 0040de40 f i stlport_vc6_static:string_w.obj
 0001:0000cf20       ?compare@?$basic_string@GV?$char_traits@G@_STL@@V?$allocator@G@2@@_STL@@QBEHIIPBGI@Z 0040df20 f i stlport_vc6_static:string_w.obj
 0001:0000cff0       ?_M_compare@?$basic_string@GV?$char_traits@G@_STL@@V?$allocator@G@2@@_STL@@SAHPBG000@Z 0040dff0 f i stlport_vc6_static:string_w.obj
 0001:0000d080       ?_M_deallocate_block@?$_String_base@GV?$allocator@G@_STL@@@_STL@@QAEXXZ 0040e080 f i stlport_vc6_static:string_w.obj
 0001:0000d0b0       ?max_size@?$_String_base@GV?$allocator@G@_STL@@@_STL@@QBEIXZ 0040e0b0 f i stlport_vc6_static:string_w.obj
 0001:0000d0c0       ??0?$_String_base@GV?$allocator@G@_STL@@@_STL@@QAE@ABV?$allocator@G@1@@Z 0040e0c0 f i stlport_vc6_static:string_w.obj
 0001:0000d0d0       ??0?$_String_base@GV?$allocator@G@_STL@@@_STL@@QAE@ABV?$allocator@G@1@I@Z 0040e0d0 f i stlport_vc6_static:string_w.obj
 0001:0000d220       ??1?$_String_base@GV?$allocator@G@_STL@@@_STL@@QAE@XZ 0040e220 f i stlport_vc6_static:string_w.obj
 0001:0000d2b0       ??0?$allocator@G@_STL@@QAE@XZ 0040e2b0 f i stlport_vc6_static:string_w.obj
 0001:0000d2c0       ??0?$allocator@G@_STL@@QAE@ABV01@@Z 0040e2c0 f i stlport_vc6_static:string_w.obj
 0001:0000d2d0       ??1?$allocator@G@_STL@@QAE@XZ 0040e2d0 f i stlport_vc6_static:string_w.obj
 0001:0000d2e0       ?address@?$allocator@G@_STL@@QAEPAGAAG@Z 0040e2e0 f i stlport_vc6_static:string_w.obj
 0001:0000d2f0       ?address@?$allocator@G@_STL@@QBEPBGABG@Z 0040e2f0 f i stlport_vc6_static:string_w.obj
 0001:0000d300       ?allocate@?$allocator@G@_STL@@QBEPAGIPBX@Z 0040e300 f i stlport_vc6_static:string_w.obj
 0001:0000d330       ?deallocate@?$allocator@G@_STL@@QBEXPAGI@Z 0040e330 f i stlport_vc6_static:string_w.obj
 0001:0000d360       ?deallocate@?$allocator@G@_STL@@QBEXPAG@Z 0040e360 f i stlport_vc6_static:string_w.obj
 0001:0000d380       ?max_size@?$allocator@G@_STL@@QBEIXZ 0040e380 f i stlport_vc6_static:string_w.obj
 0001:0000d390       ?construct@?$allocator@G@_STL@@QBEXPAGABG@Z 0040e390 f i stlport_vc6_static:string_w.obj
 0001:0000d3b0       ?destroy@?$allocator@G@_STL@@QBEXPAG@Z 0040e3b0 f i stlport_vc6_static:string_w.obj
 0001:0000d3c0       ??1?$_STLP_alloc_proxy@PAGGV?$allocator@G@_STL@@@_STL@@QAE@XZ 0040e3c0 f i stlport_vc6_static:string_w.obj
 0001:0000d3d0       ??0?$reverse_iterator@PBGGABGPBGH@_STL@@QAE@PBG@Z 0040e3d0 f i stlport_vc6_static:string_w.obj
 0001:0000d3e0       ?_M_do_lock@?$_STLP_mutex_spin@$0A@@_STL@@SAXPCJ@Z 0040e3e0 f i stlport_vc6_static:string_w.obj
 0001:0000d4d0       ?_M_allocate_block@?$_String_base@GV?$allocator@G@_STL@@@_STL@@QAEXI@Z 0040e4d0 f i stlport_vc6_static:string_w.obj
 0001:0000d530       ?_M_throw_length_error@?$_String_base@GV?$allocator@G@_STL@@@_STL@@QBEXXZ 0040e530 f i stlport_vc6_static:string_w.obj
 0001:0000d540       ?_M_throw_out_of_range@?$_String_base@GV?$allocator@G@_STL@@@_STL@@QBEXXZ 0040e540 f i stlport_vc6_static:string_w.obj
 0001:0000d550       ??0?$basic_string@GV?$char_traits@G@_STL@@V?$allocator@G@2@@_STL@@QAE@PBGABV?$allocator@G@1@@Z 0040e550 f i stlport_vc6_static:string_w.obj
 0001:0000d620       ??0?$basic_string@GV?$char_traits@G@_STL@@V?$allocator@G@2@@_STL@@QAE@ABV01@@Z 0040e620 f i stlport_vc6_static:string_w.obj
 0001:0000d6f0       ??0?$basic_string@GV?$char_traits@G@_STL@@V?$allocator@G@2@@_STL@@QAE@XZ 0040e6f0 f i stlport_vc6_static:string_w.obj
 0001:0000d7c0       ?reserve@?$basic_string@GV?$char_traits@G@_STL@@V?$allocator@G@2@@_STL@@QAEXI@Z 0040e7c0 f i stlport_vc6_static:string_w.obj
 0001:0000d980       ?append@?$basic_string@GV?$char_traits@G@_STL@@V?$allocator@G@2@@_STL@@QAEAAV12@IG@Z 0040e980 f i stlport_vc6_static:string_w.obj
 0001:0000da40       ?assign@?$basic_string@GV?$char_traits@G@_STL@@V?$allocator@G@2@@_STL@@QAEAAV12@IG@Z 0040ea40 f i stlport_vc6_static:string_w.obj
 0001:0000daf0       ?insert@?$basic_string@GV?$char_traits@G@_STL@@V?$allocator@G@2@@_STL@@QAEXPAGIG@Z 0040eaf0 f i stlport_vc6_static:string_w.obj
 0001:0000ddb0       ?_M_insert_aux@?$basic_string@GV?$char_traits@G@_STL@@V?$allocator@G@2@@_STL@@AAEPAGPAGG@Z 0040edb0 f i stlport_vc6_static:string_w.obj
 0001:0000dfd0       ?replace@?$basic_string@GV?$char_traits@G@_STL@@V?$allocator@G@2@@_STL@@QAEAAV12@PAG0IG@Z 0040efd0 f i stlport_vc6_static:string_w.obj
 0001:0000e090       ?find@?$basic_string@GV?$char_traits@G@_STL@@V?$allocator@G@2@@_STL@@QBEIGI@Z 0040f090 f i stlport_vc6_static:string_w.obj
 0001:0000e120       ?find@?$basic_string@GV?$char_traits@G@_STL@@V?$allocator@G@2@@_STL@@QBEIPBGII@Z 0040f120 f i stlport_vc6_static:string_w.obj
 0001:0000e210       ?rfind@?$basic_string@GV?$char_traits@G@_STL@@V?$allocator@G@2@@_STL@@QBEIGI@Z 0040f210 f i stlport_vc6_static:string_w.obj
 0001:0000e290       ?rfind@?$basic_string@GV?$char_traits@G@_STL@@V?$allocator@G@2@@_STL@@QBEIPBGII@Z 0040f290 f i stlport_vc6_static:string_w.obj
 0001:0000e3d0       ?find_first_of@?$basic_string@GV?$char_traits@G@_STL@@V?$allocator@G@2@@_STL@@QBEIPBGII@Z 0040f3d0 f i stlport_vc6_static:string_w.obj
 0001:0000e440       ?find_last_of@?$basic_string@GV?$char_traits@G@_STL@@V?$allocator@G@2@@_STL@@QBEIPBGII@Z 0040f440 f i stlport_vc6_static:string_w.obj
 0001:0000e4d0       ?find_first_not_of@?$basic_string@GV?$char_traits@G@_STL@@V?$allocator@G@2@@_STL@@QBEIGI@Z 0040f4d0 f i stlport_vc6_static:string_w.obj
 0001:0000e560       ?find_first_not_of@?$basic_string@GV?$char_traits@G@_STL@@V?$allocator@G@2@@_STL@@QBEIPBGII@Z 0040f560 f i stlport_vc6_static:string_w.obj
 0001:0000e770       ?find_last_not_of@?$basic_string@GV?$char_traits@G@_STL@@V?$allocator@G@2@@_STL@@QBEIGI@Z 0040f770 f i stlport_vc6_static:string_w.obj
 0001:0000e7f0       ?find_last_not_of@?$basic_string@GV?$char_traits@G@_STL@@V?$allocator@G@2@@_STL@@QBEIPBGII@Z 0040f7f0 f i stlport_vc6_static:string_w.obj
 0001:0000e880       ?_M_range_initialize@?$basic_string@GV?$char_traits@G@_STL@@V?$allocator@G@2@@_STL@@AAEXPAG0@Z 0040f880 f i stlport_vc6_static:string_w.obj
 0001:0000e910       ?_M_range_initialize@?$basic_string@GV?$char_traits@G@_STL@@V?$allocator@G@2@@_STL@@AAEXPBG0@Z 0040f910 f i stlport_vc6_static:string_w.obj
 0001:0000e9a0       ?assign@?$basic_string@GV?$char_traits@G@_STL@@V?$allocator@G@2@@_STL@@QAEAAV12@PAG0@Z 0040f9a0 f i stlport_vc6_static:string_w.obj
 0001:0000ea30       ?append@?$basic_string@GV?$char_traits@G@_STL@@V?$allocator@G@2@@_STL@@QAEAAV12@PAG0@Z 0040fa30 f i stlport_vc6_static:string_w.obj
 0001:0000ea60       ?append@?$basic_string@GV?$char_traits@G@_STL@@V?$allocator@G@2@@_STL@@QAEAAV12@PBG0@Z 0040fa60 f i stlport_vc6_static:string_w.obj
 0001:0000ea90       ?insert@?$basic_string@GV?$char_traits@G@_STL@@V?$allocator@G@2@@_STL@@QAEXPAG00@Z 0040fa90 f i stlport_vc6_static:string_w.obj
 0001:0000eac0       ?insert@?$basic_string@GV?$char_traits@G@_STL@@V?$allocator@G@2@@_STL@@QAEXPAGPBG1@Z 0040fac0 f i stlport_vc6_static:string_w.obj
 0001:0000eaf0       ?replace@?$basic_string@GV?$char_traits@G@_STL@@V?$allocator@G@2@@_STL@@QAEAAV12@PAG000@Z 0040faf0 f i stlport_vc6_static:string_w.obj
 0001:0000ebb0       ?replace@?$basic_string@GV?$char_traits@G@_STL@@V?$allocator@G@2@@_STL@@QAEAAV12@PAG0PBG1@Z 0040fbb0 f i stlport_vc6_static:string_w.obj
 0001:0000ec70       ?swap@_STL@@YAXAAV?$_STLP_alloc_proxy@PAGGV?$allocator@G@_STL@@@1@0@Z 0040fc70 f i stlport_vc6_static:string_w.obj
 0001:0000ec90       ??0?$basic_string@GV?$char_traits@G@_STL@@V?$allocator@G@2@@_STL@@QAE@PAG0@Z 0040fc90 f i stlport_vc6_static:string_w.obj
 0001:0000eda0       ?_M_allocate@?$__node_alloc@$00$0A@@_STL@@CAPAXI@Z 0040fda0 f i stlport_vc6_static:string_w.obj
 0001:0000ef50       ?_M_deallocate@?$__node_alloc@$00$0A@@_STL@@CAXPAXI@Z 0040ff50 f i stlport_vc6_static:string_w.obj
 0001:0000f080       ??0?$reverse_iterator@PBGGABGPBGH@_STL@@QAE@ABV01@@Z 00410080 f i stlport_vc6_static:string_w.obj
 0001:0000f090       ??0?$_Node_Alloc_Lock@$00$0A@@_STL@@QAE@XZ 00410090 f i stlport_vc6_static:string_w.obj
 0001:0000f1a0       ??1?$_Node_Alloc_Lock@$00$0A@@_STL@@QAE@XZ 004101a0 f i stlport_vc6_static:string_w.obj
 0001:0000f1b0       ?find_if@_STL@@YA?AV?$reverse_iterator@PBGGABGPBGH@1@V21@0U?$_Eq_char_bound@V?$char_traits@G@_STL@@@1@@Z 004101b0 f i stlport_vc6_static:string_w.obj
 0001:0000f1f0       ?__find_first_of@_STL@@YA?AV?$reverse_iterator@PBGGABGPBGH@1@V21@0PBG1U?$_Eq_traits@V?$char_traits@G@_STL@@@1@@Z 004101f0 f i stlport_vc6_static:string_w.obj
 0001:0000f240       ?find_if@_STL@@YA?AV?$reverse_iterator@PBGGABGPBGH@1@V21@0U?$_Neq_char_bound@V?$char_traits@G@_STL@@@1@@Z 00410240 f i stlport_vc6_static:string_w.obj
 0001:0000f280       ?find_if@_STL@@YA?AV?$reverse_iterator@PBGGABGPBGH@1@V21@0U?$_Not_within_traits@V?$char_traits@G@_STL@@@1@@Z 00410280 f i stlport_vc6_static:string_w.obj
 0001:0000f2d0       ?iterator_category@_STL@@YA?AUrandom_access_iterator_tag@1@PBG@Z 004102d0 f i stlport_vc6_static:string_w.obj
 0001:0000f2e0       ?_M_range_initialize@?$basic_string@GV?$char_traits@G@_STL@@V?$allocator@G@2@@_STL@@AAEXPAG0ABUforward_iterator_tag@2@@Z 004102e0 f i stlport_vc6_static:string_w.obj
 0001:0000f370       ?_M_range_initialize@?$basic_string@GV?$char_traits@G@_STL@@V?$allocator@G@2@@_STL@@AAEXPBG0ABUforward_iterator_tag@2@@Z 00410370 f i stlport_vc6_static:string_w.obj
 0001:0000f400       ?_M_assign_dispatch@?$basic_string@GV?$char_traits@G@_STL@@V?$allocator@G@2@@_STL@@AAEAAV12@PAG0ABU__false_type@2@@Z 00410400 f i stlport_vc6_static:string_w.obj
 0001:0000f490       ?_M_append_dispatch@?$basic_string@GV?$char_traits@G@_STL@@V?$allocator@G@2@@_STL@@AAEAAV12@PAG0ABU__false_type@2@@Z 00410490 f i stlport_vc6_static:string_w.obj
 0001:0000f4c0       ?_M_append_dispatch@?$basic_string@GV?$char_traits@G@_STL@@V?$allocator@G@2@@_STL@@AAEAAV12@PBG0ABU__false_type@2@@Z 004104c0 f i stlport_vc6_static:string_w.obj
 0001:0000f4f0       ?_M_insert_dispatch@?$basic_string@GV?$char_traits@G@_STL@@V?$allocator@G@2@@_STL@@AAEXPAG00ABU__false_type@2@@Z 004104f0 f i stlport_vc6_static:string_w.obj
 0001:0000f520       ?_M_insert_dispatch@?$basic_string@GV?$char_traits@G@_STL@@V?$allocator@G@2@@_STL@@AAEXPAGPBG1ABU__false_type@2@@Z 00410520 f i stlport_vc6_static:string_w.obj
 0001:0000f550       ?_M_replace_dispatch@?$basic_string@GV?$char_traits@G@_STL@@V?$allocator@G@2@@_STL@@AAEAAV12@PAG000ABU__false_type@2@@Z 00410550 f i stlport_vc6_static:string_w.obj
 0001:0000f610       ?_M_replace_dispatch@?$basic_string@GV?$char_traits@G@_STL@@V?$allocator@G@2@@_STL@@AAEAAV12@PAG0PBG1ABU__false_type@2@@Z 00410610 f i stlport_vc6_static:string_w.obj
 0001:0000f6d0       ?_M_initialize_dispatch@?$basic_string@GV?$char_traits@G@_STL@@V?$allocator@G@2@@_STL@@AAEXPAG0ABU__false_type@2@@Z 004106d0 f i stlport_vc6_static:string_w.obj
 0001:0000f760       ?_S_refill@?$__node_alloc@$00$0A@@_STL@@CAPAXI@Z 00410760 f i stlport_vc6_static:string_w.obj
 0001:0000f8c0       ?__find_if@_STL@@YA?AV?$reverse_iterator@PBGGABGPBGH@1@V21@0U?$_Eq_char_bound@V?$char_traits@G@_STL@@@1@ABUrandom_access_iterator_tag@1@@Z 004108c0 f i stlport_vc6_static:string_w.obj
 0001:0000f960       ?__find_if@_STL@@YA?AV?$reverse_iterator@PBGGABGPBGH@1@V21@0U?$_Neq_char_bound@V?$char_traits@G@_STL@@@1@ABUrandom_access_iterator_tag@1@@Z 00410960 f i stlport_vc6_static:string_w.obj
 0001:0000fa00       ?__find_if@_STL@@YA?AV?$reverse_iterator@PBGGABGPBGH@1@V21@0U?$_Not_within_traits@V?$char_traits@G@_STL@@@1@ABUrandom_access_iterator_tag@1@@Z 00410a00 f i stlport_vc6_static:string_w.obj
 0001:0000fbd0       ?append@?$basic_string@GV?$char_traits@G@_STL@@V?$allocator@G@2@@_STL@@AAEAAV12@PAG0ABUforward_iterator_tag@2@@Z 00410bd0 f i stlport_vc6_static:string_w.obj
 0001:0000fd90       ?append@?$basic_string@GV?$char_traits@G@_STL@@V?$allocator@G@2@@_STL@@AAEAAV12@PBG0ABUforward_iterator_tag@2@@Z 00410d90 f i stlport_vc6_static:string_w.obj
 0001:0000ff40       ?insert@?$basic_string@GV?$char_traits@G@_STL@@V?$allocator@G@2@@_STL@@AAEXPAG00ABUforward_iterator_tag@2@@Z 00410f40 f i stlport_vc6_static:string_w.obj
 0001:00010200       ?insert@?$basic_string@GV?$char_traits@G@_STL@@V?$allocator@G@2@@_STL@@AAEXPAGPBG1ABUforward_iterator_tag@2@@Z 00411200 f i stlport_vc6_static:string_w.obj
 0001:000104c0       ?replace@?$basic_string@GV?$char_traits@G@_STL@@V?$allocator@G@2@@_STL@@AAEAAV12@PAG000ABUforward_iterator_tag@2@@Z 004114c0 f i stlport_vc6_static:string_w.obj
 0001:00010580       ?replace@?$basic_string@GV?$char_traits@G@_STL@@V?$allocator@G@2@@_STL@@AAEAAV12@PAG0PBG1ABUforward_iterator_tag@2@@Z 00411580 f i stlport_vc6_static:string_w.obj
 0001:00010640       ?_S_chunk_alloc@?$__node_alloc@$00$0A@@_STL@@CAPADIAAH@Z 00411640 f i stlport_vc6_static:string_w.obj
 0001:00010770       ?__copy_aux@_STL@@YAPAGPAG00ABU__true_type@1@@Z 00411770 f i stlport_vc6_static:string_w.obj
 0001:000107a0       ?_M_copy@?$basic_string@GV?$char_traits@G@_STL@@V?$allocator@G@2@@_STL@@AAEXPAG00@Z 004117a0 f i stlport_vc6_static:string_w.obj
 0001:000107d0       ?__copy_ptrs@_STL@@YAPAGPAG00ABU__false_type@1@@Z 004117d0 f i stlport_vc6_static:string_w.obj
 0001:00010800       ?__find_if@_STL@@YAPAGPAG0U?$_Eq_char_bound@V?$char_traits@G@_STL@@@1@ABUrandom_access_iterator_tag@1@@Z 00411800 f i stlport_vc6_static:string_w.obj
 0001:00010870       ?distance_type@_STL@@YAPAHPBG@Z 00411870 f i stlport_vc6_static:string_w.obj
 0001:00010880       ?__copy@_STL@@YAPAGPAG00ABUrandom_access_iterator_tag@1@PAH@Z 00411880 f i stlport_vc6_static:string_w.obj
 0001:000108b0       ?__stl_throw_range_error@_STL@@YAXPBD@Z 004118b0 f   stlport_vc6_static:dll_main.obj
 0001:00010a30       ??_Eruntime_error@_STL@@UAEPAXI@Z 00411a30 f i stlport_vc6_static:dll_main.obj
 0001:00010a30       ??_Gruntime_error@_STL@@UAEPAXI@Z 00411a30 f i stlport_vc6_static:dll_main.obj
 0001:00010a50       ??_Grange_error@_STL@@UAEPAXI@Z 00411a50 f i stlport_vc6_static:dll_main.obj
 0001:00010a50       ??_Erange_error@_STL@@UAEPAXI@Z 00411a50 f i stlport_vc6_static:dll_main.obj
 0001:00010a70       ??0range_error@_STL@@QAE@ABV01@@Z 00411a70 f i stlport_vc6_static:dll_main.obj
 0001:00010ac0       ??0runtime_error@_STL@@QAE@ABV01@@Z 00411ac0 f i stlport_vc6_static:dll_main.obj
 0001:00010b10       ??0__Named_exception@_STL@@QAE@ABV01@@Z 00411b10 f i stlport_vc6_static:dll_main.obj
 0001:00010b50       ??_G__Named_exception@_STL@@UAEPAXI@Z 00411b50 f i stlport_vc6_static:dll_main.obj
 0001:00010b50       ??_E__Named_exception@_STL@@UAEPAXI@Z 00411b50 f i stlport_vc6_static:dll_main.obj
 0001:00010b80       ?__stl_throw_out_of_range@_STL@@YAXPBD@Z 00411b80 f   stlport_vc6_static:dll_main.obj
 0001:00010d00       ??_Elogic_error@_STL@@UAEPAXI@Z 00411d00 f i stlport_vc6_static:dll_main.obj
 0001:00010d00       ??_Glogic_error@_STL@@UAEPAXI@Z 00411d00 f i stlport_vc6_static:dll_main.obj
 0001:00010d20       ??_Gout_of_range@_STL@@UAEPAXI@Z 00411d20 f i stlport_vc6_static:dll_main.obj
 0001:00010d20       ??_Eout_of_range@_STL@@UAEPAXI@Z 00411d20 f i stlport_vc6_static:dll_main.obj
 0001:00010d40       ??0out_of_range@_STL@@QAE@ABV01@@Z 00411d40 f i stlport_vc6_static:dll_main.obj
 0001:00010d90       ??0logic_error@_STL@@QAE@ABV01@@Z 00411d90 f i stlport_vc6_static:dll_main.obj
 0001:00010de0       ?__stl_throw_length_error@_STL@@YAXPBD@Z 00411de0 f   stlport_vc6_static:dll_main.obj
 0001:00010f60       ??_Glength_error@_STL@@UAEPAXI@Z 00411f60 f i stlport_vc6_static:dll_main.obj
 0001:00010f60       ??_Elength_error@_STL@@UAEPAXI@Z 00411f60 f i stlport_vc6_static:dll_main.obj
 0001:00010f80       ??0length_error@_STL@@QAE@ABV01@@Z 00411f80 f i stlport_vc6_static:dll_main.obj
 0001:00010fd0       ?__stl_throw_invalid_argument@_STL@@YAXPBD@Z 00411fd0 f   stlport_vc6_static:dll_main.obj
 0001:00011150       ??_Einvalid_argument@_STL@@UAEPAXI@Z 00412150 f i stlport_vc6_static:dll_main.obj
 0001:00011150       ??_Ginvalid_argument@_STL@@UAEPAXI@Z 00412150 f i stlport_vc6_static:dll_main.obj
 0001:00011170       ??0invalid_argument@_STL@@QAE@ABV01@@Z 00412170 f i stlport_vc6_static:dll_main.obj
 0001:000111c0       ?__stl_throw_overflow_error@_STL@@YAXPBD@Z 004121c0 f   stlport_vc6_static:dll_main.obj
 0001:00011340       ??_Eoverflow_error@_STL@@UAEPAXI@Z 00412340 f i stlport_vc6_static:dll_main.obj
 0001:00011340       ??_Goverflow_error@_STL@@UAEPAXI@Z 00412340 f i stlport_vc6_static:dll_main.obj
 0001:00011360       ??0overflow_error@_STL@@QAE@ABV01@@Z 00412360 f i stlport_vc6_static:dll_main.obj
 0001:000113b0       ?__get_c_string@_STL@@YAPBDABV?$basic_string@DV?$char_traits@D@_STL@@V?$allocator@D@2@@1@@Z 004123b0 f   stlport_vc6_static:dll_main.obj
 0001:000113d0       ??0__Named_exception@_STL@@QAE@ABV?$basic_string@DV?$char_traits@D@_STL@@V?$allocator@D@2@@1@@Z 004123d0 f   stlport_vc6_static:dll_main.obj
 0001:00011450       ?what@__Named_exception@_STL@@UBEPBDXZ 00412450 f   stlport_vc6_static:dll_main.obj
 0001:00011470       ??1__Named_exception@_STL@@UAE@XZ 00412470 f   stlport_vc6_static:dll_main.obj
 0001:00011490       ??1logic_error@_STL@@UAE@XZ 00412490 f   stlport_vc6_static:dll_main.obj
 0001:000114b0       ??1runtime_error@_STL@@UAE@XZ 004124b0 f   stlport_vc6_static:dll_main.obj
 0001:000114d0       ??1domain_error@_STL@@UAE@XZ 004124d0 f   stlport_vc6_static:dll_main.obj
 0001:000114f0       ??_Gdomain_error@_STL@@UAEPAXI@Z 004124f0 f i stlport_vc6_static:dll_main.obj
 0001:000114f0       ??_Edomain_error@_STL@@UAEPAXI@Z 004124f0 f i stlport_vc6_static:dll_main.obj
 0001:00011510       ??1invalid_argument@_STL@@UAE@XZ 00412510 f   stlport_vc6_static:dll_main.obj
 0001:00011530       ??1length_error@_STL@@UAE@XZ 00412530 f   stlport_vc6_static:dll_main.obj
 0001:00011550       ??1out_of_range@_STL@@UAE@XZ 00412550 f   stlport_vc6_static:dll_main.obj
 0001:00011570       ??1range_error@_STL@@UAE@XZ 00412570 f   stlport_vc6_static:dll_main.obj
 0001:00011590       ??1overflow_error@_STL@@UAE@XZ 00412590 f   stlport_vc6_static:dll_main.obj
 0001:000115b0       ??1underflow_error@_STL@@UAE@XZ 004125b0 f   stlport_vc6_static:dll_main.obj
 0001:000115d0       ??_Gunderflow_error@_STL@@UAEPAXI@Z 004125d0 f i stlport_vc6_static:dll_main.obj
 0001:000115d0       ??_Eunderflow_error@_STL@@UAEPAXI@Z 004125d0 f i stlport_vc6_static:dll_main.obj
 0001:000115f0       ??0?$basic_string@DV?$char_traits@D@_STL@@V?$allocator@D@2@@_STL@@QAE@ABV?$allocator@D@1@@Z 004125f0 f i stlport_vc6_static:dll_main.obj
 0001:00011770       ??0?$basic_string@DV?$char_traits@D@_STL@@V?$allocator@D@2@@_STL@@QAE@U_String_reserve_t@1@IABV?$allocator@D@1@@Z 00412770 f i stlport_vc6_static:dll_main.obj
 0001:000118f0       ??0?$basic_string@DV?$char_traits@D@_STL@@V?$allocator@D@2@@_STL@@QAE@ABV01@IIABV?$allocator@D@1@@Z 004128f0 f i stlport_vc6_static:dll_main.obj
 0001:00011be0       ??0?$basic_string@DV?$char_traits@D@_STL@@V?$allocator@D@2@@_STL@@QAE@PBDIABV?$allocator@D@1@@Z 00412be0 f i stlport_vc6_static:dll_main.obj
 0001:00011dc0       ??0?$basic_string@DV?$char_traits@D@_STL@@V?$allocator@D@2@@_STL@@QAE@IDABV?$allocator@D@1@@Z 00412dc0 f i stlport_vc6_static:dll_main.obj
 0001:00011f10       ??4?$basic_string@DV?$char_traits@D@_STL@@V?$allocator@D@2@@_STL@@QAEAAV01@ABV01@@Z 00412f10 f i stlport_vc6_static:dll_main.obj
 0001:00012010       ??4?$basic_string@DV?$char_traits@D@_STL@@V?$allocator@D@2@@_STL@@QAEAAV01@PBD@Z 00413010 f i stlport_vc6_static:dll_main.obj
 0001:00012170       ??4?$basic_string@DV?$char_traits@D@_STL@@V?$allocator@D@2@@_STL@@QAEAAV01@D@Z 00413170 f i stlport_vc6_static:dll_main.obj
 0001:000122a0       ?_M_null@?$basic_string@DV?$char_traits@D@_STL@@V?$allocator@D@2@@_STL@@SADXZ 004132a0 f i stlport_vc6_static:dll_main.obj
 0001:000122b0       ?_M_construct_null_aux@?$basic_string@DV?$char_traits@D@_STL@@V?$allocator@D@2@@_STL@@AAEXPADABU__false_type@2@@Z 004132b0 f i stlport_vc6_static:dll_main.obj
 0001:000122d0       ?_M_construct_null_aux@?$basic_string@DV?$char_traits@D@_STL@@V?$allocator@D@2@@_STL@@AAEXPADABU__true_type@2@@Z 004132d0 f i stlport_vc6_static:dll_main.obj
 0001:000122f0       ?_M_construct_null@?$basic_string@DV?$char_traits@D@_STL@@V?$allocator@D@2@@_STL@@AAEXPAD@Z 004132f0 f i stlport_vc6_static:dll_main.obj
 0001:00012310       ?_M_terminate_string_aux@?$basic_string@DV?$char_traits@D@_STL@@V?$allocator@D@2@@_STL@@AAEXABU__false_type@2@@Z 00413310 f i stlport_vc6_static:dll_main.obj
 0001:00012370       ?_M_terminate_string_aux@?$basic_string@DV?$char_traits@D@_STL@@V?$allocator@D@2@@_STL@@AAEXABU__true_type@2@@Z 00413370 f i stlport_vc6_static:dll_main.obj
 0001:00012390       ?_M_terminate_string@?$basic_string@DV?$char_traits@D@_STL@@V?$allocator@D@2@@_STL@@AAEXXZ 00413390 f i stlport_vc6_static:dll_main.obj
 0001:000123b0       ?begin@?$basic_string@DV?$char_traits@D@_STL@@V?$allocator@D@2@@_STL@@QAEPADXZ 004133b0 f i stlport_vc6_static:dll_main.obj
 0001:000123c0       ?end@?$basic_string@DV?$char_traits@D@_STL@@V?$allocator@D@2@@_STL@@QAEPADXZ 004133c0 f i stlport_vc6_static:dll_main.obj
 0001:000123e0       ?begin@?$basic_string@DV?$char_traits@D@_STL@@V?$allocator@D@2@@_STL@@QBEPBDXZ 004133e0 f i stlport_vc6_static:dll_main.obj
 0001:000123f0       ?end@?$basic_string@DV?$char_traits@D@_STL@@V?$allocator@D@2@@_STL@@QBEPBDXZ 004133f0 f i stlport_vc6_static:dll_main.obj
 0001:00012410       ?rbegin@?$basic_string@DV?$char_traits@D@_STL@@V?$allocator@D@2@@_STL@@QAE?AV?$reverse_iterator@PADDAADPADH@2@XZ 00413410 f i stlport_vc6_static:dll_main.obj
 0001:00012440       ?rend@?$basic_string@DV?$char_traits@D@_STL@@V?$allocator@D@2@@_STL@@QAE?AV?$reverse_iterator@PADDAADPADH@2@XZ 00413440 f i stlport_vc6_static:dll_main.obj
 0001:00012470       ?rbegin@?$basic_string@DV?$char_traits@D@_STL@@V?$allocator@D@2@@_STL@@QBE?AV?$reverse_iterator@PBDDABDPBDH@2@XZ 00413470 f i stlport_vc6_static:dll_main.obj
 0001:000124a0       ?rend@?$basic_string@DV?$char_traits@D@_STL@@V?$allocator@D@2@@_STL@@QBE?AV?$reverse_iterator@PBDDABDPBDH@2@XZ 004134a0 f i stlport_vc6_static:dll_main.obj
 0001:000124d0       ?size@?$basic_string@DV?$char_traits@D@_STL@@V?$allocator@D@2@@_STL@@QBEIXZ 004134d0 f i stlport_vc6_static:dll_main.obj
 0001:000124f0       ?length@?$basic_string@DV?$char_traits@D@_STL@@V?$allocator@D@2@@_STL@@QBEIXZ 004134f0 f i stlport_vc6_static:dll_main.obj
 0001:00012510       ?max_size@?$basic_string@DV?$char_traits@D@_STL@@V?$allocator@D@2@@_STL@@QBEIXZ 00413510 f i stlport_vc6_static:dll_main.obj
 0001:00012520       ?resize@?$basic_string@DV?$char_traits@D@_STL@@V?$allocator@D@2@@_STL@@QAEXID@Z 00413520 f i stlport_vc6_static:dll_main.obj
 0001:000125d0       ?resize@?$basic_string@DV?$char_traits@D@_STL@@V?$allocator@D@2@@_STL@@QAEXI@Z 004135d0 f i stlport_vc6_static:dll_main.obj
 0001:00012680       ?capacity@?$basic_string@DV?$char_traits@D@_STL@@V?$allocator@D@2@@_STL@@QBEIXZ 00413680 f i stlport_vc6_static:dll_main.obj
 0001:000126a0       ?clear@?$basic_string@DV?$char_traits@D@_STL@@V?$allocator@D@2@@_STL@@QAEXXZ 004136a0 f i stlport_vc6_static:dll_main.obj
 0001:000126f0       ?empty@?$basic_string@DV?$char_traits@D@_STL@@V?$allocator@D@2@@_STL@@QBE_NXZ 004136f0 f i stlport_vc6_static:dll_main.obj
 0001:00012710       ??A?$basic_string@DV?$char_traits@D@_STL@@V?$allocator@D@2@@_STL@@QBEABDI@Z 00413710 f i stlport_vc6_static:dll_main.obj
 0001:00012730       ??A?$basic_string@DV?$char_traits@D@_STL@@V?$allocator@D@2@@_STL@@QAEAADI@Z 00413730 f i stlport_vc6_static:dll_main.obj
 0001:00012750       ?at@?$basic_string@DV?$char_traits@D@_STL@@V?$allocator@D@2@@_STL@@QBEABDI@Z 00413750 f i stlport_vc6_static:dll_main.obj
 0001:00012790       ?at@?$basic_string@DV?$char_traits@D@_STL@@V?$allocator@D@2@@_STL@@QAEAADI@Z 00413790 f i stlport_vc6_static:dll_main.obj
 0001:000127d0       ??Y?$basic_string@DV?$char_traits@D@_STL@@V?$allocator@D@2@@_STL@@QAEAAV01@ABV01@@Z 004137d0 f i stlport_vc6_static:dll_main.obj
 0001:00012810       ??Y?$basic_string@DV?$char_traits@D@_STL@@V?$allocator@D@2@@_STL@@QAEAAV01@PBD@Z 00413810 f i stlport_vc6_static:dll_main.obj
 0001:00012860       ??Y?$basic_string@DV?$char_traits@D@_STL@@V?$allocator@D@2@@_STL@@QAEAAV01@D@Z 00413860 f i stlport_vc6_static:dll_main.obj
 0001:00012910       ?append@?$basic_string@DV?$char_traits@D@_STL@@V?$allocator@D@2@@_STL@@QAEAAV12@ABV12@@Z 00413910 f i stlport_vc6_static:dll_main.obj
 0001:00012950       ?append@?$basic_string@DV?$char_traits@D@_STL@@V?$allocator@D@2@@_STL@@QAEAAV12@ABV12@II@Z 00413950 f i stlport_vc6_static:dll_main.obj
 0001:000129e0       ?append@?$basic_string@DV?$char_traits@D@_STL@@V?$allocator@D@2@@_STL@@QAEAAV12@PBDI@Z 004139e0 f i stlport_vc6_static:dll_main.obj
 0001:00012a10       ?pop_back@?$basic_string@DV?$char_traits@D@_STL@@V?$allocator@D@2@@_STL@@QAEXXZ 00413a10 f i stlport_vc6_static:dll_main.obj
 0001:00012a50       ?assign@?$basic_string@DV?$char_traits@D@_STL@@V?$allocator@D@2@@_STL@@QAEAAV12@ABV12@@Z 00413a50 f i stlport_vc6_static:dll_main.obj
 0001:00012b40       ?assign@?$basic_string@DV?$char_traits@D@_STL@@V?$allocator@D@2@@_STL@@QAEAAV12@ABV12@II@Z 00413b40 f i stlport_vc6_static:dll_main.obj
 0001:00012c80       ?assign@?$basic_string@DV?$char_traits@D@_STL@@V?$allocator@D@2@@_STL@@QAEAAV12@PBDI@Z 00413c80 f i stlport_vc6_static:dll_main.obj
 0001:00012dd0       ?assign@?$basic_string@DV?$char_traits@D@_STL@@V?$allocator@D@2@@_STL@@QAEAAV12@PBD@Z 00413dd0 f i stlport_vc6_static:dll_main.obj
 0001:00012f30       ?insert@?$basic_string@DV?$char_traits@D@_STL@@V?$allocator@D@2@@_STL@@QAEAAV12@IABV12@@Z 00413f30 f i stlport_vc6_static:dll_main.obj
 0001:00012fd0       ?insert@?$basic_string@DV?$char_traits@D@_STL@@V?$allocator@D@2@@_STL@@QAEAAV12@IABV12@II@Z 00413fd0 f i stlport_vc6_static:dll_main.obj
 0001:000130b0       ?insert@?$basic_string@DV?$char_traits@D@_STL@@V?$allocator@D@2@@_STL@@QAEAAV12@IPBDI@Z 004140b0 f i stlport_vc6_static:dll_main.obj
 0001:00013130       ?insert@?$basic_string@DV?$char_traits@D@_STL@@V?$allocator@D@2@@_STL@@QAEAAV12@IPBD@Z 00414130 f i stlport_vc6_static:dll_main.obj
 0001:000131d0       ?insert@?$basic_string@DV?$char_traits@D@_STL@@V?$allocator@D@2@@_STL@@QAEAAV12@IID@Z 004141d0 f i stlport_vc6_static:dll_main.obj
 0001:00013250       ?insert@?$basic_string@DV?$char_traits@D@_STL@@V?$allocator@D@2@@_STL@@QAEPADPADD@Z 00414250 f i stlport_vc6_static:dll_main.obj
 0001:00013330       ?_M_copy@?$basic_string@DV?$char_traits@D@_STL@@V?$allocator@D@2@@_STL@@AAEXPBD0PAD@Z 00414330 f i stlport_vc6_static:dll_main.obj
 0001:00013380       ?erase@?$basic_string@DV?$char_traits@D@_STL@@V?$allocator@D@2@@_STL@@QAEAAV12@II@Z 00414380 f i stlport_vc6_static:dll_main.obj
[...]
 0003:00204f44       ?_S_start_free@?$__node_alloc@$00$0A@@_STL@@0PADA 0063cf44     stlport_vc6_static:string_w.obj
 0003:00204f48       ?__oom_handler@?$__malloc_alloc@$0A@@_STL@@0P6AXXZA 0063cf48     stlport_vc6_static:dll_main.obj
 0003:00204f4c       ?_S_heap_size@?$__node_alloc@$0A@$0A@@_STL@@0IA 0063cf4c     stlport_vc6_static:dll_main.obj
 0003:00204f50       ?_S_end_free@?$__node_alloc@$0A@$0A@@_STL@@0PADA 0063cf50     stlport_vc6_static:dll_main.obj
 0003:00204f54       ?_S_start_free@?$__node_alloc@$0A@$0A@@_STL@@0PADA 0063cf54     stlport_vc6_static:dll_main.obj
 0003:00204f58       ?_S_free_list@?$__node_alloc@$0A@$0A@@_STL@@0RCRAV_Node_alloc_obj@2@C 0063cf58     stlport_vc6_static:dll_main.obj
 0003:00204f98       ?_S_lock@?$_Node_Alloc_Lock@$0A@$0A@@_STL@@2U_STLP_mutex_base@2@A 0063cf98     stlport_vc6_static:dll_main.obj
 0003:00204fb8       __aenvptr                  0063cfb8     LIBCMT:wincrt0.obj
 0003:00204fbc       __wenvptr                  0063cfbc     LIBCMT:wincrt0.obj
 0003:00204fc0       ___error_mode              0063cfc0     LIBCMT:wincrt0.obj
 0003:00204fc4       __cflush                   0063cfc4     LIBCMT:_file.obj
 0003:0020502c       __umaskval                 0063d02c     LIBCMT:crt0dat.obj
 0003:00205030       __osver                    0063d030     LIBCMT:crt0dat.obj
 0003:00205034       __winver                   0063d034     LIBCMT:crt0dat.obj
 0003:00205038       __winmajor                 0063d038     LIBCMT:crt0dat.obj
 0003:0020503c       __winminor                 0063d03c     LIBCMT:crt0dat.obj
 0003:00205040       ___argc                    0063d040     LIBCMT:crt0dat.obj
 0003:00205044       ___argv                    0063d044     LIBCMT:crt0dat.obj
 0003:00205048       ___wargv                   0063d048     LIBCMT:crt0dat.obj
 0003:0020504c       __environ                  0063d04c     LIBCMT:crt0dat.obj
 0003:00205050       ___initenv                 0063d050     LIBCMT:crt0dat.obj
 0003:00205054       __wenviron                 0063d054     LIBCMT:crt0dat.obj
 0003:00205058       ___winitenv                0063d058     LIBCMT:crt0dat.obj
 0003:0020505c       __pgmptr                   0063d05c     LIBCMT:crt0dat.obj
 0003:00205060       __wpgmptr                  0063d060     LIBCMT:crt0dat.obj
 0003:00205064       __exitflag                 0063d064     LIBCMT:crt0dat.obj
 0003:00205068       __C_Termination_Done       0063d068     LIBCMT:crt0dat.obj
 0003:0020506c       __C_Exit_Done              0063d06c     LIBCMT:crt0dat.obj
 0003:00205070       __stdbuf                   0063d070     LIBCMT:_sftbuf.obj
 0003:0020526c       __adbgmsg                  0063d26c     LIBCMT:crt0msg.obj
 0003:00205270       __newmode                  0063d270     LIBCMT:_newmode.obj
 0003:00205274       ?_pnhHeap@@3P6AHI@ZA       0063d274     LIBCMT:handler.obj
 0003:00205290       __commode                  0063d290     LIBCMT:ncommode.obj
 0003:00205294       ___lc_handle               0063d294     LIBCMT:nlsdata2.obj
 0003:002052ac       ___lc_codepage             0063d2ac     LIBCMT:nlsdata2.obj
 0003:002052b0       ___lc_collate_cp           0063d2b0     LIBCMT:nlsdata2.obj
 0003:002052c8       __fmode                    0063d2c8     LIBCMT:txtmode.obj
 0003:002052d8       ___lc_time_intl            0063d2d8     LIBCMT:inittime.obj
 0003:002052f4       ___lc_id                   0063d2f4     LIBCMT:nlsdata3.obj
 0003:00205348       ___lconv_static_null       0063d348     LIBCMT:lconv.obj
 0003:00205358       __GUID_00000000_0000_0000_0000_000000000000 0063d358     comsupp:comsupp.obj
 0003:00205368       ?vtMissing@@3V_variant_t@@A 0063d368     comsupp:comutil.obj
 0003:00205378       ___alternate_form          0063d378     <common>
 0003:0020537c       ___no_lead_zeros           0063d37c     <common>
 0003:00205380       ___setlc_active            0063d380     <common>
 0003:00205384       ___unguarded_readlc_active 0063d384     <common>
 0003:00205388       ___sbh_sizeHeaderList      0063d388     <common>
 0003:0020538c       ___sbh_indGroupDefer       0063d38c     <common>
 0003:00205390       ___sbh_pHeaderScan         0063d390     <common>
 0003:00205394       ___sbh_initialized         0063d394     <common>
 0003:00205398       ___sbh_pHeaderDefer        0063d398     <common>
 0003:0020539c       ___sbh_cntHeaderList       0063d39c     <common>
 0003:002053a0       ___sbh_pHeaderList         0063d3a0     <common>
 0003:002053a4       ___sbh_threshold           0063d3a4     <common>
 0003:002053a8       __crtheap                  0063d3a8     <common>
 0003:002053ac       ___active_heap             0063d3ac     <common>
 0003:002053b0       ___env_initialized         0063d3b0     <common>
 0003:002053b4       ___mbctype_initialized     0063d3b4     <common>
 0003:002053b8       ___onexitend               0063d3b8     <common>
 0003:002053bc       ___onexitbegin             0063d3bc     <common>
 0003:002053c0       __FPinit                   0063d3c0     <common>
 0003:002053c4       ___mbcodepage              0063d3c4     <common>
 0003:002053d0       ___mbulinfo                0063d3d0     <common>
 0003:002053dc       ___ismbcodepage            0063d3dc     <common>
 0003:002053e0       __mbcasemap                0063d3e0     <common>
 0003:002054e0       __mbctype                  0063d4e0     <common>
 0003:002055e4       ___mblcid                  0063d5e4     <common>
 0003:00205600       ___pioinfo                 0063d600     <common>
 0003:00205700       __nhandle                  0063d700     <common>
 0003:00205704       ___piob                    0063d704     <common>
 0003:00205720       __bufin                    0063d720     <common>
 0003:00206720       __nstream                  0063e720     <common>
 0003:00206724       __acmdln                   0063e724     <common>
 0003:00206728       __FPmtinit                 0063e728     <common>
 0003:0020672c       __FPmtterm                 0063e72c     <common>

 entry point at        0001:0002414e

 Static symbols

 0001:00002690       _$E8                       00403690 f   main.obj
 0001:000026a0       _$E5                       004036a0 f   main.obj
 0001:000026b0       _$E7                       004036b0 f   main.obj
 0001:000026c0       _$E6                       004036c0 f   main.obj
 0001:00002f60       _$E13                      00403f60 f   main.obj
 0001:00002f70       _$E10                      00403f70 f   main.obj
 0001:00002fb0       _$E12                      00403fb0 f   main.obj
 0001:00002fc0       _$E11                      00403fc0 f   main.obj
 0001:00000000       _$E2                       00401000 f   GlobalFun.obj
 0001:00000010       _$E1                       00401010 f   GlobalFun.obj
 0001:00000030       _$E5                       00401030 f   GlobalFun.obj
 0001:00000040       _$E4                       00401040 f   GlobalFun.obj
 0001:00000060       _$E8                       00401060 f   GlobalFun.obj
 0001:00000070       _$E7                       00401070 f   GlobalFun.obj
 0001:00000090       _$E11                      00401090 f   GlobalFun.obj
 0001:000000a0       _$E10                      004010a0 f   GlobalFun.obj
 0001:000000c0       _$E14                      004010c0 f   GlobalFun.obj
 0001:000000d0       _$E13                      004010d0 f   GlobalFun.obj
 0001:000000f0       _$E17                      004010f0 f   GlobalFun.obj
 0001:00000100       _$E16                      00401100 f   GlobalFun.obj
 0001:00000120       _$E20                      00401120 f   GlobalFun.obj
 0001:00000130       _$E19                      00401130 f   GlobalFun.obj
 0001:00000150       _$E23                      00401150 f   GlobalFun.obj
 0001:00000160       _$E22                      00401160 f   GlobalFun.obj
 0001:00000180       _$E26                      00401180 f   GlobalFun.obj
 0001:00000190       _$E25                      00401190 f   GlobalFun.obj
 0001:000006c0       ?IsEnterKey@@YAHPBDPAH@Z   004016c0 f   GlobalFun.obj
 0001:00000760       ?GetFirstLineLen@@YAJPBD@Z 00401760 f   GlobalFun.obj
 0001:000007f0       ?GetPrivateProfileKeyPos@@YAHPBD00AAJ1@Z 004017f0 f   GlobalFun.obj
 0001:000009a0       ?GetStrInStrPos@@YAHPBD0AAJ@Z 004019a0 f   GlobalFun.obj
 0001:00000a10       ?GetKeyValue@@YAPADPBDAAJ@Z 00401a10 f   GlobalFun.obj
 0001:0002f326       _xtoa                      00430326 f   LIBCMT:xtoa.obj
 0001:0002f3f8       _x64toa@20                 004303f8 f   LIBCMT:xtoa.obj
 0001:0002e81a       __expandtime               0042f81a f   LIBCMT:strftime.obj
 0001:0002ec09       __store_str                0042fc09 f   LIBCMT:strftime.obj
 0001:0002ec30       __store_num                0042fc30 f   LIBCMT:strftime.obj
 0001:0002ec9f       __store_number             0042fc9f f   LIBCMT:strftime.obj
 0001:0002ece8       __store_winword            0042fce8 f   LIBCMT:strftime.obj
 0001:0002e2f0       _findenv                   0042f2f0 f   LIBCMT:setenv.obj
 0001:0002e348       _copy_environ              0042f348 f   LIBCMT:setenv.obj
 0001:0002e13e       _strncnt                   0042f13e f   LIBCMT:a_cmp.obj
 0001:0002d797       _TranslateName             0042e797 f   LIBCMT:getqloc.obj
 0001:0002d7ef       _GetLcidFromLangCountry    0042e7ef f   LIBCMT:getqloc.obj
 0001:0002d876       _LangCountryEnumProc@4     0042e876 f   LIBCMT:getqloc.obj
 0001:0002da7a       _GetLcidFromLanguage       0042ea7a f   LIBCMT:getqloc.obj
 0001:0002dad0       _LanguageEnumProc@4        0042ead0 f   LIBCMT:getqloc.obj
 0001:0002db8d       _GetLcidFromCountry        0042eb8d f   LIBCMT:getqloc.obj
 0001:0002dbc4       _CountryEnumProc@4         0042ebc4 f   LIBCMT:getqloc.obj
 0001:0002dc4a       _GetLcidFromDefault        0042ec4a f   LIBCMT:getqloc.obj
 0001:0002dc64       _ProcessCodePage           0042ec64 f   LIBCMT:getqloc.obj
 0001:0002dcca       _TestDefaultCountry        0042ecca f   LIBCMT:getqloc.obj
 0001:0002dce9       _TestDefaultLanguage       0042ece9 f   LIBCMT:getqloc.obj
 0001:0002dd4b       _IsThisWindowsNT           0042ed4b f   LIBCMT:getqloc.obj
 0001:0002dd81       _crtGetLocaleInfoA@16      0042ed81 f   LIBCMT:getqloc.obj
 0001:0002de67       _LcidFromHexString         0042ee67 f   LIBCMT:getqloc.obj
 0001:0002dea0       _GetPrimaryLen             0042eea0 f   LIBCMT:getqloc.obj
 0001:0002d1a9       __get_lc_lconv             0042e1a9 f   LIBCMT:initmon.obj
 0001:0002d2cb       _fix_grouping              0042e2cb f   LIBCMT:initmon.obj
 0001:0002d302       __free_lc_lconv            0042e302 f   LIBCMT:initmon.obj
 0001:0002d0a7       _fix_grouping              0042e0a7 f   LIBCMT:initnum.obj
 0001:0002c9f4       __get_lc_time              0042d9f4 f   LIBCMT:inittime.obj
 0001:0002cd42       __free_lc_time             0042dd42 f   LIBCMT:inittime.obj
 0001:0002c286       __setlocale_set_cat        0042d286 f   LIBCMT:setlocal.obj
 0001:0002c3a1       __setlocale_get_all        0042d3a1 f   LIBCMT:setlocal.obj
 0001:0002bab8       _strtoxl                   0042cab8 f   LIBCMT:strtol.obj
 0001:0002ba70       _x_ismbbtype               0042ca70 f   LIBCMT:ismbbyte.obj
 0001:0002b56e       _strncnt                   0042c56e f   LIBCMT:a_map.obj
 0001:0002a8d8       _ctrlevent_capture@4       0042b8d8 f   LIBCMT:winsig.obj
 0001:0002aabc       _siglookup                 0042babc f   LIBCMT:winsig.obj
 0001:0002861e       _parse_cmdline             0042961e f   LIBCMT:stdargv.obj
 0001:00027c88       __tzset_lk                 00428c88 f   LIBCMT:tzset.obj
 0001:00027f30       __isindst_lk               00428f30 f   LIBCMT:tzset.obj
 0001:000280dc       _cvtdate                   004290dc f   LIBCMT:tzset.obj
 0001:00027651       _write_char                00428651 f   LIBCMT:output.obj
 0001:00027686       _write_multi_char          00428686 f   LIBCMT:output.obj
 0001:000276b7       _write_string              004286b7 f   LIBCMT:output.obj
 0001:000276ef       _get_int_arg               004286ef f   LIBCMT:output.obj
 0001:000276fc       _get_int64_arg             004286fc f   LIBCMT:output.obj
 0001:0002770c       _get_short_arg             0042870c f   LIBCMT:output.obj
 0001:00026ce1       _xcptlookup                00427ce1 f   LIBCMT:winxfltr.obj
 0001:00026ad2       _doexit                    00427ad2 f   LIBCMT:crt0dat.obj
 0001:00026b89       __initterm                 00427b89 f   LIBCMT:crt0dat.obj
 0001:00026693       _getSystemCP               00427693 f   LIBCMT:mbctype.obj
 0001:000266dd       _CPtoLCID                  004276dd f   LIBCMT:mbctype.obj
 0001:00026710       _setSBCS                   00427710 f   LIBCMT:mbctype.obj
 0001:00026739       _setSBUpLow                00427739 f   LIBCMT:mbctype.obj
 0001:0002598a       ?FindHandler@@YAXPAUEHExceptionRecord@@PAUEHRegistrationNode@@PAU_CONTEXT@@PAXPBU_s_FuncInfo@@EH1@Z 0042698a f   LIBCMT:frame.obj
 0001:00025b3d       ?FindHandlerForForeignException@@YAXPAUEHExceptionRecord@@PAUEHRegistrationNode@@PAU_CONTEXT@@PAXPBU_s_FuncInfo@@HH1@Z 00426b3d f   LIBCMT:frame.obj
 0001:00025be7       ?TypeMatch@@YAHPBU_s_HandlerType@@PBU_s_CatchableType@@PBU_s_ThrowInfo@@@Z 00426be7 f   LIBCMT:frame.obj
 0001:00025ce2       ?FrameUnwindFilter@@YAHPAU_EXCEPTION_POINTERS@@@Z 00426ce2 f   LIBCMT:frame.obj
 0001:00025cf8       ?CatchIt@@YAXPAUEHExceptionRecord@@PAUEHRegistrationNode@@PAU_CONTEXT@@PAXPBU_s_FuncInfo@@PBU_s_HandlerType@@PBU_s_CatchableType@@PBU_s_TryBlockMapEntry@@H1E@Z 00426cf8 f   LIBCMT:frame.obj
 0001:00025d73       ?CallCatchBlock@@YAPAXPAUEHExceptionRecord@@PAUEHRegistrationNode@@PAU_CONTEXT@@PBU_s_FuncInfo@@PAXHK@Z 00426d73 f   LIBCMT:frame.obj
 0001:00025e8e       ?ExFilterRethrow@@YAHPAU_EXCEPTION_POINTERS@@@Z 00426e8e f   LIBCMT:frame.obj
 0001:00025eb8       ?BuildCatchObject@@YAXPAUEHExceptionRecord@@PAUEHRegistrationNode@@PBU_s_HandlerType@@PBU_s_CatchableType@@@Z 00426eb8 f   LIBCMT:frame.obj
 0001:000260e3       ?AdjustPointer@@YAPAXPAXABUPMD@@@Z 004270e3 f   LIBCMT:frame.obj
 0001:00024c60       LeadUp1                    00425c60 f   LIBCMT:memcpy.obj
 0001:00024c8c       LeadUp2                    00425c8c f   LIBCMT:memcpy.obj
 0001:00024cb0       LeadUp3                    00425cb0 f   LIBCMT:memcpy.obj
 0001:00024d2f       UnwindUp0                  00425d2f f   LIBCMT:memcpy.obj
 0001:00024d1c       UnwindUp1                  00425d1c f   LIBCMT:memcpy.obj
 0001:00024d14       UnwindUp2                  00425d14 f   LIBCMT:memcpy.obj
 0001:00024d0c       UnwindUp3                  00425d0c f   LIBCMT:memcpy.obj
 0001:00024d04       UnwindUp4                  00425d04 f   LIBCMT:memcpy.obj
 0001:00024cfc       UnwindUp5                  00425cfc f   LIBCMT:memcpy.obj
 0001:00024cf4       UnwindUp6                  00425cf4 f   LIBCMT:memcpy.obj
 0001:00024cec       UnwindUp7                  00425cec f   LIBCMT:memcpy.obj
 0001:00024d48       TrailUp0                   00425d48 f   LIBCMT:memcpy.obj
 0001:00024d50       TrailUp1                   00425d50 f   LIBCMT:memcpy.obj
 0001:00024d5c       TrailUp2                   00425d5c f   LIBCMT:memcpy.obj
 0001:00024d70       TrailUp3                   00425d70 f   LIBCMT:memcpy.obj
 0001:00024de8       LeadDown1                  00425de8 f   LIBCMT:memcpy.obj
 0001:00024e08       LeadDown2                  00425e08 f   LIBCMT:memcpy.obj
 0001:00024e30       LeadDown3                  00425e30 f   LIBCMT:memcpy.obj
 0001:00024e84       UnwindDown7                00425e84 f   LIBCMT:memcpy.obj
 0001:00024e8c       UnwindDown6                00425e8c f   LIBCMT:memcpy.obj
 0001:00024e94       UnwindDown5                00425e94 f   LIBCMT:memcpy.obj
 0001:00024e9c       UnwindDown4                00425e9c f   LIBCMT:memcpy.obj
 0001:00024ea4       UnwindDown3                00425ea4 f   LIBCMT:memcpy.obj
 0001:00024eac       UnwindDown2                00425eac f   LIBCMT:memcpy.obj
 0001:00024eb4       UnwindDown1                00425eb4 f   LIBCMT:memcpy.obj
 0001:00024ec7       UnwindDown0                00425ec7 f   LIBCMT:memcpy.obj
 0001:00024ee0       TrailDown0                 00425ee0 f   LIBCMT:memcpy.obj
 0001:00024ee8       TrailDown1                 00425ee8 f   LIBCMT:memcpy.obj
 0001:00024ef8       TrailDown2                 00425ef8 f   LIBCMT:memcpy.obj
 0001:00024f0c       TrailDown3                 00425f0c f   LIBCMT:memcpy.obj
 0001:00024b49       _flsall                    00425b49 f   LIBCMT:fflush.obj
 0001:0002427b       _fast_error_exit           0042527b f   LIBCMT:wincrt0.obj
 0001:00023780       LeadUp1                    00424780 f   LIBCMT:memmove.obj
 0001:000237ac       LeadUp2                    004247ac f   LIBCMT:memmove.obj
 0001:000237d0       LeadUp3                    004247d0 f   LIBCMT:memmove.obj
 0001:0002384f       UnwindUp0                  0042484f f   LIBCMT:memmove.obj
 0001:0002383c       UnwindUp1                  0042483c f   LIBCMT:memmove.obj
 0001:00023834       UnwindUp2                  00424834 f   LIBCMT:memmove.obj
 0001:0002382c       UnwindUp3                  0042482c f   LIBCMT:memmove.obj
 0001:00023824       UnwindUp4                  00424824 f   LIBCMT:memmove.obj
 0001:0002381c       UnwindUp5                  0042481c f   LIBCMT:memmove.obj
 0001:00023814       UnwindUp6                  00424814 f   LIBCMT:memmove.obj
 0001:0002380c       UnwindUp7                  0042480c f   LIBCMT:memmove.obj
 0001:00023868       TrailUp0                   00424868 f   LIBCMT:memmove.obj
 0001:00023870       TrailUp1                   00424870 f   LIBCMT:memmove.obj
 0001:0002387c       TrailUp2                   0042487c f   LIBCMT:memmove.obj
 0001:00023890       TrailUp3                   00424890 f   LIBCMT:memmove.obj
 0001:00023908       LeadDown1                  00424908 f   LIBCMT:memmove.obj
 0001:00023928       LeadDown2                  00424928 f   LIBCMT:memmove.obj
 0001:00023950       LeadDown3                  00424950 f   LIBCMT:memmove.obj
 0001:000239a4       UnwindDown7                004249a4 f   LIBCMT:memmove.obj
 0001:000239ac       UnwindDown6                004249ac f   LIBCMT:memmove.obj
 0001:000239b4       UnwindDown5                004249b4 f   LIBCMT:memmove.obj
 0001:000239bc       UnwindDown4                004249bc f   LIBCMT:memmove.obj
 0001:000239c4       UnwindDown3                004249c4 f   LIBCMT:memmove.obj
 0001:000239cc       UnwindDown2                004249cc f   LIBCMT:memmove.obj
 0001:000239d4       UnwindDown1                004249d4 f   LIBCMT:memmove.obj
 0001:000239e7       UnwindDown0                004249e7 f   LIBCMT:memmove.obj
 0001:00023a00       TrailDown0                 00424a00 f   LIBCMT:memmove.obj
 0001:00023a08       TrailDown1                 00424a08 f   LIBCMT:memmove.obj
 0001:00023a18       TrailDown2                 00424a18 f   LIBCMT:memmove.obj
 0001:00023a2c       TrailDown3                 00424a2c f   LIBCMT:memmove.obj
 0001:000235cc       __threadstartex@4          004245cc f   LIBCMT:threadex.obj
 0001:0002339c       _gu_return                 0042439c f   LIBCMT:exsup.obj
 0001:000233a4       __unwind_handler           004243a4 f   LIBCMT:exsup.obj
 0001:000231b9       ?CatchGuardHandler@@YA?AW4_EXCEPTION_DISPOSITION@@PAUEHExceptionRecord@@PAUCatchGuardRN@@PAX2@Z 004241b9 f   LIBCMT:trnsctrl.obj
 0001:00023294       ?TranslatorGuardHandler@@YA?AW4_EXCEPTION_DISPOSITION@@PAUEHExceptionRecord@@PAUTranslatorGuardRN@@PAX2@Z 00424294 f   LIBCMT:trnsctrl.obj
 0001:00030168       _$E4                       00431168 f   comsupp:comutil.obj
 0001:00030172       _$E1                       00431172 f   comsupp:comutil.obj
 0001:00030184       _$E3                       00431184 f   comsupp:comutil.obj
 0001:00030190       _$E2                       00431190 f   comsupp:comutil.obj
 0001:0002fb5b       ?_com_invoke_helper@@YAJPAUIDispatch@@JGGPAXPBGPADPAPAUIErrorInfo@@@Z 00430b5b f   comsupp:comsupp.obj
