 S3Relay

 Timestamp is 6817d50c (Mon May 05 03:58:52 2025)

 Preferred load address is 00400000

 Start         Length     Name                   Class
 0001:00000000 000c58dcH .text                   CODE
 0001:000c58e0 00004f4aH .text$x                 CODE
 0002:00000000 00000294H .idata$5                DATA
 0002:00000298 00003e3cH .rdata                  DATA
 0002:000040d8 00000434H .rdata$r                DATA
 0002:00004510 00006db0H .xdata$x                DATA
 0002:0000b2c0 00000064H .idata$2                DATA
 0002:0000b324 00000014H .idata$3                DATA
 0002:0000b338 00000294H .idata$4                DATA
 0002:0000b5cc 00000bc4H .idata$6                DATA
 0002:0000c190 00000000H .edata                  DATA
 0003:00000000 00000004H .CRT$XCA                DATA
 0003:00000004 00000070H .CRT$XCU                DATA
 0003:00000074 00000004H .CRT$XCZ                DATA
 0003:00000078 00000004H .CRT$XIA                DATA
 0003:0000007c 0000000cH .CRT$XIC                DATA
 0003:00000088 00000004H .CRT$XIY                DATA
 0003:0000008c 00000004H .CRT$XIZ                DATA
 0003:00000090 00000004H .CRT$XPA                DATA
 0003:00000094 00000004H .CRT$XPX                DATA
 0003:00000098 00000004H .CRT$XPZ                DATA
 0003:0000009c 00000004H .CRT$XTA                DATA
 0003:000000a0 00000004H .CRT$XTB                DATA
 0003:000000a4 00000004H .CRT$XTZ                DATA
 0003:000000b0 0000d4acH .data                   DATA
 0003:0000d560 0025a628H .bss                    DATA
 0004:00000000 00000280H .rsrc$01                DATA
 0004:00000280 00000bc0H .rsrc$02                DATA

  Address         Publics by Value              Rva+Base     Lib:Object

 0001:00000000       ??0CChannelMgr@@QAE@XZ     00401000 f   ChannelMgr.obj
 0001:00000140       ??_ECChannelMgr@@UAEPAXI@Z 00401140 f i ChannelMgr.obj
 0001:00000140       ??_GCChannelMgr@@UAEPAXI@Z 00401140 f i ChannelMgr.obj
 0001:00000160       ??1?$map@KUCHANNINFO@CChannelMgr@@U?$less@K@_STL@@V?$allocator@U?$pair@$$CBKUCHANNINFO@CChannelMgr@@@_STL@@@4@@_STL@@QAE@XZ 00401160 f i ChannelMgr.obj
 0001:00000210       ??1?$map@V?$basic_string@DV?$char_traits@D@_STL@@V?$allocator@D@2@@_STL@@KU_tstring_less@@V?$allocator@U?$pair@$$CBV?$basic_string@DV?$char_traits@D@_STL@@V?$allocator@D@2@@_STL@@K@_STL@@@2@@_STL@@QAE@XZ 00401210 f i ChannelMgr.obj
 0001:000002c0       ??1?$map@KV?$list@PAU_BLOCKCHANNELOP@CChannelMgr@@V?$allocator@PAU_BLOCKCHANNELOP@CChannelMgr@@@_STL@@@_STL@@U?$less@K@2@V?$allocator@U?$pair@$$CBKV?$list@PAU_BLOCKCHANNELOP@CChannelMgr@@V?$allocator@PAU_BLOCKCHANNELOP@CChannelMgr@@@_STL@@@_STL@@@_STL@@@2@@_STL@@QAE@XZ 004012c0 f i ChannelMgr.obj
 0001:00000370       ??1CChannelMgr@@UAE@XZ     00401370 f   ChannelMgr.obj
 0001:000004f0       ?Initialize@CChannelMgr@@QAEHXZ 004014f0 f   ChannelMgr.obj
 0001:00000c10       ??R_tstring_less@@QBE_NABV?$basic_string@DV?$char_traits@D@_STL@@V?$allocator@D@2@@_STL@@0@Z 00401c10 f i ChannelMgr.obj
 0001:00000c50       ?Uninitialize@CChannelMgr@@QAEHXZ 00401c50 f   ChannelMgr.obj
 0001:00000d50       ?GenChannID@CChannelMgr@@AAEKXZ 00401d50 f   ChannelMgr.obj
 0001:00000d90       ?GetChannelName@CChannelMgr@@QAE?AV?$basic_string@DV?$char_traits@D@_STL@@V?$allocator@D@2@@_STL@@KH@Z 00401d90 f   ChannelMgr.obj
 0001:00000f30       ?GetChannelID@CChannelMgr@@QAEKABV?$basic_string@DV?$char_traits@D@_STL@@V?$allocator@D@2@@_STL@@K@Z 00401f30 f   ChannelMgr.obj
 0001:00001080       ?IsSubscribed@CChannelMgr@@QAEHKKK@Z 00402080 f   ChannelMgr.obj
 0001:000010e0       ?GmSubscribe@CChannelMgr@@QAEHK@Z 004020e0 f   ChannelMgr.obj
 0001:00001150       ?GmUnsubscribe@CChannelMgr@@QAEHK@Z 00402150 f   ChannelMgr.obj
 0001:000011c0       ?IsGmSubscribed@CChannelMgr@@QAEHK@Z 004021c0 f   ChannelMgr.obj
 0001:00001220       ?GmQueryChannelID@CChannelMgr@@QAEHABV?$basic_string@DV?$char_traits@D@_STL@@V?$allocator@D@2@@_STL@@H@Z 00402220 f   ChannelMgr.obj
 0001:000013f0       ?GmFreeChannID@CChannelMgr@@QAEHK@Z 004023f0 f   ChannelMgr.obj
 0001:000014d0       ?IsUsed@CChannelMgr@@QAEHKKK@Z 004024d0 f   ChannelMgr.obj
 0001:00001540       ?IsGmUsed@CChannelMgr@@QAEHK@Z 00402540 f   ChannelMgr.obj
 0001:00001590       ?MakeChannelName@CChannelMgr@@QAE?AV?$basic_string@DV?$char_traits@D@_STL@@V?$allocator@D@2@@_STL@@ABV23@K@Z 00402590 f   ChannelMgr.obj
 0001:00001b40       ?ReduceChannelName@CChannelMgr@@QAE?AV?$basic_string@DV?$char_traits@D@_STL@@V?$allocator@D@2@@_STL@@ABV23@@Z 00402b40 f   ChannelMgr.obj
 0001:00001da0       ?ParseChannelName@CChannelMgr@@QAEKABV?$basic_string@DV?$char_traits@D@_STL@@V?$allocator@D@2@@_STL@@PAK@Z 00402da0 f   ChannelMgr.obj
 0001:00001fe0       ?GainPreCost@CChannelMgr@@QAEEABV?$basic_string@DV?$char_traits@D@_STL@@V?$allocator@D@2@@_STL@@@Z 00402fe0 f   ChannelMgr.obj
 0001:00002040       ?GetGMChannID@CChannelMgr@@QAEKXZ 00403040 f   ChannelMgr.obj
 0001:00002050       ?IsGodChannel@CChannelMgr@@QAEHK@Z 00403050 f   ChannelMgr.obj
 0001:00002080       ?IsStockChannel@CChannelMgr@@QAEHK@Z 00403080 f   ChannelMgr.obj
 0001:000020b0       ?PassToSpecMan@CChannelMgr@@AAEHKKKPBXI@Z 004030b0 f   ChannelMgr.obj
 0001:00002180       ??1CNetConnectDup@@UAE@XZ  00403180 f i ChannelMgr.obj
 0001:000021a0       ??_ECNetConnectDup@@UAEPAXI@Z 004031a0 f i ChannelMgr.obj
 0001:000021a0       ??_GCNetConnectDup@@UAEPAXI@Z 004031a0 f i ChannelMgr.obj
 0001:000021e0       ?PassToGroupMan@CChannelMgr@@AAEHKHABV?$list@UtagPlusSrcInfo@@V?$allocator@UtagPlusSrcInfo@@@_STL@@@_STL@@PBXI@Z 004031e0 f   ChannelMgr.obj
 0001:00002380       ?PassToGM@CChannelMgr@@AAEHPBXI@Z 00403380 f   ChannelMgr.obj
 0001:000023f0       ?IsValidTeamID@CChannelMgr@@AAEHK@Z 004033f0 f   ChannelMgr.obj
 0001:00002420       ?IsValidFacID@CChannelMgr@@AAEHK@Z 00403420 f   ChannelMgr.obj
 0001:00002450       ?IsValidTongID@CChannelMgr@@AAEHK@Z 00403450 f   ChannelMgr.obj
 0001:00002480       ?SomeoneChat@CChannelMgr@@QAEHKABUtagPlusSrcInfo@@PBUCHAT_SOMEONECHAT_CMD@@@Z 00403480 f   ChannelMgr.obj
 0001:00002770       ?ChannelChat@CChannelMgr@@QAEHKABUtagPlusSrcInfo@@PBUCHAT_CHANNELCHAT_CMD@@@Z 00403770 f   ChannelMgr.obj
 0001:00002de0       ?IsNeedRelegate@CChannelMgr@@AAEHABV?$basic_string@DV?$char_traits@D@_STL@@V?$allocator@D@2@@_STL@@H@Z 00403de0 f   ChannelMgr.obj
 0001:00002e20       ?QueryChannelID@CChannelMgr@@QAEHABV?$basic_string@DV?$char_traits@D@_STL@@V?$allocator@D@2@@_STL@@KKK@Z 00403e20 f   ChannelMgr.obj
 0001:00002e30       ?Subscribe@CChannelMgr@@QAEHKKK@Z 00403e30 f   ChannelMgr.obj
 0001:00002e40       ?Unsubscribe@CChannelMgr@@QAEHKKK@Z 00403e40 f   ChannelMgr.obj
 0001:00002e50       ?FreeChannID@CChannelMgr@@QAEHKKK@Z 00403e50 f   ChannelMgr.obj
 0001:00002e60       ?ClearPlayer@CChannelMgr@@QAEHKK@Z 00403e60 f   ChannelMgr.obj
 0001:00002e70       ?DoBlockOp@CChannelMgr@@QAEKK@Z 00403e70 f   ChannelMgr.obj
 0001:00002e80       ?Block_QueryChannelID@CChannelMgr@@AAEHABV?$basic_string@DV?$char_traits@D@_STL@@V?$allocator@D@2@@_STL@@KKK@Z 00403e80 f   ChannelMgr.obj
 0001:00003350       ?Block_Subscribe@CChannelMgr@@AAEHKKK@Z 00404350 f   ChannelMgr.obj
 0001:00003410       ?Block_Unsubscribe@CChannelMgr@@AAEHKKK@Z 00404410 f   ChannelMgr.obj
 0001:000034a0       ?Block_FreeChannID@CChannelMgr@@AAEHKKK@Z 004044a0 f   ChannelMgr.obj
 0001:00003670       ?Block_ClearPlayer@CChannelMgr@@AAEHKK@Z 00404670 f   ChannelMgr.obj
 0001:000037d0       ?B_QueryChannelID@CChannelMgr@@QAEHABV?$basic_string@DV?$char_traits@D@_STL@@V?$allocator@D@2@@_STL@@KKK@Z 004047d0 f   ChannelMgr.obj
 0001:000037f0       ?B_Subscribe@CChannelMgr@@QAEHKKK@Z 004047f0 f   ChannelMgr.obj
 0001:00003810       ?B_Unsubscribe@CChannelMgr@@QAEHKKK@Z 00404810 f   ChannelMgr.obj
 0001:00003830       ?B_FreeChannID@CChannelMgr@@QAEHKKK@Z 00404830 f   ChannelMgr.obj
 0001:00003850       ?B_ClearPlayer@CChannelMgr@@QAEHKK@Z 00404850 f   ChannelMgr.obj
 0001:00003870       ?GetChannelCount@CChannelMgr@@QAEIXZ 00404870 f   ChannelMgr.obj
 0001:00003880       ?SayOnSomeone@CChannelMgr@@QAEHKKKABV?$basic_string@DV?$char_traits@D@_STL@@V?$allocator@D@2@@_STL@@0@Z 00404880 f   ChannelMgr.obj
 0001:000039d0       ?SayOnChannel@CChannelMgr@@QAEHKHABV?$basic_string@DV?$char_traits@D@_STL@@V?$allocator@D@2@@_STL@@00@Z 004049d0 f   ChannelMgr.obj
 0001:00003ec0       ??1?$basic_string@DV?$char_traits@D@_STL@@V?$allocator@D@2@@_STL@@QAE@XZ 00404ec0 f i ChannelMgr.obj
 0001:00003f30       ??1?$allocator@D@_STL@@QAE@XZ 00404f30 f i ChannelMgr.obj
 0001:00003f40       ??A?$map@KV?$map@KUPLAYERINFO@CChannelMgr@@U?$less@K@_STL@@V?$allocator@U?$pair@$$CBKUPLAYERINFO@CChannelMgr@@@_STL@@@4@@_STL@@U?$less@K@2@V?$allocator@U?$pair@$$CBKV?$map@KUPLAYERINFO@CChannelMgr@@U?$less@K@_STL@@V?$allocator@U?$pair@$$CBKUPLAYERINFO@CChannelMgr@@@_STL@@@4@@_STL@@@_STL@@@2@@_STL@@QAEAAV?$map@KUPLAYERINFO@CChannelMgr@@U?$less@K@_STL@@V?$allocator@U?$pair@$$CBKUPLAYERINFO@CChannelMgr@@@_STL@@@4@@1@ABK@Z 00404f40 f i ChannelMgr.obj
 0001:00004090       ?erase@?$map@KV?$map@KUPLAYERINFO@CChannelMgr@@U?$less@K@_STL@@V?$allocator@U?$pair@$$CBKUPLAYERINFO@CChannelMgr@@@_STL@@@4@@_STL@@U?$less@K@2@V?$allocator@U?$pair@$$CBKV?$map@KUPLAYERINFO@CChannelMgr@@U?$less@K@_STL@@V?$allocator@U?$pair@$$CBKUPLAYERINFO@CChannelMgr@@@_STL@@@4@@_STL@@@_STL@@@2@@_STL@@QAEXU?$_Rb_tree_iterator@U?$pair@$$CBKV?$map@KUPLAYERINFO@CChannelMgr@@U?$less@K@_STL@@V?$allocator@U?$pair@$$CBKUPLAYERINFO@CChannelMgr@@@_STL@@@4@@_STL@@@_STL@@U?$_Nonconst_traits@U?$pair@$$CBKV?$map@KUPLAYERINFO@CChannelMgr@@U?$less@K@_STL@@V?$allocator@U?$pair@$$CBKUPLAYERINFO@CChannelMgr@@@_STL@@@4@@_STL@@@_STL@@@2@@2@@Z 00405090 f i ChannelMgr.obj
 0001:000040b0       ??0?$_Rb_tree_iterator@U?$pair@$$CBKV?$map@KUPLAYERINFO@CChannelMgr@@U?$less@K@_STL@@V?$allocator@U?$pair@$$CBKUPLAYERINFO@CChannelMgr@@@_STL@@@4@@_STL@@@_STL@@U?$_Nonconst_traits@U?$pair@$$CBKV?$map@KUPLAYERINFO@CChannelMgr@@U?$less@K@_STL@@V?$allocator@U?$pair@$$CBKUPLAYERINFO@CChannelMgr@@@_STL@@@4@@_STL@@@_STL@@@2@@_STL@@QAE@ABU01@@Z 004050b0 f i ChannelMgr.obj
 0001:000040c0       ??A?$map@KUCHANNINFO@CChannelMgr@@U?$less@K@_STL@@V?$allocator@U?$pair@$$CBKUCHANNINFO@CChannelMgr@@@_STL@@@4@@_STL@@QAEAAUCHANNINFO@CChannelMgr@@ABK@Z 004050c0 f i ChannelMgr.obj
 0001:00004270       ?erase@?$map@KUCHANNINFO@CChannelMgr@@U?$less@K@_STL@@V?$allocator@U?$pair@$$CBKUCHANNINFO@CChannelMgr@@@_STL@@@4@@_STL@@QAEXU?$_Rb_tree_iterator@U?$pair@$$CBKUCHANNINFO@CChannelMgr@@@_STL@@U?$_Nonconst_traits@U?$pair@$$CBKUCHANNINFO@CChannelMgr@@@_STL@@@2@@2@@Z 00405270 f i ChannelMgr.obj
 0001:00004290       ??0?$_Rb_tree_iterator@U?$pair@$$CBKUCHANNINFO@CChannelMgr@@@_STL@@U?$_Nonconst_traits@U?$pair@$$CBKUCHANNINFO@CChannelMgr@@@_STL@@@2@@_STL@@QAE@ABU01@@Z 00405290 f i ChannelMgr.obj
 0001:000042a0       ??A?$map@V?$basic_string@DV?$char_traits@D@_STL@@V?$allocator@D@2@@_STL@@KU_tstring_less@@V?$allocator@U?$pair@$$CBV?$basic_string@DV?$char_traits@D@_STL@@V?$allocator@D@2@@_STL@@K@_STL@@@2@@_STL@@QAEAAKABV?$basic_string@DV?$char_traits@D@_STL@@V?$allocator@D@2@@1@@Z 004052a0 f i ChannelMgr.obj
 0001:000043b0       ??1?$allocator@UBLOCKCHANNELOP_QID@CChannelMgr@@@_STL@@QAE@XZ 004053b0 f i ChannelMgr.obj
 0001:000043c0       ??1?$allocator@UBLOCKCHANNELOP_CMN@CChannelMgr@@@_STL@@QAE@XZ 004053c0 f i ChannelMgr.obj
 0001:000043d0       ??1?$allocator@UBLOCKCHANNELOP_CLR@CChannelMgr@@@_STL@@QAE@XZ 004053d0 f i ChannelMgr.obj
 0001:000043e0       ??A?$map@KUPLAYERINFO@CChannelMgr@@U?$less@K@_STL@@V?$allocator@U?$pair@$$CBKUPLAYERINFO@CChannelMgr@@@_STL@@@4@@_STL@@QAEAAUPLAYERINFO@CChannelMgr@@ABK@Z 004053e0 f i ChannelMgr.obj
 0001:00004450       ??1?$list@UtagPlusSrcInfo@@V?$allocator@UtagPlusSrcInfo@@@_STL@@@_STL@@QAE@XZ 00405450 f i ChannelMgr.obj
 0001:000044c0       ??1?$allocator@UtagPlusSrcInfo@@@_STL@@QAE@XZ 004054c0 f i ChannelMgr.obj
 0001:000044d0       ??1?$map@KUPLAYERINFO@CChannelMgr@@U?$less@K@_STL@@V?$allocator@U?$pair@$$CBKUPLAYERINFO@CChannelMgr@@@_STL@@@4@@_STL@@QAE@XZ 004054d0 f i ChannelMgr.obj
 0001:00004570       ??1?$pair@$$CBKV?$map@KUPLAYERINFO@CChannelMgr@@U?$less@K@_STL@@V?$allocator@U?$pair@$$CBKUPLAYERINFO@CChannelMgr@@@_STL@@@4@@_STL@@@_STL@@QAE@XZ 00405570 f i ChannelMgr.obj
 0001:00004610       ??1CHANNINFO@CChannelMgr@@QAE@XZ 00405610 f i ChannelMgr.obj
 0001:00004710       ??1?$pair@$$CBKUCHANNINFO@CChannelMgr@@@_STL@@QAE@XZ 00405710 f i ChannelMgr.obj
 0001:00004810       ??1?$pair@$$CBV?$basic_string@DV?$char_traits@D@_STL@@V?$allocator@D@2@@_STL@@K@_STL@@QAE@XZ 00405810 f i ChannelMgr.obj
 0001:00004880       ?push_back@?$basic_string@DV?$char_traits@D@_STL@@V?$allocator@D@2@@_STL@@QAEXD@Z 00405880 f i ChannelMgr.obj
 0001:000048e0       ??0?$_String_base@DV?$allocator@D@_STL@@@_STL@@QAE@ABV?$allocator@D@1@@Z 004058e0 f i ChannelMgr.obj
 0001:000048f0       ??1?$_String_base@DV?$allocator@D@_STL@@@_STL@@QAE@XZ 004058f0 f i ChannelMgr.obj
 0001:00004960       ?insert@?$map@KV?$map@KUPLAYERINFO@CChannelMgr@@U?$less@K@_STL@@V?$allocator@U?$pair@$$CBKUPLAYERINFO@CChannelMgr@@@_STL@@@4@@_STL@@U?$less@K@2@V?$allocator@U?$pair@$$CBKV?$map@KUPLAYERINFO@CChannelMgr@@U?$less@K@_STL@@V?$allocator@U?$pair@$$CBKUPLAYERINFO@CChannelMgr@@@_STL@@@4@@_STL@@@_STL@@@2@@_STL@@QAE?AU?$_Rb_tree_iterator@U?$pair@$$CBKV?$map@KUPLAYERINFO@CChannelMgr@@U?$less@K@_STL@@V?$allocator@U?$pair@$$CBKUPLAYERINFO@CChannelMgr@@@_STL@@@4@@_STL@@@_STL@@U?$_Nonconst_traits@U?$pair@$$CBKV?$map@KUPLAYERINFO@CChannelMgr@@U?$less@K@_STL@@V?$allocator@U?$pair@$$CBKUPLAYERINFO@CChannelMgr@@@_STL@@@4@@_STL@@@_STL@@@2@@2@U32@ABU?$pair@$$CBKV?$map@KUPLAYERINFO@CChannelMgr@@U?$less@K@_STL@@V?$allocator@U?$pair@$$CBKUPLAYERINFO@CChannelMgr@@@_STL@@@4@@_STL@@@2@@Z 00405960 f i ChannelMgr.obj
 0001:00004990       ?erase@?$_Rb_tree@KU?$pair@$$CBKV?$map@KUPLAYERINFO@CChannelMgr@@U?$less@K@_STL@@V?$allocator@U?$pair@$$CBKUPLAYERINFO@CChannelMgr@@@_STL@@@4@@_STL@@@_STL@@U?$_Select1st@U?$pair@$$CBKV?$map@KUPLAYERINFO@CChannelMgr@@U?$less@K@_STL@@V?$allocator@U?$pair@$$CBKUPLAYERINFO@CChannelMgr@@@_STL@@@4@@_STL@@@_STL@@@2@U?$less@K@2@V?$allocator@U?$pair@$$CBKV?$map@KUPLAYERINFO@CChannelMgr@@U?$less@K@_STL@@V?$allocator@U?$pair@$$CBKUPLAYERINFO@CChannelMgr@@@_STL@@@4@@_STL@@@_STL@@@2@@_STL@@QAEXU?$_Rb_tree_iterator@U?$pair@$$CBKV?$map@KUPLAYERINFO@CChannelMgr@@U?$less@K@_STL@@V?$allocator@U?$pair@$$CBKUPLAYERINFO@CChannelMgr@@@_STL@@@4@@_STL@@@_STL@@U?$_Nonconst_traits@U?$pair@$$CBKV?$map@KUPLAYERINFO@CChannelMgr@@U?$less@K@_STL@@V?$allocator@U?$pair@$$CBKUPLAYERINFO@CChannelMgr@@@_STL@@@4@@_STL@@@_STL@@@2@@2@@Z 00405990 f i ChannelMgr.obj
 0001:000049e0       ?insert@?$map@KUCHANNINFO@CChannelMgr@@U?$less@K@_STL@@V?$allocator@U?$pair@$$CBKUCHANNINFO@CChannelMgr@@@_STL@@@4@@_STL@@QAE?AU?$_Rb_tree_iterator@U?$pair@$$CBKUCHANNINFO@CChannelMgr@@@_STL@@U?$_Nonconst_traits@U?$pair@$$CBKUCHANNINFO@CChannelMgr@@@_STL@@@2@@2@U32@ABU?$pair@$$CBKUCHANNINFO@CChannelMgr@@@2@@Z 004059e0 f i ChannelMgr.obj
 0001:00004a10       ?lower_bound@?$map@KUCHANNINFO@CChannelMgr@@U?$less@K@_STL@@V?$allocator@U?$pair@$$CBKUCHANNINFO@CChannelMgr@@@_STL@@@4@@_STL@@QAE?AU?$_Rb_tree_iterator@U?$pair@$$CBKUCHANNINFO@CChannelMgr@@@_STL@@U?$_Nonconst_traits@U?$pair@$$CBKUCHANNINFO@CChannelMgr@@@_STL@@@2@@2@ABK@Z 00405a10 f i ChannelMgr.obj
 0001:00004a50       ?erase@?$_Rb_tree@KU?$pair@$$CBKUCHANNINFO@CChannelMgr@@@_STL@@U?$_Select1st@U?$pair@$$CBKUCHANNINFO@CChannelMgr@@@_STL@@@2@U?$less@K@2@V?$allocator@U?$pair@$$CBKUCHANNINFO@CChannelMgr@@@_STL@@@2@@_STL@@QAEXU?$_Rb_tree_iterator@U?$pair@$$CBKUCHANNINFO@CChannelMgr@@@_STL@@U?$_Nonconst_traits@U?$pair@$$CBKUCHANNINFO@CChannelMgr@@@_STL@@@2@@2@@Z 00405a50 f i ChannelMgr.obj
 0001:00004aa0       ??1?$_Rb_tree_base@U?$pair@$$CBKUCHANNINFO@CChannelMgr@@@_STL@@V?$allocator@U?$pair@$$CBKUCHANNINFO@CChannelMgr@@@_STL@@@2@@_STL@@QAE@XZ 00405aa0 f i ChannelMgr.obj
 0001:00004af0       ??1?$allocator@U?$pair@$$CBKUCHANNINFO@CChannelMgr@@@_STL@@@_STL@@QAE@XZ 00405af0 f i ChannelMgr.obj
 0001:00004b00       ?insert@?$map@V?$basic_string@DV?$char_traits@D@_STL@@V?$allocator@D@2@@_STL@@KU_tstring_less@@V?$allocator@U?$pair@$$CBV?$basic_string@DV?$char_traits@D@_STL@@V?$allocator@D@2@@_STL@@K@_STL@@@2@@_STL@@QAE?AU?$_Rb_tree_iterator@U?$pair@$$CBV?$basic_string@DV?$char_traits@D@_STL@@V?$allocator@D@2@@_STL@@K@_STL@@U?$_Nonconst_traits@U?$pair@$$CBV?$basic_string@DV?$char_traits@D@_STL@@V?$allocator@D@2@@_STL@@K@_STL@@@2@@2@U32@ABU?$pair@$$CBV?$basic_string@DV?$char_traits@D@_STL@@V?$allocator@D@2@@_STL@@K@2@@Z 00405b00 f i ChannelMgr.obj
 0001:00004b30       ?lower_bound@?$map@V?$basic_string@DV?$char_traits@D@_STL@@V?$allocator@D@2@@_STL@@KU_tstring_less@@V?$allocator@U?$pair@$$CBV?$basic_string@DV?$char_traits@D@_STL@@V?$allocator@D@2@@_STL@@K@_STL@@@2@@_STL@@QAE?AU?$_Rb_tree_iterator@U?$pair@$$CBV?$basic_string@DV?$char_traits@D@_STL@@V?$allocator@D@2@@_STL@@K@_STL@@U?$_Nonconst_traits@U?$pair@$$CBV?$basic_string@DV?$char_traits@D@_STL@@V?$allocator@D@2@@_STL@@K@_STL@@@2@@2@ABV?$basic_string@DV?$char_traits@D@_STL@@V?$allocator@D@2@@2@@Z 00405b30 f i ChannelMgr.obj
 0001:00004b90       ??1?$_Rb_tree_base@U?$pair@$$CBV?$basic_string@DV?$char_traits@D@_STL@@V?$allocator@D@2@@_STL@@K@_STL@@V?$allocator@U?$pair@$$CBV?$basic_string@DV?$char_traits@D@_STL@@V?$allocator@D@2@@_STL@@K@_STL@@@2@@_STL@@QAE@XZ 00405b90 f i ChannelMgr.obj
 0001:00004be0       ??1?$allocator@U?$pair@$$CBV?$basic_string@DV?$char_traits@D@_STL@@V?$allocator@D@2@@_STL@@K@_STL@@@_STL@@QAE@XZ 00405be0 f i ChannelMgr.obj
 0001:00004bf0       ??0?$_Rb_tree_iterator@U?$pair@$$CBV?$basic_string@DV?$char_traits@D@_STL@@V?$allocator@D@2@@_STL@@K@_STL@@U?$_Nonconst_traits@U?$pair@$$CBV?$basic_string@DV?$char_traits@D@_STL@@V?$allocator@D@2@@_STL@@K@_STL@@@2@@_STL@@QAE@ABU01@@Z 00405bf0 f i ChannelMgr.obj
 0001:00004c00       ??1?$_Rb_tree_base@U?$pair@$$CBKV?$list@PAU_BLOCKCHANNELOP@CChannelMgr@@V?$allocator@PAU_BLOCKCHANNELOP@CChannelMgr@@@_STL@@@_STL@@@_STL@@V?$allocator@U?$pair@$$CBKV?$list@PAU_BLOCKCHANNELOP@CChannelMgr@@V?$allocator@PAU_BLOCKCHANNELOP@CChannelMgr@@@_STL@@@_STL@@@_STL@@@2@@_STL@@QAE@XZ 00405c00 f i ChannelMgr.obj
 0001:00004c50       ??1?$allocator@U?$pair@$$CBKV?$list@PAU_BLOCKCHANNELOP@CChannelMgr@@V?$allocator@PAU_BLOCKCHANNELOP@CChannelMgr@@@_STL@@@_STL@@@_STL@@@_STL@@QAE@XZ 00405c50 f i ChannelMgr.obj
 0001:00004c60       ??0?$pair@$$CBKUCHANNINFO@CChannelMgr@@@_STL@@QAE@ABKABUCHANNINFO@CChannelMgr@@@Z 00405c60 f i ChannelMgr.obj
 0001:00004dd0       ??0?$pair@$$CBV?$basic_string@DV?$char_traits@D@_STL@@V?$allocator@D@2@@_STL@@K@_STL@@QAE@ABV?$basic_string@DV?$char_traits@D@_STL@@V?$allocator@D@2@@1@ABK@Z 00405dd0 f i ChannelMgr.obj
 0001:00004ea0       ?insert@?$map@KUPLAYERINFO@CChannelMgr@@U?$less@K@_STL@@V?$allocator@U?$pair@$$CBKUPLAYERINFO@CChannelMgr@@@_STL@@@4@@_STL@@QAE?AU?$_Rb_tree_iterator@U?$pair@$$CBKUPLAYERINFO@CChannelMgr@@@_STL@@U?$_Nonconst_traits@U?$pair@$$CBKUPLAYERINFO@CChannelMgr@@@_STL@@@2@@2@U32@ABU?$pair@$$CBKUPLAYERINFO@CChannelMgr@@@2@@Z 00405ea0 f i ChannelMgr.obj
 0001:00004ed0       ?erase@?$_Rb_tree@KU?$pair@$$CBKUPLAYERINFO@CChannelMgr@@@_STL@@U?$_Select1st@U?$pair@$$CBKUPLAYERINFO@CChannelMgr@@@_STL@@@2@U?$less@K@2@V?$allocator@U?$pair@$$CBKUPLAYERINFO@CChannelMgr@@@_STL@@@2@@_STL@@QAEIABK@Z 00405ed0 f i ChannelMgr.obj
 0001:00004f40       ??0?$_Rb_tree_iterator@U?$pair@$$CBKUPLAYERINFO@CChannelMgr@@@_STL@@U?$_Nonconst_traits@U?$pair@$$CBKUPLAYERINFO@CChannelMgr@@@_STL@@@2@@_STL@@QAE@ABU01@@Z 00405f40 f i ChannelMgr.obj
 0001:00004f50       ?end@?$list@UtagPlusSrcInfo@@V?$allocator@UtagPlusSrcInfo@@@_STL@@@_STL@@QAE?AU?$_List_iterator@UtagPlusSrcInfo@@U?$_Nonconst_traits@UtagPlusSrcInfo@@@_STL@@@2@XZ 00405f50 f i ChannelMgr.obj
 0001:00004f60       ?insert@?$list@UtagPlusSrcInfo@@V?$allocator@UtagPlusSrcInfo@@@_STL@@@_STL@@QAE?AU?$_List_iterator@UtagPlusSrcInfo@@U?$_Nonconst_traits@UtagPlusSrcInfo@@@_STL@@@2@U32@ABUtagPlusSrcInfo@@@Z 00405f60 f i ChannelMgr.obj
 0001:00004f90       ??0?$_List_base@UtagPlusSrcInfo@@V?$allocator@UtagPlusSrcInfo@@@_STL@@@_STL@@QAE@ABV?$allocator@UtagPlusSrcInfo@@@1@@Z 00405f90 f i ChannelMgr.obj
 0001:00004fe0       ?deallocate@?$__node_alloc@$00$0A@@_STL@@SAXPAXI@Z 00405fe0 f i ChannelMgr.obj
 0001:00005010       ??1?$_STLP_alloc_proxy@PADDV?$allocator@D@_STL@@@_STL@@QAE@XZ 00406010 f i ChannelMgr.obj
 0001:00005020       ??1?$_STLP_alloc_proxy@PAU?$_Rb_tree_node@U?$pair@$$CBKUCHANNINFO@CChannelMgr@@@_STL@@@_STL@@U12@V?$allocator@U?$pair@$$CBKUCHANNINFO@CChannelMgr@@@_STL@@@2@@_STL@@QAE@XZ 00406020 f i ChannelMgr.obj
 0001:00005030       ??1?$_STLP_alloc_proxy@PAU?$_Rb_tree_node@U?$pair@$$CBV?$basic_string@DV?$char_traits@D@_STL@@V?$allocator@D@2@@_STL@@K@_STL@@@_STL@@U12@V?$allocator@U?$pair@$$CBV?$basic_string@DV?$char_traits@D@_STL@@V?$allocator@D@2@@_STL@@K@_STL@@@2@@_STL@@QAE@XZ 00406030 f i ChannelMgr.obj
 0001:00005040       ??1?$_STLP_alloc_proxy@PAU?$_Rb_tree_node@U?$pair@$$CBKV?$list@PAU_BLOCKCHANNELOP@CChannelMgr@@V?$allocator@PAU_BLOCKCHANNELOP@CChannelMgr@@@_STL@@@_STL@@@_STL@@@_STL@@U12@V?$allocator@U?$pair@$$CBKV?$list@PAU_BLOCKCHANNELOP@CChannelMgr@@V?$allocator@PAU_BLOCKCHANNELOP@CChannelMgr@@@_STL@@@_STL@@@_STL@@@2@@_STL@@QAE@XZ 00406040 f i ChannelMgr.obj
 0001:00005050       ??1?$_STLP_alloc_proxy@PAU?$_List_node@UtagPlusSrcInfo@@@_STL@@U12@V?$allocator@UtagPlusSrcInfo@@@2@@_STL@@QAE@XZ 00406050 f i ChannelMgr.obj
 0001:00005060       ?_M_deallocate_block@?$_String_base@DV?$allocator@D@_STL@@@_STL@@QAEXXZ 00406060 f i ChannelMgr.obj
 0001:00005090       ??0?$_STLP_alloc_proxy@PADDV?$allocator@D@_STL@@@_STL@@QAE@ABV?$allocator@D@1@PAD@Z 00406090 f i ChannelMgr.obj
 0001:000050a0       ??0?$map@KV?$map@KUPLAYERINFO@CChannelMgr@@U?$less@K@_STL@@V?$allocator@U?$pair@$$CBKUPLAYERINFO@CChannelMgr@@@_STL@@@4@@_STL@@U?$less@K@2@V?$allocator@U?$pair@$$CBKV?$map@KUPLAYERINFO@CChannelMgr@@U?$less@K@_STL@@V?$allocator@U?$pair@$$CBKUPLAYERINFO@CChannelMgr@@@_STL@@@4@@_STL@@@_STL@@@2@@_STL@@QAE@ABV01@@Z 004060a0 f i ChannelMgr.obj
 0001:00005190       ?clear@?$_Rb_tree@KU?$pair@$$CBKV?$map@KUPLAYERINFO@CChannelMgr@@U?$less@K@_STL@@V?$allocator@U?$pair@$$CBKUPLAYERINFO@CChannelMgr@@@_STL@@@4@@_STL@@@_STL@@U?$_Select1st@U?$pair@$$CBKV?$map@KUPLAYERINFO@CChannelMgr@@U?$less@K@_STL@@V?$allocator@U?$pair@$$CBKUPLAYERINFO@CChannelMgr@@@_STL@@@4@@_STL@@@_STL@@@2@U?$less@K@2@V?$allocator@U?$pair@$$CBKV?$map@KUPLAYERINFO@CChannelMgr@@U?$less@K@_STL@@V?$allocator@U?$pair@$$CBKUPLAYERINFO@CChannelMgr@@@_STL@@@4@@_STL@@@_STL@@@2@@_STL@@QAEXXZ 00406190 f i ChannelMgr.obj
 0001:000051f0       ??1?$_Rb_tree_base@U?$pair@$$CBKV?$map@KUPLAYERINFO@CChannelMgr@@U?$less@K@_STL@@V?$allocator@U?$pair@$$CBKUPLAYERINFO@CChannelMgr@@@_STL@@@4@@_STL@@@_STL@@V?$allocator@U?$pair@$$CBKV?$map@KUPLAYERINFO@CChannelMgr@@U?$less@K@_STL@@V?$allocator@U?$pair@$$CBKUPLAYERINFO@CChannelMgr@@@_STL@@@4@@_STL@@@_STL@@@2@@_STL@@QAE@XZ 004061f0 f i ChannelMgr.obj
 0001:00005240       ?deallocate@?$_STLP_alloc_proxy@PAU?$_Rb_tree_node@U?$pair@$$CBKV?$map@KUPLAYERINFO@CChannelMgr@@U?$less@K@_STL@@V?$allocator@U?$pair@$$CBKUPLAYERINFO@CChannelMgr@@@_STL@@@4@@_STL@@@_STL@@@_STL@@U12@V?$allocator@U?$pair@$$CBKV?$map@KUPLAYERINFO@CChannelMgr@@U?$less@K@_STL@@V?$allocator@U?$pair@$$CBKUPLAYERINFO@CChannelMgr@@@_STL@@@4@@_STL@@@_STL@@@2@@_STL@@QAEXPAU?$_Rb_tree_node@U?$pair@$$CBKV?$map@KUPLAYERINFO@CChannelMgr@@U?$less@K@_STL@@V?$allocator@U?$pair@$$CBKUPLAYERINFO@CChannelMgr@@@_STL@@@4@@_STL@@@_STL@@@2@I@Z 00406240 f i ChannelMgr.obj
 0001:00005270       ?_M_empty_initialize@?$_Rb_tree@KU?$pair@$$CBKUCHANNINFO@CChannelMgr@@@_STL@@U?$_Select1st@U?$pair@$$CBKUCHANNINFO@CChannelMgr@@@_STL@@@2@U?$less@K@2@V?$allocator@U?$pair@$$CBKUCHANNINFO@CChannelMgr@@@_STL@@@2@@_STL@@AAEXXZ 00406270 f i ChannelMgr.obj
 0001:00005290       ?lower_bound@?$_Rb_tree@KU?$pair@$$CBKUCHANNINFO@CChannelMgr@@@_STL@@U?$_Select1st@U?$pair@$$CBKUCHANNINFO@CChannelMgr@@@_STL@@@2@U?$less@K@2@V?$allocator@U?$pair@$$CBKUCHANNINFO@CChannelMgr@@@_STL@@@2@@_STL@@QAE?AU?$_Rb_tree_iterator@U?$pair@$$CBKUCHANNINFO@CChannelMgr@@@_STL@@U?$_Nonconst_traits@U?$pair@$$CBKUCHANNINFO@CChannelMgr@@@_STL@@@2@@2@ABK@Z 00406290 f i ChannelMgr.obj
 0001:000052d0       ??0?$_Rb_tree_base@U?$pair@$$CBKUCHANNINFO@CChannelMgr@@@_STL@@V?$allocator@U?$pair@$$CBKUCHANNINFO@CChannelMgr@@@_STL@@@2@@_STL@@QAE@ABV?$allocator@U?$pair@$$CBKUCHANNINFO@CChannelMgr@@@_STL@@@1@@Z 004062d0 f i ChannelMgr.obj
 0001:00005320       ?deallocate@?$_STLP_alloc_proxy@PAU?$_Rb_tree_node@U?$pair@$$CBKUCHANNINFO@CChannelMgr@@@_STL@@@_STL@@U12@V?$allocator@U?$pair@$$CBKUCHANNINFO@CChannelMgr@@@_STL@@@2@@_STL@@QAEXPAU?$_Rb_tree_node@U?$pair@$$CBKUCHANNINFO@CChannelMgr@@@_STL@@@2@I@Z 00406320 f i ChannelMgr.obj
 0001:00005350       ?_M_empty_initialize@?$_Rb_tree@V?$basic_string@DV?$char_traits@D@_STL@@V?$allocator@D@2@@_STL@@U?$pair@$$CBV?$basic_string@DV?$char_traits@D@_STL@@V?$allocator@D@2@@_STL@@K@2@U?$_Select1st@U?$pair@$$CBV?$basic_string@DV?$char_traits@D@_STL@@V?$allocator@D@2@@_STL@@K@_STL@@@2@U_tstring_less@@V?$allocator@U?$pair@$$CBV?$basic_string@DV?$char_traits@D@_STL@@V?$allocator@D@2@@_STL@@K@_STL@@@2@@_STL@@AAEXXZ 00406350 f i ChannelMgr.obj
 0001:00005370       ?erase@?$_Rb_tree@V?$basic_string@DV?$char_traits@D@_STL@@V?$allocator@D@2@@_STL@@U?$pair@$$CBV?$basic_string@DV?$char_traits@D@_STL@@V?$allocator@D@2@@_STL@@K@2@U?$_Select1st@U?$pair@$$CBV?$basic_string@DV?$char_traits@D@_STL@@V?$allocator@D@2@@_STL@@K@_STL@@@2@U_tstring_less@@V?$allocator@U?$pair@$$CBV?$basic_string@DV?$char_traits@D@_STL@@V?$allocator@D@2@@_STL@@K@_STL@@@2@@_STL@@QAEXU?$_Rb_tree_iterator@U?$pair@$$CBV?$basic_string@DV?$char_traits@D@_STL@@V?$allocator@D@2@@_STL@@K@_STL@@U?$_Nonconst_traits@U?$pair@$$CBV?$basic_string@DV?$char_traits@D@_STL@@V?$allocator@D@2@@_STL@@K@_STL@@@2@@2@0@Z 00406370 f i ChannelMgr.obj
 0001:00005410       ?lower_bound@?$_Rb_tree@V?$basic_string@DV?$char_traits@D@_STL@@V?$allocator@D@2@@_STL@@U?$pair@$$CBV?$basic_string@DV?$char_traits@D@_STL@@V?$allocator@D@2@@_STL@@K@2@U?$_Select1st@U?$pair@$$CBV?$basic_string@DV?$char_traits@D@_STL@@V?$allocator@D@2@@_STL@@K@_STL@@@2@U_tstring_less@@V?$allocator@U?$pair@$$CBV?$basic_string@DV?$char_traits@D@_STL@@V?$allocator@D@2@@_STL@@K@_STL@@@2@@_STL@@QAE?AU?$_Rb_tree_iterator@U?$pair@$$CBV?$basic_string@DV?$char_traits@D@_STL@@V?$allocator@D@2@@_STL@@K@_STL@@U?$_Nonconst_traits@U?$pair@$$CBV?$basic_string@DV?$char_traits@D@_STL@@V?$allocator@D@2@@_STL@@K@_STL@@@2@@2@ABV?$basic_string@DV?$char_traits@D@_STL@@V?$allocator@D@2@@2@@Z 00406410 f i ChannelMgr.obj
 0001:00005470       ??0?$_Rb_tree_base@U?$pair@$$CBV?$basic_string@DV?$char_traits@D@_STL@@V?$allocator@D@2@@_STL@@K@_STL@@V?$allocator@U?$pair@$$CBV?$basic_string@DV?$char_traits@D@_STL@@V?$allocator@D@2@@_STL@@K@_STL@@@2@@_STL@@QAE@ABV?$allocator@U?$pair@$$CBV?$basic_string@DV?$char_traits@D@_STL@@V?$allocator@D@2@@_STL@@K@_STL@@@1@@Z 00406470 f i ChannelMgr.obj
 0001:000054c0       ?deallocate@?$_STLP_alloc_proxy@PAU?$_Rb_tree_node@U?$pair@$$CBV?$basic_string@DV?$char_traits@D@_STL@@V?$allocator@D@2@@_STL@@K@_STL@@@_STL@@U12@V?$allocator@U?$pair@$$CBV?$basic_string@DV?$char_traits@D@_STL@@V?$allocator@D@2@@_STL@@K@_STL@@@2@@_STL@@QAEXPAU?$_Rb_tree_node@U?$pair@$$CBV?$basic_string@DV?$char_traits@D@_STL@@V?$allocator@D@2@@_STL@@K@_STL@@@2@I@Z 004064c0 f i ChannelMgr.obj
 0001:000054f0       ?erase@?$_Rb_tree@KU?$pair@$$CBKUPLAYERINFO@CChannelMgr@@@_STL@@U?$_Select1st@U?$pair@$$CBKUPLAYERINFO@CChannelMgr@@@_STL@@@2@U?$less@K@2@V?$allocator@U?$pair@$$CBKUPLAYERINFO@CChannelMgr@@@_STL@@@2@@_STL@@QAEXU?$_Rb_tree_iterator@U?$pair@$$CBKUPLAYERINFO@CChannelMgr@@@_STL@@U?$_Nonconst_traits@U?$pair@$$CBKUPLAYERINFO@CChannelMgr@@@_STL@@@2@@2@0@Z 004064f0 f i ChannelMgr.obj
 0001:00005580       ?equal_range@?$_Rb_tree@KU?$pair@$$CBKUPLAYERINFO@CChannelMgr@@@_STL@@U?$_Select1st@U?$pair@$$CBKUPLAYERINFO@CChannelMgr@@@_STL@@@2@U?$less@K@2@V?$allocator@U?$pair@$$CBKUPLAYERINFO@CChannelMgr@@@_STL@@@2@@_STL@@QAE?AU?$pair@U?$_Rb_tree_iterator@U?$pair@$$CBKUPLAYERINFO@CChannelMgr@@@_STL@@U?$_Nonconst_traits@U?$pair@$$CBKUPLAYERINFO@CChannelMgr@@@_STL@@@2@@_STL@@U12@@2@ABK@Z 00406580 f i ChannelMgr.obj
 0001:000055e0       ??1?$_Rb_tree_base@U?$pair@$$CBKUPLAYERINFO@CChannelMgr@@@_STL@@V?$allocator@U?$pair@$$CBKUPLAYERINFO@CChannelMgr@@@_STL@@@2@@_STL@@QAE@XZ 004065e0 f i ChannelMgr.obj
 0001:00005630       ?_M_create_node@?$list@UtagPlusSrcInfo@@V?$allocator@UtagPlusSrcInfo@@@_STL@@@_STL@@IAEPAU?$_List_node@UtagPlusSrcInfo@@@2@ABUtagPlusSrcInfo@@@Z 00406630 f i ChannelMgr.obj
 0001:00005660       ?deallocate@?$_STLP_alloc_proxy@PAU?$_List_node@UtagPlusSrcInfo@@@_STL@@U12@V?$allocator@UtagPlusSrcInfo@@@2@@_STL@@QAEXPAU?$_List_node@UtagPlusSrcInfo@@@2@I@Z 00406660 f i ChannelMgr.obj
 0001:00005690       ??1?$_STLP_alloc_proxy@PAU?$_Rb_tree_node@U?$pair@$$CBKV?$map@KUPLAYERINFO@CChannelMgr@@U?$less@K@_STL@@V?$allocator@U?$pair@$$CBKUPLAYERINFO@CChannelMgr@@@_STL@@@4@@_STL@@@_STL@@@_STL@@U12@V?$allocator@U?$pair@$$CBKV?$map@KUPLAYERINFO@CChannelMgr@@U?$less@K@_STL@@V?$allocator@U?$pair@$$CBKUPLAYERINFO@CChannelMgr@@@_STL@@@4@@_STL@@@_STL@@@2@@_STL@@QAE@XZ 00406690 f i ChannelMgr.obj
 0001:000056a0       ??1?$_STLP_alloc_proxy@PAU?$_Rb_tree_node@U?$pair@$$CBKUPLAYERINFO@CChannelMgr@@@_STL@@@_STL@@U12@V?$allocator@U?$pair@$$CBKUPLAYERINFO@CChannelMgr@@@_STL@@@2@@_STL@@QAE@XZ 004066a0 f i ChannelMgr.obj
 0001:000056b0       ?deallocate@?$_STLP_alloc_proxy@PADDV?$allocator@D@_STL@@@_STL@@QAEXPADI@Z 004066b0 f i ChannelMgr.obj
 0001:000056e0       ?_M_lower_bound@?$_Rb_tree@KU?$pair@$$CBKV?$map@KUPLAYERINFO@CChannelMgr@@U?$less@K@_STL@@V?$allocator@U?$pair@$$CBKUPLAYERINFO@CChannelMgr@@@_STL@@@4@@_STL@@@_STL@@U?$_Select1st@U?$pair@$$CBKV?$map@KUPLAYERINFO@CChannelMgr@@U?$less@K@_STL@@V?$allocator@U?$pair@$$CBKUPLAYERINFO@CChannelMgr@@@_STL@@@4@@_STL@@@_STL@@@2@U?$less@K@2@V?$allocator@U?$pair@$$CBKV?$map@KUPLAYERINFO@CChannelMgr@@U?$less@K@_STL@@V?$allocator@U?$pair@$$CBKUPLAYERINFO@CChannelMgr@@@_STL@@@4@@_STL@@@_STL@@@2@@_STL@@ABEPAU?$_Rb_tree_node@U?$pair@$$CBKV?$map@KUPLAYERINFO@CChannelMgr@@U?$less@K@_STL@@V?$allocator@U?$pair@$$CBKUPLAYERINFO@CChannelMgr@@@_STL@@@4@@_STL@@@_STL@@@2@ABK@Z 004066e0 f i ChannelMgr.obj
 0001:00005710       ??1?$allocator@U?$pair@$$CBKV?$map@KUPLAYERINFO@CChannelMgr@@U?$less@K@_STL@@V?$allocator@U?$pair@$$CBKUPLAYERINFO@CChannelMgr@@@_STL@@@4@@_STL@@@_STL@@@_STL@@QAE@XZ 00406710 f i ChannelMgr.obj
 0001:00005720       ?_M_lower_bound@?$_Rb_tree@KU?$pair@$$CBKUCHANNINFO@CChannelMgr@@@_STL@@U?$_Select1st@U?$pair@$$CBKUCHANNINFO@CChannelMgr@@@_STL@@@2@U?$less@K@2@V?$allocator@U?$pair@$$CBKUCHANNINFO@CChannelMgr@@@_STL@@@2@@_STL@@ABEPAU?$_Rb_tree_node@U?$pair@$$CBKUCHANNINFO@CChannelMgr@@@_STL@@@2@ABK@Z 00406720 f i ChannelMgr.obj
 0001:00005750       ?erase@?$_Rb_tree@V?$basic_string@DV?$char_traits@D@_STL@@V?$allocator@D@2@@_STL@@U?$pair@$$CBV?$basic_string@DV?$char_traits@D@_STL@@V?$allocator@D@2@@_STL@@K@2@U?$_Select1st@U?$pair@$$CBV?$basic_string@DV?$char_traits@D@_STL@@V?$allocator@D@2@@_STL@@K@_STL@@@2@U_tstring_less@@V?$allocator@U?$pair@$$CBV?$basic_string@DV?$char_traits@D@_STL@@V?$allocator@D@2@@_STL@@K@_STL@@@2@@_STL@@QAEXU?$_Rb_tree_iterator@U?$pair@$$CBV?$basic_string@DV?$char_traits@D@_STL@@V?$allocator@D@2@@_STL@@K@_STL@@U?$_Nonconst_traits@U?$pair@$$CBV?$basic_string@DV?$char_traits@D@_STL@@V?$allocator@D@2@@_STL@@K@_STL@@@2@@2@@Z 00406750 f i ChannelMgr.obj
 0001:000057a0       ?_M_lower_bound@?$_Rb_tree@V?$basic_string@DV?$char_traits@D@_STL@@V?$allocator@D@2@@_STL@@U?$pair@$$CBV?$basic_string@DV?$char_traits@D@_STL@@V?$allocator@D@2@@_STL@@K@2@U?$_Select1st@U?$pair@$$CBV?$basic_string@DV?$char_traits@D@_STL@@V?$allocator@D@2@@_STL@@K@_STL@@@2@U_tstring_less@@V?$allocator@U?$pair@$$CBV?$basic_string@DV?$char_traits@D@_STL@@V?$allocator@D@2@@_STL@@K@_STL@@@2@@_STL@@ABEPAU?$_Rb_tree_node@U?$pair@$$CBV?$basic_string@DV?$char_traits@D@_STL@@V?$allocator@D@2@@_STL@@K@_STL@@@2@ABV?$basic_string@DV?$char_traits@D@_STL@@V?$allocator@D@2@@2@@Z 004067a0 f i ChannelMgr.obj
 0001:00005800       ??0?$_Rb_tree@KU?$pair@$$CBKUPLAYERINFO@CChannelMgr@@@_STL@@U?$_Select1st@U?$pair@$$CBKUPLAYERINFO@CChannelMgr@@@_STL@@@2@U?$less@K@2@V?$allocator@U?$pair@$$CBKUPLAYERINFO@CChannelMgr@@@_STL@@@2@@_STL@@QAE@ABV01@@Z 00406800 f i ChannelMgr.obj
 0001:000058f0       ?erase@?$_Rb_tree@KU?$pair@$$CBKUPLAYERINFO@CChannelMgr@@@_STL@@U?$_Select1st@U?$pair@$$CBKUPLAYERINFO@CChannelMgr@@@_STL@@@2@U?$less@K@2@V?$allocator@U?$pair@$$CBKUPLAYERINFO@CChannelMgr@@@_STL@@@2@@_STL@@QAEXU?$_Rb_tree_iterator@U?$pair@$$CBKUPLAYERINFO@CChannelMgr@@@_STL@@U?$_Nonconst_traits@U?$pair@$$CBKUPLAYERINFO@CChannelMgr@@@_STL@@@2@@2@@Z 004068f0 f i ChannelMgr.obj
 0001:00005930       ?_M_lower_bound@?$_Rb_tree@KU?$pair@$$CBKUPLAYERINFO@CChannelMgr@@@_STL@@U?$_Select1st@U?$pair@$$CBKUPLAYERINFO@CChannelMgr@@@_STL@@@2@U?$less@K@2@V?$allocator@U?$pair@$$CBKUPLAYERINFO@CChannelMgr@@@_STL@@@2@@_STL@@ABEPAU?$_Rb_tree_node@U?$pair@$$CBKUPLAYERINFO@CChannelMgr@@@_STL@@@2@ABK@Z 00406930 f i ChannelMgr.obj
 0001:00005960       ??1?$allocator@U?$pair@$$CBKUPLAYERINFO@CChannelMgr@@@_STL@@@_STL@@QAE@XZ 00406960 f i ChannelMgr.obj
 0001:00005970       ??0?$pair@U?$_Rb_tree_iterator@U?$pair@$$CBV?$basic_string@DV?$char_traits@D@_STL@@V?$allocator@D@2@@_STL@@K@_STL@@U?$_Nonconst_traits@U?$pair@$$CBV?$basic_string@DV?$char_traits@D@_STL@@V?$allocator@D@2@@_STL@@K@_STL@@@2@@_STL@@U12@@_STL@@QAE@ABU?$_Rb_tree_iterator@U?$pair@$$CBV?$basic_string@DV?$char_traits@D@_STL@@V?$allocator@D@2@@_STL@@K@_STL@@U?$_Nonconst_traits@U?$pair@$$CBV?$basic_string@DV?$char_traits@D@_STL@@V?$allocator@D@2@@_STL@@K@_STL@@@2@@1@0@Z 00406970 f i ChannelMgr.obj
 0001:00005990       ?deallocate@?$allocator@U?$_Rb_tree_node@U?$pair@$$CBV?$basic_string@DV?$char_traits@D@_STL@@V?$allocator@D@2@@_STL@@K@_STL@@@_STL@@@_STL@@QBEXPAU?$_Rb_tree_node@U?$pair@$$CBV?$basic_string@DV?$char_traits@D@_STL@@V?$allocator@D@2@@_STL@@K@_STL@@@2@I@Z 00406990 f i ChannelMgr.obj
 0001:000059c0       ?deallocate@?$allocator@U?$_List_node@UtagPlusSrcInfo@@@_STL@@@_STL@@QBEXPAU?$_List_node@UtagPlusSrcInfo@@@2@I@Z 004069c0 f i ChannelMgr.obj
 0001:000059f0       ?deallocate@?$allocator@D@_STL@@QBEXPADI@Z 004069f0 f i ChannelMgr.obj
 0001:00005a20       ?_M_empty_initialize@?$_Rb_tree@KU?$pair@$$CBKV?$map@KUPLAYERINFO@CChannelMgr@@U?$less@K@_STL@@V?$allocator@U?$pair@$$CBKUPLAYERINFO@CChannelMgr@@@_STL@@@4@@_STL@@@_STL@@U?$_Select1st@U?$pair@$$CBKV?$map@KUPLAYERINFO@CChannelMgr@@U?$less@K@_STL@@V?$allocator@U?$pair@$$CBKUPLAYERINFO@CChannelMgr@@@_STL@@@4@@_STL@@@_STL@@@2@U?$less@K@2@V?$allocator@U?$pair@$$CBKV?$map@KUPLAYERINFO@CChannelMgr@@U?$less@K@_STL@@V?$allocator@U?$pair@$$CBKUPLAYERINFO@CChannelMgr@@@_STL@@@4@@_STL@@@_STL@@@2@@_STL@@AAEXXZ 00406a20 f i ChannelMgr.obj
 0001:00005a40       ??0?$_Rb_tree_base@U?$pair@$$CBKV?$map@KUPLAYERINFO@CChannelMgr@@U?$less@K@_STL@@V?$allocator@U?$pair@$$CBKUPLAYERINFO@CChannelMgr@@@_STL@@@4@@_STL@@@_STL@@V?$allocator@U?$pair@$$CBKV?$map@KUPLAYERINFO@CChannelMgr@@U?$less@K@_STL@@V?$allocator@U?$pair@$$CBKUPLAYERINFO@CChannelMgr@@@_STL@@@4@@_STL@@@_STL@@@2@@_STL@@QAE@ABV?$allocator@U?$pair@$$CBKV?$map@KUPLAYERINFO@CChannelMgr@@U?$less@K@_STL@@V?$allocator@U?$pair@$$CBKUPLAYERINFO@CChannelMgr@@@_STL@@@4@@_STL@@@_STL@@@1@@Z 00406a40 f i ChannelMgr.obj
 0001:00005a90       ?get_allocator@?$_Rb_tree_base@U?$pair@$$CBKV?$map@KUPLAYERINFO@CChannelMgr@@U?$less@K@_STL@@V?$allocator@U?$pair@$$CBKUPLAYERINFO@CChannelMgr@@@_STL@@@4@@_STL@@@_STL@@V?$allocator@U?$pair@$$CBKV?$map@KUPLAYERINFO@CChannelMgr@@U?$less@K@_STL@@V?$allocator@U?$pair@$$CBKUPLAYERINFO@CChannelMgr@@@_STL@@@4@@_STL@@@_STL@@@2@@_STL@@QBE?AV?$allocator@U?$pair@$$CBKV?$map@KUPLAYERINFO@CChannelMgr@@U?$less@K@_STL@@V?$allocator@U?$pair@$$CBKUPLAYERINFO@CChannelMgr@@@_STL@@@4@@_STL@@@_STL@@@2@XZ 00406a90 f i ChannelMgr.obj
 0001:00005ab0       ?_M_upper_bound@?$_Rb_tree@V?$basic_string@DV?$char_traits@D@_STL@@V?$allocator@D@2@@_STL@@U?$pair@$$CBV?$basic_string@DV?$char_traits@D@_STL@@V?$allocator@D@2@@_STL@@K@2@U?$_Select1st@U?$pair@$$CBV?$basic_string@DV?$char_traits@D@_STL@@V?$allocator@D@2@@_STL@@K@_STL@@@2@U_tstring_less@@V?$allocator@U?$pair@$$CBV?$basic_string@DV?$char_traits@D@_STL@@V?$allocator@D@2@@_STL@@K@_STL@@@2@@_STL@@ABEPAU?$_Rb_tree_node@U?$pair@$$CBV?$basic_string@DV?$char_traits@D@_STL@@V?$allocator@D@2@@_STL@@K@_STL@@@2@ABV?$basic_string@DV?$char_traits@D@_STL@@V?$allocator@D@2@@2@@Z 00406ab0 f i ChannelMgr.obj
 0001:00005b10       ?_M_upper_bound@?$_Rb_tree@KU?$pair@$$CBKUPLAYERINFO@CChannelMgr@@@_STL@@U?$_Select1st@U?$pair@$$CBKUPLAYERINFO@CChannelMgr@@@_STL@@@2@U?$less@K@2@V?$allocator@U?$pair@$$CBKUPLAYERINFO@CChannelMgr@@@_STL@@@2@@_STL@@ABEPAU?$_Rb_tree_node@U?$pair@$$CBKUPLAYERINFO@CChannelMgr@@@_STL@@@2@ABK@Z 00406b10 f i ChannelMgr.obj
 0001:00005b40       ?get_allocator@?$_Rb_tree_base@U?$pair@$$CBKUPLAYERINFO@CChannelMgr@@@_STL@@V?$allocator@U?$pair@$$CBKUPLAYERINFO@CChannelMgr@@@_STL@@@2@@_STL@@QBE?AV?$allocator@U?$pair@$$CBKUPLAYERINFO@CChannelMgr@@@_STL@@@2@XZ 00406b40 f i ChannelMgr.obj
 0001:00005b60       ?deallocate@?$allocator@U?$_Rb_tree_node@U?$pair@$$CBKUPLAYERINFO@CChannelMgr@@@_STL@@@_STL@@@_STL@@QBEXPAU?$_Rb_tree_node@U?$pair@$$CBKUPLAYERINFO@CChannelMgr@@@_STL@@@2@I@Z 00406b60 f i ChannelMgr.obj
 0001:00005ba0       ??0?$_STLP_alloc_proxy@PAU?$_Rb_tree_node@U?$pair@$$CBKV?$map@KUPLAYERINFO@CChannelMgr@@U?$less@K@_STL@@V?$allocator@U?$pair@$$CBKUPLAYERINFO@CChannelMgr@@@_STL@@@4@@_STL@@@_STL@@@_STL@@U12@V?$allocator@U?$pair@$$CBKV?$map@KUPLAYERINFO@CChannelMgr@@U?$less@K@_STL@@V?$allocator@U?$pair@$$CBKUPLAYERINFO@CChannelMgr@@@_STL@@@4@@_STL@@@_STL@@@2@@_STL@@QAE@ABV?$allocator@U?$pair@$$CBKV?$map@KUPLAYERINFO@CChannelMgr@@U?$less@K@_STL@@V?$allocator@U?$pair@$$CBKUPLAYERINFO@CChannelMgr@@@_STL@@@4@@_STL@@@_STL@@@1@PAU?$_Rb_tree_node@U?$pair@$$CBKV?$map@KUPLAYERINFO@CChannelMgr@@U?$less@K@_STL@@V?$allocator@U?$pair@$$CBKUPLAYERINFO@CChannelMgr@@@_STL@@@4@@_STL@@@_STL@@@1@@Z 00406ba0 f i ChannelMgr.obj
 0001:00005bb0       ??0?$basic_string@DV?$char_traits@D@_STL@@V?$allocator@D@2@@_STL@@QAE@ABV01@@Z 00406bb0 f i ChannelMgr.obj
 0001:00005c70       ?reserve@?$basic_string@DV?$char_traits@D@_STL@@V?$allocator@D@2@@_STL@@QAEXI@Z 00406c70 f i ChannelMgr.obj
 0001:00005d90       ?rfind@?$basic_string@DV?$char_traits@D@_STL@@V?$allocator@D@2@@_STL@@QBEIDI@Z 00406d90 f i ChannelMgr.obj
 0001:00005e10       ?find_last_not_of@?$basic_string@DV?$char_traits@D@_STL@@V?$allocator@D@2@@_STL@@QBEIPBDII@Z 00406e10 f i ChannelMgr.obj
 0001:00005ea0       ?_M_copy@?$_Rb_tree@KU?$pair@$$CBKV?$map@KUPLAYERINFO@CChannelMgr@@U?$less@K@_STL@@V?$allocator@U?$pair@$$CBKUPLAYERINFO@CChannelMgr@@@_STL@@@4@@_STL@@@_STL@@U?$_Select1st@U?$pair@$$CBKV?$map@KUPLAYERINFO@CChannelMgr@@U?$less@K@_STL@@V?$allocator@U?$pair@$$CBKUPLAYERINFO@CChannelMgr@@@_STL@@@4@@_STL@@@_STL@@@2@U?$less@K@2@V?$allocator@U?$pair@$$CBKV?$map@KUPLAYERINFO@CChannelMgr@@U?$less@K@_STL@@V?$allocator@U?$pair@$$CBKUPLAYERINFO@CChannelMgr@@@_STL@@@4@@_STL@@@_STL@@@2@@_STL@@AAEPAU?$_Rb_tree_node@U?$pair@$$CBKV?$map@KUPLAYERINFO@CChannelMgr@@U?$less@K@_STL@@V?$allocator@U?$pair@$$CBKUPLAYERINFO@CChannelMgr@@@_STL@@@4@@_STL@@@_STL@@@2@PAU32@0@Z 00406ea0 f i ChannelMgr.obj
 0001:00006030       ?deallocate@?$_STLP_alloc_proxy@PAU?$_Rb_tree_node@U?$pair@$$CBKUPLAYERINFO@CChannelMgr@@@_STL@@@_STL@@U12@V?$allocator@U?$pair@$$CBKUPLAYERINFO@CChannelMgr@@@_STL@@@2@@_STL@@QAEXPAU?$_Rb_tree_node@U?$pair@$$CBKUPLAYERINFO@CChannelMgr@@@_STL@@@2@I@Z 00407030 f i ChannelMgr.obj
 0001:00006070       ?_S_left@?$_Rb_tree@KU?$pair@$$CBKUPLAYERINFO@CChannelMgr@@@_STL@@U?$_Select1st@U?$pair@$$CBKUPLAYERINFO@CChannelMgr@@@_STL@@@2@U?$less@K@2@V?$allocator@U?$pair@$$CBKUPLAYERINFO@CChannelMgr@@@_STL@@@2@@_STL@@KAAAPAU?$_Rb_tree_node@U?$pair@$$CBKUPLAYERINFO@CChannelMgr@@@_STL@@@2@PAU32@@Z 00407070 f i ChannelMgr.obj
 0001:00006080       ?_S_right@?$_Rb_tree@KU?$pair@$$CBKUPLAYERINFO@CChannelMgr@@@_STL@@U?$_Select1st@U?$pair@$$CBKUPLAYERINFO@CChannelMgr@@@_STL@@@2@U?$less@K@2@V?$allocator@U?$pair@$$CBKUPLAYERINFO@CChannelMgr@@@_STL@@@2@@_STL@@KAAAPAU?$_Rb_tree_node@U?$pair@$$CBKUPLAYERINFO@CChannelMgr@@@_STL@@@2@PAU32@@Z 00407080 f i ChannelMgr.obj
 0001:00006090       ?_M_erase@?$_Rb_tree@KU?$pair@$$CBKV?$map@KUPLAYERINFO@CChannelMgr@@U?$less@K@_STL@@V?$allocator@U?$pair@$$CBKUPLAYERINFO@CChannelMgr@@@_STL@@@4@@_STL@@@_STL@@U?$_Select1st@U?$pair@$$CBKV?$map@KUPLAYERINFO@CChannelMgr@@U?$less@K@_STL@@V?$allocator@U?$pair@$$CBKUPLAYERINFO@CChannelMgr@@@_STL@@@4@@_STL@@@_STL@@@2@U?$less@K@2@V?$allocator@U?$pair@$$CBKV?$map@KUPLAYERINFO@CChannelMgr@@U?$less@K@_STL@@V?$allocator@U?$pair@$$CBKUPLAYERINFO@CChannelMgr@@@_STL@@@4@@_STL@@@_STL@@@2@@_STL@@AAEXPAU?$_Rb_tree_node@U?$pair@$$CBKV?$map@KUPLAYERINFO@CChannelMgr@@U?$less@K@_STL@@V?$allocator@U?$pair@$$CBKUPLAYERINFO@CChannelMgr@@@_STL@@@4@@_STL@@@_STL@@@2@@Z 00407090 f i ChannelMgr.obj
 0001:000060d0       ?insert_unique@?$_Rb_tree@KU?$pair@$$CBKV?$map@KUPLAYERINFO@CChannelMgr@@U?$less@K@_STL@@V?$allocator@U?$pair@$$CBKUPLAYERINFO@CChannelMgr@@@_STL@@@4@@_STL@@@_STL@@U?$_Select1st@U?$pair@$$CBKV?$map@KUPLAYERINFO@CChannelMgr@@U?$less@K@_STL@@V?$allocator@U?$pair@$$CBKUPLAYERINFO@CChannelMgr@@@_STL@@@4@@_STL@@@_STL@@@2@U?$less@K@2@V?$allocator@U?$pair@$$CBKV?$map@KUPLAYERINFO@CChannelMgr@@U?$less@K@_STL@@V?$allocator@U?$pair@$$CBKUPLAYERINFO@CChannelMgr@@@_STL@@@4@@_STL@@@_STL@@@2@@_STL@@QAE?AU?$_Rb_tree_iterator@U?$pair@$$CBKV?$map@KUPLAYERINFO@CChannelMgr@@U?$less@K@_STL@@V?$allocator@U?$pair@$$CBKUPLAYERINFO@CChannelMgr@@@_STL@@@4@@_STL@@@_STL@@U?$_Nonconst_traits@U?$pair@$$CBKV?$map@KUPLAYERINFO@CChannelMgr@@U?$less@K@_STL@@V?$allocator@U?$pair@$$CBKUPLAYERINFO@CChannelMgr@@@_STL@@@4@@_STL@@@_STL@@@2@@2@U32@ABU?$pair@$$CBKV?$map@KUPLAYERINFO@CChannelMgr@@U?$less@K@_STL@@V?$allocator@U?$pair@$$CBKUPLAYERINFO@CChannelMgr@@@_STL@@@4@@_STL@@@2@@Z 004070d0 f i ChannelMgr.obj
 0001:000065b0       ?begin@?$_Rb_tree@KU?$pair@$$CBKV?$map@KUPLAYERINFO@CChannelMgr@@U?$less@K@_STL@@V?$allocator@U?$pair@$$CBKUPLAYERINFO@CChannelMgr@@@_STL@@@4@@_STL@@@_STL@@U?$_Select1st@U?$pair@$$CBKV?$map@KUPLAYERINFO@CChannelMgr@@U?$less@K@_STL@@V?$allocator@U?$pair@$$CBKUPLAYERINFO@CChannelMgr@@@_STL@@@4@@_STL@@@_STL@@@2@U?$less@K@2@V?$allocator@U?$pair@$$CBKV?$map@KUPLAYERINFO@CChannelMgr@@U?$less@K@_STL@@V?$allocator@U?$pair@$$CBKUPLAYERINFO@CChannelMgr@@@_STL@@@4@@_STL@@@_STL@@@2@@_STL@@QAE?AU?$_Rb_tree_iterator@U?$pair@$$CBKV?$map@KUPLAYERINFO@CChannelMgr@@U?$less@K@_STL@@V?$allocator@U?$pair@$$CBKUPLAYERINFO@CChannelMgr@@@_STL@@@4@@_STL@@@_STL@@U?$_Nonconst_traits@U?$pair@$$CBKV?$map@KUPLAYERINFO@CChannelMgr@@U?$less@K@_STL@@V?$allocator@U?$pair@$$CBKUPLAYERINFO@CChannelMgr@@@_STL@@@4@@_STL@@@_STL@@@2@@2@XZ 004075b0 f i ChannelMgr.obj
 0001:000065c0       ?_M_erase@?$_Rb_tree@KU?$pair@$$CBKUCHANNINFO@CChannelMgr@@@_STL@@U?$_Select1st@U?$pair@$$CBKUCHANNINFO@CChannelMgr@@@_STL@@@2@U?$less@K@2@V?$allocator@U?$pair@$$CBKUCHANNINFO@CChannelMgr@@@_STL@@@2@@_STL@@AAEXPAU?$_Rb_tree_node@U?$pair@$$CBKUCHANNINFO@CChannelMgr@@@_STL@@@2@@Z 004075c0 f i ChannelMgr.obj
 0001:00006600       ?insert_unique@?$_Rb_tree@KU?$pair@$$CBKUCHANNINFO@CChannelMgr@@@_STL@@U?$_Select1st@U?$pair@$$CBKUCHANNINFO@CChannelMgr@@@_STL@@@2@U?$less@K@2@V?$allocator@U?$pair@$$CBKUCHANNINFO@CChannelMgr@@@_STL@@@2@@_STL@@QAE?AU?$_Rb_tree_iterator@U?$pair@$$CBKUCHANNINFO@CChannelMgr@@@_STL@@U?$_Nonconst_traits@U?$pair@$$CBKUCHANNINFO@CChannelMgr@@@_STL@@@2@@2@U32@ABU?$pair@$$CBKUCHANNINFO@CChannelMgr@@@2@@Z 00407600 f i ChannelMgr.obj
 0001:00006ae0       ?begin@?$_Rb_tree@KU?$pair@$$CBKUCHANNINFO@CChannelMgr@@@_STL@@U?$_Select1st@U?$pair@$$CBKUCHANNINFO@CChannelMgr@@@_STL@@@2@U?$less@K@2@V?$allocator@U?$pair@$$CBKUCHANNINFO@CChannelMgr@@@_STL@@@2@@_STL@@QAE?AU?$_Rb_tree_iterator@U?$pair@$$CBKUCHANNINFO@CChannelMgr@@@_STL@@U?$_Nonconst_traits@U?$pair@$$CBKUCHANNINFO@CChannelMgr@@@_STL@@@2@@2@XZ 00407ae0 f i ChannelMgr.obj
 0001:00006af0       ?_M_erase@?$_Rb_tree@V?$basic_string@DV?$char_traits@D@_STL@@V?$allocator@D@2@@_STL@@U?$pair@$$CBV?$basic_string@DV?$char_traits@D@_STL@@V?$allocator@D@2@@_STL@@K@2@U?$_Select1st@U?$pair@$$CBV?$basic_string@DV?$char_traits@D@_STL@@V?$allocator@D@2@@_STL@@K@_STL@@@2@U_tstring_less@@V?$allocator@U?$pair@$$CBV?$basic_string@DV?$char_traits@D@_STL@@V?$allocator@D@2@@_STL@@K@_STL@@@2@@_STL@@AAEXPAU?$_Rb_tree_node@U?$pair@$$CBV?$basic_string@DV?$char_traits@D@_STL@@V?$allocator@D@2@@_STL@@K@_STL@@@2@@Z 00407af0 f i ChannelMgr.obj
 0001:00006b30       ?insert_unique@?$_Rb_tree@V?$basic_string@DV?$char_traits@D@_STL@@V?$allocator@D@2@@_STL@@U?$pair@$$CBV?$basic_string@DV?$char_traits@D@_STL@@V?$allocator@D@2@@_STL@@K@2@U?$_Select1st@U?$pair@$$CBV?$basic_string@DV?$char_traits@D@_STL@@V?$allocator@D@2@@_STL@@K@_STL@@@2@U_tstring_less@@V?$allocator@U?$pair@$$CBV?$basic_string@DV?$char_traits@D@_STL@@V?$allocator@D@2@@_STL@@K@_STL@@@2@@_STL@@QAE?AU?$_Rb_tree_iterator@U?$pair@$$CBV?$basic_string@DV?$char_traits@D@_STL@@V?$allocator@D@2@@_STL@@K@_STL@@U?$_Nonconst_traits@U?$pair@$$CBV?$basic_string@DV?$char_traits@D@_STL@@V?$allocator@D@2@@_STL@@K@_STL@@@2@@2@U32@ABU?$pair@$$CBV?$basic_string@DV?$char_traits@D@_STL@@V?$allocator@D@2@@_STL@@K@2@@Z 00407b30 f i ChannelMgr.obj
 0001:00007090       ?begin@?$_Rb_tree@V?$basic_string@DV?$char_traits@D@_STL@@V?$allocator@D@2@@_STL@@U?$pair@$$CBV?$basic_string@DV?$char_traits@D@_STL@@V?$allocator@D@2@@_STL@@K@2@U?$_Select1st@U?$pair@$$CBV?$basic_string@DV?$char_traits@D@_STL@@V?$allocator@D@2@@_STL@@K@_STL@@@2@U_tstring_less@@V?$allocator@U?$pair@$$CBV?$basic_string@DV?$char_traits@D@_STL@@V?$allocator@D@2@@_STL@@K@_STL@@@2@@_STL@@QAE?AU?$_Rb_tree_iterator@U?$pair@$$CBV?$basic_string@DV?$char_traits@D@_STL@@V?$allocator@D@2@@_STL@@K@_STL@@U?$_Nonconst_traits@U?$pair@$$CBV?$basic_string@DV?$char_traits@D@_STL@@V?$allocator@D@2@@_STL@@K@_STL@@@2@@2@XZ 00408090 f i ChannelMgr.obj
 0001:000070a0       ?_M_erase@?$_Rb_tree@KU?$pair@$$CBKV?$list@PAU_BLOCKCHANNELOP@CChannelMgr@@V?$allocator@PAU_BLOCKCHANNELOP@CChannelMgr@@@_STL@@@_STL@@@_STL@@U?$_Select1st@U?$pair@$$CBKV?$list@PAU_BLOCKCHANNELOP@CChannelMgr@@V?$allocator@PAU_BLOCKCHANNELOP@CChannelMgr@@@_STL@@@_STL@@@_STL@@@2@U?$less@K@2@V?$allocator@U?$pair@$$CBKV?$list@PAU_BLOCKCHANNELOP@CChannelMgr@@V?$allocator@PAU_BLOCKCHANNELOP@CChannelMgr@@@_STL@@@_STL@@@_STL@@@2@@_STL@@AAEXPAU?$_Rb_tree_node@U?$pair@$$CBKV?$list@PAU_BLOCKCHANNELOP@CChannelMgr@@V?$allocator@PAU_BLOCKCHANNELOP@CChannelMgr@@@_STL@@@_STL@@@_STL@@@2@@Z 004080a0 f i ChannelMgr.obj
 0001:000070e0       ??1?$pair@$$CBKV?$list@PAU_BLOCKCHANNELOP@CChannelMgr@@V?$allocator@PAU_BLOCKCHANNELOP@CChannelMgr@@@_STL@@@_STL@@@_STL@@QAE@XZ 004080e0 f i ChannelMgr.obj
 0001:00007160       ??1?$_STLP_alloc_proxy@PAU?$_List_node@PAU_BLOCKCHANNELOP@CChannelMgr@@@_STL@@U12@V?$allocator@PAU_BLOCKCHANNELOP@CChannelMgr@@@2@@_STL@@QAE@XZ 00408160 f i ChannelMgr.obj
 0001:00007170       ?_M_copy@?$_Rb_tree@KU?$pair@$$CBKUPLAYERINFO@CChannelMgr@@@_STL@@U?$_Select1st@U?$pair@$$CBKUPLAYERINFO@CChannelMgr@@@_STL@@@2@U?$less@K@2@V?$allocator@U?$pair@$$CBKUPLAYERINFO@CChannelMgr@@@_STL@@@2@@_STL@@AAEPAU?$_Rb_tree_node@U?$pair@$$CBKUPLAYERINFO@CChannelMgr@@@_STL@@@2@PAU32@0@Z 00408170 f i ChannelMgr.obj
 0001:00007260       ?_M_erase@?$_Rb_tree@KU?$pair@$$CBKUPLAYERINFO@CChannelMgr@@@_STL@@U?$_Select1st@U?$pair@$$CBKUPLAYERINFO@CChannelMgr@@@_STL@@@2@U?$less@K@2@V?$allocator@U?$pair@$$CBKUPLAYERINFO@CChannelMgr@@@_STL@@@2@@_STL@@AAEXPAU?$_Rb_tree_node@U?$pair@$$CBKUPLAYERINFO@CChannelMgr@@@_STL@@@2@@Z 00408260 f i ChannelMgr.obj
 0001:000072a0       ?insert_unique@?$_Rb_tree@KU?$pair@$$CBKUPLAYERINFO@CChannelMgr@@@_STL@@U?$_Select1st@U?$pair@$$CBKUPLAYERINFO@CChannelMgr@@@_STL@@@2@U?$less@K@2@V?$allocator@U?$pair@$$CBKUPLAYERINFO@CChannelMgr@@@_STL@@@2@@_STL@@QAE?AU?$_Rb_tree_iterator@U?$pair@$$CBKUPLAYERINFO@CChannelMgr@@@_STL@@U?$_Nonconst_traits@U?$pair@$$CBKUPLAYERINFO@CChannelMgr@@@_STL@@@2@@2@U32@ABU?$pair@$$CBKUPLAYERINFO@CChannelMgr@@@2@@Z 004082a0 f i ChannelMgr.obj
 0001:00007780       ?begin@?$_Rb_tree@KU?$pair@$$CBKUPLAYERINFO@CChannelMgr@@@_STL@@U?$_Select1st@U?$pair@$$CBKUPLAYERINFO@CChannelMgr@@@_STL@@@2@U?$less@K@2@V?$allocator@U?$pair@$$CBKUPLAYERINFO@CChannelMgr@@@_STL@@@2@@_STL@@QAE?AU?$_Rb_tree_iterator@U?$pair@$$CBKUPLAYERINFO@CChannelMgr@@@_STL@@U?$_Nonconst_traits@U?$pair@$$CBKUPLAYERINFO@CChannelMgr@@@_STL@@@2@@2@XZ 00408780 f i ChannelMgr.obj
 0001:00007790       ?_M_range_initialize@?$basic_string@DV?$char_traits@D@_STL@@V?$allocator@D@2@@_STL@@AAEXPBD0@Z 00408790 f i ChannelMgr.obj
 0001:00007810       ?__default_constructed@_STL@@YA?AV?$map@KUPLAYERINFO@CChannelMgr@@U?$less@K@_STL@@V?$allocator@U?$pair@$$CBKUPLAYERINFO@CChannelMgr@@@_STL@@@4@@1@PAV21@@Z 00408810 f i ChannelMgr.obj
 0001:00007840       ?__default_constructed@_STL@@YA?AUCHANNINFO@CChannelMgr@@PAU23@@Z 00408840 f i ChannelMgr.obj
 0001:00007870       ?_Destroy@_STL@@YAXPAU?$pair@$$CBKUPLAYERINFO@CChannelMgr@@@1@@Z 00408870 f i ChannelMgr.obj
 0001:00007880       ?__stl_alloc_rebind@_STL@@YAAAV?$allocator@U?$_Rb_tree_node@U?$pair@$$CBKUPLAYERINFO@CChannelMgr@@@_STL@@@_STL@@@1@AAV?$allocator@U?$pair@$$CBKUPLAYERINFO@CChannelMgr@@@_STL@@@1@PBU?$_Rb_tree_node@U?$pair@$$CBKUPLAYERINFO@CChannelMgr@@@_STL@@@1@@Z 00408880 f i ChannelMgr.obj
 0001:00007890       ??_G?$pair@$$CBKV?$map@KUPLAYERINFO@CChannelMgr@@U?$less@K@_STL@@V?$allocator@U?$pair@$$CBKUPLAYERINFO@CChannelMgr@@@_STL@@@4@@_STL@@@_STL@@QAEPAXI@Z 00408890 f i ChannelMgr.obj
 0001:000078b0       ??_G?$pair@$$CBKUCHANNINFO@CChannelMgr@@@_STL@@QAEPAXI@Z 004088b0 f i ChannelMgr.obj
 0001:000078d0       ??_G?$pair@$$CBV?$basic_string@DV?$char_traits@D@_STL@@V?$allocator@D@2@@_STL@@K@_STL@@QAEPAXI@Z 004088d0 f i ChannelMgr.obj
 0001:000078f0       ?get_allocator@?$basic_string@DV?$char_traits@D@_STL@@V?$allocator@D@2@@_STL@@QBE?AV?$allocator@D@2@XZ 004088f0 f i ChannelMgr.obj
 0001:00007910       ?rend@?$basic_string@DV?$char_traits@D@_STL@@V?$allocator@D@2@@_STL@@QBE?AV?$reverse_iterator@PBDDABDPBDH@2@XZ 00408910 f i ChannelMgr.obj
 0001:00007920       ??0?$reverse_iterator@PBDDABDPBDH@_STL@@QAE@ABV01@@Z 00408920 f i ChannelMgr.obj
 0001:00007930       ??0?$reverse_iterator@PBDDABDPBDH@_STL@@QAE@PBD@Z 00408930 f i ChannelMgr.obj
 0001:00007940       ?_M_create_node@?$_Rb_tree@KU?$pair@$$CBKV?$map@KUPLAYERINFO@CChannelMgr@@U?$less@K@_STL@@V?$allocator@U?$pair@$$CBKUPLAYERINFO@CChannelMgr@@@_STL@@@4@@_STL@@@_STL@@U?$_Select1st@U?$pair@$$CBKV?$map@KUPLAYERINFO@CChannelMgr@@U?$less@K@_STL@@V?$allocator@U?$pair@$$CBKUPLAYERINFO@CChannelMgr@@@_STL@@@4@@_STL@@@_STL@@@2@U?$less@K@2@V?$allocator@U?$pair@$$CBKV?$map@KUPLAYERINFO@CChannelMgr@@U?$less@K@_STL@@V?$allocator@U?$pair@$$CBKUPLAYERINFO@CChannelMgr@@@_STL@@@4@@_STL@@@_STL@@@2@@_STL@@IAEPAU?$_Rb_tree_node@U?$pair@$$CBKV?$map@KUPLAYERINFO@CChannelMgr@@U?$less@K@_STL@@V?$allocator@U?$pair@$$CBKUPLAYERINFO@CChannelMgr@@@_STL@@@4@@_STL@@@_STL@@@2@ABU?$pair@$$CBKV?$map@KUPLAYERINFO@CChannelMgr@@U?$less@K@_STL@@V?$allocator@U?$pair@$$CBKUPLAYERINFO@CChannelMgr@@@_STL@@@4@@_STL@@@2@@Z 00408940 f i ChannelMgr.obj
 0001:00007a60       ??3@YAXPAX0@Z              00408a60 f i ChannelMgr.obj
 0001:00007a70       ?_M_empty_initialize@?$_Rb_tree@KU?$pair@$$CBKUPLAYERINFO@CChannelMgr@@@_STL@@U?$_Select1st@U?$pair@$$CBKUPLAYERINFO@CChannelMgr@@@_STL@@@2@U?$less@K@2@V?$allocator@U?$pair@$$CBKUPLAYERINFO@CChannelMgr@@@_STL@@@2@@_STL@@AAEXXZ 00408a70 f i ChannelMgr.obj
 0001:00007a90       ??0?$_Rb_tree_base@U?$pair@$$CBKUPLAYERINFO@CChannelMgr@@@_STL@@V?$allocator@U?$pair@$$CBKUPLAYERINFO@CChannelMgr@@@_STL@@@2@@_STL@@QAE@ABV?$allocator@U?$pair@$$CBKUPLAYERINFO@CChannelMgr@@@_STL@@@1@@Z 00408a90 f i ChannelMgr.obj
 0001:00007ae0       ?_M_create_node@?$_Rb_tree@KU?$pair@$$CBKUPLAYERINFO@CChannelMgr@@@_STL@@U?$_Select1st@U?$pair@$$CBKUPLAYERINFO@CChannelMgr@@@_STL@@@2@U?$less@K@2@V?$allocator@U?$pair@$$CBKUPLAYERINFO@CChannelMgr@@@_STL@@@2@@_STL@@IAEPAU?$_Rb_tree_node@U?$pair@$$CBKUPLAYERINFO@CChannelMgr@@@_STL@@@2@ABU?$pair@$$CBKUPLAYERINFO@CChannelMgr@@@2@@Z 00408ae0 f i ChannelMgr.obj
 0001:00007b10       ?_M_range_initialize@?$basic_string@DV?$char_traits@D@_STL@@V?$allocator@D@2@@_STL@@AAEXPAD0@Z 00408b10 f i ChannelMgr.obj
 0001:00007b90       ?find_if@_STL@@YA?AV?$reverse_iterator@PBDDABDPBDH@1@V21@0U?$_Eq_char_bound@V?$char_traits@D@_STL@@@1@@Z 00408b90 f i ChannelMgr.obj
 0001:00007bd0       ?find_if@_STL@@YA?AV?$reverse_iterator@PBDDABDPBDH@1@V21@0U?$_Not_within_traits@V?$char_traits@D@_STL@@@1@@Z 00408bd0 f i ChannelMgr.obj
 0001:00007c20       ?_M_insert@?$_Rb_tree@KU?$pair@$$CBKV?$map@KUPLAYERINFO@CChannelMgr@@U?$less@K@_STL@@V?$allocator@U?$pair@$$CBKUPLAYERINFO@CChannelMgr@@@_STL@@@4@@_STL@@@_STL@@U?$_Select1st@U?$pair@$$CBKV?$map@KUPLAYERINFO@CChannelMgr@@U?$less@K@_STL@@V?$allocator@U?$pair@$$CBKUPLAYERINFO@CChannelMgr@@@_STL@@@4@@_STL@@@_STL@@@2@U?$less@K@2@V?$allocator@U?$pair@$$CBKV?$map@KUPLAYERINFO@CChannelMgr@@U?$less@K@_STL@@V?$allocator@U?$pair@$$CBKUPLAYERINFO@CChannelMgr@@@_STL@@@4@@_STL@@@_STL@@@2@@_STL@@AAE?AU?$_Rb_tree_iterator@U?$pair@$$CBKV?$map@KUPLAYERINFO@CChannelMgr@@U?$less@K@_STL@@V?$allocator@U?$pair@$$CBKUPLAYERINFO@CChannelMgr@@@_STL@@@4@@_STL@@@_STL@@U?$_Nonconst_traits@U?$pair@$$CBKV?$map@KUPLAYERINFO@CChannelMgr@@U?$less@K@_STL@@V?$allocator@U?$pair@$$CBKUPLAYERINFO@CChannelMgr@@@_STL@@@4@@_STL@@@_STL@@@2@@2@PAU_Rb_tree_node_base@2@0ABU?$pair@$$CBKV?$map@KUPLAYERINFO@CChannelMgr@@U?$less@K@_STL@@V?$allocator@U?$pair@$$CBKUPLAYERINFO@CChannelMgr@@@_STL@@@4@@_STL@@@2@0@Z 00408c20 f i ChannelMgr.obj
 0001:00007cc0       ?insert_unique@?$_Rb_tree@KU?$pair@$$CBKV?$map@KUPLAYERINFO@CChannelMgr@@U?$less@K@_STL@@V?$allocator@U?$pair@$$CBKUPLAYERINFO@CChannelMgr@@@_STL@@@4@@_STL@@@_STL@@U?$_Select1st@U?$pair@$$CBKV?$map@KUPLAYERINFO@CChannelMgr@@U?$less@K@_STL@@V?$allocator@U?$pair@$$CBKUPLAYERINFO@CChannelMgr@@@_STL@@@4@@_STL@@@_STL@@@2@U?$less@K@2@V?$allocator@U?$pair@$$CBKV?$map@KUPLAYERINFO@CChannelMgr@@U?$less@K@_STL@@V?$allocator@U?$pair@$$CBKUPLAYERINFO@CChannelMgr@@@_STL@@@4@@_STL@@@_STL@@@2@@_STL@@QAE?AU?$pair@U?$_Rb_tree_iterator@U?$pair@$$CBKV?$map@KUPLAYERINFO@CChannelMgr@@U?$less@K@_STL@@V?$allocator@U?$pair@$$CBKUPLAYERINFO@CChannelMgr@@@_STL@@@4@@_STL@@@_STL@@U?$_Nonconst_traits@U?$pair@$$CBKV?$map@KUPLAYERINFO@CChannelMgr@@U?$less@K@_STL@@V?$allocator@U?$pair@$$CBKUPLAYERINFO@CChannelMgr@@@_STL@@@4@@_STL@@@_STL@@@2@@_STL@@_N@2@ABU?$pair@$$CBKV?$map@KUPLAYERINFO@CChannelMgr@@U?$less@K@_STL@@V?$allocator@U?$pair@$$CBKUPLAYERINFO@CChannelMgr@@@_STL@@@4@@_STL@@@2@@Z 00408cc0 f i ChannelMgr.obj
 0001:00007e30       ?_M_insert@?$_Rb_tree@KU?$pair@$$CBKUCHANNINFO@CChannelMgr@@@_STL@@U?$_Select1st@U?$pair@$$CBKUCHANNINFO@CChannelMgr@@@_STL@@@2@U?$less@K@2@V?$allocator@U?$pair@$$CBKUCHANNINFO@CChannelMgr@@@_STL@@@2@@_STL@@AAE?AU?$_Rb_tree_iterator@U?$pair@$$CBKUCHANNINFO@CChannelMgr@@@_STL@@U?$_Nonconst_traits@U?$pair@$$CBKUCHANNINFO@CChannelMgr@@@_STL@@@2@@2@PAU_Rb_tree_node_base@2@0ABU?$pair@$$CBKUCHANNINFO@CChannelMgr@@@2@0@Z 00408e30 f i ChannelMgr.obj
 0001:00007ed0       ?insert_unique@?$_Rb_tree@KU?$pair@$$CBKUCHANNINFO@CChannelMgr@@@_STL@@U?$_Select1st@U?$pair@$$CBKUCHANNINFO@CChannelMgr@@@_STL@@@2@U?$less@K@2@V?$allocator@U?$pair@$$CBKUCHANNINFO@CChannelMgr@@@_STL@@@2@@_STL@@QAE?AU?$pair@U?$_Rb_tree_iterator@U?$pair@$$CBKUCHANNINFO@CChannelMgr@@@_STL@@U?$_Nonconst_traits@U?$pair@$$CBKUCHANNINFO@CChannelMgr@@@_STL@@@2@@_STL@@_N@2@ABU?$pair@$$CBKUCHANNINFO@CChannelMgr@@@2@@Z 00408ed0 f i ChannelMgr.obj
 0001:00008040       ?_M_insert@?$_Rb_tree@V?$basic_string@DV?$char_traits@D@_STL@@V?$allocator@D@2@@_STL@@U?$pair@$$CBV?$basic_string@DV?$char_traits@D@_STL@@V?$allocator@D@2@@_STL@@K@2@U?$_Select1st@U?$pair@$$CBV?$basic_string@DV?$char_traits@D@_STL@@V?$allocator@D@2@@_STL@@K@_STL@@@2@U_tstring_less@@V?$allocator@U?$pair@$$CBV?$basic_string@DV?$char_traits@D@_STL@@V?$allocator@D@2@@_STL@@K@_STL@@@2@@_STL@@AAE?AU?$_Rb_tree_iterator@U?$pair@$$CBV?$basic_string@DV?$char_traits@D@_STL@@V?$allocator@D@2@@_STL@@K@_STL@@U?$_Nonconst_traits@U?$pair@$$CBV?$basic_string@DV?$char_traits@D@_STL@@V?$allocator@D@2@@_STL@@K@_STL@@@2@@2@PAU_Rb_tree_node_base@2@0ABU?$pair@$$CBV?$basic_string@DV?$char_traits@D@_STL@@V?$allocator@D@2@@_STL@@K@2@0@Z 00409040 f i ChannelMgr.obj
 0001:00008100       ?insert_unique@?$_Rb_tree@V?$basic_string@DV?$char_traits@D@_STL@@V?$allocator@D@2@@_STL@@U?$pair@$$CBV?$basic_string@DV?$char_traits@D@_STL@@V?$allocator@D@2@@_STL@@K@2@U?$_Select1st@U?$pair@$$CBV?$basic_string@DV?$char_traits@D@_STL@@V?$allocator@D@2@@_STL@@K@_STL@@@2@U_tstring_less@@V?$allocator@U?$pair@$$CBV?$basic_string@DV?$char_traits@D@_STL@@V?$allocator@D@2@@_STL@@K@_STL@@@2@@_STL@@QAE?AU?$pair@U?$_Rb_tree_iterator@U?$pair@$$CBV?$basic_string@DV?$char_traits@D@_STL@@V?$allocator@D@2@@_STL@@K@_STL@@U?$_Nonconst_traits@U?$pair@$$CBV?$basic_string@DV?$char_traits@D@_STL@@V?$allocator@D@2@@_STL@@K@_STL@@@2@@_STL@@_N@2@ABU?$pair@$$CBV?$basic_string@DV?$char_traits@D@_STL@@V?$allocator@D@2@@_STL@@K@2@@Z 00409100 f i ChannelMgr.obj
 0001:000082f0       ?_M_insert@?$_Rb_tree@KU?$pair@$$CBKUPLAYERINFO@CChannelMgr@@@_STL@@U?$_Select1st@U?$pair@$$CBKUPLAYERINFO@CChannelMgr@@@_STL@@@2@U?$less@K@2@V?$allocator@U?$pair@$$CBKUPLAYERINFO@CChannelMgr@@@_STL@@@2@@_STL@@AAE?AU?$_Rb_tree_iterator@U?$pair@$$CBKUPLAYERINFO@CChannelMgr@@@_STL@@U?$_Nonconst_traits@U?$pair@$$CBKUPLAYERINFO@CChannelMgr@@@_STL@@@2@@2@PAU_Rb_tree_node_base@2@0ABU?$pair@$$CBKUPLAYERINFO@CChannelMgr@@@2@0@Z 004092f0 f i ChannelMgr.obj
 0001:00008390       ?insert_unique@?$_Rb_tree@KU?$pair@$$CBKUPLAYERINFO@CChannelMgr@@@_STL@@U?$_Select1st@U?$pair@$$CBKUPLAYERINFO@CChannelMgr@@@_STL@@@2@U?$less@K@2@V?$allocator@U?$pair@$$CBKUPLAYERINFO@CChannelMgr@@@_STL@@@2@@_STL@@QAE?AU?$pair@U?$_Rb_tree_iterator@U?$pair@$$CBKUPLAYERINFO@CChannelMgr@@@_STL@@U?$_Nonconst_traits@U?$pair@$$CBKUPLAYERINFO@CChannelMgr@@@_STL@@@2@@_STL@@_N@2@ABU?$pair@$$CBKUPLAYERINFO@CChannelMgr@@@2@@Z 00409390 f i ChannelMgr.obj
 0001:00008500       ?_M_range_initialize@?$basic_string@DV?$char_traits@D@_STL@@V?$allocator@D@2@@_STL@@AAEXPBD0ABUforward_iterator_tag@2@@Z 00409500 f i ChannelMgr.obj
 0001:00008580       ?_M_assign_dispatch@?$basic_string@DV?$char_traits@D@_STL@@V?$allocator@D@2@@_STL@@AAEAAV12@PAD0ABU__false_type@2@@Z 00409580 f i ChannelMgr.obj
 0001:00008600       ?__default_constructed_aux@_STL@@YA?AV?$map@KUPLAYERINFO@CChannelMgr@@U?$less@K@_STL@@V?$allocator@U?$pair@$$CBKUPLAYERINFO@CChannelMgr@@@_STL@@@4@@1@PAV21@ABU__false_type@1@@Z 00409600 f i ChannelMgr.obj
 0001:00008670       ?_M_find@?$_Rb_tree@KU?$pair@$$CBKV?$map@KUPLAYERINFO@CChannelMgr@@U?$less@K@_STL@@V?$allocator@U?$pair@$$CBKUPLAYERINFO@CChannelMgr@@@_STL@@@4@@_STL@@@_STL@@U?$_Select1st@U?$pair@$$CBKV?$map@KUPLAYERINFO@CChannelMgr@@U?$less@K@_STL@@V?$allocator@U?$pair@$$CBKUPLAYERINFO@CChannelMgr@@@_STL@@@4@@_STL@@@_STL@@@2@U?$less@K@2@V?$allocator@U?$pair@$$CBKV?$map@KUPLAYERINFO@CChannelMgr@@U?$less@K@_STL@@V?$allocator@U?$pair@$$CBKUPLAYERINFO@CChannelMgr@@@_STL@@@4@@_STL@@@_STL@@@2@@_STL@@ABEPAU?$_Rb_tree_node@U?$pair@$$CBKV?$map@KUPLAYERINFO@CChannelMgr@@U?$less@K@_STL@@V?$allocator@U?$pair@$$CBKUPLAYERINFO@CChannelMgr@@@_STL@@@4@@_STL@@@_STL@@@2@ABK@Z 00409670 f i ChannelMgr.obj
 0001:000086b0       ?__default_constructed_aux@_STL@@YA?AUCHANNINFO@CChannelMgr@@PAU23@ABU__false_type@1@@Z 004096b0 f i ChannelMgr.obj
 0001:00008750       ?_M_find@?$_Rb_tree@KU?$pair@$$CBKUCHANNINFO@CChannelMgr@@@_STL@@U?$_Select1st@U?$pair@$$CBKUCHANNINFO@CChannelMgr@@@_STL@@@2@U?$less@K@2@V?$allocator@U?$pair@$$CBKUCHANNINFO@CChannelMgr@@@_STL@@@2@@_STL@@ABEPAU?$_Rb_tree_node@U?$pair@$$CBKUCHANNINFO@CChannelMgr@@@_STL@@@2@ABK@Z 00409750 f i ChannelMgr.obj
 0001:00008790       ?_M_find@?$_Rb_tree@V?$basic_string@DV?$char_traits@D@_STL@@V?$allocator@D@2@@_STL@@U?$pair@$$CBV?$basic_string@DV?$char_traits@D@_STL@@V?$allocator@D@2@@_STL@@K@2@U?$_Select1st@U?$pair@$$CBV?$basic_string@DV?$char_traits@D@_STL@@V?$allocator@D@2@@_STL@@K@_STL@@@2@U_tstring_less@@V?$allocator@U?$pair@$$CBV?$basic_string@DV?$char_traits@D@_STL@@V?$allocator@D@2@@_STL@@K@_STL@@@2@@_STL@@ABEPAU?$_Rb_tree_node@U?$pair@$$CBV?$basic_string@DV?$char_traits@D@_STL@@V?$allocator@D@2@@_STL@@K@_STL@@@2@ABV?$basic_string@DV?$char_traits@D@_STL@@V?$allocator@D@2@@2@@Z 00409790 f i ChannelMgr.obj
 0001:00008830       ?_M_find@?$_Rb_tree@KU?$pair@$$CBKUPLAYERINFO@CChannelMgr@@@_STL@@U?$_Select1st@U?$pair@$$CBKUPLAYERINFO@CChannelMgr@@@_STL@@@2@U?$less@K@2@V?$allocator@U?$pair@$$CBKUPLAYERINFO@CChannelMgr@@@_STL@@@2@@_STL@@ABEPAU?$_Rb_tree_node@U?$pair@$$CBKUPLAYERINFO@CChannelMgr@@@_STL@@@2@ABK@Z 00409830 f i ChannelMgr.obj
 0001:00008870       ?_M_append_dispatch@?$basic_string@DV?$char_traits@D@_STL@@V?$allocator@D@2@@_STL@@AAEAAV12@PBD0ABU__false_type@2@@Z 00409870 f i ChannelMgr.obj
 0001:000088a0       ?__distance@_STL@@YAHABU?$_Rb_tree_iterator@U?$pair@$$CBV?$basic_string@DV?$char_traits@D@_STL@@V?$allocator@D@2@@_STL@@K@_STL@@U?$_Nonconst_traits@U?$pair@$$CBV?$basic_string@DV?$char_traits@D@_STL@@V?$allocator@D@2@@_STL@@K@_STL@@@2@@1@0ABUinput_iterator_tag@1@@Z 004098a0 f i ChannelMgr.obj
 0001:000088d0       ?__distance@_STL@@YAHABU?$_Rb_tree_iterator@U?$pair@$$CBKUPLAYERINFO@CChannelMgr@@@_STL@@U?$_Nonconst_traits@U?$pair@$$CBKUPLAYERINFO@CChannelMgr@@@_STL@@@2@@1@0ABUinput_iterator_tag@1@@Z 004098d0 f i ChannelMgr.obj
 0001:00008900       ??_G?$pair@$$CBKV?$list@PAU_BLOCKCHANNELOP@CChannelMgr@@V?$allocator@PAU_BLOCKCHANNELOP@CChannelMgr@@@_STL@@@_STL@@@_STL@@QAEPAXI@Z 00409900 f i ChannelMgr.obj
 0001:00008920       ?_M_create_node@?$_Rb_tree@KU?$pair@$$CBKUCHANNINFO@CChannelMgr@@@_STL@@U?$_Select1st@U?$pair@$$CBKUCHANNINFO@CChannelMgr@@@_STL@@@2@U?$less@K@2@V?$allocator@U?$pair@$$CBKUCHANNINFO@CChannelMgr@@@_STL@@@2@@_STL@@IAEPAU?$_Rb_tree_node@U?$pair@$$CBKUCHANNINFO@CChannelMgr@@@_STL@@@2@ABU?$pair@$$CBKUCHANNINFO@CChannelMgr@@@2@@Z 00409920 f i ChannelMgr.obj
 0001:00008a10       ??0?$_Rb_tree@KU?$pair@$$CBKV?$map@KUPLAYERINFO@CChannelMgr@@U?$less@K@_STL@@V?$allocator@U?$pair@$$CBKUPLAYERINFO@CChannelMgr@@@_STL@@@4@@_STL@@@_STL@@U?$_Select1st@U?$pair@$$CBKV?$map@KUPLAYERINFO@CChannelMgr@@U?$less@K@_STL@@V?$allocator@U?$pair@$$CBKUPLAYERINFO@CChannelMgr@@@_STL@@@4@@_STL@@@_STL@@@2@U?$less@K@2@V?$allocator@U?$pair@$$CBKV?$map@KUPLAYERINFO@CChannelMgr@@U?$less@K@_STL@@V?$allocator@U?$pair@$$CBKUPLAYERINFO@CChannelMgr@@@_STL@@@4@@_STL@@@_STL@@@2@@_STL@@QAE@ABV01@@Z 00409a10 f i ChannelMgr.obj
 0001:00008b00       ?_M_create_node@?$_Rb_tree@V?$basic_string@DV?$char_traits@D@_STL@@V?$allocator@D@2@@_STL@@U?$pair@$$CBV?$basic_string@DV?$char_traits@D@_STL@@V?$allocator@D@2@@_STL@@K@2@U?$_Select1st@U?$pair@$$CBV?$basic_string@DV?$char_traits@D@_STL@@V?$allocator@D@2@@_STL@@K@_STL@@@2@U_tstring_less@@V?$allocator@U?$pair@$$CBV?$basic_string@DV?$char_traits@D@_STL@@V?$allocator@D@2@@_STL@@K@_STL@@@2@@_STL@@IAEPAU?$_Rb_tree_node@U?$pair@$$CBV?$basic_string@DV?$char_traits@D@_STL@@V?$allocator@D@2@@_STL@@K@_STL@@@2@ABU?$pair@$$CBV?$basic_string@DV?$char_traits@D@_STL@@V?$allocator@D@2@@_STL@@K@2@@Z 00409b00 f i ChannelMgr.obj
 0001:00008bc0       ?uninitialized_copy@_STL@@YAPADPAD00@Z 00409bc0 f i ChannelMgr.obj
 0001:00008bf0       ??0?$pair@U?$_Rb_tree_iterator@U?$pair@$$CBKV?$map@KUPLAYERINFO@CChannelMgr@@U?$less@K@_STL@@V?$allocator@U?$pair@$$CBKUPLAYERINFO@CChannelMgr@@@_STL@@@4@@_STL@@@_STL@@U?$_Nonconst_traits@U?$pair@$$CBKV?$map@KUPLAYERINFO@CChannelMgr@@U?$less@K@_STL@@V?$allocator@U?$pair@$$CBKUPLAYERINFO@CChannelMgr@@@_STL@@@4@@_STL@@@_STL@@@2@@_STL@@_N@_STL@@QAE@ABU?$_Rb_tree_iterator@U?$pair@$$CBKV?$map@KUPLAYERINFO@CChannelMgr@@U?$less@K@_STL@@V?$allocator@U?$pair@$$CBKUPLAYERINFO@CChannelMgr@@@_STL@@@4@@_STL@@@_STL@@U?$_Nonconst_traits@U?$pair@$$CBKV?$map@KUPLAYERINFO@CChannelMgr@@U?$less@K@_STL@@V?$allocator@U?$pair@$$CBKUPLAYERINFO@CChannelMgr@@@_STL@@@4@@_STL@@@_STL@@@2@@1@AB_N@Z 00409bf0 f i ChannelMgr.obj
 0001:00008c10       ??0?$pair@U?$_Rb_tree_iterator@U?$pair@$$CBKUCHANNINFO@CChannelMgr@@@_STL@@U?$_Nonconst_traits@U?$pair@$$CBKUCHANNINFO@CChannelMgr@@@_STL@@@2@@_STL@@_N@_STL@@QAE@ABU?$_Rb_tree_iterator@U?$pair@$$CBKUCHANNINFO@CChannelMgr@@@_STL@@U?$_Nonconst_traits@U?$pair@$$CBKUCHANNINFO@CChannelMgr@@@_STL@@@2@@1@AB_N@Z 00409c10 f i ChannelMgr.obj
 0001:00008c30       ??0?$pair@U?$_Rb_tree_iterator@U?$pair@$$CBV?$basic_string@DV?$char_traits@D@_STL@@V?$allocator@D@2@@_STL@@K@_STL@@U?$_Nonconst_traits@U?$pair@$$CBV?$basic_string@DV?$char_traits@D@_STL@@V?$allocator@D@2@@_STL@@K@_STL@@@2@@_STL@@_N@_STL@@QAE@ABU?$_Rb_tree_iterator@U?$pair@$$CBV?$basic_string@DV?$char_traits@D@_STL@@V?$allocator@D@2@@_STL@@K@_STL@@U?$_Nonconst_traits@U?$pair@$$CBV?$basic_string@DV?$char_traits@D@_STL@@V?$allocator@D@2@@_STL@@K@_STL@@@2@@1@AB_N@Z 00409c30 f i ChannelMgr.obj
 0001:00008c50       ??0?$pair@U?$_Rb_tree_iterator@U?$pair@$$CBKUPLAYERINFO@CChannelMgr@@@_STL@@U?$_Nonconst_traits@U?$pair@$$CBKUPLAYERINFO@CChannelMgr@@@_STL@@@2@@_STL@@_N@_STL@@QAE@ABU?$_Rb_tree_iterator@U?$pair@$$CBKUPLAYERINFO@CChannelMgr@@@_STL@@U?$_Nonconst_traits@U?$pair@$$CBKUPLAYERINFO@CChannelMgr@@@_STL@@@2@@1@AB_N@Z 00409c50 f i ChannelMgr.obj
 0001:00008c70       ?move@?$__char_traits_base@DH@_STL@@SAPADPADPBDI@Z 00409c70 f i ChannelMgr.obj
 0001:00008ca0       ?_M_allocate_block@?$_String_base@DV?$allocator@D@_STL@@@_STL@@QAEXI@Z 00409ca0 f i ChannelMgr.obj
 0001:00008d00       ?__find_if@_STL@@YA?AV?$reverse_iterator@PBDDABDPBDH@1@V21@0U?$_Eq_char_bound@V?$char_traits@D@_STL@@@1@ABUrandom_access_iterator_tag@1@@Z 00409d00 f i ChannelMgr.obj
 0001:00008da0       ?__find_if@_STL@@YA?AV?$reverse_iterator@PBDDABDPBDH@1@V21@0U?$_Not_within_traits@V?$char_traits@D@_STL@@@1@ABUrandom_access_iterator_tag@1@@Z 00409da0 f i ChannelMgr.obj
 0001:00008f60       ?append@?$basic_string@DV?$char_traits@D@_STL@@V?$allocator@D@2@@_STL@@AAEAAV12@PBD0ABUforward_iterator_tag@2@@Z 00409f60 f i ChannelMgr.obj
 0001:000090f0       ?__copy_aux@_STL@@YAPADPAD00ABU__true_type@1@@Z 0040a0f0 f i ChannelMgr.obj
 0001:00009120       ?__copy_ptrs@_STL@@YAPADPAD00ABU__false_type@1@@Z 0040a120 f i ChannelMgr.obj
 0001:00009150       ?append@?$basic_string@DV?$char_traits@D@_STL@@V?$allocator@D@2@@_STL@@AAEAAV12@PAD0ABUforward_iterator_tag@2@@Z 0040a150 f i ChannelMgr.obj
 0001:000092a0       ?__find_if@_STL@@YAPADPAD0U?$_Eq_char_bound@V?$char_traits@D@_STL@@@1@ABUrandom_access_iterator_tag@1@@Z 0040a2a0 f i ChannelMgr.obj
 0001:00009300       ?__copy@_STL@@YAPADPAD00ABUrandom_access_iterator_tag@1@PAH@Z 0040a300 f i ChannelMgr.obj
 0001:00009330       ??0CChatConnect@@QAE@PAVCChatServer@@K@Z 0040a330 f   ChatConnect.obj
 0001:00009360       ?BeginRoute@CNetConnect@@MAEXXZ 0040a360 f i ChatConnect.obj
 0001:00009370       ?EndRoute@CNetConnect@@MAEXXZ 0040a370 f i ChatConnect.obj
 0001:00009380       ??_ECChatConnect@@UAEPAXI@Z 0040a380 f i ChatConnect.obj
 0001:00009380       ??_GCChatConnect@@UAEPAXI@Z 0040a380 f i ChatConnect.obj
 0001:000093a0       ??1CChatConnect@@UAE@XZ    0040a3a0 f   ChatConnect.obj
 0001:000093c0       ?OnClientConnectCreate@CChatConnect@@MAEXXZ 0040a3c0 f   ChatConnect.obj
 0001:000093e0       ?OnClientConnectClose@CChatConnect@@MAEXXZ 0040a3e0 f   ChatConnect.obj
 0001:00009400       ?RecvPackage@CChatConnect@@MAEXPBXI@Z 0040a400 f   ChatConnect.obj
 0001:00009440       ?Proc0_SomeoneChat@CChatConnect@@AAEXPBXI@Z 0040a440 f   ChatConnect.obj
 0001:00009460       ?Proc0_ChannelChat@CChatConnect@@AAEXPBXI@Z 0040a460 f   ChatConnect.obj
 0001:00009480       ?Proc0_GroupMan@CChatConnect@@AAEXPBXI@Z 0040a480 f   ChatConnect.obj
 0001:00009590       ??0CChatServer@@QAE@XZ     0040a590 f   ChatServer.obj
 0001:00009630       ??_GCChatServer@@UAEPAXI@Z 0040a630 f i ChatServer.obj
 0001:00009630       ??_ECChatServer@@UAEPAXI@Z 0040a630 f i ChatServer.obj
 0001:00009650       ??1?$map@KPAVCChatConnect@@U?$less@K@_STL@@V?$allocator@U?$pair@$$CBKPAVCChatConnect@@@_STL@@@3@@_STL@@QAE@XZ 0040a650 f i ChatServer.obj
 0001:000096f0       ??1CChatServer@@UAE@XZ     0040a6f0 f   ChatServer.obj
 0001:000097c0       ?CreateConnect@CChatServer@@MAEPAVCNetConnect@@PAVCNetServer@@K@Z 0040a7c0 f   ChatServer.obj
 0001:00009830       ?DestroyConnect@CChatServer@@MAEXPAVCNetConnect@@@Z 0040a830 f   ChatServer.obj
 0001:00009850       ?OnBuildup@CChatServer@@MAEXXZ 0040a850 f   ChatServer.obj
 0001:000098b0       ??1KAutoLockWrite@@QAE@XZ  0040a8b0 f i ChatServer.obj
 0001:000098c0       ?OnClearup@CChatServer@@MAEXXZ 0040a8c0 f   ChatServer.obj
 0001:00009970       ?OnClientConnectCreate@CChatServer@@MAEXPAVCNetConnect@@@Z 0040a970 f   ChatServer.obj
 0001:00009a30       ?OnClientConnectClose@CChatServer@@MAEXPAVCNetConnect@@@Z 0040aa30 f   ChatServer.obj
 0001:00009b00       ?FindChatConnectByIP@CChatServer@@QAE?AVCNetConnectDup@@K@Z 0040ab00 f   ChatServer.obj
 0001:00009bd0       ??1KAutoLockRead@@QAE@XZ   0040abd0 f i ChatServer.obj
 0001:00009be0       ?TraceInfo@CChatServer@@QAEHXZ 0040abe0 f   ChatServer.obj
 0001:00009db0       ?insert@?$map@KPAVCChatConnect@@U?$less@K@_STL@@V?$allocator@U?$pair@$$CBKPAVCChatConnect@@@_STL@@@3@@_STL@@QAE?AU?$_Rb_tree_iterator@U?$pair@$$CBKPAVCChatConnect@@@_STL@@U?$_Nonconst_traits@U?$pair@$$CBKPAVCChatConnect@@@_STL@@@2@@2@U32@ABU?$pair@$$CBKPAVCChatConnect@@@2@@Z 0040adb0 f i ChatServer.obj
 0001:00009de0       ??1?$_Rb_tree_base@U?$pair@$$CBKPAVCChatConnect@@@_STL@@V?$allocator@U?$pair@$$CBKPAVCChatConnect@@@_STL@@@2@@_STL@@QAE@XZ 0040ade0 f i ChatServer.obj
 0001:00009e30       ??1?$allocator@U?$pair@$$CBKPAVCChatConnect@@@_STL@@@_STL@@QAE@XZ 0040ae30 f i ChatServer.obj
 0001:00009e40       ??0?$_Rb_tree_iterator@U?$pair@$$CBKPAVCChatConnect@@@_STL@@U?$_Nonconst_traits@U?$pair@$$CBKPAVCChatConnect@@@_STL@@@2@@_STL@@QAE@ABU01@@Z 0040ae40 f i ChatServer.obj
 0001:00009e50       ??1?$_STLP_alloc_proxy@PAU?$_Rb_tree_node@U?$pair@$$CBKPAVCChatConnect@@@_STL@@@_STL@@U12@V?$allocator@U?$pair@$$CBKPAVCChatConnect@@@_STL@@@2@@_STL@@QAE@XZ 0040ae50 f i ChatServer.obj
 0001:00009e60       ?erase@?$_Rb_tree@KU?$pair@$$CBKPAVCChatConnect@@@_STL@@U?$_Select1st@U?$pair@$$CBKPAVCChatConnect@@@_STL@@@2@U?$less@K@2@V?$allocator@U?$pair@$$CBKPAVCChatConnect@@@_STL@@@2@@_STL@@QAEXU?$_Rb_tree_iterator@U?$pair@$$CBKPAVCChatConnect@@@_STL@@U?$_Nonconst_traits@U?$pair@$$CBKPAVCChatConnect@@@_STL@@@2@@2@0@Z 0040ae60 f i ChatServer.obj
 0001:00009ef0       ?lower_bound@?$_Rb_tree@KU?$pair@$$CBKPAVCChatConnect@@@_STL@@U?$_Select1st@U?$pair@$$CBKPAVCChatConnect@@@_STL@@@2@U?$less@K@2@V?$allocator@U?$pair@$$CBKPAVCChatConnect@@@_STL@@@2@@_STL@@QAE?AU?$_Rb_tree_iterator@U?$pair@$$CBKPAVCChatConnect@@@_STL@@U?$_Nonconst_traits@U?$pair@$$CBKPAVCChatConnect@@@_STL@@@2@@2@ABK@Z 0040aef0 f i ChatServer.obj
 0001:00009f30       ?erase@?$_Rb_tree@KU?$pair@$$CBKPAVCChatConnect@@@_STL@@U?$_Select1st@U?$pair@$$CBKPAVCChatConnect@@@_STL@@@2@U?$less@K@2@V?$allocator@U?$pair@$$CBKPAVCChatConnect@@@_STL@@@2@@_STL@@QAEXU?$_Rb_tree_iterator@U?$pair@$$CBKPAVCChatConnect@@@_STL@@U?$_Nonconst_traits@U?$pair@$$CBKPAVCChatConnect@@@_STL@@@2@@2@@Z 0040af30 f i ChatServer.obj
 0001:00009f70       ??0?$pair@U?$_Rb_tree_iterator@U?$pair@$$CBKPAVCChatConnect@@@_STL@@U?$_Nonconst_traits@U?$pair@$$CBKPAVCChatConnect@@@_STL@@@2@@_STL@@U12@@_STL@@QAE@ABU?$_Rb_tree_iterator@U?$pair@$$CBKPAVCChatConnect@@@_STL@@U?$_Nonconst_traits@U?$pair@$$CBKPAVCChatConnect@@@_STL@@@2@@1@0@Z 0040af70 f i ChatServer.obj
 0001:00009f90       ?deallocate@?$allocator@U?$_Rb_tree_node@U?$pair@$$CBKPAVCChatConnect@@@_STL@@@_STL@@@_STL@@QBEXPAU?$_Rb_tree_node@U?$pair@$$CBKPAVCChatConnect@@@_STL@@@2@I@Z 0040af90 f i ChatServer.obj
 0001:00009fd0       ?_M_upper_bound@?$_Rb_tree@KU?$pair@$$CBKPAVCChatConnect@@@_STL@@U?$_Select1st@U?$pair@$$CBKPAVCChatConnect@@@_STL@@@2@U?$less@K@2@V?$allocator@U?$pair@$$CBKPAVCChatConnect@@@_STL@@@2@@_STL@@ABEPAU?$_Rb_tree_node@U?$pair@$$CBKPAVCChatConnect@@@_STL@@@2@ABK@Z 0040afd0 f i ChatServer.obj
 0001:0000a000       ?_M_erase@?$_Rb_tree@KU?$pair@$$CBKPAVCChatConnect@@@_STL@@U?$_Select1st@U?$pair@$$CBKPAVCChatConnect@@@_STL@@@2@U?$less@K@2@V?$allocator@U?$pair@$$CBKPAVCChatConnect@@@_STL@@@2@@_STL@@AAEXPAU?$_Rb_tree_node@U?$pair@$$CBKPAVCChatConnect@@@_STL@@@2@@Z 0040b000 f i ChatServer.obj
 0001:0000a040       ?insert_unique@?$_Rb_tree@KU?$pair@$$CBKPAVCChatConnect@@@_STL@@U?$_Select1st@U?$pair@$$CBKPAVCChatConnect@@@_STL@@@2@U?$less@K@2@V?$allocator@U?$pair@$$CBKPAVCChatConnect@@@_STL@@@2@@_STL@@QAE?AU?$_Rb_tree_iterator@U?$pair@$$CBKPAVCChatConnect@@@_STL@@U?$_Nonconst_traits@U?$pair@$$CBKPAVCChatConnect@@@_STL@@@2@@2@U32@ABU?$pair@$$CBKPAVCChatConnect@@@2@@Z 0040b040 f i ChatServer.obj
 0001:0000a520       ?begin@?$_Rb_tree@KU?$pair@$$CBKPAVCChatConnect@@@_STL@@U?$_Select1st@U?$pair@$$CBKPAVCChatConnect@@@_STL@@@2@U?$less@K@2@V?$allocator@U?$pair@$$CBKPAVCChatConnect@@@_STL@@@2@@_STL@@QAE?AU?$_Rb_tree_iterator@U?$pair@$$CBKPAVCChatConnect@@@_STL@@U?$_Nonconst_traits@U?$pair@$$CBKPAVCChatConnect@@@_STL@@@2@@2@XZ 0040b520 f i ChatServer.obj
 0001:0000a530       ?_M_insert@?$_Rb_tree@KU?$pair@$$CBKPAVCChatConnect@@@_STL@@U?$_Select1st@U?$pair@$$CBKPAVCChatConnect@@@_STL@@@2@U?$less@K@2@V?$allocator@U?$pair@$$CBKPAVCChatConnect@@@_STL@@@2@@_STL@@AAE?AU?$_Rb_tree_iterator@U?$pair@$$CBKPAVCChatConnect@@@_STL@@U?$_Nonconst_traits@U?$pair@$$CBKPAVCChatConnect@@@_STL@@@2@@2@PAU_Rb_tree_node_base@2@0ABU?$pair@$$CBKPAVCChatConnect@@@2@0@Z 0040b530 f i ChatServer.obj
 0001:0000a5d0       ?insert_unique@?$_Rb_tree@KU?$pair@$$CBKPAVCChatConnect@@@_STL@@U?$_Select1st@U?$pair@$$CBKPAVCChatConnect@@@_STL@@@2@U?$less@K@2@V?$allocator@U?$pair@$$CBKPAVCChatConnect@@@_STL@@@2@@_STL@@QAE?AU?$pair@U?$_Rb_tree_iterator@U?$pair@$$CBKPAVCChatConnect@@@_STL@@U?$_Nonconst_traits@U?$pair@$$CBKPAVCChatConnect@@@_STL@@@2@@_STL@@_N@2@ABU?$pair@$$CBKPAVCChatConnect@@@2@@Z 0040b5d0 f i ChatServer.obj
 0001:0000a740       ?_M_find@?$_Rb_tree@KU?$pair@$$CBKPAVCChatConnect@@@_STL@@U?$_Select1st@U?$pair@$$CBKPAVCChatConnect@@@_STL@@@2@U?$less@K@2@V?$allocator@U?$pair@$$CBKPAVCChatConnect@@@_STL@@@2@@_STL@@ABEPAU?$_Rb_tree_node@U?$pair@$$CBKPAVCChatConnect@@@_STL@@@2@ABK@Z 0040b740 f i ChatServer.obj
 0001:0000a780       ?_M_create_node@?$_Rb_tree@KU?$pair@$$CBKPAVCChatConnect@@@_STL@@U?$_Select1st@U?$pair@$$CBKPAVCChatConnect@@@_STL@@@2@U?$less@K@2@V?$allocator@U?$pair@$$CBKPAVCChatConnect@@@_STL@@@2@@_STL@@IAEPAU?$_Rb_tree_node@U?$pair@$$CBKPAVCChatConnect@@@_STL@@@2@ABU?$pair@$$CBKPAVCChatConnect@@@2@@Z 0040b780 f i ChatServer.obj
 0001:0000a7b0       ??0?$pair@U?$_Rb_tree_iterator@U?$pair@$$CBKPAVCChatConnect@@@_STL@@U?$_Nonconst_traits@U?$pair@$$CBKPAVCChatConnect@@@_STL@@@2@@_STL@@_N@_STL@@QAE@ABU?$_Rb_tree_iterator@U?$pair@$$CBKPAVCChatConnect@@@_STL@@U?$_Nonconst_traits@U?$pair@$$CBKPAVCChatConnect@@@_STL@@@2@@1@AB_N@Z 0040b7b0 f i ChatServer.obj
 0001:0000a7d0       ??0CDBCenter@@QAE@XZ       0040b7d0 f   DBConnect.obj
 0001:0000a7f0       ?OnBuildup@CNetCenter@@MAEXXZ 0040b7f0 f i DBConnect.obj
 0001:0000a800       ?OnClearup@CNetCenter@@MAEXXZ 0040b800 f i DBConnect.obj
 0001:0000a810       ?OnServerEventCreate@CNetCenter@@MAEXPAVCNetClient@@@Z 0040b810 f i DBConnect.obj
 0001:0000a820       ?OnServerEventClose@CNetCenter@@MAEXPAVCNetClient@@@Z 0040b820 f i DBConnect.obj
 0001:0000a830       ??_ECDBCenter@@UAEPAXI@Z   0040b830 f i DBConnect.obj
 0001:0000a830       ??_GCDBCenter@@UAEPAXI@Z   0040b830 f i DBConnect.obj
 0001:0000a850       ??1CDBCenter@@UAE@XZ       0040b850 f   DBConnect.obj
 0001:0000a860       ?TraceInfo@CDBCenter@@QAEHXZ 0040b860 f   DBConnect.obj
 0001:0000aa00       ??0CDBClient@@QAE@PAVCDBCenter@@H@Z 0040ba00 f   DBConnect.obj
 0001:0000aa20       ?OnStartupFail@CNetClient@@MAEXXZ 0040ba20 f i DBConnect.obj
 0001:0000aa30       ?OnShutdownFail@CNetClient@@MAEXXZ 0040ba30 f i DBConnect.obj
 0001:0000aa40       ?BeginRoute@CNetClient@@MAEXXZ 0040ba40 f i DBConnect.obj
 0001:0000aa50       ?EndRoute@CNetClient@@MAEXXZ 0040ba50 f i DBConnect.obj
 0001:0000aa60       ?DeleteThis@CNetClient@@MAEXXZ 0040ba60 f i DBConnect.obj
 0001:0000aa70       ??_ECDBClient@@UAEPAXI@Z   0040ba70 f i DBConnect.obj
 0001:0000aa70       ??_GCDBClient@@UAEPAXI@Z   0040ba70 f i DBConnect.obj
 0001:0000aa90       ??1CDBClient@@UAE@XZ       0040ba90 f   DBConnect.obj
 0001:0000aaa0       ?OnServerEventCreate@CDBClient@@MAEXXZ 0040baa0 f   DBConnect.obj
 0001:0000aad0       ?OnServerEventClose@CDBClient@@MAEXXZ 0040bad0 f   DBConnect.obj
 0001:0000aaf0       ?RecvPackage@CDBClient@@MAEXPBXI@Z 0040baf0 f   DBConnect.obj
 0001:0000abe0       ??0ZDBTable@@QAE@PBD0@Z    0040bbe0 f   DBTable.obj
 0001:0000acf0       ??_EZDBTable@@UAEPAXI@Z    0040bcf0 f i DBTable.obj
 0001:0000acf0       ??_GZDBTable@@UAEPAXI@Z    0040bcf0 f i DBTable.obj
 0001:0000ad10       ??1ZDBTable@@UAE@XZ        0040bd10 f   DBTable.obj
 0001:0000ad30       ?addIndex@ZDBTable@@QAEHP6AHPAU__db@@PBU__db_dbt@@1PAU3@@Z_N@Z 0040bd30 f   DBTable.obj
 0001:0000ad80       ?open@ZDBTable@@QAE_NXZ    0040bd80 f   DBTable.obj
 0001:0000af00       ?close@ZDBTable@@QAEXXZ    0040bf00 f   DBTable.obj
 0001:0000af50       ?commit@ZDBTable@@QAE_NXZ  0040bf50 f   DBTable.obj
 0001:0000af60       ?add@ZDBTable@@QAE_NPBDH0H@Z 0040bf60 f   DBTable.obj
 0001:0000afd0       ?remove@ZDBTable@@QAE_NPBDHH@Z 0040bfd0 f   DBTable.obj
 0001:0000b020       ?_search@ZDBTable@@IAEPAD_NPBDHAAHH@Z 0040c020 f   DBTable.obj
 0001:0000b1f0       ?_next@ZDBTable@@IAEPAD_NAAH@Z 0040c1f0 f   DBTable.obj
 0001:0000b300       ?GetRecord@ZDBTable@@QAEPADAAHW4CursorPointer@1@H@Z 0040c300 f   DBTable.obj
 0001:0000b3d0       ?GetRecord_key@ZDBTable@@QAEPADAAHW4CursorPointer@1@H@Z 0040c3d0 f   DBTable.obj
 0001:0000b4a0       ?GetRecordEx@ZDBTable@@QAE_NPADAAH01W4CursorPointer@1@H@Z 0040c4a0 f   DBTable.obj
 0001:0000b580       ??0CDBTableReadOnly@@QAE@PBD0@Z 0040c580 f   DBTable.obj
 0001:0000b680       ??_GCDBTableReadOnly@@UAEPAXI@Z 0040c680 f i DBTable.obj
 0001:0000b680       ??_ECDBTableReadOnly@@UAEPAXI@Z 0040c680 f i DBTable.obj
 0001:0000b6a0       ??1CDBTableReadOnly@@UAE@XZ 0040c6a0 f   DBTable.obj
 0001:0000b6c0       ?open@CDBTableReadOnly@@QAE_NXZ 0040c6c0 f   DBTable.obj
 0001:0000b710       ?close@CDBTableReadOnly@@QAEXXZ 0040c710 f   DBTable.obj
 0001:0000b730       ?_search@CDBTableReadOnly@@IAEPAD_NPBDHAAH@Z 0040c730 f   DBTable.obj
 0001:0000b800       ?_next@CDBTableReadOnly@@IAEPAD_NAAH@Z 0040c800 f   DBTable.obj
 0001:0000b920       ?GetRecord@CDBTableReadOnly@@QAEPADAAHW4CursorPointer@1@@Z 0040c920 f   DBTable.obj
 0001:0000b9e0       ?GetRecord_key@CDBTableReadOnly@@QAEPADAAHW4CursorPointer@1@@Z 0040c9e0 f   DBTable.obj
 0001:0000baa0       ?GetRecordEx@CDBTableReadOnly@@QAE_NPADAAH01W4CursorPointer@1@@Z 0040caa0 f   DBTable.obj
 0001:0000bb70       ?_Proc2_Relay_AskWay_AccountRoleID@dealrelay@@YAXABVCNetSockDupEx@@PBXI@Z 0040cb70 f   DealRelay.obj
 0001:0000bd40       ?_Proc1_Relay_Data@dealrelay@@YAXABVCNetSockDupEx@@PBXI@Z 0040cd40 f   DealRelay.obj
 0001:0000be40       ?_Proc1_Relay_AskWay@dealrelay@@YAXABVCNetSockDupEx@@PBXI@Z 0040ce40 f   DealRelay.obj
 0001:0000be60       ?_Proc1_Relay_LoseWay@dealrelay@@YAXABVCNetSockDupEx@@PBXI@Z 0040ce60 f   DealRelay.obj
 0001:0000bf40       ?_Proc0_Relay@dealrelay@@YAXABVCNetSockDupEx@@PBXI@Z 0040cf40 f   DealRelay.obj
 0001:0000bf90       ?_RecvPackage@dealrelay@@YAXABVCNetSockDupEx@@PBXI@Z 0040cf90 f   DealRelay.obj
 0001:0000bfb0       ?DoRecvPackage@dealrelay@@YAXPAVCRelayConnect@@PBXI@Z 0040cfb0 f   DealRelay.obj
 0001:0000c040       ?DoRecvPackage@dealrelay@@YAXPAVCRelayClient@@PBXI@Z 0040d040 f   DealRelay.obj
 0001:0000c0d0       ??1CNetClientDup@@UAE@XZ   0040d0d0 f i DealRelay.obj
 0001:0000c0f0       ??_GCNetClientDup@@UAEPAXI@Z 0040d0f0 f i DealRelay.obj
 0001:0000c0f0       ??_ECNetClientDup@@UAEPAXI@Z 0040d0f0 f i DealRelay.obj
 0001:0000c130       ?FindRelaySockByIP@dealrelay@@YA?AVCNetSockDupEx@@K@Z 0040d130 f   DealRelay.obj
 0001:0000c290       ?BroadPackage@dealrelay@@YAHPBXI@Z 0040d290 f   DealRelay.obj
[...]
 0001:0003ab70       ___db_guesspgsize          0043bb70 f   libdb41s:db_vrfy.obj
 0001:00037ae0       ___bam_set_bt_compare      00438ae0 f   libdb41s:bt_method.obj
 0001:00037b40       ___bam_set_bt_maxkey       00438b40 f   libdb41s:bt_method.obj
 0001:00037ba0       ___bam_set_bt_minkey       00438ba0 f   libdb41s:bt_method.obj
 0001:00037c00       ___bam_set_bt_prefix       00438c00 f   libdb41s:bt_method.obj
 0001:00037cd0       ___ram_set_re_delim        00438cd0 f   libdb41s:bt_method.obj
 0001:00037d30       ___ram_set_re_len          00438d30 f   libdb41s:bt_method.obj
 0001:00037d90       ___ram_set_re_pad          00438d90 f   libdb41s:bt_method.obj
 0001:00037df0       ___ram_set_re_source       00438df0 f   libdb41s:bt_method.obj
 0001:000377d0       ___ham_set_h_ffactor       004387d0 f   libdb41s:hash_method.obj
 0001:00037820       ___ham_set_h_hash          00438820 f   libdb41s:hash_method.obj
 0001:00037870       ___ham_set_h_nelem         00438870 f   libdb41s:hash_method.obj
 0001:000370d0       ___qam_set_extentsize      004380d0 f   libdb41s:qam_method.obj
 0001:00036e00       ___xa_open                 00437e00 f   libdb41s:xa_db.obj
 0001:00036e90       ___xa_cursor               00437e90 f   libdb41s:xa_db.obj
 0001:00036ed0       ___xa_del                  00437ed0 f   libdb41s:xa_db.obj
 0001:00036f10       ___xa_close                00437f10 f   libdb41s:xa_db.obj
 0001:00036f40       ___xa_get                  00437f40 f   libdb41s:xa_db.obj
 0001:00036f80       ___xa_put                  00437f80 f   libdb41s:xa_db.obj
 0001:00036560       ___db_subdb_remove         00437560 f   libdb41s:db_remove.obj
 0001:00036690       ___db_dbtxn_remove         00437690 f   libdb41s:db_remove.obj
 0001:00036110       ___db_subdb_rename         00437110 f   libdb41s:db_rename.obj
 0001:000347e0       ___dbenv_iremove           004357e0 f   libdb41s:env_open.obj
 0001:00034840       ___dbenv_config            00435840 f   libdb41s:env_open.obj
 0001:00034b50       ___dbenv_refresh           00435b50 f   libdb41s:env_open.obj
 0001:00035030       ___db_parse                00436030 f   libdb41s:env_open.obj
 0001:00035bf0       ___db_tmp_open             00436bf0 f   libdb41s:env_open.obj
 0001:00034170       ___log_set_lg_bsize        00435170 f   libdb41s:log_method.obj
 0001:000341d0       ___log_set_lg_max          004351d0 f   libdb41s:log_method.obj
 0001:00034250       ___log_set_lg_regionmax    00435250 f   libdb41s:log_method.obj
 0001:000342a0       ___log_set_lg_dir          004352a0 f   libdb41s:log_method.obj
 0001:00033ee0       ___lock_set_lk_conflicts   00434ee0 f   libdb41s:lock_method.obj
 0001:00033f60       ___lock_set_lk_detect      00434f60 f   libdb41s:lock_method.obj
 0001:00033fb0       ___lock_set_lk_max         00434fb0 f   libdb41s:lock_method.obj
 0001:00033fe0       ___lock_set_lk_max_locks   00434fe0 f   libdb41s:lock_method.obj
 0001:00034010       ___lock_set_lk_max_lockers 00435010 f   libdb41s:lock_method.obj
 0001:00034040       ___lock_set_lk_max_objects 00435040 f   libdb41s:lock_method.obj
 0001:00034070       ___lock_set_env_timeout    00435070 f   libdb41s:lock_method.obj
 0001:00033d20       ___memp_set_cachesize      00434d20 f   libdb41s:mp_method.obj
 0001:00033df0       ___memp_set_mp_mmapsize    00434df0 f   libdb41s:mp_method.obj
 0001:000327d0       ___rep_start               004337d0 f   libdb41s:rep_method.obj
 0001:00032b30       ___rep_client_dbinit       00433b30 f   libdb41s:rep_method.obj
 0001:00032ca0       ___rep_bt_cmp              00433ca0 f   libdb41s:rep_method.obj
 0001:00032d10       ___rep_abort_prepared      00433d10 f   libdb41s:rep_method.obj
 0001:00032df0       ___rep_restore_prepared    00433df0 f   libdb41s:rep_method.obj
 0001:000331b0       ___rep_set_limit           004341b0 f   libdb41s:rep_method.obj
 0001:00033260       ___rep_set_request         00434260 f   libdb41s:rep_method.obj
 0001:00033340       ___rep_set_rep_transport   00434340 f   libdb41s:rep_method.obj
 0001:000333e0       ___rep_elect               004343e0 f   libdb41s:rep_method.obj
 0001:000336d0       ___rep_elect_init          004346d0 f   libdb41s:rep_method.obj
 0001:00033820       ___rep_wait                00434820 f   libdb41s:rep_method.obj
 0001:000338f0       ___rep_flush               004348f0 f   libdb41s:rep_method.obj
 0001:000339d0       ___rep_stat                004349d0 f   libdb41s:rep_method.obj
 0001:000326f0       ___txn_set_tx_max          004336f0 f   libdb41s:txn_method.obj
 0001:00032720       ___txn_set_tx_timestamp    00433720 f   libdb41s:txn_method.obj
 0001:00031a00       ___db_init                 00432a00 f   libdb41s:db_method.obj
 0001:00031c80       ___dbh_err                 00432c80 f   libdb41s:db_method.obj
 0001:00031d00       ___dbh_errx                00432d00 f   libdb41s:db_method.obj
 0001:00031d80       ___db_get_byteswapped      00432d80 f   libdb41s:db_method.obj
 0001:00031dc0       ___db_get_type             00432dc0 f   libdb41s:db_method.obj
 0001:00031df0       ___db_key_range            00432df0 f   libdb41s:db_method.obj
 0001:00031e30       ___db_set_append_recno     00432e30 f   libdb41s:db_method.obj
 0001:00031e70       ___db_set_cachesize        00432e70 f   libdb41s:db_method.obj
 0001:00031ed0       ___db_set_cache_priority   00432ed0 f   libdb41s:db_method.obj
 0001:00031f00       ___db_set_dup_compare      00432f00 f   libdb41s:db_method.obj
 0001:00031f50       ___db_set_encrypt          00432f50 f   libdb41s:db_method.obj
 0001:00031fd0       ___db_set_errcall          00432fd0 f   libdb41s:db_method.obj
 0001:00031ff0       ___db_set_errfile          00432ff0 f   libdb41s:db_method.obj
 0001:00032010       ___db_set_errpfx           00433010 f   libdb41s:db_method.obj
 0001:00032030       ___db_set_feedback         00433030 f   libdb41s:db_method.obj
 0001:00032040       ___db_set_flags            00433040 f   libdb41s:db_method.obj
 0001:00032160       ___db_set_alloc            00433160 f   libdb41s:db_method.obj
 0001:000321c0       ___db_set_pagesize         004331c0 f   libdb41s:db_method.obj
 0001:00032250       ___db_set_paniccall        00433250 f   libdb41s:db_method.obj
 0001:00032270       ___db_stat_fail            00433270 f   libdb41s:db_method.obj
 0001:000311a0       ___dbenv_init              004321a0 f   libdb41s:env_method.obj
 0001:000312c0       ___dbenv_err               004322c0 f   libdb41s:env_method.obj
 0001:00031330       ___dbenv_errx              00432330 f   libdb41s:env_method.obj
 0001:000313a0       ___dbenv_set_alloc         004323a0 f   libdb41s:env_method.obj
 0001:000313e0       ___dbenv_set_app_dispatch  004323e0 f   libdb41s:env_method.obj
 0001:00031410       ___dbenv_set_encrypt       00432410 f   libdb41s:env_method.obj
 0001:00031420       ___dbenv_set_flags         00432420 f   libdb41s:env_method.obj
 0001:00031660       ___dbenv_set_data_dir      00432660 f   libdb41s:env_method.obj
 0001:000316f0       ___dbenv_set_errcall       004326f0 f   libdb41s:env_method.obj
 0001:00031700       ___dbenv_set_errfile       00432700 f   libdb41s:env_method.obj
 0001:00031710       ___dbenv_set_errpfx        00432710 f   libdb41s:env_method.obj
 0001:00031720       ___dbenv_set_feedback      00432720 f   libdb41s:env_method.obj
 0001:00031730       ___dbenv_set_paniccall     00432730 f   libdb41s:env_method.obj
 0001:00031740       ___dbenv_set_shm_key       00432740 f   libdb41s:env_method.obj
 0001:00031770       ___dbenv_set_tas_spins     00432770 f   libdb41s:env_method.obj
 0001:00031790       ___dbenv_set_tmp_dir       00432790 f   libdb41s:env_method.obj
 0001:000317d0       ___dbenv_set_verbose       004327d0 f   libdb41s:env_method.obj
 0001:000318f0       ___dbenv_set_rpc_server_noclnt 004328f0 f   libdb41s:env_method.obj
 0001:000c38b7       _TranslateName             004c48b7 f   LIBCMT:getqloc.obj
 0001:000c390f       _GetLcidFromLangCountry    004c490f f   LIBCMT:getqloc.obj
 0001:000c3996       _LangCountryEnumProc@4     004c4996 f   LIBCMT:getqloc.obj
 0001:000c3b9a       _GetLcidFromLanguage       004c4b9a f   LIBCMT:getqloc.obj
 0001:000c3bf0       _LanguageEnumProc@4        004c4bf0 f   LIBCMT:getqloc.obj
 0001:000c3cad       _GetLcidFromCountry        004c4cad f   LIBCMT:getqloc.obj
 0001:000c3ce4       _CountryEnumProc@4         004c4ce4 f   LIBCMT:getqloc.obj
 0001:000c3d6a       _GetLcidFromDefault        004c4d6a f   LIBCMT:getqloc.obj
 0001:000c3d84       _ProcessCodePage           004c4d84 f   LIBCMT:getqloc.obj
 0001:000c3dea       _TestDefaultCountry        004c4dea f   LIBCMT:getqloc.obj
 0001:000c3e09       _TestDefaultLanguage       004c4e09 f   LIBCMT:getqloc.obj
 0001:000c3e6b       _IsThisWindowsNT           004c4e6b f   LIBCMT:getqloc.obj
 0001:000c3ea1       _crtGetLocaleInfoA@16      004c4ea1 f   LIBCMT:getqloc.obj
 0001:000c3f87       _LcidFromHexString         004c4f87 f   LIBCMT:getqloc.obj
 0001:000c3fc0       _GetPrimaryLen             004c4fc0 f   LIBCMT:getqloc.obj
 0001:000c32cc       __get_lc_lconv             004c42cc f   LIBCMT:initmon.obj
 0001:000c33ee       _fix_grouping              004c43ee f   LIBCMT:initmon.obj
 0001:000c3425       __free_lc_lconv            004c4425 f   LIBCMT:initmon.obj
 0001:000c31ca       _fix_grouping              004c41ca f   LIBCMT:initnum.obj
 0001:000c2b17       __get_lc_time              004c3b17 f   LIBCMT:inittime.obj
 0001:000c2e65       __free_lc_time             004c3e65 f   LIBCMT:inittime.obj
 0001:000c2582       _findenv                   004c3582 f   LIBCMT:setenv.obj
 0001:000c25da       _copy_environ              004c35da f   LIBCMT:setenv.obj
 0001:000c23d0       _strncnt                   004c33d0 f   LIBCMT:a_cmp.obj
 0001:000c17ed       _x_ismbbtype               004c27ed f   LIBCMT:ismbbyte.obj
 0001:000c1468       _strtoxl                   004c2468 f   LIBCMT:strtol.obj
 0001:000c0b39       __abstract_cw              004c1b39 f   LIBCMT:ieee87.obj
 0001:000c0bcb       __hw_cw                    004c1bcb f   LIBCMT:ieee87.obj
 0001:000c0c54       __abstract_sw              004c1c54 f   LIBCMT:ieee87.obj
 0001:000c081d       _store_dt                  004c181d f   LIBCMT:asctime.obj
 0001:000c0320       __setlocale_set_cat        004c1320 f   LIBCMT:setlocal.obj
 0001:000c043b       __setlocale_get_all        004c143b f   LIBCMT:setlocal.obj
 0001:000bfaec       _ctrlevent_capture@4       004c0aec f   LIBCMT:winsig.obj
 0001:000bfcd0       _siglookup                 004c0cd0 f   LIBCMT:winsig.obj
 0001:000bf8de       __hextodec                 004c08de f   LIBCMT:input.obj
 0001:000bf915       __inc                      004c0915 f   LIBCMT:input.obj
 0001:000bf92f       __un_inc                   004c092f f   LIBCMT:input.obj
 0001:000bf946       __whiteout                 004c0946 f   LIBCMT:input.obj
 0001:000be560       LeadUp1                    004bf560 f   LIBCMT:memcpy.obj
 0001:000be58c       LeadUp2                    004bf58c f   LIBCMT:memcpy.obj
 0001:000be5b0       LeadUp3                    004bf5b0 f   LIBCMT:memcpy.obj
 0001:000be62f       UnwindUp0                  004bf62f f   LIBCMT:memcpy.obj
 0001:000be61c       UnwindUp1                  004bf61c f   LIBCMT:memcpy.obj
 0001:000be614       UnwindUp2                  004bf614 f   LIBCMT:memcpy.obj
 0001:000be60c       UnwindUp3                  004bf60c f   LIBCMT:memcpy.obj
 0001:000be604       UnwindUp4                  004bf604 f   LIBCMT:memcpy.obj
 0001:000be5fc       UnwindUp5                  004bf5fc f   LIBCMT:memcpy.obj
 0001:000be5f4       UnwindUp6                  004bf5f4 f   LIBCMT:memcpy.obj
 0001:000be5ec       UnwindUp7                  004bf5ec f   LIBCMT:memcpy.obj
 0001:000be648       TrailUp0                   004bf648 f   LIBCMT:memcpy.obj
 0001:000be650       TrailUp1                   004bf650 f   LIBCMT:memcpy.obj
 0001:000be65c       TrailUp2                   004bf65c f   LIBCMT:memcpy.obj
 0001:000be670       TrailUp3                   004bf670 f   LIBCMT:memcpy.obj
 0001:000be6e8       LeadDown1                  004bf6e8 f   LIBCMT:memcpy.obj
 0001:000be708       LeadDown2                  004bf708 f   LIBCMT:memcpy.obj
 0001:000be730       LeadDown3                  004bf730 f   LIBCMT:memcpy.obj
 0001:000be784       UnwindDown7                004bf784 f   LIBCMT:memcpy.obj
 0001:000be78c       UnwindDown6                004bf78c f   LIBCMT:memcpy.obj
 0001:000be794       UnwindDown5                004bf794 f   LIBCMT:memcpy.obj
 0001:000be79c       UnwindDown4                004bf79c f   LIBCMT:memcpy.obj
 0001:000be7a4       UnwindDown3                004bf7a4 f   LIBCMT:memcpy.obj
 0001:000be7ac       UnwindDown2                004bf7ac f   LIBCMT:memcpy.obj
 0001:000be7b4       UnwindDown1                004bf7b4 f   LIBCMT:memcpy.obj
 0001:000be7c7       UnwindDown0                004bf7c7 f   LIBCMT:memcpy.obj
 0001:000be7e0       TrailDown0                 004bf7e0 f   LIBCMT:memcpy.obj
 0001:000be7e8       TrailDown1                 004bf7e8 f   LIBCMT:memcpy.obj
 0001:000be7f8       TrailDown2                 004bf7f8 f   LIBCMT:memcpy.obj
 0001:000be80c       TrailDown3                 004bf80c f   LIBCMT:memcpy.obj
 0001:000bdd43       _parse_cmdline             004bed43 f   LIBCMT:stdargv.obj
 0001:000bd439       __tzset_lk                 004be439 f   LIBCMT:tzset.obj
 0001:000bd6e1       __isindst_lk               004be6e1 f   LIBCMT:tzset.obj
 0001:000bd88d       _cvtdate                   004be88d f   LIBCMT:tzset.obj
 0001:000bd3bb       _xcptlookup                004be3bb f   LIBCMT:winxfltr.obj
 0001:000bd041       _strncnt                   004be041 f   LIBCMT:a_map.obj
 0001:000baf4e       __cftoe2                   004bbf4e f   LIBCMT:cvt.obj
 0001:000bb065       __cftof2                   004bc065 f   LIBCMT:cvt.obj
 0001:000bb1f0       __shift                    004bc1f0 f   LIBCMT:cvt.obj
 0001:000baca5       _doexit                    004bbca5 f   LIBCMT:crt0dat.obj
 0001:000bad5c       __initterm                 004bbd5c f   LIBCMT:crt0dat.obj
 0001:000bab6f       _write_char                004bbb6f f   LIBCMT:output.obj
 0001:000baba4       _write_multi_char          004bbba4 f   LIBCMT:output.obj
 0001:000babd5       _write_string              004bbbd5 f   LIBCMT:output.obj
 0001:000bac0d       _get_int_arg               004bbc0d f   LIBCMT:output.obj
 0001:000bac1a       _get_int64_arg             004bbc1a f   LIBCMT:output.obj
 0001:000bac2a       _get_short_arg             004bbc2a f   LIBCMT:output.obj
 0001:000b9e83       _getSystemCP               004bae83 f   LIBCMT:mbctype.obj
 0001:000b9ecd       _CPtoLCID                  004baecd f   LIBCMT:mbctype.obj
 0001:000b9f00       _setSBCS                   004baf00 f   LIBCMT:mbctype.obj
 0001:000b9f29       _setSBUpLow                004baf29 f   LIBCMT:mbctype.obj
 0001:000b9181       ?FindHandler@@YAXPAUEHExceptionRecord@@PAUEHRegistrationNode@@PAU_CONTEXT@@PAXPBU_s_FuncInfo@@EH1@Z 004ba181 f   LIBCMT:frame.obj
 0001:000b9334       ?FindHandlerForForeignException@@YAXPAUEHExceptionRecord@@PAUEHRegistrationNode@@PAU_CONTEXT@@PAXPBU_s_FuncInfo@@HH1@Z 004ba334 f   LIBCMT:frame.obj
 0001:000b93de       ?TypeMatch@@YAHPBU_s_HandlerType@@PBU_s_CatchableType@@PBU_s_ThrowInfo@@@Z 004ba3de f   LIBCMT:frame.obj
 0001:000b94d9       ?FrameUnwindFilter@@YAHPAU_EXCEPTION_POINTERS@@@Z 004ba4d9 f   LIBCMT:frame.obj
 0001:000b94ef       ?CatchIt@@YAXPAUEHExceptionRecord@@PAUEHRegistrationNode@@PAU_CONTEXT@@PAXPBU_s_FuncInfo@@PBU_s_HandlerType@@PBU_s_CatchableType@@PBU_s_TryBlockMapEntry@@H1E@Z 004ba4ef f   LIBCMT:frame.obj
 0001:000b956a       ?CallCatchBlock@@YAPAXPAUEHExceptionRecord@@PAUEHRegistrationNode@@PAU_CONTEXT@@PBU_s_FuncInfo@@PAXHK@Z 004ba56a f   LIBCMT:frame.obj
 0001:000b9685       ?ExFilterRethrow@@YAHPAU_EXCEPTION_POINTERS@@@Z 004ba685 f   LIBCMT:frame.obj
 0001:000b96af       ?BuildCatchObject@@YAXPAUEHExceptionRecord@@PAUEHRegistrationNode@@PBU_s_HandlerType@@PBU_s_CatchableType@@@Z 004ba6af f   LIBCMT:frame.obj
 0001:000b98da       ?AdjustPointer@@YAPAXPAXABUPMD@@@Z 004ba8da f   LIBCMT:frame.obj
 0001:000b824b       __expandtime               004b924b f   LIBCMT:strftime.obj
 0001:000b863a       __store_str                004b963a f   LIBCMT:strftime.obj
 0001:000b8661       __store_num                004b9661 f   LIBCMT:strftime.obj
 0001:000b86d0       __store_number             004b96d0 f   LIBCMT:strftime.obj
 0001:000b8719       __store_winword            004b9719 f   LIBCMT:strftime.obj
 0001:000b7bbb       _shortsort                 004b8bbb f   LIBCMT:qsort.obj
 0001:000b7c09       _swap                      004b8c09 f   LIBCMT:qsort.obj
 0001:000b779c       _flsall                    004b879c f   LIBCMT:fflush.obj
 0001:000b7036       _fast_error_exit           004b8036 f   LIBCMT:wincrt0.obj
 0001:000b6915       __threadstartex@4          004b7915 f   LIBCMT:threadex.obj
 0001:000b5f10       LeadUp1                    004b6f10 f   LIBCMT:memmove.obj
 0001:000b5f3c       LeadUp2                    004b6f3c f   LIBCMT:memmove.obj
 0001:000b5f60       LeadUp3                    004b6f60 f   LIBCMT:memmove.obj
 0001:000b5fdf       UnwindUp0                  004b6fdf f   LIBCMT:memmove.obj
 0001:000b5fcc       UnwindUp1                  004b6fcc f   LIBCMT:memmove.obj
 0001:000b5fc4       UnwindUp2                  004b6fc4 f   LIBCMT:memmove.obj
 0001:000b5fbc       UnwindUp3                  004b6fbc f   LIBCMT:memmove.obj
 0001:000b5fb4       UnwindUp4                  004b6fb4 f   LIBCMT:memmove.obj
 0001:000b5fac       UnwindUp5                  004b6fac f   LIBCMT:memmove.obj
 0001:000b5fa4       UnwindUp6                  004b6fa4 f   LIBCMT:memmove.obj
 0001:000b5f9c       UnwindUp7                  004b6f9c f   LIBCMT:memmove.obj
 0001:000b5ff8       TrailUp0                   004b6ff8 f   LIBCMT:memmove.obj
 0001:000b6000       TrailUp1                   004b7000 f   LIBCMT:memmove.obj
 0001:000b600c       TrailUp2                   004b700c f   LIBCMT:memmove.obj
 0001:000b6020       TrailUp3                   004b7020 f   LIBCMT:memmove.obj
 0001:000b6098       LeadDown1                  004b7098 f   LIBCMT:memmove.obj
 0001:000b60b8       LeadDown2                  004b70b8 f   LIBCMT:memmove.obj
 0001:000b60e0       LeadDown3                  004b70e0 f   LIBCMT:memmove.obj
 0001:000b6134       UnwindDown7                004b7134 f   LIBCMT:memmove.obj
 0001:000b613c       UnwindDown6                004b713c f   LIBCMT:memmove.obj
 0001:000b6144       UnwindDown5                004b7144 f   LIBCMT:memmove.obj
 0001:000b614c       UnwindDown4                004b714c f   LIBCMT:memmove.obj
 0001:000b6154       UnwindDown3                004b7154 f   LIBCMT:memmove.obj
 0001:000b615c       UnwindDown2                004b715c f   LIBCMT:memmove.obj
 0001:000b6164       UnwindDown1                004b7164 f   LIBCMT:memmove.obj
 0001:000b6177       UnwindDown0                004b7177 f   LIBCMT:memmove.obj
 0001:000b6190       TrailDown0                 004b7190 f   LIBCMT:memmove.obj
 0001:000b6198       TrailDown1                 004b7198 f   LIBCMT:memmove.obj
 0001:000b61a8       TrailDown2                 004b71a8 f   LIBCMT:memmove.obj
 0001:000b61bc       TrailDown3                 004b71bc f   LIBCMT:memmove.obj
 0001:000b5cdc       _xtoa                      004b6cdc f   LIBCMT:xtoa.obj
 0001:000b5dae       _x64toa@20                 004b6dae f   LIBCMT:xtoa.obj
 0001:000b59a4       _gu_return                 004b69a4 f   LIBCMT:exsup.obj
 0001:000b59ac       __unwind_handler           004b69ac f   LIBCMT:exsup.obj
 0001:000b57be       ?CatchGuardHandler@@YA?AW4_EXCEPTION_DISPOSITION@@PAUEHExceptionRecord@@PAUCatchGuardRN@@PAX2@Z 004b67be f   LIBCMT:trnsctrl.obj
 0001:000b5899       ?TranslatorGuardHandler@@YA?AW4_EXCEPTION_DISPOSITION@@PAUEHExceptionRecord@@PAUTranslatorGuardRN@@PAX2@Z 004b6899 f   LIBCMT:trnsctrl.obj
