 Heaven

 Timestamp is 6817d4d3 (Mon May 05 03:57:55 2025)

 Preferred load address is 10000000

 Start         Length     Name                   Class
 0001:00000000 00061700H .text                   CODE
 0001:00061700 00005c5dH .text$x                 CODE
 0002:00000000 00000228H .idata$5                DATA
 0002:00000228 00002060H .rdata                  DATA
 0002:00002288 000017ecH .rdata$r                DATA
 0002:00003a78 000076f8H .xdata$x                DATA
 0002:0000b170 00000064H .idata$2                DATA
 0002:0000b1d4 00000014H .idata$3                DATA
 0002:0000b1e8 00000228H .idata$4                DATA
 0002:0000b410 0000089eH .idata$6                DATA
 0002:0000bcb0 0000004dH .edata                  DATA
 0003:00000000 00000004H .CRT$XCA                DATA
 0003:00000004 0000004cH .CRT$XCU                DATA
 0003:00000050 00000004H .CRT$XCZ                DATA
 0003:00000054 00000004H .CRT$XIA                DATA
 0003:00000058 0000000cH .CRT$XIC                DATA
 0003:00000064 00000004H .CRT$XIY                DATA
 0003:00000068 00000004H .CRT$XIZ                DATA
 0003:0000006c 00000004H .CRT$XPA                DATA
 0003:00000070 00000004H .CRT$XPX                DATA
 0003:00000074 00000004H .CRT$XPZ                DATA
 0003:00000078 00000004H .CRT$XTA                DATA
 0003:0000007c 00000004H .CRT$XTB                DATA
 0003:00000080 00000004H .CRT$XTZ                DATA
 0003:00000090 00006664H .data                   DATA
 0003:000066f8 00002dfcH .bss                    DATA
 0004:00000000 00000020H STLPORT_NO_INIT         DATA

  Address         Publics by Value              Rva+Base     Lib:Object

 0001:00000000       _DllMain@12                10001000 f   Heaven.obj
 0001:00000010       _CreateInterface@8         10001010 f   ServerStage.obj
 0001:00000070       ??1CTaskQueue@CIOCPServer@@QAE@XZ 10001070 f   ServerStage.obj
 0001:000001b0       ??1?$stack@PAXV?$deque@PAXV?$allocator@PAX@_STL@@@_STL@@@_STL@@QAE@XZ 100011b0 f i ServerStage.obj
 0001:000002a0       ?Push@CTaskQueue@CIOCPServer@@QAEXPAX@Z 100012a0 f   ServerStage.obj
 0001:00000310       ?Pop@CTaskQueue@CIOCPServer@@QAEPAXXZ 10001310 f   ServerStage.obj
 0001:000003f0       ??0CIOCPServer@@QAE@IIIIIIII@Z 100013f0 f   ServerStage.obj
 0001:00000780       ??_GCIOCPServer@@UAEPAXI@Z 10001780 f i ServerStage.obj
 0001:00000780       ??_ECIOCPServer@@UAEPAXI@Z 10001780 f i ServerStage.obj
 0001:000007b0       ??1?$map@IPAUtagClientNode@CIOCPServer@@U?$less@I@_STL@@V?$allocator@U?$pair@$$CBIPAUtagClientNode@CIOCPServer@@@_STL@@@4@@_STL@@QAE@XZ 100017b0 f i ServerStage.obj
 0001:00000850       ??1?$queue@IV?$deque@IV?$allocator@I@_STL@@@_STL@@@_STL@@QAE@XZ 10001850 f i ServerStage.obj
 0001:00000940       ??1CWin32Exception@Win32@OnlineGameLib@@UAE@XZ 10001940 f i ServerStage.obj
 0001:00000a00       ??0CWin32Exception@Win32@OnlineGameLib@@QAE@ABV012@@Z 10001a00 f i ServerStage.obj
 0001:00000b40       ?__stl_new@_STL@@YAPAXI@Z  10001b40 f i ServerStage.obj
 0001:00000b50       ??0CException@Win32@OnlineGameLib@@QAE@ABV012@@Z 10001b50 f i ServerStage.obj
 0001:00000c90       ??_GCWin32Exception@Win32@OnlineGameLib@@UAEPAXI@Z 10001c90 f i ServerStage.obj
 0001:00000c90       ??_ECWin32Exception@Win32@OnlineGameLib@@UAEPAXI@Z 10001c90 f i ServerStage.obj
 0001:00000cb0       ??1CIOCPServer@@UAE@XZ     10001cb0 f   ServerStage.obj
 0001:00000ff0       ?Startup@CIOCPServer@@UAGJXZ 10001ff0 f   ServerStage.obj
 0001:00001160       ?Cleanup@CIOCPServer@@UAGJXZ 10002160 f   ServerStage.obj
 0001:000012d0       ?OpenServiceA@CIOCPServer@@UAGJABKABG@Z 100022d0 f   ServerStage.obj
 0001:00001450       ?CloseService@CIOCPServer@@UAGJXZ 10002450 f   ServerStage.obj
 0001:000015c0       ?RegisterMsgFilter@CIOCPServer@@UAGJPAXP6GX0ABK1@Z@Z 100025c0 f   ServerStage.obj
 0001:000015e0       ?PreparePackSink@CIOCPServer@@UAGJXZ 100025e0 f   ServerStage.obj
 0001:000015f0       ?PackDataToClient@CIOCPServer@@UAGJABKQBXABI@Z 100025f0 f   ServerStage.obj
 0001:00001860       ?SendPackToClient@CIOCPServer@@UAGJABK@Z 10002860 f   ServerStage.obj
 0001:00001b70       ?SendData@CIOCPServer@@UAGJABKQBXABI@Z 10002b70 f   ServerStage.obj
 0001:00001e10       ?_SendDataEx@CIOCPServer@@AAE_NPAUtagClientNode@1@QBXABI@Z 10002e10 f   ServerStage.obj
 0001:00002030       ?GetPackFromClient@CIOCPServer@@UAGPBXABKAAI@Z 10003030 f   ServerStage.obj
 0001:00002170       ?ShutdownClient@CIOCPServer@@UAGJABK@Z 10003170 f   ServerStage.obj
 0001:00002270       ?GetClientCount@CIOCPServer@@UAGIXZ 10003270 f   ServerStage.obj
 0001:00002290       ?GetClientInfo@CIOCPServer@@UAGPBDABK@Z 10003290 f   ServerStage.obj
 0001:000023a0       ?QueryInterface@CIOCPServer@@UAGJABU_GUID@@PAPAX@Z 100033a0 f   ServerStage.obj
 0001:00002400       ?AddRef@CIOCPServer@@UAGKXZ 10003400 f   ServerStage.obj
 0001:00002420       ?Release@CIOCPServer@@UAGKXZ 10003420 f   ServerStage.obj
 0001:00002460       ?OnConnectionEstablished@CIOCPServer@@MAEXPAVSocket@CSocketServer@Win32@OnlineGameLib@@PAVCIOBuffer@45@@Z 10003460 f   ServerStage.obj
 0001:00002600       ??1CSocketAddress@Win32@OnlineGameLib@@QAE@XZ 10003600 f i ServerStage.obj
 0001:00002670       ?OnConnectionClosing@CIOCPServer@@MAE_NPAVSocket@CSocketServer@Win32@OnlineGameLib@@@Z 10003670 f   ServerStage.obj
 0001:00002690       ?OnConnectionClosed@CIOCPServer@@MAEXPAVSocket@CSocketServer@Win32@OnlineGameLib@@@Z 10003690 f   ServerStage.obj
 0001:000026d0       ?ReadCompleted@CIOCPServer@@MAEXPAVSocket@CSocketServer@Win32@OnlineGameLib@@PAVCIOBuffer@45@@Z 100036d0 f   ServerStage.obj
 0001:00002940       ?ProcessDataStream@CIOCPServer@@IAEPAVCIOBuffer@Win32@OnlineGameLib@@PAVSocket@CSocketServer@34@PAV234@@Z 10003940 f   ServerStage.obj
 0001:00002b70       ?GetMinimumMessageSize@CIOCPServer@@IAEIXZ 10003b70 f   ServerStage.obj
 0001:00002b80       ?GetMessageSize@CIOCPServer@@IAEIPBVCIOBuffer@Win32@OnlineGameLib@@@Z 10003b80 f   ServerStage.obj
 0001:00002b90       ?ProcessCommand@CIOCPServer@@IAEXPAVSocket@CSocketServer@Win32@OnlineGameLib@@PBVCIOBuffer@45@@Z 10003b90 f   ServerStage.obj
 0001:00002cb0       ??0CServerFactory@@QAE@XZ  10003cb0 f   ServerStage.obj
 0001:00002cd0       ??_ECServerFactory@@UAEPAXI@Z 10003cd0 f i ServerStage.obj
 0001:00002cd0       ??_GCServerFactory@@UAEPAXI@Z 10003cd0 f i ServerStage.obj
 0001:00002cf0       ??1CServerFactory@@UAE@XZ  10003cf0 f   ServerStage.obj
 0001:00002d00       ?SetEnvironment@CServerFactory@@UAGJABI000@Z 10003d00 f   ServerStage.obj
 0001:00002d30       ?CreateServerInterface@CServerFactory@@UAGJABU_GUID@@PAPAX@Z 10003d30 f   ServerStage.obj
 0001:00002e40       ?QueryInterface@CServerFactory@@UAGJABU_GUID@@PAPAX@Z 10003e40 f   ServerStage.obj
 0001:00002ea0       ?AddRef@CServerFactory@@UAGKXZ 10003ea0 f   ServerStage.obj
 0001:00002ec0       ?Release@CServerFactory@@UAGKXZ 10003ec0 f   ServerStage.obj
 0001:00002ef0       ?HelperThreadFunction@CIOCPServer@@CGIPAX@Z 10003ef0 f   ServerStage.obj
 0001:00002f40       ?_HelperThreadFunction@CIOCPServer@@AAEIXZ 10003f40 f   ServerStage.obj
 0001:00002fa0       ?_HelperAddClient@CIOCPServer@@AAE_NXZ 10003fa0 f   ServerStage.obj
 0001:00003640       ?GetConnectionDetails@CPerConnectionData@@QBE?AV?$basic_string@DV?$char_traits@D@_STL@@V?$allocator@D@2@@_STL@@XZ 10004640 f i ServerStage.obj
 0001:00003700       ??_GCPerConnectionData@@QAEPAXI@Z 10004700 f i ServerStage.obj
 0001:00003720       ??1CPerConnectionData@@QAE@XZ 10004720 f i ServerStage.obj
 0001:000037b0       ?_HelperDelClient@CIOCPServer@@AAE_NXZ 100047b0 f   ServerStage.obj
 0001:00003b40       ?RegisterMsgFilter@CIOCPServer@@UAGJKPAUIMessageProcess@@@Z 10004b40 f   ServerStage.obj
 0001:00003c30       ?ProcessMessage@CIOCPServer@@IAEXPAVSocket@CSocketServer@Win32@OnlineGameLib@@PAVCIOBuffer@45@@Z 10004c30 f   ServerStage.obj
 0001:00003df0       ??1?$basic_string@DV?$char_traits@D@_STL@@V?$allocator@D@2@@_STL@@QAE@XZ 10004df0 f i ServerStage.obj
 0001:00003e60       ??1?$allocator@D@_STL@@QAE@XZ 10004e60 f i ServerStage.obj
 0001:00003e70       ?begin@?$map@IPAUtagClientNode@CIOCPServer@@U?$less@I@_STL@@V?$allocator@U?$pair@$$CBIPAUtagClientNode@CIOCPServer@@@_STL@@@4@@_STL@@QAE?AU?$_Rb_tree_iterator@U?$pair@$$CBIPAUtagClientNode@CIOCPServer@@@_STL@@U?$_Nonconst_traits@U?$pair@$$CBIPAUtagClientNode@CIOCPServer@@@_STL@@@2@@2@XZ 10004e70 f i ServerStage.obj
 0001:00003e80       ?erase@?$map@IPAUtagClientNode@CIOCPServer@@U?$less@I@_STL@@V?$allocator@U?$pair@$$CBIPAUtagClientNode@CIOCPServer@@@_STL@@@4@@_STL@@QAEXU?$_Rb_tree_iterator@U?$pair@$$CBIPAUtagClientNode@CIOCPServer@@@_STL@@U?$_Nonconst_traits@U?$pair@$$CBIPAUtagClientNode@CIOCPServer@@@_STL@@@2@@2@0@Z 10004e80 f i ServerStage.obj
 0001:00003eb0       ??1?$allocator@I@_STL@@QAE@XZ 10004eb0 f i ServerStage.obj
 0001:00003ec0       ?begin@?$list@IV?$allocator@I@_STL@@@_STL@@QAE?AU?$_List_iterator@IU?$_Nonconst_traits@I@_STL@@@2@XZ 10004ec0 f i ServerStage.obj
 0001:00003ed0       ?end@?$list@IV?$allocator@I@_STL@@@_STL@@QAE?AU?$_List_iterator@IU?$_Nonconst_traits@I@_STL@@@2@XZ 10004ed0 f i ServerStage.obj
 0001:00003ee0       ?erase@?$list@IV?$allocator@I@_STL@@@_STL@@QAE?AU?$_List_iterator@IU?$_Nonconst_traits@I@_STL@@@2@U32@0@Z 10004ee0 f i ServerStage.obj
 0001:00003f20       ??1?$list@IV?$allocator@I@_STL@@@_STL@@QAE@XZ 10004f20 f i ServerStage.obj
 0001:00003f90       ??1?$_String_base@DV?$allocator@D@_STL@@@_STL@@QAE@XZ 10004f90 f i ServerStage.obj
 0001:00004000       ?insert@?$map@IPAUtagClientNode@CIOCPServer@@U?$less@I@_STL@@V?$allocator@U?$pair@$$CBIPAUtagClientNode@CIOCPServer@@@_STL@@@4@@_STL@@QAE?AU?$_Rb_tree_iterator@U?$pair@$$CBIPAUtagClientNode@CIOCPServer@@@_STL@@U?$_Nonconst_traits@U?$pair@$$CBIPAUtagClientNode@CIOCPServer@@@_STL@@@2@@2@U32@ABU?$pair@$$CBIPAUtagClientNode@CIOCPServer@@@2@@Z 10005000 f i ServerStage.obj
 0001:00004030       ?lower_bound@?$map@IPAUtagClientNode@CIOCPServer@@U?$less@I@_STL@@V?$allocator@U?$pair@$$CBIPAUtagClientNode@CIOCPServer@@@_STL@@@4@@_STL@@QAE?AU?$_Rb_tree_iterator@U?$pair@$$CBIPAUtagClientNode@CIOCPServer@@@_STL@@U?$_Nonconst_traits@U?$pair@$$CBIPAUtagClientNode@CIOCPServer@@@_STL@@@2@@2@ABI@Z 10005030 f i ServerStage.obj
 0001:00004070       ??0?$_Rb_tree@IU?$pair@$$CBIPAUtagClientNode@CIOCPServer@@@_STL@@U?$_Select1st@U?$pair@$$CBIPAUtagClientNode@CIOCPServer@@@_STL@@@2@U?$less@I@2@V?$allocator@U?$pair@$$CBIPAUtagClientNode@CIOCPServer@@@_STL@@@2@@_STL@@QAE@ABU?$less@I@1@ABV?$allocator@U?$pair@$$CBIPAUtagClientNode@CIOCPServer@@@_STL@@@1@@Z 10005070 f i ServerStage.obj
 0001:000040f0       ?erase@?$_Rb_tree@IU?$pair@$$CBIPAUtagClientNode@CIOCPServer@@@_STL@@U?$_Select1st@U?$pair@$$CBIPAUtagClientNode@CIOCPServer@@@_STL@@@2@U?$less@I@2@V?$allocator@U?$pair@$$CBIPAUtagClientNode@CIOCPServer@@@_STL@@@2@@_STL@@QAEXU?$_Rb_tree_iterator@U?$pair@$$CBIPAUtagClientNode@CIOCPServer@@@_STL@@U?$_Nonconst_traits@U?$pair@$$CBIPAUtagClientNode@CIOCPServer@@@_STL@@@2@@2@0@Z 100050f0 f i ServerStage.obj
 0001:00004180       ??1?$_Rb_tree_base@U?$pair@$$CBIPAUtagClientNode@CIOCPServer@@@_STL@@V?$allocator@U?$pair@$$CBIPAUtagClientNode@CIOCPServer@@@_STL@@@2@@_STL@@QAE@XZ 10005180 f i ServerStage.obj
 0001:000041d0       ??1?$allocator@U?$pair@$$CBIPAUtagClientNode@CIOCPServer@@@_STL@@@_STL@@QAE@XZ 100051d0 f i ServerStage.obj
 0001:000041e0       ??0?$_Rb_tree_iterator@U?$pair@$$CBIPAUtagClientNode@CIOCPServer@@@_STL@@U?$_Nonconst_traits@U?$pair@$$CBIPAUtagClientNode@CIOCPServer@@@_STL@@@2@@_STL@@QAE@ABU01@@Z 100051e0 f i ServerStage.obj
 0001:000041f0       ?push_back@?$deque@IV?$allocator@I@_STL@@@_STL@@QAEXABI@Z 100051f0 f i ServerStage.obj
 0001:00004220       ?pop_front@?$deque@IV?$allocator@I@_STL@@@_STL@@QAEXXZ 10005220 f i ServerStage.obj
 0001:00004270       ??0?$_Deque_iterator@IU?$_Nonconst_traits@I@_STL@@@_STL@@QAE@ABU01@@Z 10005270 f i ServerStage.obj
 0001:000042a0       ?begin@?$list@IV?$allocator@I@_STL@@@_STL@@QBE?AU?$_List_iterator@IU?$_Const_traits@I@_STL@@@2@XZ 100052a0 f i ServerStage.obj
 0001:000042b0       ?end@?$list@IV?$allocator@I@_STL@@@_STL@@QBE?AU?$_List_iterator@IU?$_Const_traits@I@_STL@@@2@XZ 100052b0 f i ServerStage.obj
 0001:000042c0       ?insert@?$list@IV?$allocator@I@_STL@@@_STL@@QAE?AU?$_List_iterator@IU?$_Nonconst_traits@I@_STL@@@2@U32@ABI@Z 100052c0 f i ServerStage.obj
 0001:000042f0       ?erase@?$list@IV?$allocator@I@_STL@@@_STL@@QAE?AU?$_List_iterator@IU?$_Nonconst_traits@I@_STL@@@2@U32@@Z 100052f0 f i ServerStage.obj
 0001:00004320       ??0?$_List_base@IV?$allocator@I@_STL@@@_STL@@QAE@ABV?$allocator@I@1@@Z 10005320 f i ServerStage.obj
 0001:00004370       ??0?$deque@PAXV?$allocator@PAX@_STL@@@_STL@@QAE@ABV?$allocator@PAX@1@@Z 10005370 f i ServerStage.obj
 0001:000043d0       ??0?$_Deque_iterator@PAXU?$_Nonconst_traits@PAX@_STL@@@_STL@@QAE@ABU01@@Z 100053d0 f i ServerStage.obj
 0001:00004400       ??1?$allocator@PAX@_STL@@QAE@XZ 10005400 f i ServerStage.obj
 0001:00004410       ??0?$pair@$$CBIPAUtagClientNode@CIOCPServer@@@_STL@@QAE@ABIABQAUtagClientNode@CIOCPServer@@@Z 10005410 f i ServerStage.obj
 0001:00004430       ??1?$_STLP_alloc_proxy@PADDV?$allocator@D@_STL@@@_STL@@QAE@XZ 10005430 f i ServerStage.obj
 0001:00004440       ??1?$_STLP_alloc_proxy@PAU?$_Rb_tree_node@U?$pair@$$CBIPAUtagClientNode@CIOCPServer@@@_STL@@@_STL@@U12@V?$allocator@U?$pair@$$CBIPAUtagClientNode@CIOCPServer@@@_STL@@@2@@_STL@@QAE@XZ 10005440 f i ServerStage.obj
 0001:00004450       ??1?$_STLP_alloc_proxy@PAU?$_List_node@I@_STL@@U12@V?$allocator@I@2@@_STL@@QAE@XZ 10005450 f i ServerStage.obj
 0001:00004460       ?_M_deallocate_block@?$_String_base@DV?$allocator@D@_STL@@@_STL@@QAEXXZ 10005460 f i ServerStage.obj
 0001:00004490       ?erase@?$_Rb_tree@IU?$pair@$$CBIPAUtagClientNode@CIOCPServer@@@_STL@@U?$_Select1st@U?$pair@$$CBIPAUtagClientNode@CIOCPServer@@@_STL@@@2@U?$less@I@2@V?$allocator@U?$pair@$$CBIPAUtagClientNode@CIOCPServer@@@_STL@@@2@@_STL@@QAEXU?$_Rb_tree_iterator@U?$pair@$$CBIPAUtagClientNode@CIOCPServer@@@_STL@@U?$_Nonconst_traits@U?$pair@$$CBIPAUtagClientNode@CIOCPServer@@@_STL@@@2@@2@@Z 10005490 f i ServerStage.obj
 0001:000044d0       ?lower_bound@?$_Rb_tree@IU?$pair@$$CBIPAUtagClientNode@CIOCPServer@@@_STL@@U?$_Select1st@U?$pair@$$CBIPAUtagClientNode@CIOCPServer@@@_STL@@@2@U?$less@I@2@V?$allocator@U?$pair@$$CBIPAUtagClientNode@CIOCPServer@@@_STL@@@2@@_STL@@QAE?AU?$_Rb_tree_iterator@U?$pair@$$CBIPAUtagClientNode@CIOCPServer@@@_STL@@U?$_Nonconst_traits@U?$pair@$$CBIPAUtagClientNode@CIOCPServer@@@_STL@@@2@@2@ABI@Z 100054d0 f i ServerStage.obj
 0001:00004510       ?deallocate@?$_STLP_alloc_proxy@PAU?$_Rb_tree_node@U?$pair@$$CBIPAUtagClientNode@CIOCPServer@@@_STL@@@_STL@@U12@V?$allocator@U?$pair@$$CBIPAUtagClientNode@CIOCPServer@@@_STL@@@2@@_STL@@QAEXPAU?$_Rb_tree_node@U?$pair@$$CBIPAUtagClientNode@CIOCPServer@@@_STL@@@2@I@Z 10005510 f i ServerStage.obj
 0001:00004550       ??0?$_Deque_base@IV?$allocator@I@_STL@@@_STL@@QAE@ABV?$allocator@I@1@I@Z 10005550 f i ServerStage.obj
 0001:000045c0       ?_M_create_node@?$list@IV?$allocator@I@_STL@@@_STL@@IAEPAU?$_List_node@I@2@ABI@Z 100055c0 f i ServerStage.obj
 0001:000045e0       ?deallocate@?$_STLP_alloc_proxy@PAU?$_List_node@I@_STL@@U12@V?$allocator@I@2@@_STL@@QAEXPAU?$_List_node@I@2@I@Z 100055e0 f i ServerStage.obj
 0001:00004620       ??1?$_STLP_alloc_proxy@PAPAIPAIV?$allocator@I@_STL@@@_STL@@QAE@XZ 10005620 f i ServerStage.obj
 0001:00004630       ??1?$_STLP_alloc_proxy@IIV?$allocator@I@_STL@@@_STL@@QAE@XZ 10005630 f i ServerStage.obj
 0001:00004640       ??1?$_STLP_alloc_proxy@PAPAPAXPAPAXV?$allocator@PAX@_STL@@@_STL@@QAE@XZ 10005640 f i ServerStage.obj
 0001:00004650       ??1?$_STLP_alloc_proxy@IPAXV?$allocator@PAX@_STL@@@_STL@@QAE@XZ 10005650 f i ServerStage.obj
 0001:00004660       ?deallocate@?$_STLP_alloc_proxy@PADDV?$allocator@D@_STL@@@_STL@@QAEXPADI@Z 10005660 f i ServerStage.obj
 0001:00004690       ?deallocate@?$allocator@U?$_Rb_tree_node@U?$pair@$$CBIPAUtagClientNode@CIOCPServer@@@_STL@@@_STL@@@_STL@@QBEXPAU?$_Rb_tree_node@U?$pair@$$CBIPAUtagClientNode@CIOCPServer@@@_STL@@@2@I@Z 10005690 f i ServerStage.obj
 0001:000046d0       ?deallocate@?$__node_alloc@$00$0A@@_STL@@SAXPAXI@Z 100056d0 f i ServerStage.obj
 0001:00004700       ?deallocate@?$allocator@U?$_List_node@I@_STL@@@_STL@@QBEXPAU?$_List_node@I@2@I@Z 10005700 f i ServerStage.obj
 0001:00004740       ?_M_erase@?$_Rb_tree@IU?$pair@$$CBIPAUtagClientNode@CIOCPServer@@@_STL@@U?$_Select1st@U?$pair@$$CBIPAUtagClientNode@CIOCPServer@@@_STL@@@2@U?$less@I@2@V?$allocator@U?$pair@$$CBIPAUtagClientNode@CIOCPServer@@@_STL@@@2@@_STL@@AAEXPAU?$_Rb_tree_node@U?$pair@$$CBIPAUtagClientNode@CIOCPServer@@@_STL@@@2@@Z 10005740 f i ServerStage.obj
 0001:00004780       ?insert_unique@?$_Rb_tree@IU?$pair@$$CBIPAUtagClientNode@CIOCPServer@@@_STL@@U?$_Select1st@U?$pair@$$CBIPAUtagClientNode@CIOCPServer@@@_STL@@@2@U?$less@I@2@V?$allocator@U?$pair@$$CBIPAUtagClientNode@CIOCPServer@@@_STL@@@2@@_STL@@QAE?AU?$_Rb_tree_iterator@U?$pair@$$CBIPAUtagClientNode@CIOCPServer@@@_STL@@U?$_Nonconst_traits@U?$pair@$$CBIPAUtagClientNode@CIOCPServer@@@_STL@@@2@@2@U32@ABU?$pair@$$CBIPAUtagClientNode@CIOCPServer@@@2@@Z 10005780 f i ServerStage.obj
 0001:00004c60       ?begin@?$_Rb_tree@IU?$pair@$$CBIPAUtagClientNode@CIOCPServer@@@_STL@@U?$_Select1st@U?$pair@$$CBIPAUtagClientNode@CIOCPServer@@@_STL@@@2@U?$less@I@2@V?$allocator@U?$pair@$$CBIPAUtagClientNode@CIOCPServer@@@_STL@@@2@@_STL@@QAE?AU?$_Rb_tree_iterator@U?$pair@$$CBIPAUtagClientNode@CIOCPServer@@@_STL@@U?$_Nonconst_traits@U?$pair@$$CBIPAUtagClientNode@CIOCPServer@@@_STL@@@2@@2@XZ 10005c60 f i ServerStage.obj
 0001:00004c70       ??1?$_Deque_base@IV?$allocator@I@_STL@@@_STL@@QAE@XZ 10005c70 f i ServerStage.obj
 0001:00004d10       ?_M_initialize_map@?$_Deque_base@IV?$allocator@I@_STL@@@_STL@@IAEXI@Z 10005d10 f i ServerStage.obj
 0001:00004e30       ?_M_push_back_aux_v@?$deque@IV?$allocator@I@_STL@@@_STL@@IAEXABI@Z 10005e30 f i ServerStage.obj
 0001:00004ea0       ??1?$_Deque_base@PAXV?$allocator@PAX@_STL@@@_STL@@QAE@XZ 10005ea0 f i ServerStage.obj
 0001:00004f40       ?_M_initialize_map@?$_Deque_base@PAXV?$allocator@PAX@_STL@@@_STL@@IAEXI@Z 10005f40 f i ServerStage.obj
 0001:00005060       ?_M_push_back_aux_v@?$deque@PAXV?$allocator@PAX@_STL@@@_STL@@IAEXABQAX@Z 10006060 f i ServerStage.obj
 0001:000050d0       ??H_STL@@YA?AV?$basic_string@DV?$char_traits@D@_STL@@V?$allocator@D@2@@0@PBDABV10@@Z 100060d0 f i ServerStage.obj
 0001:00005210       ??H_STL@@YA?AV?$basic_string@DV?$char_traits@D@_STL@@V?$allocator@D@2@@0@ABV10@PBD@Z 10006210 f i ServerStage.obj
 0001:00005350       ??H_STL@@YA?AV?$basic_string@DV?$char_traits@D@_STL@@V?$allocator@D@2@@0@ABV10@0@Z 10006350 f i ServerStage.obj
 0001:00005490       ?ToString@Win32@OnlineGameLib@@YA?AV?$basic_string@DV?$char_traits@D@_STL@@V?$allocator@D@2@@_STL@@K@Z 10006490 f i ServerStage.obj
 0001:000056a0       ??_E?$basic_ios@DV?$char_traits@D@_STL@@@_STL@@UAEPAXI@Z 100066a0 f i ServerStage.obj
 0001:000056a0       ??_G?$basic_ios@DV?$char_traits@D@_STL@@@_STL@@UAEPAXI@Z 100066a0 f i ServerStage.obj
 0001:000056c0       ??1?$basic_ios@DV?$char_traits@D@_STL@@@_STL@@UAE@XZ 100066c0 f i ServerStage.obj
 0001:000056d0       ?ToString@Win32@OnlineGameLib@@YA?AV?$basic_string@DV?$char_traits@D@_STL@@V?$allocator@D@2@@_STL@@I@Z 100066d0 f i ServerStage.obj
 0001:000058e0       ?_Destroy@_STL@@YAXU?$_Deque_iterator@IU?$_Nonconst_traits@I@_STL@@@1@0@Z 100068e0 f i ServerStage.obj
 0001:00005910       ?_Destroy@_STL@@YAXU?$_Deque_iterator@PAXU?$_Nonconst_traits@PAX@_STL@@@1@0@Z 10006910 f i ServerStage.obj
 0001:00005940       ?_Construct@_STL@@YAXPAIABI@Z 10006940 f i ServerStage.obj
 0001:00005960       ??_Dstrstream@_STL@@QAEXXZ 10006960 f i ServerStage.obj
 0001:00005980       ?get_allocator@?$basic_string@DV?$char_traits@D@_STL@@V?$allocator@D@2@@_STL@@QBE?AV?$allocator@D@2@XZ 10006980 f i ServerStage.obj
 0001:000059a0       ??0?$_String_base@DV?$allocator@D@_STL@@@_STL@@QAE@ABV?$allocator@D@1@@Z 100069a0 f i ServerStage.obj
 0001:000059b0       ?deallocate@?$_STLP_alloc_proxy@PAPAIPAIV?$allocator@I@_STL@@@_STL@@QAEXPAPAII@Z 100069b0 f i ServerStage.obj
 0001:000059e0       ?deallocate@?$_STLP_alloc_proxy@IPAXV?$allocator@PAX@_STL@@@_STL@@QAEXPAPAXI@Z 100069e0 f i ServerStage.obj
 0001:00005a10       ??0?$_STLP_alloc_proxy@PADDV?$allocator@D@_STL@@@_STL@@QAE@ABV?$allocator@D@1@PAD@Z 10006a10 f i ServerStage.obj
 0001:00005a20       ?deallocate@?$allocator@PAX@_STL@@QBEXPAPAXI@Z 10006a20 f i ServerStage.obj
 0001:00005a50       ?deallocate@?$allocator@PAPAX@_STL@@QBEXPAPAPAXI@Z 10006a50 f i ServerStage.obj
 0001:00005a80       ?copy@?$__char_traits_base@DH@_STL@@SAPADPADPBDI@Z 10006a80 f i ServerStage.obj
 0001:00005ab0       ?erase@?$basic_string@DV?$char_traits@D@_STL@@V?$allocator@D@2@@_STL@@QAEPADPAD0@Z 10006ab0 f i ServerStage.obj
 0001:00005af0       ?_M_allocate_block@?$_String_base@DV?$allocator@D@_STL@@@_STL@@QAEXI@Z 10006af0 f i ServerStage.obj
 0001:00005b50       ?_M_range_initialize@?$basic_string@DV?$char_traits@D@_STL@@V?$allocator@D@2@@_STL@@AAEXPBD0@Z 10006b50 f i ServerStage.obj
 0001:00005bd0       ?_M_range_initialize@?$basic_string@DV?$char_traits@D@_STL@@V?$allocator@D@2@@_STL@@AAEXPAD0@Z 10006bd0 f i ServerStage.obj
 0001:00005c50       ?_M_insert@?$_Rb_tree@IU?$pair@$$CBIPAUtagClientNode@CIOCPServer@@@_STL@@U?$_Select1st@U?$pair@$$CBIPAUtagClientNode@CIOCPServer@@@_STL@@@2@U?$less@I@2@V?$allocator@U?$pair@$$CBIPAUtagClientNode@CIOCPServer@@@_STL@@@2@@_STL@@AAE?AU?$_Rb_tree_iterator@U?$pair@$$CBIPAUtagClientNode@CIOCPServer@@@_STL@@U?$_Nonconst_traits@U?$pair@$$CBIPAUtagClientNode@CIOCPServer@@@_STL@@@2@@2@PAU_Rb_tree_node_base@2@0ABU?$pair@$$CBIPAUtagClientNode@CIOCPServer@@@2@0@Z 10006c50 f i ServerStage.obj
 0001:00005cf0       ?insert_unique@?$_Rb_tree@IU?$pair@$$CBIPAUtagClientNode@CIOCPServer@@@_STL@@U?$_Select1st@U?$pair@$$CBIPAUtagClientNode@CIOCPServer@@@_STL@@@2@U?$less@I@2@V?$allocator@U?$pair@$$CBIPAUtagClientNode@CIOCPServer@@@_STL@@@2@@_STL@@QAE?AU?$pair@U?$_Rb_tree_iterator@U?$pair@$$CBIPAUtagClientNode@CIOCPServer@@@_STL@@U?$_Nonconst_traits@U?$pair@$$CBIPAUtagClientNode@CIOCPServer@@@_STL@@@2@@_STL@@_N@2@ABU?$pair@$$CBIPAUtagClientNode@CIOCPServer@@@2@@Z 10006cf0 f i ServerStage.obj
 0001:00005e60       ?_M_create_nodes@?$_Deque_base@IV?$allocator@I@_STL@@@_STL@@IAEXPAPAI0@Z 10006e60 f i ServerStage.obj
 0001:00005ef0       ?_M_destroy_nodes@?$_Deque_base@IV?$allocator@I@_STL@@@_STL@@IAEXPAPAI0@Z 10006ef0 f i ServerStage.obj
 0001:00005f20       ?_M_reallocate_map@?$deque@IV?$allocator@I@_STL@@@_STL@@IAEXI_N@Z 10006f20 f i ServerStage.obj
 0001:00006090       ?_M_create_nodes@?$_Deque_base@PAXV?$allocator@PAX@_STL@@@_STL@@IAEXPAPAPAX0@Z 10007090 f i ServerStage.obj
 0001:00006120       ?_M_reallocate_map@?$deque@PAXV?$allocator@PAX@_STL@@@_STL@@IAEXI_N@Z 10007120 f i ServerStage.obj
 0001:00006290       ??1CCriticalSection@Win32@OnlineGameLib@@QAE@XZ 10007290 f i ServerStage.obj
 0001:000062a0       ??1Owner@CCriticalSection@Win32@OnlineGameLib@@QAE@XZ 100072a0 f i ServerStage.obj
 0001:000062b0       ?__destroy@_STL@@YAXU?$_Deque_iterator@IU?$_Nonconst_traits@I@_STL@@@1@0PAI@Z 100072b0 f i ServerStage.obj
 0001:000062e0       ?__distance@_STL@@YAHABU?$_List_iterator@IU?$_Const_traits@I@_STL@@@1@0ABUinput_iterator_tag@1@@Z 100072e0 f i ServerStage.obj
 0001:00006300       ?__destroy@_STL@@YAXU?$_Deque_iterator@PAXU?$_Nonconst_traits@PAX@_STL@@@1@0PAPAX@Z 10007300 f i ServerStage.obj
 0001:00006330       ?_M_put_num@_STL@@YAAAV?$basic_ostream@DV?$char_traits@D@_STL@@@1@AAV21@K@Z 10007330 f i ServerStage.obj
 0001:000064b0       ?getloc@ios_base@_STL@@QBE?AVlocale@2@XZ 100074b0 f i ServerStage.obj
 0001:000064d0       ??1sentry@?$basic_ostream@DV?$char_traits@D@_STL@@@_STL@@QAE@XZ 100074d0 f i ServerStage.obj
 0001:00006520       ?_M_init@_STL@@YA_NAAV?$basic_ostream@DV?$char_traits@D@_STL@@@1@@Z 10007520 f i ServerStage.obj
 0001:000065c0       ?_M_create_node@?$_Rb_tree@IU?$pair@$$CBIPAUtagClientNode@CIOCPServer@@@_STL@@U?$_Select1st@U?$pair@$$CBIPAUtagClientNode@CIOCPServer@@@_STL@@@2@U?$less@I@2@V?$allocator@U?$pair@$$CBIPAUtagClientNode@CIOCPServer@@@_STL@@@2@@_STL@@IAEPAU?$_Rb_tree_node@U?$pair@$$CBIPAUtagClientNode@CIOCPServer@@@_STL@@@2@ABU?$pair@$$CBIPAUtagClientNode@CIOCPServer@@@2@@Z 100075c0 f i ServerStage.obj
 0001:000065f0       ??0?$pair@U?$_Rb_tree_iterator@U?$pair@$$CBIPAUtagClientNode@CIOCPServer@@@_STL@@U?$_Nonconst_traits@U?$pair@$$CBIPAUtagClientNode@CIOCPServer@@@_STL@@@2@@_STL@@_N@_STL@@QAE@ABU?$_Rb_tree_iterator@U?$pair@$$CBIPAUtagClientNode@CIOCPServer@@@_STL@@U?$_Nonconst_traits@U?$pair@$$CBIPAUtagClientNode@CIOCPServer@@@_STL@@@2@@1@AB_N@Z 100075f0 f i ServerStage.obj
 0001:00006610       ?OnStartAcceptingConnections@CSocketServer@Win32@OnlineGameLib@@EAEXXZ 10007610 f i ServerStage.obj
 0001:00006620       ?OnStopAcceptingConnections@CSocketServer@Win32@OnlineGameLib@@EAEXXZ 10007620 f i ServerStage.obj
 0001:00006630       ?OnShutdownInitiated@CSocketServer@Win32@OnlineGameLib@@EAEXXZ 10007630 f i ServerStage.obj
 0001:00006640       ?_M_range_initialize@?$basic_string@DV?$char_traits@D@_STL@@V?$allocator@D@2@@_STL@@AAEXPBD0ABUforward_iterator_tag@2@@Z 10007640 f i ServerStage.obj
 0001:000066c0       ?OnShutdownComplete@CSocketServer@Win32@OnlineGameLib@@EAEXXZ 100076c0 f i ServerStage.obj
 0001:000066d0       ?OnConnectionCreated@CSocketServer@Win32@OnlineGameLib@@EAEXXZ 100076d0 f i ServerStage.obj
 0001:000066e0       ?OnConnectionClientClose@CSocketServer@Win32@OnlineGameLib@@EAEXPAVSocket@123@@Z 100076e0 f i ServerStage.obj
 0001:000066f0       ?OnConnectionReset@CSocketServer@Win32@OnlineGameLib@@EAEXPAVSocket@123@@Z 100076f0 f i ServerStage.obj
 0001:00006700       ?_M_range_initialize@?$basic_string@DV?$char_traits@D@_STL@@V?$allocator@D@2@@_STL@@AAEXPAD0ABUforward_iterator_tag@2@@Z 10007700 f i ServerStage.obj
 0001:00006780       ?OnConnectionDestroyed@CSocketServer@Win32@OnlineGameLib@@EAEXXZ 10007780 f i ServerStage.obj
 0001:00006790       ?OnBufferCreated@CSocketServer@Win32@OnlineGameLib@@EAEXXZ 10007790 f i ServerStage.obj
 0001:000067a0       ?OnBufferAllocated@CSocketServer@Win32@OnlineGameLib@@EAEXXZ 100077a0 f i ServerStage.obj
 0001:000067b0       ?OnBufferReleased@CSocketServer@Win32@OnlineGameLib@@EAEXXZ 100077b0 f i ServerStage.obj
 0001:000067c0       ?OnThreadCreated@CSocketServer@Win32@OnlineGameLib@@EAEXXZ 100077c0 f i ServerStage.obj
 0001:000067d0       ?OnThreadDestroyed@CSocketServer@Win32@OnlineGameLib@@EAEXXZ 100077d0 f i ServerStage.obj
 0001:000067e0       ?_M_append_dispatch@?$basic_string@DV?$char_traits@D@_STL@@V?$allocator@D@2@@_STL@@AAEAAV12@PBD0ABU__false_type@2@@Z 100077e0 f i ServerStage.obj
 0001:00006810       ?put@?$basic_ostream@DV?$char_traits@D@_STL@@@_STL@@QAEAAV12@D@Z 10007810 f i ServerStage.obj
 0001:00006970       ?__destroy_aux@_STL@@YAXU?$_Deque_iterator@IU?$_Nonconst_traits@I@_STL@@@1@0ABU__true_type@1@@Z 10007970 f i ServerStage.obj
 0001:00006980       ?__destroy_aux@_STL@@YAXU?$_Deque_iterator@PAXU?$_Nonconst_traits@PAX@_STL@@@1@0ABU__true_type@1@@Z 10007980 f i ServerStage.obj
 0001:00006990       ?uninitialized_copy@_STL@@YAPADPAD00@Z 10007990 f i ServerStage.obj
 0001:000069c0       ?append@?$basic_string@DV?$char_traits@D@_STL@@V?$allocator@D@2@@_STL@@AAEAAV12@PBD0ABUforward_iterator_tag@2@@Z 100079c0 f i ServerStage.obj
 0001:00006b50       ?append@?$basic_string@DV?$char_traits@D@_STL@@V?$allocator@D@2@@_STL@@AAEAAV12@PAD0ABUforward_iterator_tag@2@@Z 10007b50 f i ServerStage.obj
 0001:00006cf0       ??_GCException@Win32@OnlineGameLib@@UAEPAXI@Z 10007cf0 f i ServerStage.obj
 0001:00006cf0       ??_ECException@Win32@OnlineGameLib@@UAEPAXI@Z 10007cf0 f i ServerStage.obj
 0001:00006d10       ??1CException@Win32@OnlineGameLib@@UAE@XZ 10007d10 f i ServerStage.obj
 0001:00006dd0       ?__copy_aux@_STL@@YAPADPAD00ABU__true_type@1@@Z 10007dd0 f i ServerStage.obj
 0001:00006e00       ?__copy_ptrs@_STL@@YAPADPAD00ABU__false_type@1@@Z 10007e00 f i ServerStage.obj
 0001:00006e30       ??_ECIOCPServer@@W7AEPAXI@Z 10007e30 f i ServerStage.obj
 0001:00006e38       _DeleteCriticalSection@4   10007e38 f   kernel32:KERNEL32.dll
 0001:00006e3e       _LeaveCriticalSection@4    10007e3e f   kernel32:KERNEL32.dll
 0001:00006e44       _EnterCriticalSection@4    10007e44 f   kernel32:KERNEL32.dll
 0001:00006e4a       _GetLastError@0            10007e4a f   kernel32:KERNEL32.dll
 0001:00006e50       _InitializeCriticalSection@4 10007e50 f   kernel32:KERNEL32.dll
 0001:00006e56       _TerminateThread@8         10007e56 f   kernel32:KERNEL32.dll
 0001:00006e5c       _WaitForSingleObject@8     10007e5c f   kernel32:KERNEL32.dll
 0001:00006e62       _InterlockedExchange@8     10007e62 f   kernel32:KERNEL32.dll
 0001:00006e68       _InterlockedIncrement@4    10007e68 f   kernel32:KERNEL32.dll
 0001:00006e6e       _InterlockedDecrement@4    10007e6e f   kernel32:KERNEL32.dll
 0001:00006e74       _Sleep@4                   10007e74 f   kernel32:KERNEL32.dll
 0001:00006e80       ??0CSocketServer@Win32@OnlineGameLib@@IAE@IIII_N0@Z 10007e80 f   common:SocketServer.obj
 0001:00006f90       ?OnConnectionClosing@CSocketServer@Win32@OnlineGameLib@@EAE_NPAVSocket@123@@Z 10007f90 f i common:SocketServer.obj
 0001:00006fa0       ?OnConnectionClosed@CSocketServer@Win32@OnlineGameLib@@EAEXPAVSocket@123@@Z 10007fa0 f i common:SocketServer.obj
 0001:00006fe0       ??_GCSocketServer@Win32@OnlineGameLib@@UAEPAXI@Z 10007fe0 f i common:SocketServer.obj
 0001:00006fe0       ??_ECSocketServer@Win32@OnlineGameLib@@UAEPAXI@Z 10007fe0 f i common:SocketServer.obj
 0001:00007000       ??1CManualResetEvent@Win32@OnlineGameLib@@UAE@XZ 10008000 f i common:SocketServer.obj
 0001:00007010       ??1CSocketServer@Win32@OnlineGameLib@@UAE@XZ 10008010 f   common:SocketServer.obj
 0001:000070d0       ?Open@CSocketServer@Win32@OnlineGameLib@@IAEXKG@Z 100080d0 f   common:SocketServer.obj
 0001:000070f0       ?ReleaseSockets@CSocketServer@Win32@OnlineGameLib@@AAEXXZ 100080f0 f   common:SocketServer.obj
 0001:00007230       ?__copy_trivial@_STL@@YAPAXPBX0PAX@Z 10008230 f i common:SocketServer.obj
 0001:00007260       ?StartAcceptingConnections@CSocketServer@Win32@OnlineGameLib@@QAEXXZ 10008260 f   common:SocketServer.obj
 0001:000072a0       ?StopAcceptingConnections@CSocketServer@Win32@OnlineGameLib@@QAEXXZ 100082a0 f   common:SocketServer.obj
 0001:000073b0       ?InitiateShutdown@CSocketServer@Win32@OnlineGameLib@@QAEXXZ 100083b0 f   common:SocketServer.obj
 0001:00007440       ?WaitForShutdownToComplete@CSocketServer@Win32@OnlineGameLib@@QAEXXZ 10008440 f   common:SocketServer.obj
 0001:00007460       ?CreateListeningSocket@CSocketServer@Win32@OnlineGameLib@@EAEIKG@Z 10008460 f   common:SocketServer.obj
 0001:00007590       ?CreateWorkerThread@CSocketServer@Win32@OnlineGameLib@@EAEPAVWorkerThread@123@AAVCIOCompletionPort@23@@Z 10008590 f   common:SocketServer.obj
 0001:00007600       ?Run@CSocketServer@Win32@OnlineGameLib@@MAEHXZ 10008600 f   common:SocketServer.obj
 0001:00007a00       ?AllocateSocket@CSocketServer@Win32@OnlineGameLib@@AAEPAVSocket@123@I@Z 10008a00 f   common:SocketServer.obj
 0001:00007ae0       ?ReleaseSocket@CSocketServer@Win32@OnlineGameLib@@AAEXPAVSocket@123@@Z 10008ae0 f   common:SocketServer.obj
 0001:00007c30       ?DestroySocket@CSocketServer@Win32@OnlineGameLib@@AAEXPAVSocket@123@@Z 10008c30 f   common:SocketServer.obj
 0001:00007c60       ?OnError@CSocketServer@Win32@OnlineGameLib@@EAEXABV?$basic_string@DV?$char_traits@D@_STL@@V?$allocator@D@2@@_STL@@@Z 10008c60 f   common:SocketServer.obj
 0001:00007c70       ?WriteCompleted@CSocketServer@Win32@OnlineGameLib@@EAEXPAVSocket@123@PAVCIOBuffer@23@@Z 10008c70 f   common:SocketServer.obj
 0001:00007d40       ?SetServerDataPtr@CSocketServer@Win32@OnlineGameLib@@KAXPAVSocket@123@PAX@Z 10008d40 f   common:SocketServer.obj
 0001:00007d60       ?GetServerDataPtr@CSocketServer@Win32@OnlineGameLib@@KAPAXPBVSocket@123@@Z 10008d60 f   common:SocketServer.obj
 0001:00007d80       ?WriteCompleted@CSocketServer@Win32@OnlineGameLib@@KAXPAVSocket@123@@Z 10008d80 f   common:SocketServer.obj
 0001:00007d90       ?FilterSocketShutdown@CSocketServer@Win32@OnlineGameLib@@EAE_NPAVSocket@123@H@Z 10008d90 f   common:SocketServer.obj
 0001:00007da0       ?FilterSocketClose@CSocketServer@Win32@OnlineGameLib@@EAE_NPAVSocket@123@@Z 10008da0 f   common:SocketServer.obj
 0001:00007db0       ?PostIoOperation@CSocketServer@Win32@OnlineGameLib@@AAEXPAVSocket@123@PAVCIOBuffer@23@W4enumIO_Operation@123@@Z 10008db0 f   common:SocketServer.obj
 0001:00007df0       ?GetServer@CSocketServer@Win32@OnlineGameLib@@KAAAV123@PAVSocket@123@@Z 10008df0 f   common:SocketServer.obj
 0001:00007e00       ?OnConnectionError@CSocketServer@Win32@OnlineGameLib@@EAEXW4enumConnectionErrorSource@123@PAVSocket@123@PAVCIOBuffer@23@K@Z 10008e00 f   common:SocketServer.obj
 0001:00007e80       ??0Socket@CSocketServer@Win32@OnlineGameLib@@AAE@AAV123@I_N@Z 10008e80 f   common:SocketServer.obj
 0001:00008020       ??1UserData@CSocketServer@Win32@OnlineGameLib@@QAE@XZ 10009020 f i common:SocketServer.obj
 0001:00008030       ??1ServerData@CSocketServer@Win32@OnlineGameLib@@QAE@XZ 10009030 f i common:SocketServer.obj
 0001:00008040       ??1Socket@CSocketServer@Win32@OnlineGameLib@@AAE@XZ 10009040 f   common:SocketServer.obj
 0001:00008120       ?Attach@Socket@CSocketServer@Win32@OnlineGameLib@@AAEXI@Z 10009120 f   common:SocketServer.obj
 0001:00008260       ?AddRef@Socket@CSocketServer@Win32@OnlineGameLib@@QAEXXZ 10009260 f   common:SocketServer.obj
 0001:00008270       ?Release@Socket@CSocketServer@Win32@OnlineGameLib@@QAEXXZ 10009270 f   common:SocketServer.obj
 0001:000082d0       ?Shutdown@Socket@CSocketServer@Win32@OnlineGameLib@@QAEXH@Z 100092d0 f   common:SocketServer.obj
 0001:00008430       ?IsConnected@Socket@CSocketServer@Win32@OnlineGameLib@@QBE_NH@Z 10009430 f   common:SocketServer.obj
 0001:00008480       ?Close@Socket@CSocketServer@Win32@OnlineGameLib@@QAEXXZ 10009480 f   common:SocketServer.obj
 0001:000084f0       ?WritePending@Socket@CSocketServer@Win32@OnlineGameLib@@AAE_NXZ 100094f0 f   common:SocketServer.obj
 0001:00008510       ?WriteCompleted@Socket@CSocketServer@Win32@OnlineGameLib@@AAEXXZ 10009510 f   common:SocketServer.obj
 0001:00008540       ?AbortiveClose@Socket@CSocketServer@Win32@OnlineGameLib@@QAEXXZ 10009540 f   common:SocketServer.obj
 0001:00008650       ?OnClientClose@Socket@CSocketServer@Win32@OnlineGameLib@@AAEXXZ 10009650 f   common:SocketServer.obj
 0001:00008680       ?OnConnectionReset@Socket@CSocketServer@Win32@OnlineGameLib@@AAEXXZ 10009680 f   common:SocketServer.obj
 0001:000086f0       ?InternalClose@Socket@CSocketServer@Win32@OnlineGameLib@@AAEXXZ 100096f0 f   common:SocketServer.obj
 0001:000087f0       ?Read@Socket@CSocketServer@Win32@OnlineGameLib@@QAE_NPAVCIOBuffer@34@_N@Z 100097f0 f   common:SocketServer.obj
 0001:00008960       ?Write@Socket@CSocketServer@Win32@OnlineGameLib@@QAE_NPBDI_N@Z 10009960 f   common:SocketServer.obj
 0001:00008980       ?Write@Socket@CSocketServer@Win32@OnlineGameLib@@QAE_NPBEI_N@Z 10009980 f   common:SocketServer.obj
 0001:00008bb0       ?Write@Socket@CSocketServer@Win32@OnlineGameLib@@QAE_NPAVCIOBuffer@34@_N@Z 10009bb0 f   common:SocketServer.obj
 0001:00008dc0       ?GetSequenceNumber@Socket@CSocketServer@Win32@OnlineGameLib@@AAEJW4enumSequenceType@1234@@Z 10009dc0 f   common:SocketServer.obj
 0001:00008de0       ?GetNextBuffer@Socket@CSocketServer@Win32@OnlineGameLib@@AAEPAVCIOBuffer@34@PAV534@@Z 10009de0 f   common:SocketServer.obj
 0001:00008e10       ?IsValid@Socket@CSocketServer@Win32@OnlineGameLib@@AAE_NXZ 10009e10 f   common:SocketServer.obj
 0001:00008e40       ?OnConnectionError@Socket@CSocketServer@Win32@OnlineGameLib@@AAEXW4enumConnectionErrorSource@234@PAVCIOBuffer@34@K@Z 10009e40 f   common:SocketServer.obj
 0001:00008eb0       ??0SequenceData@Socket@CSocketServer@Win32@OnlineGameLib@@QAE@AAVCCriticalSection@34@@Z 10009eb0 f   common:SocketServer.obj
 0001:00008ee0       ?Reset@SequenceData@Socket@CSocketServer@Win32@OnlineGameLib@@QAEXXZ 10009ee0 f   common:SocketServer.obj
 0001:00008f00       ??0WorkerThread@CSocketServer@Win32@OnlineGameLib@@QAE@AAV123@AAVCIOCompletionPort@23@@Z 10009f00 f   common:SocketServer.obj
 0001:00008f60       ??_EWorkerThread@CSocketServer@Win32@OnlineGameLib@@UAEPAXI@Z 10009f60 f i common:SocketServer.obj
 0001:00008f60       ??_GWorkerThread@CSocketServer@Win32@OnlineGameLib@@UAEPAXI@Z 10009f60 f i common:SocketServer.obj
 0001:00008f80       ??1WorkerThread@CSocketServer@Win32@OnlineGameLib@@UAE@XZ 10009f80 f   common:SocketServer.obj
 0001:00008ff0       ?Run@WorkerThread@CSocketServer@Win32@OnlineGameLib@@MAEHXZ 10009ff0 f   common:SocketServer.obj
 0001:000091e0       ?InitiateShutdown@WorkerThread@CSocketServer@Win32@OnlineGameLib@@QAEXXZ 1000a1e0 f   common:SocketServer.obj
 0001:000091f0       ?WaitForShutdownToComplete@WorkerThread@CSocketServer@Win32@OnlineGameLib@@QAEXXZ 1000a1f0 f   common:SocketServer.obj
 0001:00009210       ?HandleOperation@WorkerThread@CSocketServer@Win32@OnlineGameLib@@MAEXPAVSocket@234@PAVCIOBuffer@34@K_N@Z 1000a210 f   common:SocketServer.obj
 0001:00009470       ?ZeroByteRead@WorkerThread@CSocketServer@Win32@OnlineGameLib@@ABEXPAVSocket@234@PAVCIOBuffer@34@@Z 1000a470 f   common:SocketServer.obj
 0001:00009500       ?Read@WorkerThread@CSocketServer@Win32@OnlineGameLib@@ABEXPAVSocket@234@PAVCIOBuffer@34@@Z 1000a500 f   common:SocketServer.obj
 0001:000095f0       ?Write@WorkerThread@CSocketServer@Win32@OnlineGameLib@@ABEXPAVSocket@234@PAVCIOBuffer@34@@Z 1000a5f0 f   common:SocketServer.obj
 0001:000096e0       ??1?$vector@PAVWorkerThread@CSocketServer@Win32@OnlineGameLib@@V?$allocator@PAVWorkerThread@CSocketServer@Win32@OnlineGameLib@@@_STL@@@_STL@@QAE@XZ 1000a6e0 f i common:SocketServer.obj
 0001:00009750       ??1?$allocator@PAVWorkerThread@CSocketServer@Win32@OnlineGameLib@@@_STL@@QAE@XZ 1000a750 f i common:SocketServer.obj
 0001:00009760       ??1?$_Rb_tree_base@U?$pair@$$CBIPAVCIOBuffer@Win32@OnlineGameLib@@@_STL@@V?$allocator@U?$pair@$$CBIPAVCIOBuffer@Win32@OnlineGameLib@@@_STL@@@2@@_STL@@QAE@XZ 1000a760 f i common:SocketServer.obj
 0001:000097b0       ?_M_insert_overflow@?$vector@PAVWorkerThread@CSocketServer@Win32@OnlineGameLib@@V?$allocator@PAVWorkerThread@CSocketServer@Win32@OnlineGameLib@@@_STL@@@_STL@@IAEXPAPAVWorkerThread@CSocketServer@Win32@OnlineGameLib@@ABQAV3456@ABU__true_type@2@I_N@Z 1000a7b0 f i common:SocketServer.obj
 0001:000098c0       ??0?$_Vector_base@PAVWorkerThread@CSocketServer@Win32@OnlineGameLib@@V?$allocator@PAVWorkerThread@CSocketServer@Win32@OnlineGameLib@@@_STL@@@_STL@@QAE@ABV?$allocator@PAVWorkerThread@CSocketServer@Win32@OnlineGameLib@@@1@@Z 1000a8c0 f i common:SocketServer.obj
 0001:000098d0       ??1?$_Vector_base@PAVWorkerThread@CSocketServer@Win32@OnlineGameLib@@V?$allocator@PAVWorkerThread@CSocketServer@Win32@OnlineGameLib@@@_STL@@@_STL@@QAE@XZ 1000a8d0 f i common:SocketServer.obj
 0001:00009940       ??1?$_STLP_alloc_proxy@PAU?$_Rb_tree_node@U?$pair@$$CBIPAVCIOBuffer@Win32@OnlineGameLib@@@_STL@@@_STL@@U12@V?$allocator@U?$pair@$$CBIPAVCIOBuffer@Win32@OnlineGameLib@@@_STL@@@2@@_STL@@QAE@XZ 1000a940 f i common:SocketServer.obj
 0001:00009950       ??1?$_STLP_alloc_proxy@PAPAVWorkerThread@CSocketServer@Win32@OnlineGameLib@@PAV1234@V?$allocator@PAVWorkerThread@CSocketServer@Win32@OnlineGameLib@@@_STL@@@_STL@@QAE@XZ 1000a950 f i common:SocketServer.obj
 0001:00009960       ?_M_clear@?$vector@PAVWorkerThread@CSocketServer@Win32@OnlineGameLib@@V?$allocator@PAVWorkerThread@CSocketServer@Win32@OnlineGameLib@@@_STL@@@_STL@@IAEXXZ 1000a960 f i common:SocketServer.obj
 0001:00009990       ?deallocate@?$allocator@D@_STL@@QBEXPADI@Z 1000a990 f i common:SocketServer.obj
 0001:000099c0       ??0?$basic_string@DV?$char_traits@D@_STL@@V?$allocator@D@2@@_STL@@QAE@PBDABV?$allocator@D@1@@Z 1000a9c0 f i common:SocketServer.obj
 0001:00009a90       ?_M_erase@?$_Rb_tree@IU?$pair@$$CBIPAVCIOBuffer@Win32@OnlineGameLib@@@_STL@@U?$_Select1st@U?$pair@$$CBIPAVCIOBuffer@Win32@OnlineGameLib@@@_STL@@@2@U?$less@I@2@V?$allocator@U?$pair@$$CBIPAVCIOBuffer@Win32@OnlineGameLib@@@_STL@@@2@@_STL@@AAEXPAU?$_Rb_tree_node@U?$pair@$$CBIPAVCIOBuffer@Win32@OnlineGameLib@@@_STL@@@2@@Z 1000aa90 f i common:SocketServer.obj
 0001:00009ad0       ?_M_allocate_and_copy@?$vector@PAVWorkerThread@CSocketServer@Win32@OnlineGameLib@@V?$allocator@PAVWorkerThread@CSocketServer@Win32@OnlineGameLib@@@_STL@@@_STL@@IAEPAPAVWorkerThread@CSocketServer@Win32@OnlineGameLib@@IPAPAV3456@0@Z 1000aad0 f i common:SocketServer.obj
 0001:00009b20       ??_ECSocketServer@Win32@OnlineGameLib@@W7AEPAXI@Z 1000ab20 f i common:SocketServer.obj
 0001:00009b30       ??0CEvent@Win32@OnlineGameLib@@QAE@PAU_SECURITY_ATTRIBUTES@@_N1@Z 1000ab30 f   common:Event.obj
 0001:00009c40       ??_ECEvent@Win32@OnlineGameLib@@UAEPAXI@Z 1000ac40 f i common:Event.obj
 0001:00009c40       ??_GCEvent@Win32@OnlineGameLib@@UAEPAXI@Z 1000ac40 f i common:Event.obj
 0001:00009c60       ??0CEvent@Win32@OnlineGameLib@@QAE@PAU_SECURITY_ATTRIBUTES@@_N1PBD@Z 1000ac60 f   common:Event.obj
 0001:00009c90       ??1CEvent@Win32@OnlineGameLib@@UAE@XZ 1000ac90 f   common:Event.obj
 0001:00009cb0       ?Wait@CEvent@Win32@OnlineGameLib@@QBEXXZ 1000acb0 f   common:Event.obj
 0001:00009dc0       ?Wait@CEvent@Win32@OnlineGameLib@@QBE_NK@Z 1000adc0 f   common:Event.obj
 0001:00009eb0       ?Reset@CEvent@Win32@OnlineGameLib@@QAEXXZ 1000aeb0 f   common:Event.obj
 0001:00009f70       ?Set@CEvent@Win32@OnlineGameLib@@QAEXXZ 1000af70 f   common:Event.obj
 0001:0000a030       ?Pulse@CEvent@Win32@OnlineGameLib@@QAEXXZ 1000b030 f   common:Event.obj
 0001:0000a0f0       ??0CIOBuffer@Win32@OnlineGameLib@@AAE@AAVAllocator@012@I@Z 1000b0f0 f   common:IOBuffer.obj
 0001:0000a180       ??1COpaqueUserData@OnlineGameLib@@IAE@XZ 1000b180 f i common:IOBuffer.obj
 0001:0000a190       ??1CIOBuffer@Win32@OnlineGameLib@@AAE@XZ 1000b190 f   common:IOBuffer.obj
 0001:0000a200       ?Empty@CIOBuffer@Win32@OnlineGameLib@@QAEXXZ 1000b200 f   common:IOBuffer.obj
 0001:0000a220       ??2CIOBuffer@Win32@OnlineGameLib@@CAPAXII@Z 1000b220 f   common:IOBuffer.obj
 0001:0000a230       ??3CIOBuffer@Win32@OnlineGameLib@@CAXPAXI@Z 1000b230 f   common:IOBuffer.obj
 0001:0000a240       ?SplitBuffer@CIOBuffer@Win32@OnlineGameLib@@QAEPAV123@I@Z 1000b240 f   common:IOBuffer.obj
 0001:0000a290       ?RemoveBuffer@CIOBuffer@Win32@OnlineGameLib@@QAEXI@Z 1000b290 f   common:IOBuffer.obj
 0001:0000a2c0       ?AllocateNewBuffer@CIOBuffer@Win32@OnlineGameLib@@QBEPAV123@XZ 1000b2c0 f   common:IOBuffer.obj
 0001:0000a2d0       ?AddData@CIOBuffer@Win32@OnlineGameLib@@QAEXQBDI@Z 1000b2d0 f   common:IOBuffer.obj
 0001:0000a410       ?AddData@CIOBuffer@Win32@OnlineGameLib@@QAEXQBEI@Z 1000b410 f   common:IOBuffer.obj
 0001:0000a430       ?AddData@CIOBuffer@Win32@OnlineGameLib@@QAEXE@Z 1000b430 f   common:IOBuffer.obj
 0001:0000a440       ?Release@CIOBuffer@Win32@OnlineGameLib@@QAEXXZ 1000b440 f   common:IOBuffer.obj
 0001:0000a570       ??0Allocator@CIOBuffer@Win32@OnlineGameLib@@QAE@II@Z 1000b570 f   common:IOBuffer.obj
 0001:0000a5b0       ?OnBufferCreated@Allocator@CIOBuffer@Win32@OnlineGameLib@@EAEXXZ 1000b5b0 f i common:IOBuffer.obj
 0001:0000a5c0       ?OnBufferAllocated@Allocator@CIOBuffer@Win32@OnlineGameLib@@EAEXXZ 1000b5c0 f i common:IOBuffer.obj
 0001:0000a5d0       ?OnBufferReleased@Allocator@CIOBuffer@Win32@OnlineGameLib@@EAEXXZ 1000b5d0 f i common:IOBuffer.obj
 0001:0000a5e0       ??_GAllocator@CIOBuffer@Win32@OnlineGameLib@@UAEPAXI@Z 1000b5e0 f i common:IOBuffer.obj
 0001:0000a5e0       ??_EAllocator@CIOBuffer@Win32@OnlineGameLib@@UAEPAXI@Z 1000b5e0 f i common:IOBuffer.obj
 0001:0000a600       ??1Allocator@CIOBuffer@Win32@OnlineGameLib@@UAE@XZ 1000b600 f   common:IOBuffer.obj
 0001:0000a670       ?Allocate@Allocator@CIOBuffer@Win32@OnlineGameLib@@QAEPAV234@XZ 1000b670 f   common:IOBuffer.obj
 0001:0000a820       ?Release@Allocator@CIOBuffer@Win32@OnlineGameLib@@AAEXPAV234@@Z 1000b820 f   common:IOBuffer.obj
 0001:0000a970       ?DestroyBuffer@Allocator@CIOBuffer@Win32@OnlineGameLib@@AAEXPAV234@@Z 1000b970 f   common:IOBuffer.obj
 0001:0000a9d0       ?Flush@Allocator@CIOBuffer@Win32@OnlineGameLib@@IAEXXZ 1000b9d0 f   common:IOBuffer.obj
 0001:0000aa80       ??0InOrderBufferList@CIOBuffer@Win32@OnlineGameLib@@QAE@AAVCCriticalSection@23@@Z 1000ba80 f   common:IOBuffer.obj
 0001:0000ab10       ?AddBuffer@InOrderBufferList@CIOBuffer@Win32@OnlineGameLib@@QAEXPAV234@@Z 1000bb10 f   common:IOBuffer.obj
 0001:0000ac10       ?ProcessAndGetNext@InOrderBufferList@CIOBuffer@Win32@OnlineGameLib@@QAEPAV234@XZ 1000bc10 f   common:IOBuffer.obj
 0001:0000ac90       ?GetNext@InOrderBufferList@CIOBuffer@Win32@OnlineGameLib@@QAEPAV234@XZ 1000bc90 f   common:IOBuffer.obj
 0001:0000ad10       ?GetNext@InOrderBufferList@CIOBuffer@Win32@OnlineGameLib@@QAEPAV234@PAV234@@Z 1000bd10 f   common:IOBuffer.obj
 0001:0000adc0       ?ProcessBuffer@InOrderBufferList@CIOBuffer@Win32@OnlineGameLib@@QAEXXZ 1000bdc0 f   common:IOBuffer.obj
 0001:0000ade0       ?Reset@InOrderBufferList@CIOBuffer@Win32@OnlineGameLib@@QAEXXZ 1000bde0 f   common:IOBuffer.obj
 0001:0000adf0       ?erase@?$map@IPAVCIOBuffer@Win32@OnlineGameLib@@U?$less@I@_STL@@V?$allocator@U?$pair@$$CBIPAVCIOBuffer@Win32@OnlineGameLib@@@_STL@@@5@@_STL@@QAEXU?$_Rb_tree_iterator@U?$pair@$$CBIPAVCIOBuffer@Win32@OnlineGameLib@@@_STL@@U?$_Nonconst_traits@U?$pair@$$CBIPAVCIOBuffer@Win32@OnlineGameLib@@@_STL@@@2@@2@@Z 1000bdf0 f i common:IOBuffer.obj
 0001:0000ae10       ?erase@?$_Rb_tree@IU?$pair@$$CBIPAVCIOBuffer@Win32@OnlineGameLib@@@_STL@@U?$_Select1st@U?$pair@$$CBIPAVCIOBuffer@Win32@OnlineGameLib@@@_STL@@@2@U?$less@I@2@V?$allocator@U?$pair@$$CBIPAVCIOBuffer@Win32@OnlineGameLib@@@_STL@@@2@@_STL@@QAEXU?$_Rb_tree_iterator@U?$pair@$$CBIPAVCIOBuffer@Win32@OnlineGameLib@@@_STL@@U?$_Nonconst_traits@U?$pair@$$CBIPAVCIOBuffer@Win32@OnlineGameLib@@@_STL@@@2@@2@@Z 1000be10 f i common:IOBuffer.obj
 0001:0000ae50       ??1?$allocator@U?$pair@$$CBIPAVCIOBuffer@Win32@OnlineGameLib@@@_STL@@@_STL@@QAE@XZ 1000be50 f i common:IOBuffer.obj
 0001:0000ae60       ?insert_unique@?$_Rb_tree@IU?$pair@$$CBIPAVCIOBuffer@Win32@OnlineGameLib@@@_STL@@U?$_Select1st@U?$pair@$$CBIPAVCIOBuffer@Win32@OnlineGameLib@@@_STL@@@2@U?$less@I@2@V?$allocator@U?$pair@$$CBIPAVCIOBuffer@Win32@OnlineGameLib@@@_STL@@@2@@_STL@@QAE?AU?$pair@U?$_Rb_tree_iterator@U?$pair@$$CBIPAVCIOBuffer@Win32@OnlineGameLib@@@_STL@@U?$_Nonconst_traits@U?$pair@$$CBIPAVCIOBuffer@Win32@OnlineGameLib@@@_STL@@@2@@_STL@@_N@2@ABU?$pair@$$CBIPAVCIOBuffer@Win32@OnlineGameLib@@@2@@Z 1000be60 f i common:IOBuffer.obj
 0001:0000afd0       ??0?$pair@U?$_Rb_tree_iterator@U?$pair@$$CBIPAVCIOBuffer@Win32@OnlineGameLib@@@_STL@@U?$_Nonconst_traits@U?$pair@$$CBIPAVCIOBuffer@Win32@OnlineGameLib@@@_STL@@@2@@_STL@@_N@_STL@@QAE@ABU?$_Rb_tree_iterator@U?$pair@$$CBIPAVCIOBuffer@Win32@OnlineGameLib@@@_STL@@U?$_Nonconst_traits@U?$pair@$$CBIPAVCIOBuffer@Win32@OnlineGameLib@@@_STL@@@2@@1@AB_N@Z 1000bfd0 f i common:IOBuffer.obj
 0001:0000aff0       ?_M_insert@?$_Rb_tree@IU?$pair@$$CBIPAVCIOBuffer@Win32@OnlineGameLib@@@_STL@@U?$_Select1st@U?$pair@$$CBIPAVCIOBuffer@Win32@OnlineGameLib@@@_STL@@@2@U?$less@I@2@V?$allocator@U?$pair@$$CBIPAVCIOBuffer@Win32@OnlineGameLib@@@_STL@@@2@@_STL@@AAE?AU?$_Rb_tree_iterator@U?$pair@$$CBIPAVCIOBuffer@Win32@OnlineGameLib@@@_STL@@U?$_Nonconst_traits@U?$pair@$$CBIPAVCIOBuffer@Win32@OnlineGameLib@@@_STL@@@2@@2@PAU_Rb_tree_node_base@2@0ABU?$pair@$$CBIPAVCIOBuffer@Win32@OnlineGameLib@@@2@0@Z 1000bff0 f i common:IOBuffer.obj
 0001:0000b090       ?_M_create_node@?$_Rb_tree@IU?$pair@$$CBIPAVCIOBuffer@Win32@OnlineGameLib@@@_STL@@U?$_Select1st@U?$pair@$$CBIPAVCIOBuffer@Win32@OnlineGameLib@@@_STL@@@2@U?$less@I@2@V?$allocator@U?$pair@$$CBIPAVCIOBuffer@Win32@OnlineGameLib@@@_STL@@@2@@_STL@@IAEPAU?$_Rb_tree_node@U?$pair@$$CBIPAVCIOBuffer@Win32@OnlineGameLib@@@_STL@@@2@ABU?$pair@$$CBIPAVCIOBuffer@Win32@OnlineGameLib@@@2@@Z 1000c090 f i common:IOBuffer.obj
 0001:0000b0c0       ??0CWin32Exception@Win32@OnlineGameLib@@QAE@ABV?$basic_string@DV?$char_traits@D@_STL@@V?$allocator@D@2@@_STL@@K@Z 1000c0c0 f   common:Win32Exception.obj
 0001:0000b160       ??0CException@Win32@OnlineGameLib@@QAE@ABV?$basic_string@DV?$char_traits@D@_STL@@V?$allocator@D@2@@_STL@@0@Z 1000c160 f   common:Exception.obj
 0001:0000b2a0       ?GetWhere@CException@Win32@OnlineGameLib@@UBE?AV?$basic_string@DV?$char_traits@D@_STL@@V?$allocator@D@2@@_STL@@XZ 1000c2a0 f   common:Exception.obj
 0001:0000b360       ?GetMessageA@CException@Win32@OnlineGameLib@@UBE?AV?$basic_string@DV?$char_traits@D@_STL@@V?$allocator@D@2@@_STL@@XZ 1000c360 f   common:Exception.obj
 0001:0000b420       ?MessageBoxA@CException@Win32@OnlineGameLib@@QBEXPAUHWND__@@@Z 1000c420 f   common:Exception.obj
 0001:0000b720       ?SetLogFileName@Win32@OnlineGameLib@@YAXABV?$basic_string@DV?$char_traits@D@_STL@@V?$allocator@D@2@@_STL@@@Z 1000c720 f   common:Utils.obj
 0001:0000b830       ?Message@Win32@OnlineGameLib@@YAXQBD@Z 1000c830 f   common:Utils.obj
 0001:0000b860       ?Output@Win32@OnlineGameLib@@YAXABV?$basic_string@DV?$char_traits@D@_STL@@V?$allocator@D@2@@_STL@@@Z 1000c860 f   common:Utils.obj
 0001:0000b870       ?Trace@Win32@OnlineGameLib@@YAXABV?$basic_string@DV?$char_traits@D@_STL@@V?$allocator@D@2@@_STL@@0@Z 1000c870 f   common:Utils.obj
 0001:0000b880       ?GetLastErrorMessage@Win32@OnlineGameLib@@YA?AV?$basic_string@DV?$char_traits@D@_STL@@V?$allocator@D@2@@_STL@@K@Z 1000c880 f   common:Utils.obj
 0001:0000b9c0       ?HexToString@Win32@OnlineGameLib@@YA?AV?$basic_string@DV?$char_traits@D@_STL@@V?$allocator@D@2@@_STL@@PBEI@Z 1000c9c0 f   common:Utils.obj
 0001:0000bba0       ?StringToHex@Win32@OnlineGameLib@@YAXABV?$basic_string@DV?$char_traits@D@_STL@@V?$allocator@D@2@@_STL@@PAEI@Z 1000cba0 f   common:Utils.obj
 0001:0000bce0       ?HexStringToDWORD@Win32@OnlineGameLib@@YAKPBD@Z 1000cce0 f   common:Utils.obj
 0001:0000bd40       ?HashStr2ID@Win32@OnlineGameLib@@YAKQBD@Z 1000cd40 f   common:Utils.obj
 0001:0000bd90       ?net_aton@Win32@OnlineGameLib@@YAKPBD@Z 1000cd90 f   common:Utils.obj
 0001:0000be20       ?net_ntoa@Win32@OnlineGameLib@@YAPBDK@Z 1000ce20 f   common:Utils.obj
 0001:0000be60       ?GetCurrentDirectoryA@Win32@OnlineGameLib@@YA?AV?$basic_string@DV?$char_traits@D@_STL@@V?$allocator@D@2@@_STL@@XZ 1000ce60 f   common:Utils.obj
 0001:0000bfd0       ?GetAppFullPath@Win32@OnlineGameLib@@YA?AV?$basic_string@DV?$char_traits@D@_STL@@V?$allocator@D@2@@_STL@@PAUHINSTANCE__@@@Z 1000cfd0 f   common:Utils.obj
 0001:0000c220       ?GetDateStamp@Win32@OnlineGameLib@@YA?AV?$basic_string@DV?$char_traits@D@_STL@@V?$allocator@D@2@@_STL@@XZ 1000d220 f   common:Utils.obj
 0001:0000c340       ?GetTimeStamp@Win32@OnlineGameLib@@YA?AV?$basic_string@DV?$char_traits@D@_STL@@V?$allocator@D@2@@_STL@@XZ 1000d340 f   common:Utils.obj
 0001:0000c460       ?ToHex@Win32@OnlineGameLib@@YA?AV?$basic_string@DV?$char_traits@D@_STL@@V?$allocator@D@2@@_STL@@E@Z 1000d460 f   common:Utils.obj
 0001:0000c550       ?DumpData@Win32@OnlineGameLib@@YA?AV?$basic_string@DV?$char_traits@D@_STL@@V?$allocator@D@2@@_STL@@QBEII@Z 1000d550 f   common:Utils.obj
 0001:0000c870       ?GetComputerNameA@Win32@OnlineGameLib@@YA?AV?$basic_string@DV?$char_traits@D@_STL@@V?$allocator@D@2@@_STL@@XZ 1000d870 f   common:Utils.obj
 0001:0000ca90       ?GetModuleFileNameA@Win32@OnlineGameLib@@YA?AV?$basic_string@DV?$char_traits@D@_STL@@V?$allocator@D@2@@_STL@@PAUHINSTANCE__@@@Z 1000da90 f   common:Utils.obj
 0001:0000ccc0       ?GetUserNameA@Win32@OnlineGameLib@@YA?AV?$basic_string@DV?$char_traits@D@_STL@@V?$allocator@D@2@@_STL@@XZ 1000dcc0 f   common:Utils.obj
 0001:0000cef0       ?StripLeading@Win32@OnlineGameLib@@YA?AV?$basic_string@DV?$char_traits@D@_STL@@V?$allocator@D@2@@_STL@@ABV34@D@Z 1000def0 f   common:Utils.obj
 0001:0000cfd0       ?StripTrailing@Win32@OnlineGameLib@@YA?AV?$basic_string@DV?$char_traits@D@_STL@@V?$allocator@D@2@@_STL@@ABV34@D@Z 1000dfd0 f   common:Utils.obj
 0001:0000d010       ?GetFileVersion@Win32@OnlineGameLib@@YA?AV?$basic_string@DV?$char_traits@D@_STL@@V?$allocator@D@2@@_STL@@XZ 1000e010 f   common:Utils.obj
 0001:0000d300       ?GetLocalName@Win32@OnlineGameLib@@YA_NPADI@Z 1000e300 f   common:Utils.obj
 0001:0000d400       ?GetLocalAddress@Win32@OnlineGameLib@@YA_NPADIH@Z 1000e400 f   common:Utils.obj
 0001:0000d530       ??4?$basic_string@DV?$char_traits@D@_STL@@V?$allocator@D@2@@_STL@@QAEAAV01@PBD@Z 1000e530 f i common:Utils.obj
 0001:0000d5e0       ?substr@?$basic_string@DV?$char_traits@D@_STL@@V?$allocator@D@2@@_STL@@QBE?AV12@II@Z 1000e5e0 f i common:Utils.obj
 0001:0000d6f0       ??0?$basic_fstream@DV?$char_traits@D@_STL@@@_STL@@QAE@XZ 1000e6f0 f i common:Utils.obj
 0001:0000d8d0       ??1_STLP_mutex@_STL@@QAE@XZ 1000e8d0 f i common:Utils.obj
 0001:0000d8e0       ?_FILE_I_set@_STL@@YAXPAU_iobuf@@PAD11@Z 1000e8e0 f i common:Utils.obj
 0001:0000d900       ??_G?$basic_streambuf@DV?$char_traits@D@_STL@@@_STL@@UAEPAXI@Z 1000e900 f i common:Utils.obj
 0001:0000d900       ??_E?$basic_streambuf@DV?$char_traits@D@_STL@@@_STL@@UAEPAXI@Z 1000e900 f i common:Utils.obj
 0001:0000d920       ??1?$basic_istream@DV?$char_traits@D@_STL@@@_STL@@UAE@XZ 1000e920 f i common:Utils.obj
 0001:0000d930       ??1?$basic_fstream@DV?$char_traits@D@_STL@@@_STL@@UAE@XZ 1000e930 f i common:Utils.obj
 0001:0000dab0       ??1?$auto_ptr@D@_STL@@QAE@XZ 1000eab0 f i common:Utils.obj
 0001:0000dac0       ??1?$auto_ptr@E@_STL@@QAE@XZ 1000eac0 f i common:Utils.obj
 0001:0000dad0       ??_E?$basic_istream@DV?$char_traits@D@_STL@@@_STL@@UAEPAXI@Z 1000ead0 f i common:Utils.obj
 0001:0000dad0       ??_G?$basic_istream@DV?$char_traits@D@_STL@@@_STL@@UAEPAXI@Z 1000ead0 f i common:Utils.obj
 0001:0000db00       ??_E?$basic_fstream@DV?$char_traits@D@_STL@@@_STL@@UAEPAXI@Z 1000eb00 f i common:Utils.obj
 0001:0000db00       ??_G?$basic_fstream@DV?$char_traits@D@_STL@@@_STL@@UAEPAXI@Z 1000eb00 f i common:Utils.obj
 0001:0000db40       ?append@?$basic_string@DV?$char_traits@D@_STL@@V?$allocator@D@2@@_STL@@QAEAAV12@PBD@Z 1000eb40 f i common:Utils.obj
 0001:0000db80       ?push_back@?$basic_string@DV?$char_traits@D@_STL@@V?$allocator@D@2@@_STL@@QAEXD@Z 1000eb80 f i common:Utils.obj
 0001:0000dbe0       ?assign@?$basic_string@DV?$char_traits@D@_STL@@V?$allocator@D@2@@_STL@@QAEAAV12@PBD0@Z 1000ebe0 f i common:Utils.obj
 0001:0000dc80       ?move@?$__char_traits_base@DH@_STL@@SAPADPADPBDI@Z 1000ec80 f i common:Utils.obj
 0001:0000dcb0       ??0?$basic_string@DV?$char_traits@D@_STL@@V?$allocator@D@2@@_STL@@QAE@ABV01@@Z 1000ecb0 f i common:Utils.obj
 0001:0000dd70       ?reserve@?$basic_string@DV?$char_traits@D@_STL@@V?$allocator@D@2@@_STL@@QAEXI@Z 1000ed70 f i common:Utils.obj
 0001:0000de90       ?init@?$basic_ios@DV?$char_traits@D@_STL@@@_STL@@IAEXPAV?$basic_streambuf@DV?$char_traits@D@_STL@@@2@@Z 1000ee90 f i common:Utils.obj
 0001:0000df30       ?_M_check_exception_mask@ios_base@_STL@@IAEXXZ 1000ef30 f i common:Utils.obj
 0001:0000df40       ??1?$basic_ostream@DV?$char_traits@D@_STL@@@_STL@@UAE@XZ 1000ef40 f i common:Utils.obj
 0001:0000df50       ??1?$basic_iostream@DV?$char_traits@D@_STL@@@_STL@@UAE@XZ 1000ef50 f i common:Utils.obj
 0001:0000df90       ??1?$basic_filebuf@DV?$char_traits@D@_STL@@@_STL@@UAE@XZ 1000ef90 f i common:Utils.obj
 0001:0000e150       ?close@?$basic_filebuf@DV?$char_traits@D@_STL@@@_STL@@QAEPAV12@XZ 1000f150 f i common:Utils.obj
 0001:0000e2d0       ?showmanyc@?$basic_filebuf@DV?$char_traits@D@_STL@@@_STL@@MAEHXZ 1000f2d0 f i common:Utils.obj
 0001:0000e340       ?underflow@?$basic_filebuf@DV?$char_traits@D@_STL@@@_STL@@MAEHXZ 1000f340 f i common:Utils.obj
 0001:0000e350       ?pbackfail@?$basic_filebuf@DV?$char_traits@D@_STL@@@_STL@@MAEHH@Z 1000f350 f i common:Utils.obj
 0001:0000e440       ?overflow@?$basic_filebuf@DV?$char_traits@D@_STL@@@_STL@@MAEHH@Z 1000f440 f i common:Utils.obj
 0001:0000e600       ?setbuf@?$basic_filebuf@DV?$char_traits@D@_STL@@@_STL@@MAEPAV?$basic_streambuf@DV?$char_traits@D@_STL@@@2@PADH@Z 1000f600 f i common:Utils.obj
 0001:0000e7a0       ?seekoff@?$basic_filebuf@DV?$char_traits@D@_STL@@@_STL@@MAE?AV?$fpos@H@2@JHH@Z 1000f7a0 f i common:Utils.obj
 0001:0000ec40       ?count@_STL@@YAHPAD0ABD@Z  1000fc40 f i common:Utils.obj
 0001:0000ec70       ?seekpos@?$basic_filebuf@DV?$char_traits@D@_STL@@@_STL@@MAE?AV?$fpos@H@2@V32@H@Z 1000fc70 f i common:Utils.obj
 0001:0000ed80       ?sync@?$basic_filebuf@DV?$char_traits@D@_STL@@@_STL@@MAEHXZ 1000fd80 f i common:Utils.obj
 0001:0000eda0       ?imbue@?$basic_filebuf@DV?$char_traits@D@_STL@@@_STL@@MAEXABVlocale@2@@Z 1000fda0 f i common:Utils.obj
 0001:0000ee30       ??_G?$basic_ostream@DV?$char_traits@D@_STL@@@_STL@@UAEPAXI@Z 1000fe30 f i common:Utils.obj
 0001:0000ee30       ??_E?$basic_ostream@DV?$char_traits@D@_STL@@@_STL@@UAEPAXI@Z 1000fe30 f i common:Utils.obj
 0001:0000ee60       ??_E?$basic_iostream@DV?$char_traits@D@_STL@@@_STL@@UAEPAXI@Z 1000fe60 f i common:Utils.obj
 0001:0000ee60       ??_G?$basic_iostream@DV?$char_traits@D@_STL@@@_STL@@UAEPAXI@Z 1000fe60 f i common:Utils.obj
 0001:0000ee90       ??_E?$basic_filebuf@DV?$char_traits@D@_STL@@@_STL@@UAEPAXI@Z 1000fe90 f i common:Utils.obj
 0001:0000ee90       ??_G?$basic_filebuf@DV?$char_traits@D@_STL@@@_STL@@UAEPAXI@Z 1000fe90 f i common:Utils.obj
 0001:0000eeb0       ??1?$_Filebuf_Tmp_Buf@D@_STL@@QAE@XZ 1000feb0 f i common:Utils.obj
 0001:0000eec0       ?imbue@?$basic_ios@DV?$char_traits@D@_STL@@@_STL@@QAE?AVlocale@2@ABV32@@Z 1000fec0 f i common:Utils.obj
 0001:0000f020       ?grouping@?$numpunct@D@_STL@@QBE?AV?$basic_string@DV?$char_traits@D@_STL@@V?$allocator@D@2@@2@XZ 10010020 f i common:Utils.obj
 0001:0000f040       ??0?$basic_ostream@DV?$char_traits@D@_STL@@@_STL@@QAE@PAV?$basic_streambuf@DV?$char_traits@D@_STL@@@1@@Z 10010040 f i common:Utils.obj
 0001:0000f140       ?_M_exit_input_mode@?$basic_filebuf@DV?$char_traits@D@_STL@@@_STL@@AAEXXZ 10010140 f i common:Utils.obj
 0001:0000f170       ?_M_unshift@?$basic_filebuf@DV?$char_traits@D@_STL@@@_STL@@AAE_NXZ 10010170 f i common:Utils.obj
 0001:0000f1f0       ?_M_allocate_buffers@?$basic_filebuf@DV?$char_traits@D@_STL@@@_STL@@AAE_NPADH@Z 100101f0 f i common:Utils.obj
 0001:0000f2e0       ?_M_setup_codecvt@?$basic_filebuf@DV?$char_traits@D@_STL@@@_STL@@AAEXABVlocale@2@@Z 100102e0 f i common:Utils.obj
 0001:0000f350       ?_M_append_dispatch@?$basic_string@DV?$char_traits@D@_STL@@V?$allocator@D@2@@_STL@@AAEAAV12@PAD0ABU__false_type@2@@Z 10010350 f i common:Utils.obj
 0001:0000f380       ?iterator_category@_STL@@YA?AUrandom_access_iterator_tag@1@PBD@Z 10010380 f i common:Utils.obj
 0001:0000f390       ?distance_type@_STL@@YAPAHPBD@Z 10010390 f i common:Utils.obj
 0001:0000f3a0       ?__copy@_STL@@YAPADPAD00ABUrandom_access_iterator_tag@1@PAH@Z 100103a0 f i common:Utils.obj
 0001:0000f3d0       ??0CThread@Win32@OnlineGameLib@@QAE@XZ 100103d0 f   common:Thread.obj
 0001:0000f3e0       ??_ECThread@Win32@OnlineGameLib@@UAEPAXI@Z 100103e0 f i common:Thread.obj
 0001:0000f3e0       ??_GCThread@Win32@OnlineGameLib@@UAEPAXI@Z 100103e0 f i common:Thread.obj
 0001:0000f400       ??1CThread@Win32@OnlineGameLib@@UAE@XZ 10010400 f   common:Thread.obj
 0001:0000f420       ?GetHandle@CThread@Win32@OnlineGameLib@@QBEPAXXZ 10010420 f   common:Thread.obj
 0001:0000f430       ?Start@CThread@Win32@OnlineGameLib@@QAEXXZ 10010430 f   common:Thread.obj
 0001:0000f5b0       ?Wait@CThread@Win32@OnlineGameLib@@QBEXXZ 100105b0 f   common:Thread.obj
 0001:0000f6c0       ?Wait@CThread@Win32@OnlineGameLib@@QBE_NK@Z 100106c0 f   common:Thread.obj
 0001:0000f7b0       ?ThreadFunction@CThread@Win32@OnlineGameLib@@CGIPAX@Z 100107b0 f   common:Thread.obj
 0001:0000f820       ?Terminate@CThread@Win32@OnlineGameLib@@QAEXK@Z 10010820 f   common:Thread.obj
 0001:0000f850       ?KSG_DecodeEncode@@YAHIPAEPAI@Z 10010850 f   common:KSG_EncodeDecode.obj
 0001:0000f8b0       ?KSG_DecodeEncode_ASM@@YAHIPAEPAI@Z 100108b0 f   common:KSG_EncodeDecode.obj
 0001:0000f910       ??0CSocketAddress@Win32@OnlineGameLib@@QAE@PBUsockaddr@@@Z 10010910 f   common:SocketAddress.obj
 0001:0000fa90       ?GetAsString@CSocketAddress@Win32@OnlineGameLib@@QBE?AV?$basic_string@DV?$char_traits@D@_STL@@V?$allocator@D@2@@_STL@@XZ 10010a90 f   common:SocketAddress.obj
 0001:0000fb50       ?ToString@Win32@OnlineGameLib@@YA?AV?$basic_string@DV?$char_traits@D@_STL@@V?$allocator@D@2@@_STL@@G@Z 10010b50 f i common:SocketAddress.obj
 0001:0000fd60       ??0CIOCompletionPort@Win32@OnlineGameLib@@QAE@I@Z 10010d60 f   common:IOCompletionPort.obj
 0001:0000fe30       ??1CIOCompletionPort@Win32@OnlineGameLib@@QAE@XZ 10010e30 f   common:IOCompletionPort.obj
 0001:0000fe50       ?AssociateDevice@CIOCompletionPort@Win32@OnlineGameLib@@QAEXPAXK@Z 10010e50 f   common:IOCompletionPort.obj
 0001:0000ff20       ?PostStatus@CIOCompletionPort@Win32@OnlineGameLib@@QAEXKKPAU_OVERLAPPED@@@Z 10010f20 f   common:IOCompletionPort.obj
 0001:0000fff0       ?GetStatus@CIOCompletionPort@Win32@OnlineGameLib@@QAEKPAK0PAPAU_OVERLAPPED@@@Z 10010ff0 f   common:IOCompletionPort.obj
 0001:00010020       ?GetStatus@CIOCompletionPort@Win32@OnlineGameLib@@QAEKPAK0PAPAU_OVERLAPPED@@K@Z 10011020 f   common:IOCompletionPort.obj
 0001:00010060       ??0CUsesWinsock@Win32@OnlineGameLib@@QAE@XZ 10011060 f   common:UsesWinsock.obj
 0001:00010130       ??1CUsesWinsock@Win32@OnlineGameLib@@QAE@XZ 10011130 f   common:UsesWinsock.obj
 0001:00010140       ??0CManualResetEvent@Win32@OnlineGameLib@@QAE@_N@Z 10011140 f   common:ManualResetEvent.obj
 0001:00010160       ??_GCManualResetEvent@Win32@OnlineGameLib@@UAEPAXI@Z 10011160 f i common:ManualResetEvent.obj
 0001:00010160       ??_ECManualResetEvent@Win32@OnlineGameLib@@UAEPAXI@Z 10011160 f i common:ManualResetEvent.obj
 0001:00010180       ??0CManualResetEvent@Win32@OnlineGameLib@@QAE@PBD_N@Z 10011180 f   common:ManualResetEvent.obj
 0001:000101b0       ??0CNodeList@OnlineGameLib@@QAE@XZ 100111b0 f   common:NodeList.obj
 0001:000101c0       ?PushNode@CNodeList@OnlineGameLib@@QAEXPAVNode@12@@Z 100111c0 f   common:NodeList.obj
 0001:000101f0       ?PopNode@CNodeList@OnlineGameLib@@QAEPAVNode@12@XZ 100111f0 f   common:NodeList.obj
 0001:00010210       ?RemoveNode@CNodeList@OnlineGameLib@@AAEXPAVNode@12@@Z 10011210 f   common:NodeList.obj
 0001:00010230       ??0Node@CNodeList@OnlineGameLib@@IAE@XZ 10011230 f   common:NodeList.obj
 0001:00010240       ??1Node@CNodeList@OnlineGameLib@@IAE@XZ 10011240 f   common:NodeList.obj
 0001:000102a0       ?AddToList@Node@CNodeList@OnlineGameLib@@QAEXPAV23@@Z 100112a0 f   common:NodeList.obj
 0001:000102b0       ?RemoveFromList@Node@CNodeList@OnlineGameLib@@QAEXXZ 100112b0 f   common:NodeList.obj
 0001:000102c0       ?Unlink@Node@CNodeList@OnlineGameLib@@AAEXXZ 100112c0 f   common:NodeList.obj
 0001:000102f0       ??0CSocket@Win32@OnlineGameLib@@QAE@XZ 100112f0 f   common:Socket.obj
 0001:00010300       ??0CSocket@Win32@OnlineGameLib@@QAE@I@Z 10011300 f   common:Socket.obj
 0001:000103c0       ??1Exception@CSocket@Win32@OnlineGameLib@@UAE@XZ 100113c0 f i common:Socket.obj
 0001:00010480       ?__stl_delete@_STL@@YAXPAX@Z 10011480 f i common:Socket.obj
 0001:00010490       ??0Exception@CSocket@Win32@OnlineGameLib@@QAE@ABV0123@@Z 10011490 f i common:Socket.obj
 0001:000105b0       ??_EException@CSocket@Win32@OnlineGameLib@@UAEPAXI@Z 100115b0 f i common:Socket.obj
 0001:000105b0       ??_GException@CSocket@Win32@OnlineGameLib@@UAEPAXI@Z 100115b0 f i common:Socket.obj
 0001:000105d0       ??1CSocket@Win32@OnlineGameLib@@QAE@XZ 100115d0 f   common:Socket.obj
 0001:00010620       ?Attach@CSocket@Win32@OnlineGameLib@@QAEXI@Z 10011620 f   common:Socket.obj
 0001:00010640       ?Detatch@CSocket@Win32@OnlineGameLib@@QAEIXZ 10011640 f   common:Socket.obj
 0001:00010650       ?Close@CSocket@Win32@OnlineGameLib@@QAEXXZ 10011650 f   common:Socket.obj
 0001:00010710       ?AbortiveClose@CSocket@Win32@OnlineGameLib@@QAEXXZ 10011710 f   common:Socket.obj
 0001:00010800       ?Shutdown@CSocket@Win32@OnlineGameLib@@QAEXH@Z 10011800 f   common:Socket.obj
 0001:000108d0       ?Listen@CSocket@Win32@OnlineGameLib@@QAEXH@Z 100118d0 f   common:Socket.obj
 0001:000109a0       ?Bind@CSocket@Win32@OnlineGameLib@@QAEXABUsockaddr_in@@@Z 100119a0 f   common:Socket.obj
 0001:00010a70       ?Bind@CSocket@Win32@OnlineGameLib@@QAEXABUsockaddr@@I@Z 10011a70 f   common:Socket.obj
 0001:00010b40       ?Connect@CSocket@Win32@OnlineGameLib@@QAEXABUsockaddr_in@@@Z 10011b40 f   common:Socket.obj
 0001:00010c10       ?Connect@CSocket@Win32@OnlineGameLib@@QAEXABUsockaddr@@I@Z 10011c10 f   common:Socket.obj
 0001:00010ce0       ??0InternetAddress@CSocket@Win32@OnlineGameLib@@QAE@KG@Z 10011ce0 f   common:Socket.obj
 0001:00010d10       ??0InternetAddress@CSocket@Win32@OnlineGameLib@@QAE@ABV?$basic_string@DV?$char_traits@D@_STL@@V?$allocator@D@2@@_STL@@G@Z 10011d10 f   common:Socket.obj
 0001:00010d40       ??0Exception@CSocket@Win32@OnlineGameLib@@AAE@ABV?$basic_string@DV?$char_traits@D@_STL@@V?$allocator@D@2@@_STL@@K@Z 10011d40 f   common:Socket.obj
 0001:00010d60       ?get_allocator@?$basic_string@GV?$char_traits@G@_STL@@V?$allocator@G@2@@_STL@@QBE?AV?$allocator@G@2@XZ 10011d60 f i stlport_vc6_static:string_w.obj
 0001:00010d80       ??0?$basic_string@GV?$char_traits@G@_STL@@V?$allocator@G@2@@_STL@@QAE@ABV?$allocator@G@1@@Z 10011d80 f i stlport_vc6_static:string_w.obj
 0001:00010e10       ??0?$basic_string@GV?$char_traits@G@_STL@@V?$allocator@G@2@@_STL@@QAE@U_String_reserve_t@1@IABV?$allocator@G@1@@Z 10011e10 f i stlport_vc6_static:string_w.obj
 0001:00010ee0       ??0?$basic_string@GV?$char_traits@G@_STL@@V?$allocator@G@2@@_STL@@QAE@ABV01@IIABV?$allocator@G@1@@Z 10011ee0 f i stlport_vc6_static:string_w.obj
 0001:00011050       ??0?$basic_string@GV?$char_traits@G@_STL@@V?$allocator@G@2@@_STL@@QAE@PBGIABV?$allocator@G@1@@Z 10012050 f i stlport_vc6_static:string_w.obj
 0001:00011180       ??0?$basic_string@GV?$char_traits@G@_STL@@V?$allocator@G@2@@_STL@@QAE@IGABV?$allocator@G@1@@Z 10012180 f i stlport_vc6_static:string_w.obj
 0001:00011250       ??1?$basic_string@GV?$char_traits@G@_STL@@V?$allocator@G@2@@_STL@@QAE@XZ 10012250 f i stlport_vc6_static:string_w.obj
 0001:000112e0       ??4?$basic_string@GV?$char_traits@G@_STL@@V?$allocator@G@2@@_STL@@QAEAAV01@ABV01@@Z 100122e0 f i stlport_vc6_static:string_w.obj
 0001:00011370       ??4?$basic_string@GV?$char_traits@G@_STL@@V?$allocator@G@2@@_STL@@QAEAAV01@PBG@Z 10012370 f i stlport_vc6_static:string_w.obj
 0001:00011440       ??4?$basic_string@GV?$char_traits@G@_STL@@V?$allocator@G@2@@_STL@@QAEAAV01@G@Z 10012440 f i stlport_vc6_static:string_w.obj
 0001:000114e0       ?_M_null@?$basic_string@GV?$char_traits@G@_STL@@V?$allocator@G@2@@_STL@@SAGXZ 100124e0 f i stlport_vc6_static:string_w.obj
 0001:000114f0       ?_M_construct_null_aux@?$basic_string@GV?$char_traits@G@_STL@@V?$allocator@G@2@@_STL@@AAEXPAGABU__false_type@2@@Z 100124f0 f i stlport_vc6_static:string_w.obj
 0001:00011500       ?_M_construct_null_aux@?$basic_string@GV?$char_traits@G@_STL@@V?$allocator@G@2@@_STL@@AAEXPAGABU__true_type@2@@Z 10012500 f i stlport_vc6_static:string_w.obj
 0001:00011510       ?_M_construct_null@?$basic_string@GV?$char_traits@G@_STL@@V?$allocator@G@2@@_STL@@AAEXPAG@Z 10012510 f i stlport_vc6_static:string_w.obj
 0001:00011520       ?_M_terminate_string_aux@?$basic_string@GV?$char_traits@G@_STL@@V?$allocator@G@2@@_STL@@AAEXABU__false_type@2@@Z 10012520 f i stlport_vc6_static:string_w.obj
 0001:00011530       ?_M_terminate_string_aux@?$basic_string@GV?$char_traits@G@_STL@@V?$allocator@G@2@@_STL@@AAEXABU__true_type@2@@Z 10012530 f i stlport_vc6_static:string_w.obj
 0001:00011540       ?_M_terminate_string@?$basic_string@GV?$char_traits@G@_STL@@V?$allocator@G@2@@_STL@@AAEXXZ 10012540 f i stlport_vc6_static:string_w.obj
 0001:00011550       ?begin@?$basic_string@GV?$char_traits@G@_STL@@V?$allocator@G@2@@_STL@@QAEPAGXZ 10012550 f i stlport_vc6_static:string_w.obj
 0001:00011560       ?end@?$basic_string@GV?$char_traits@G@_STL@@V?$allocator@G@2@@_STL@@QAEPAGXZ 10012560 f i stlport_vc6_static:string_w.obj
 0001:00011570       ?begin@?$basic_string@GV?$char_traits@G@_STL@@V?$allocator@G@2@@_STL@@QBEPBGXZ 10012570 f i stlport_vc6_static:string_w.obj
 0001:00011580       ?end@?$basic_string@GV?$char_traits@G@_STL@@V?$allocator@G@2@@_STL@@QBEPBGXZ 10012580 f i stlport_vc6_static:string_w.obj
 0001:00011590       ?rbegin@?$basic_string@GV?$char_traits@G@_STL@@V?$allocator@G@2@@_STL@@QAE?AV?$reverse_iterator@PAGGAAGPAGH@2@XZ 10012590 f i stlport_vc6_static:string_w.obj
 0001:000115a0       ?rend@?$basic_string@GV?$char_traits@G@_STL@@V?$allocator@G@2@@_STL@@QAE?AV?$reverse_iterator@PAGGAAGPAGH@2@XZ 100125a0 f i stlport_vc6_static:string_w.obj
 0001:000115b0       ?rbegin@?$basic_string@GV?$char_traits@G@_STL@@V?$allocator@G@2@@_STL@@QBE?AV?$reverse_iterator@PBGGABGPBGH@2@XZ 100125b0 f i stlport_vc6_static:string_w.obj
 0001:000115c0       ?rend@?$basic_string@GV?$char_traits@G@_STL@@V?$allocator@G@2@@_STL@@QBE?AV?$reverse_iterator@PBGGABGPBGH@2@XZ 100125c0 f i stlport_vc6_static:string_w.obj
 0001:000115d0       ?size@?$basic_string@GV?$char_traits@G@_STL@@V?$allocator@G@2@@_STL@@QBEIXZ 100125d0 f i stlport_vc6_static:string_w.obj
 0001:000115e0       ?length@?$basic_string@GV?$char_traits@G@_STL@@V?$allocator@G@2@@_STL@@QBEIXZ 100125e0 f i stlport_vc6_static:string_w.obj
 0001:000115f0       ?max_size@?$basic_string@GV?$char_traits@G@_STL@@V?$allocator@G@2@@_STL@@QBEIXZ 100125f0 f i stlport_vc6_static:string_w.obj
 0001:00011600       ?resize@?$basic_string@GV?$char_traits@G@_STL@@V?$allocator@G@2@@_STL@@QAEXIG@Z 10012600 f i stlport_vc6_static:string_w.obj
 0001:00011660       ?resize@?$basic_string@GV?$char_traits@G@_STL@@V?$allocator@G@2@@_STL@@QAEXI@Z 10012660 f i stlport_vc6_static:string_w.obj
 0001:000116c0       ?capacity@?$basic_string@GV?$char_traits@G@_STL@@V?$allocator@G@2@@_STL@@QBEIXZ 100126c0 f i stlport_vc6_static:string_w.obj
 0001:000116d0       ?clear@?$basic_string@GV?$char_traits@G@_STL@@V?$allocator@G@2@@_STL@@QAEXXZ 100126d0 f i stlport_vc6_static:string_w.obj
 0001:000116f0       ?empty@?$basic_string@GV?$char_traits@G@_STL@@V?$allocator@G@2@@_STL@@QBE_NXZ 100126f0 f i stlport_vc6_static:string_w.obj
 0001:00011710       ??A?$basic_string@GV?$char_traits@G@_STL@@V?$allocator@G@2@@_STL@@QBEABGI@Z 10012710 f i stlport_vc6_static:string_w.obj
 0001:00011720       ??A?$basic_string@GV?$char_traits@G@_STL@@V?$allocator@G@2@@_STL@@QAEAAGI@Z 10012720 f i stlport_vc6_static:string_w.obj
 0001:00011730       ?at@?$basic_string@GV?$char_traits@G@_STL@@V?$allocator@G@2@@_STL@@QBEABGI@Z 10012730 f i stlport_vc6_static:string_w.obj
 0001:00011760       ?at@?$basic_string@GV?$char_traits@G@_STL@@V?$allocator@G@2@@_STL@@QAEAAGI@Z 10012760 f i stlport_vc6_static:string_w.obj
 0001:00011790       ??Y?$basic_string@GV?$char_traits@G@_STL@@V?$allocator@G@2@@_STL@@QAEAAV01@ABV01@@Z 10012790 f i stlport_vc6_static:string_w.obj
 0001:000117c0       ??Y?$basic_string@GV?$char_traits@G@_STL@@V?$allocator@G@2@@_STL@@QAEAAV01@PBG@Z 100127c0 f i stlport_vc6_static:string_w.obj
 0001:00011800       ??Y?$basic_string@GV?$char_traits@G@_STL@@V?$allocator@G@2@@_STL@@QAEAAV01@G@Z 10012800 f i stlport_vc6_static:string_w.obj
 0001:00011870       ?append@?$basic_string@GV?$char_traits@G@_STL@@V?$allocator@G@2@@_STL@@QAEAAV12@ABV12@@Z 10012870 f i stlport_vc6_static:string_w.obj
 0001:000118a0       ?append@?$basic_string@GV?$char_traits@G@_STL@@V?$allocator@G@2@@_STL@@QAEAAV12@ABV12@II@Z 100128a0 f i stlport_vc6_static:string_w.obj
 0001:00011910       ?append@?$basic_string@GV?$char_traits@G@_STL@@V?$allocator@G@2@@_STL@@QAEAAV12@PBGI@Z 10012910 f i stlport_vc6_static:string_w.obj
 0001:00011940       ?append@?$basic_string@GV?$char_traits@G@_STL@@V?$allocator@G@2@@_STL@@QAEAAV12@PBG@Z 10012940 f i stlport_vc6_static:string_w.obj
 0001:00011980       ?push_back@?$basic_string@GV?$char_traits@G@_STL@@V?$allocator@G@2@@_STL@@QAEXG@Z 10012980 f i stlport_vc6_static:string_w.obj
 0001:000119f0       ?pop_back@?$basic_string@GV?$char_traits@G@_STL@@V?$allocator@G@2@@_STL@@QAEXXZ 100129f0 f i stlport_vc6_static:string_w.obj
 0001:00011a10       ?assign@?$basic_string@GV?$char_traits@G@_STL@@V?$allocator@G@2@@_STL@@QAEAAV12@ABV12@@Z 10012a10 f i stlport_vc6_static:string_w.obj
 0001:00011aa0       ?assign@?$basic_string@GV?$char_traits@G@_STL@@V?$allocator@G@2@@_STL@@QAEAAV12@ABV12@II@Z 10012aa0 f i stlport_vc6_static:string_w.obj
 0001:00011b70       ?assign@?$basic_string@GV?$char_traits@G@_STL@@V?$allocator@G@2@@_STL@@QAEAAV12@PBGI@Z 10012b70 f i stlport_vc6_static:string_w.obj
 0001:00011c30       ?assign@?$basic_string@GV?$char_traits@G@_STL@@V?$allocator@G@2@@_STL@@QAEAAV12@PBG@Z 10012c30 f i stlport_vc6_static:string_w.obj
 0001:00011d00       ?assign@?$basic_string@GV?$char_traits@G@_STL@@V?$allocator@G@2@@_STL@@QAEAAV12@PBG0@Z 10012d00 f i stlport_vc6_static:string_w.obj
 0001:00011dc0       ?_M_acquire_lock@_STLP_mutex_base@_STL@@QAEXXZ 10012dc0 f i stlport_vc6_static:string_w.obj
 0001:00011eb0       ?_M_release_lock@_STLP_mutex_base@_STL@@QAEXXZ 10012eb0 f i stlport_vc6_static:string_w.obj
 0001:00011ec0       ?insert@?$basic_string@GV?$char_traits@G@_STL@@V?$allocator@G@2@@_STL@@QAEAAV12@IABV12@@Z 10012ec0 f i stlport_vc6_static:string_w.obj
 0001:00011f40       ?insert@?$basic_string@GV?$char_traits@G@_STL@@V?$allocator@G@2@@_STL@@QAEAAV12@IABV12@II@Z 10012f40 f i stlport_vc6_static:string_w.obj
 0001:00011ff0       ?insert@?$basic_string@GV?$char_traits@G@_STL@@V?$allocator@G@2@@_STL@@QAEAAV12@IPBGI@Z 10012ff0 f i stlport_vc6_static:string_w.obj
 0001:00012070       ?insert@?$basic_string@GV?$char_traits@G@_STL@@V?$allocator@G@2@@_STL@@QAEAAV12@IPBG@Z 10013070 f i stlport_vc6_static:string_w.obj
 0001:00012100       ?insert@?$basic_string@GV?$char_traits@G@_STL@@V?$allocator@G@2@@_STL@@QAEAAV12@IIG@Z 10013100 f i stlport_vc6_static:string_w.obj
 0001:00012170       ?insert@?$basic_string@GV?$char_traits@G@_STL@@V?$allocator@G@2@@_STL@@QAEPAGPAGG@Z 10013170 f i stlport_vc6_static:string_w.obj
 0001:000121f0       ?_M_copy@?$basic_string@GV?$char_traits@G@_STL@@V?$allocator@G@2@@_STL@@AAEXPBG0PAG@Z 100131f0 f i stlport_vc6_static:string_w.obj
 0001:00012220       ?erase@?$basic_string@GV?$char_traits@G@_STL@@V?$allocator@G@2@@_STL@@QAEAAV12@II@Z 10013220 f i stlport_vc6_static:string_w.obj
 0001:000122b0       ?erase@?$basic_string@GV?$char_traits@G@_STL@@V?$allocator@G@2@@_STL@@QAEPAGPAG@Z 100132b0 f i stlport_vc6_static:string_w.obj
 0001:000122f0       ?erase@?$basic_string@GV?$char_traits@G@_STL@@V?$allocator@G@2@@_STL@@QAEPAGPAG0@Z 100132f0 f i stlport_vc6_static:string_w.obj
 0001:00012330       ?replace@?$basic_string@GV?$char_traits@G@_STL@@V?$allocator@G@2@@_STL@@QAEAAV12@IIABV12@@Z 10013330 f i stlport_vc6_static:string_w.obj
 0001:00012460       ?replace@?$basic_string@GV?$char_traits@G@_STL@@V?$allocator@G@2@@_STL@@QAEAAV12@IIABV12@II@Z 10013460 f i stlport_vc6_static:string_w.obj
 0001:000125c0       ?replace@?$basic_string@GV?$char_traits@G@_STL@@V?$allocator@G@2@@_STL@@QAEAAV12@IIPBGI@Z 100135c0 f i stlport_vc6_static:string_w.obj
 0001:000126f0       ?replace@?$basic_string@GV?$char_traits@G@_STL@@V?$allocator@G@2@@_STL@@QAEAAV12@IIPBG@Z 100136f0 f i stlport_vc6_static:string_w.obj
 0001:00012840       ?replace@?$basic_string@GV?$char_traits@G@_STL@@V?$allocator@G@2@@_STL@@QAEAAV12@IIIG@Z 10013840 f i stlport_vc6_static:string_w.obj
 0001:00012970       ?replace@?$basic_string@GV?$char_traits@G@_STL@@V?$allocator@G@2@@_STL@@QAEAAV12@PAG0ABV12@@Z 10013970 f i stlport_vc6_static:string_w.obj
 0001:00012a30       ?replace@?$basic_string@GV?$char_traits@G@_STL@@V?$allocator@G@2@@_STL@@QAEAAV12@PAG0PBGI@Z 10013a30 f i stlport_vc6_static:string_w.obj
 0001:00012af0       ?replace@?$basic_string@GV?$char_traits@G@_STL@@V?$allocator@G@2@@_STL@@QAEAAV12@PAG0PBG@Z 10013af0 f i stlport_vc6_static:string_w.obj
 0001:00012bd0       ?copy@?$basic_string@GV?$char_traits@G@_STL@@V?$allocator@G@2@@_STL@@QBEIPAGII@Z 10013bd0 f i stlport_vc6_static:string_w.obj
 0001:00012c40       ?swap@?$basic_string@GV?$char_traits@G@_STL@@V?$allocator@G@2@@_STL@@QAEXAAV12@@Z 10013c40 f i stlport_vc6_static:string_w.obj
 0001:00012c70       ?c_str@?$basic_string@GV?$char_traits@G@_STL@@V?$allocator@G@2@@_STL@@QBEPBGXZ 10013c70 f i stlport_vc6_static:string_w.obj
 0001:00012c80       ?data@?$basic_string@GV?$char_traits@G@_STL@@V?$allocator@G@2@@_STL@@QBEPBGXZ 10013c80 f i stlport_vc6_static:string_w.obj
 0001:00012c90       ?find@?$basic_string@GV?$char_traits@G@_STL@@V?$allocator@G@2@@_STL@@QBEIABV12@I@Z 10013c90 f i stlport_vc6_static:string_w.obj
 0001:00012d90       ?find@?$basic_string@GV?$char_traits@G@_STL@@V?$allocator@G@2@@_STL@@QBEIPBGI@Z 10013d90 f i stlport_vc6_static:string_w.obj
 0001:00012e90       ?rfind@?$basic_string@GV?$char_traits@G@_STL@@V?$allocator@G@2@@_STL@@QBEIABV12@I@Z 10013e90 f i stlport_vc6_static:string_w.obj
 0001:00012fe0       ?rfind@?$basic_string@GV?$char_traits@G@_STL@@V?$allocator@G@2@@_STL@@QBEIPBGI@Z 10013fe0 f i stlport_vc6_static:string_w.obj
 0001:00013140       ?find_first_of@?$basic_string@GV?$char_traits@G@_STL@@V?$allocator@G@2@@_STL@@QBEIABV12@I@Z 10014140 f i stlport_vc6_static:string_w.obj
 0001:000131b0       ?find_first_of@?$basic_string@GV?$char_traits@G@_STL@@V?$allocator@G@2@@_STL@@QBEIPBGI@Z 100141b0 f i stlport_vc6_static:string_w.obj
 0001:00013230       ?find_first_of@?$basic_string@GV?$char_traits@G@_STL@@V?$allocator@G@2@@_STL@@QBEIGI@Z 10014230 f i stlport_vc6_static:string_w.obj
 0001:000132c0       ?find_last_of@?$basic_string@GV?$char_traits@G@_STL@@V?$allocator@G@2@@_STL@@QBEIABV12@I@Z 100142c0 f i stlport_vc6_static:string_w.obj
 0001:00013350       ?find_last_of@?$basic_string@GV?$char_traits@G@_STL@@V?$allocator@G@2@@_STL@@QBEIPBGI@Z 10014350 f i stlport_vc6_static:string_w.obj
 0001:000133f0       ?find_last_of@?$basic_string@GV?$char_traits@G@_STL@@V?$allocator@G@2@@_STL@@QBEIGI@Z 100143f0 f i stlport_vc6_static:string_w.obj
 0001:00013470       ?find_first_not_of@?$basic_string@GV?$char_traits@G@_STL@@V?$allocator@G@2@@_STL@@QBEIABV12@I@Z 10014470 f i stlport_vc6_static:string_w.obj
 0001:00013680       ?find_first_not_of@?$basic_string@GV?$char_traits@G@_STL@@V?$allocator@G@2@@_STL@@QBEIPBGI@Z 10014680 f i stlport_vc6_static:string_w.obj
 0001:00013860       ?find_last_not_of@?$basic_string@GV?$char_traits@G@_STL@@V?$allocator@G@2@@_STL@@QBEIABV12@I@Z 10014860 f i stlport_vc6_static:string_w.obj
 0001:000138f0       ?find_last_not_of@?$basic_string@GV?$char_traits@G@_STL@@V?$allocator@G@2@@_STL@@QBEIPBGI@Z 100148f0 f i stlport_vc6_static:string_w.obj
 0001:00013990       ?substr@?$basic_string@GV?$char_traits@G@_STL@@V?$allocator@G@2@@_STL@@QBE?AV12@II@Z 10014990 f i stlport_vc6_static:string_w.obj
 0001:00013ab0       ?compare@?$basic_string@GV?$char_traits@G@_STL@@V?$allocator@G@2@@_STL@@QBEHABV12@@Z 10014ab0 f i stlport_vc6_static:string_w.obj
 0001:00013b50       ?compare@?$basic_string@GV?$char_traits@G@_STL@@V?$allocator@G@2@@_STL@@QBEHIIABV12@@Z 10014b50 f i stlport_vc6_static:string_w.obj
 0001:00013c30       ?compare@?$basic_string@GV?$char_traits@G@_STL@@V?$allocator@G@2@@_STL@@QBEHIIABV12@II@Z 10014c30 f i stlport_vc6_static:string_w.obj
 0001:00013d50       ?compare@?$basic_string@GV?$char_traits@G@_STL@@V?$allocator@G@2@@_STL@@QBEHPBG@Z 10014d50 f i stlport_vc6_static:string_w.obj
 0001:00013e00       ?compare@?$basic_string@GV?$char_traits@G@_STL@@V?$allocator@G@2@@_STL@@QBEHIIPBG@Z 10014e00 f i stlport_vc6_static:string_w.obj
 0001:00013ee0       ?compare@?$basic_string@GV?$char_traits@G@_STL@@V?$allocator@G@2@@_STL@@QBEHIIPBGI@Z 10014ee0 f i stlport_vc6_static:string_w.obj
 0001:00013fb0       ?_M_compare@?$basic_string@GV?$char_traits@G@_STL@@V?$allocator@G@2@@_STL@@SAHPBG000@Z 10014fb0 f i stlport_vc6_static:string_w.obj
[...]
 0001:000518a0       ___intGetOCP               100528a0 f   stlport_vc6_static:c_locale.obj
 0001:000518d0       ___GetDefaultCP            100528d0 f   stlport_vc6_static:c_locale.obj
 0001:000518f0       ___ConvertToCP             100528f0 f   stlport_vc6_static:c_locale.obj
 0001:00048f30       _$E37                      10049f30 f   stlport_vc6_static:monetary.obj
 0001:00048f40       _$E34                      10049f40 f   stlport_vc6_static:monetary.obj
 0001:00049020       _$E36                      1004a020 f   stlport_vc6_static:monetary.obj
 0001:00049030       _$E35                      1004a030 f   stlport_vc6_static:monetary.obj
 0001:00049040       _$E42                      1004a040 f   stlport_vc6_static:monetary.obj
 0001:00049050       _$E39                      1004a050 f   stlport_vc6_static:monetary.obj
 0001:00049130       _$E41                      1004a130 f   stlport_vc6_static:monetary.obj
 0001:00049140       _$E40                      1004a140 f   stlport_vc6_static:monetary.obj
 0001:000491c0       ?_Init_monetary_formats@_STL@@YAXAAUpattern@money_base@1@0@Z 1004a1c0 f   stlport_vc6_static:monetary.obj
 0001:00047ee0       _$E34                      10048ee0 f   stlport_vc6_static:numpunct.obj
 0001:00047ef0       _$E30                      10048ef0 f   stlport_vc6_static:numpunct.obj
 0001:00047fd0       _$E33                      10048fd0 f   stlport_vc6_static:numpunct.obj
 0001:00047fe0       _$E31                      10048fe0 f   stlport_vc6_static:numpunct.obj
 0001:00048000       _$E39                      10049000 f   stlport_vc6_static:numpunct.obj
 0001:00048010       _$E36                      10049010 f   stlport_vc6_static:numpunct.obj
 0001:000480f0       _$E38                      100490f0 f   stlport_vc6_static:numpunct.obj
 0001:00048100       _$E37                      10049100 f   stlport_vc6_static:numpunct.obj
 0001:00048120       _$E44                      10049120 f   stlport_vc6_static:numpunct.obj
 0001:00048130       _$E41                      10049130 f   stlport_vc6_static:numpunct.obj
 0001:00048210       _$E43                      10049210 f   stlport_vc6_static:numpunct.obj
 0001:00048220       _$E42                      10049220 f   stlport_vc6_static:numpunct.obj
 0001:00048500       _$E50                      10049500 f   stlport_vc6_static:numpunct.obj
 0001:00048510       _$E46                      10049510 f   stlport_vc6_static:numpunct.obj
 0001:000485f0       _$E49                      100495f0 f   stlport_vc6_static:numpunct.obj
 0001:00048600       _$E47                      10049600 f   stlport_vc6_static:numpunct.obj
 0001:00048620       _$E55                      10049620 f   stlport_vc6_static:numpunct.obj
 0001:00048630       _$E52                      10049630 f   stlport_vc6_static:numpunct.obj
 0001:00048710       _$E54                      10049710 f   stlport_vc6_static:numpunct.obj
 0001:00048720       _$E53                      10049720 f   stlport_vc6_static:numpunct.obj
 0001:00048740       _$E60                      10049740 f   stlport_vc6_static:numpunct.obj
 0001:00048750       _$E57                      10049750 f   stlport_vc6_static:numpunct.obj
 0001:00048830       _$E59                      10049830 f   stlport_vc6_static:numpunct.obj
 0001:00048840       _$E58                      10049840 f   stlport_vc6_static:numpunct.obj
 0001:00040a40       _$E36                      10041a40 f   stlport_vc6_static:fstream.obj
 0001:00040a50       _$E33                      10041a50 f   stlport_vc6_static:fstream.obj
 0001:00040a60       _$E35                      10041a60 f   stlport_vc6_static:fstream.obj
 0001:00040a70       _$E34                      10041a70 f   stlport_vc6_static:fstream.obj
 0001:0003d7b0       _$E36                      1003e7b0 f   stlport_vc6_static:iostream.obj
 0001:0003d7c0       _$E33                      1003e7c0 f   stlport_vc6_static:iostream.obj
 0001:0003d7d0       _$E35                      1003e7d0 f   stlport_vc6_static:iostream.obj
 0001:0003d7e0       _$E34                      1003e7e0 f   stlport_vc6_static:iostream.obj
 0001:0003d800       _$E41                      1003e800 f   stlport_vc6_static:iostream.obj
 0001:0003d810       _$E38                      1003e810 f   stlport_vc6_static:iostream.obj
 0001:0003d820       _$E40                      1003e820 f   stlport_vc6_static:iostream.obj
 0001:0003d830       _$E39                      1003e830 f   stlport_vc6_static:iostream.obj
 0001:0003d850       _$E46                      1003e850 f   stlport_vc6_static:iostream.obj
 0001:0003d860       _$E43                      1003e860 f   stlport_vc6_static:iostream.obj
 0001:0003d870       _$E45                      1003e870 f   stlport_vc6_static:iostream.obj
 0001:0003d880       _$E44                      1003e880 f   stlport_vc6_static:iostream.obj
 0001:0003d8a0       _$E51                      1003e8a0 f   stlport_vc6_static:iostream.obj
 0001:0003d8b0       _$E48                      1003e8b0 f   stlport_vc6_static:iostream.obj
 0001:0003d8c0       _$E50                      1003e8c0 f   stlport_vc6_static:iostream.obj
 0001:0003d8d0       _$E49                      1003e8d0 f   stlport_vc6_static:iostream.obj
 0001:0003d8f0       _$E56                      1003e8f0 f   stlport_vc6_static:iostream.obj
 0001:0003d900       _$E53                      1003e900 f   stlport_vc6_static:iostream.obj
 0001:0003d910       _$E55                      1003e910 f   stlport_vc6_static:iostream.obj
 0001:0003d920       _$E54                      1003e920 f   stlport_vc6_static:iostream.obj
 0001:0003d940       _$E61                      1003e940 f   stlport_vc6_static:iostream.obj
 0001:0003d950       _$E58                      1003e950 f   stlport_vc6_static:iostream.obj
 0001:0003d960       _$E60                      1003e960 f   stlport_vc6_static:iostream.obj
 0001:0003d970       _$E59                      1003e970 f   stlport_vc6_static:iostream.obj
 0001:0003d990       _$E66                      1003e990 f   stlport_vc6_static:iostream.obj
 0001:0003d9a0       _$E63                      1003e9a0 f   stlport_vc6_static:iostream.obj
 0001:0003d9b0       _$E65                      1003e9b0 f   stlport_vc6_static:iostream.obj
 0001:0003d9c0       _$E64                      1003e9c0 f   stlport_vc6_static:iostream.obj
 0001:0003d9e0       _$E71                      1003e9e0 f   stlport_vc6_static:iostream.obj
 0001:0003d9f0       _$E68                      1003e9f0 f   stlport_vc6_static:iostream.obj
 0001:0003da00       _$E70                      1003ea00 f   stlport_vc6_static:iostream.obj
 0001:0003da10       _$E69                      1003ea10 f   stlport_vc6_static:iostream.obj
 0001:0002bf80       _$E43                      1002cf80 f   stlport_vc6_static:locale_impl.obj
 0001:0002bf90       _$E40                      1002cf90 f   stlport_vc6_static:locale_impl.obj
 0001:0002bfa0       _$E42                      1002cfa0 f   stlport_vc6_static:locale_impl.obj
 0001:0002bfb0       _$E41                      1002cfb0 f   stlport_vc6_static:locale_impl.obj
 0001:0002c210       _$E72                      1002d210 f   stlport_vc6_static:locale_impl.obj
 0001:0002c220       _$E69                      1002d220 f   stlport_vc6_static:locale_impl.obj
 0001:0002c230       _$E71                      1002d230 f   stlport_vc6_static:locale_impl.obj
 0001:0002c240       _$E70                      1002d240 f   stlport_vc6_static:locale_impl.obj
 0001:0002c8a0       _$E77                      1002d8a0 f   stlport_vc6_static:locale_impl.obj
 0001:0002c8b0       _$E74                      1002d8b0 f   stlport_vc6_static:locale_impl.obj
 0001:0002c8c0       _$E76                      1002d8c0 f   stlport_vc6_static:locale_impl.obj
 0001:0002c8d0       _$E75                      1002d8d0 f   stlport_vc6_static:locale_impl.obj
 0001:0002ca80       ?_Stl_loc_assign_ids@_STL@@YAXXZ 1002da80 f   stlport_vc6_static:locale_impl.obj
 0001:0002cd50       _$E82                      1002dd50 f   stlport_vc6_static:locale_impl.obj
 0001:0002cd60       _$E79                      1002dd60 f   stlport_vc6_static:locale_impl.obj
 0001:0002ce40       _$E81                      1002de40 f   stlport_vc6_static:locale_impl.obj
 0001:0002ce50       _$E80                      1002de50 f   stlport_vc6_static:locale_impl.obj
 0001:00061009       _findenv                   10062009 f   LIBCMT:setenv.obj
 0001:00061061       _copy_environ              10062061 f   LIBCMT:setenv.obj
 0001:00060e57       _strncnt                   10061e57 f   LIBCMT:a_cmp.obj
 0001:0005f0be       __abstract_cw              100600be f   LIBCMT:ieee87.obj
 0001:0005f150       __hw_cw                    10060150 f   LIBCMT:ieee87.obj
 0001:0005f1d9       __abstract_sw              100601d9 f   LIBCMT:ieee87.obj
 0001:0005ecd3       _xtoa                      1005fcd3 f   LIBCMT:xtoa.obj
 0001:0005eda5       _x64toa@20                 1005fda5 f   LIBCMT:xtoa.obj
 0001:0005e1c7       __expandtime               1005f1c7 f   LIBCMT:strftime.obj
 0001:0005e5b6       __store_str                1005f5b6 f   LIBCMT:strftime.obj
 0001:0005e5dd       __store_num                1005f5dd f   LIBCMT:strftime.obj
 0001:0005e64c       __store_number             1005f64c f   LIBCMT:strftime.obj
 0001:0005e695       __store_winword            1005f695 f   LIBCMT:strftime.obj
 0001:0005d883       _strtoxl                   1005e883 f   LIBCMT:strtol.obj
 0001:0005d615       _getSystemCP               1005e615 f   LIBCMT:mbctype.obj
 0001:0005d65f       _CPtoLCID                  1005e65f f   LIBCMT:mbctype.obj
 0001:0005d692       _setSBCS                   1005e692 f   LIBCMT:mbctype.obj
 0001:0005d6bb       _setSBUpLow                1005e6bb f   LIBCMT:mbctype.obj
 0001:0005ced4       __tzset_lk                 1005ded4 f   LIBCMT:tzset.obj
 0001:0005d17c       __isindst_lk               1005e17c f   LIBCMT:tzset.obj
 0001:0005d328       _cvtdate                   1005e328 f   LIBCMT:tzset.obj
 0001:0005c4b1       __get_fname                1005d4b1 f   LIBCMT:fpexcept.obj
 0001:0005b670       __cftoe2                   1005c670 f   LIBCMT:cvt.obj
 0001:0005b787       __cftof2                   1005c787 f   LIBCMT:cvt.obj
 0001:0005b912       __shift                    1005c912 f   LIBCMT:cvt.obj
 0001:0005ad07       _TranslateName             1005bd07 f   LIBCMT:getqloc.obj
 0001:0005ad5f       _GetLcidFromLangCountry    1005bd5f f   LIBCMT:getqloc.obj
 0001:0005ade6       _LangCountryEnumProc@4     1005bde6 f   LIBCMT:getqloc.obj
 0001:0005afea       _GetLcidFromLanguage       1005bfea f   LIBCMT:getqloc.obj
 0001:0005b040       _LanguageEnumProc@4        1005c040 f   LIBCMT:getqloc.obj
 0001:0005b0fd       _GetLcidFromCountry        1005c0fd f   LIBCMT:getqloc.obj
 0001:0005b134       _CountryEnumProc@4         1005c134 f   LIBCMT:getqloc.obj
 0001:0005b1ba       _GetLcidFromDefault        1005c1ba f   LIBCMT:getqloc.obj
 0001:0005b1d4       _ProcessCodePage           1005c1d4 f   LIBCMT:getqloc.obj
 0001:0005b23a       _TestDefaultCountry        1005c23a f   LIBCMT:getqloc.obj
 0001:0005b259       _TestDefaultLanguage       1005c259 f   LIBCMT:getqloc.obj
 0001:0005b2bb       _IsThisWindowsNT           1005c2bb f   LIBCMT:getqloc.obj
 0001:0005b2f1       _crtGetLocaleInfoA@16      1005c2f1 f   LIBCMT:getqloc.obj
 0001:0005b3d7       _LcidFromHexString         1005c3d7 f   LIBCMT:getqloc.obj
 0001:0005b410       _GetPrimaryLen             1005c410 f   LIBCMT:getqloc.obj
 0001:0005a71b       __get_lc_lconv             1005b71b f   LIBCMT:initmon.obj
 0001:0005a83d       _fix_grouping              1005b83d f   LIBCMT:initmon.obj
 0001:0005a874       __free_lc_lconv            1005b874 f   LIBCMT:initmon.obj
 0001:0005a619       _fix_grouping              1005b619 f   LIBCMT:initnum.obj
 0001:00059f66       __get_lc_time              1005af66 f   LIBCMT:inittime.obj
 0001:0005a2b4       __free_lc_time             1005b2b4 f   LIBCMT:inittime.obj
 0001:00059c10       LeadUp1                    1005ac10 f   LIBCMT:memcpy.obj
 0001:00059c3c       LeadUp2                    1005ac3c f   LIBCMT:memcpy.obj
 0001:00059c60       LeadUp3                    1005ac60 f   LIBCMT:memcpy.obj
 0001:00059cdf       UnwindUp0                  1005acdf f   LIBCMT:memcpy.obj
 0001:00059ccc       UnwindUp1                  1005accc f   LIBCMT:memcpy.obj
 0001:00059cc4       UnwindUp2                  1005acc4 f   LIBCMT:memcpy.obj
 0001:00059cbc       UnwindUp3                  1005acbc f   LIBCMT:memcpy.obj
 0001:00059cb4       UnwindUp4                  1005acb4 f   LIBCMT:memcpy.obj
 0001:00059cac       UnwindUp5                  1005acac f   LIBCMT:memcpy.obj
 0001:00059ca4       UnwindUp6                  1005aca4 f   LIBCMT:memcpy.obj
 0001:00059c9c       UnwindUp7                  1005ac9c f   LIBCMT:memcpy.obj
 0001:00059cf8       TrailUp0                   1005acf8 f   LIBCMT:memcpy.obj
 0001:00059d00       TrailUp1                   1005ad00 f   LIBCMT:memcpy.obj
 0001:00059d0c       TrailUp2                   1005ad0c f   LIBCMT:memcpy.obj
 0001:00059d20       TrailUp3                   1005ad20 f   LIBCMT:memcpy.obj
 0001:00059d98       LeadDown1                  1005ad98 f   LIBCMT:memcpy.obj
 0001:00059db8       LeadDown2                  1005adb8 f   LIBCMT:memcpy.obj
 0001:00059de0       LeadDown3                  1005ade0 f   LIBCMT:memcpy.obj
 0001:00059e34       UnwindDown7                1005ae34 f   LIBCMT:memcpy.obj
 0001:00059e3c       UnwindDown6                1005ae3c f   LIBCMT:memcpy.obj
 0001:00059e44       UnwindDown5                1005ae44 f   LIBCMT:memcpy.obj
 0001:00059e4c       UnwindDown4                1005ae4c f   LIBCMT:memcpy.obj
 0001:00059e54       UnwindDown3                1005ae54 f   LIBCMT:memcpy.obj
 0001:00059e5c       UnwindDown2                1005ae5c f   LIBCMT:memcpy.obj
 0001:00059e64       UnwindDown1                1005ae64 f   LIBCMT:memcpy.obj
 0001:00059e77       UnwindDown0                1005ae77 f   LIBCMT:memcpy.obj
 0001:00059e90       TrailDown0                 1005ae90 f   LIBCMT:memcpy.obj
 0001:00059e98       TrailDown1                 1005ae98 f   LIBCMT:memcpy.obj
 0001:00059ea8       TrailDown2                 1005aea8 f   LIBCMT:memcpy.obj
 0001:00059ebc       TrailDown3                 1005aebc f   LIBCMT:memcpy.obj
 0001:0005996d       _ctrlevent_capture@4       1005a96d f   LIBCMT:winsig.obj
 0001:00059b51       _siglookup                 1005ab51 f   LIBCMT:winsig.obj
 0001:00057d07       _write_char                10058d07 f   LIBCMT:output.obj
 0001:00057d3c       _write_multi_char          10058d3c f   LIBCMT:output.obj
 0001:00057d6d       _write_string              10058d6d f   LIBCMT:output.obj
 0001:00057da5       _get_int_arg               10058da5 f   LIBCMT:output.obj
 0001:00057db2       _get_int64_arg             10058db2 f   LIBCMT:output.obj
 0001:00057dc2       _get_short_arg             10058dc2 f   LIBCMT:output.obj
 0001:000573b1       _strncnt                   100583b1 f   LIBCMT:a_map.obj
 0001:00056982       _parse_cmdline             10057982 f   LIBCMT:stdargv.obj
 0001:000566b2       _xcptlookup                100576b2 f   LIBCMT:winxfltr.obj
 0001:000564a3       _doexit                    100574a3 f   LIBCMT:crt0dat.obj
 0001:0005655a       __initterm                 1005755a f   LIBCMT:crt0dat.obj
 0001:000555cb       ?FindHandler@@YAXPAUEHExceptionRecord@@PAUEHRegistrationNode@@PAU_CONTEXT@@PAXPBU_s_FuncInfo@@EH1@Z 100565cb f   LIBCMT:frame.obj
 0001:0005577e       ?FindHandlerForForeignException@@YAXPAUEHExceptionRecord@@PAUEHRegistrationNode@@PAU_CONTEXT@@PAXPBU_s_FuncInfo@@HH1@Z 1005677e f   LIBCMT:frame.obj
 0001:00055828       ?TypeMatch@@YAHPBU_s_HandlerType@@PBU_s_CatchableType@@PBU_s_ThrowInfo@@@Z 10056828 f   LIBCMT:frame.obj
 0001:00055923       ?FrameUnwindFilter@@YAHPAU_EXCEPTION_POINTERS@@@Z 10056923 f   LIBCMT:frame.obj
 0001:00055939       ?CatchIt@@YAXPAUEHExceptionRecord@@PAUEHRegistrationNode@@PAU_CONTEXT@@PAXPBU_s_FuncInfo@@PBU_s_HandlerType@@PBU_s_CatchableType@@PBU_s_TryBlockMapEntry@@H1E@Z 10056939 f   LIBCMT:frame.obj
 0001:000559b4       ?CallCatchBlock@@YAPAXPAUEHExceptionRecord@@PAUEHRegistrationNode@@PAU_CONTEXT@@PBU_s_FuncInfo@@PAXHK@Z 100569b4 f   LIBCMT:frame.obj
 0001:00055acf       ?ExFilterRethrow@@YAHPAU_EXCEPTION_POINTERS@@@Z 10056acf f   LIBCMT:frame.obj
 0001:00055af9       ?BuildCatchObject@@YAXPAUEHExceptionRecord@@PAUEHRegistrationNode@@PBU_s_HandlerType@@PBU_s_CatchableType@@@Z 10056af9 f   LIBCMT:frame.obj
 0001:00055d24       ?AdjustPointer@@YAPAXPAXABUPMD@@@Z 10056d24 f   LIBCMT:frame.obj
 0001:00054e9a       _flsall                    10055e9a f   LIBCMT:fflush.obj
 0001:00053cda       ?ArrayUnwindFilter@@YAHPAU_EXCEPTION_POINTERS@@@Z 10054cda f   LIBCMT:ehvecdtr.obj
 0001:000537c9       __setlocale_set_cat        100547c9 f   LIBCMT:setlocal.obj
 0001:000538e4       __setlocale_get_all        100548e4 f   LIBCMT:setlocal.obj
 0001:00052150       LeadUp1                    10053150 f   LIBCMT:memmove.obj
 0001:0005217c       LeadUp2                    1005317c f   LIBCMT:memmove.obj
 0001:000521a0       LeadUp3                    100531a0 f   LIBCMT:memmove.obj
 0001:0005221f       UnwindUp0                  1005321f f   LIBCMT:memmove.obj
 0001:0005220c       UnwindUp1                  1005320c f   LIBCMT:memmove.obj
 0001:00052204       UnwindUp2                  10053204 f   LIBCMT:memmove.obj
 0001:000521fc       UnwindUp3                  100531fc f   LIBCMT:memmove.obj
 0001:000521f4       UnwindUp4                  100531f4 f   LIBCMT:memmove.obj
 0001:000521ec       UnwindUp5                  100531ec f   LIBCMT:memmove.obj
 0001:000521e4       UnwindUp6                  100531e4 f   LIBCMT:memmove.obj
 0001:000521dc       UnwindUp7                  100531dc f   LIBCMT:memmove.obj
 0001:00052238       TrailUp0                   10053238 f   LIBCMT:memmove.obj
 0001:00052240       TrailUp1                   10053240 f   LIBCMT:memmove.obj
 0001:0005224c       TrailUp2                   1005324c f   LIBCMT:memmove.obj
 0001:00052260       TrailUp3                   10053260 f   LIBCMT:memmove.obj
 0001:000522d8       LeadDown1                  100532d8 f   LIBCMT:memmove.obj
 0001:000522f8       LeadDown2                  100532f8 f   LIBCMT:memmove.obj
 0001:00052320       LeadDown3                  10053320 f   LIBCMT:memmove.obj
 0001:00052374       UnwindDown7                10053374 f   LIBCMT:memmove.obj
 0001:0005237c       UnwindDown6                1005337c f   LIBCMT:memmove.obj
 0001:00052384       UnwindDown5                10053384 f   LIBCMT:memmove.obj
 0001:0005238c       UnwindDown4                1005338c f   LIBCMT:memmove.obj
 0001:00052394       UnwindDown3                10053394 f   LIBCMT:memmove.obj
 0001:0005239c       UnwindDown2                1005339c f   LIBCMT:memmove.obj
 0001:000523a4       UnwindDown1                100533a4 f   LIBCMT:memmove.obj
 0001:000523b7       UnwindDown0                100533b7 f   LIBCMT:memmove.obj
 0001:000523d0       TrailDown0                 100533d0 f   LIBCMT:memmove.obj
 0001:000523d8       TrailDown1                 100533d8 f   LIBCMT:memmove.obj
 0001:000523e8       TrailDown2                 100533e8 f   LIBCMT:memmove.obj
 0001:000523fc       TrailDown3                 100533fc f   LIBCMT:memmove.obj
 0001:00051fa0       __threadstartex@4          10052fa0 f   LIBCMT:threadex.obj
 0001:00051cc0       _gu_return                 10052cc0 f   LIBCMT:exsup.obj
 0001:00051cc8       __unwind_handler           10052cc8 f   LIBCMT:exsup.obj
 0001:00051ada       ?CatchGuardHandler@@YA?AW4_EXCEPTION_DISPOSITION@@PAUEHExceptionRecord@@PAUCatchGuardRN@@PAX2@Z 10052ada f   LIBCMT:trnsctrl.obj
 0001:00051bb5       ?TranslatorGuardHandler@@YA?AW4_EXCEPTION_DISPOSITION@@PAUEHExceptionRecord@@PAUTranslatorGuardRN@@PAX2@Z 10052bb5 f   LIBCMT:trnsctrl.obj
